Info: Using uarch 'gowin' for device 'GW1NR-LV9QN88PC6/I5'
Info: constraining clock net 'clocking.clk27' to 27.00 MHz
Info: constraining clock net 'clk' to 99.00 MHz
Info: constraining clock net 'clk_ck' to 99.00 MHz

Info: Reading constraints...
Info: Create constant nets...
Info: Modify LUTs...
Info: Pack IOBs...
Info: Pack I3C IOs...
Info: Pack MIPI IOs...
Info: Pack diff IOBs...
Info: Pack FFs into IO cells...
Info: Pack IODELAY...
Info: Pack Input Edge Monitors...
Info: Pack IO logic...
Info: Pack DESER16 logic...
Info: Pack GSR...
Info: Pack HCLK cells...
Info: Pack DLLDLYs...
Info: Pack wide LUTs...
Info: Packed MUX2_LUT8:0, MUX2_LU7:0, MUX2_LUT6:0, MUX2_LUT5:0
Info: Pack ALUs...
Info: Pack SSRAMs...
Info: Constrained 259 LUTFF pairs.
Info: Pack PLL...
Info: Pack ADC...
Info: Pack GW JTAG...
Info: Pack BSRAMs...
Info: Pack DSP...
Info: Pack INV...
Info: Pack buffered nets...
Info: Pack EMCU and UserFlash cells...
Info: Pack UserFlash cells...
Info: Pack DQCE cells...
Info: Pack DCS cells...
Info: Checksum: 0xc5947fa0

Info: Device utilisation:
Info: 	                 VCC:       1/      1   100%
Info: 	                 IOB:      16/    276     5%
Info: 	                LUT4:    1304/   8640    15%
Info: 	              OSER16:       0/     80     0%
Info: 	              IDES16:       0/     80     0%
Info: 	            IOLOGICI:      18/    276     6%
Info: 	            IOLOGICO:      24/    276     8%
Info: 	           MUX2_LUT5:       0/   4320     0%
Info: 	           MUX2_LUT6:       0/   2160     0%
Info: 	           MUX2_LUT7:       0/   1080     0%
Info: 	           MUX2_LUT8:       0/   1080     0%
Info: 	                 ALU:     348/   6480     5%
Info: 	                 GND:       1/      1   100%
Info: 	                 DFF:     678/   6480    10%
Info: 	           RAM16SDP4:       0/    270     0%
Info: 	               BSRAM:       2/     26     7%
Info: 	              ALU54D:       0/     10     0%
Info: 	     MULTADDALU18X18:       0/     10     0%
Info: 	        MULTALU18X18:       0/     10     0%
Info: 	        MULTALU36X18:       0/     10     0%
Info: 	           MULT36X36:       0/      5     0%
Info: 	           MULT18X18:       0/     20     0%
Info: 	             MULT9X9:       0/     40     0%
Info: 	              PADD18:       0/     20     0%
Info: 	               PADD9:       0/     40     0%
Info: 	                 GSR:       1/      1   100%
Info: 	                 OSC:       0/      1     0%
Info: 	                rPLL:       1/      2    50%
Info: 	           FLASH608K:       0/      1     0%
Info: 	                BUFG:       0/     22     0%
Info: 	                DQCE:       0/     24     0%
Info: 	                 DCS:       0/      8     0%
Info: 	               DHCEN:       0/     24     0%
Info: 	              CLKDIV:       0/      8     0%
Info: 	             CLKDIV2:       0/     16     0%
Info: 	           MIPI_IBUF:       0/     22     0%
Info: 	           MIPI_OBUF:       0/     20     0%

Info: Running custom HCLK placer...
Info: Placed 0 cells based on constraints.
Info: Creating initial analytic placement for 1417 cells, random placement wirelen = 55429.
Info:     at initial placer iter 0, wirelen = 1287
Info:     at initial placer iter 1, wirelen = 1236
Info:     at initial placer iter 2, wirelen = 1190
Info:     at initial placer iter 3, wirelen = 1165
Info: Running main analytical placer, max placement attempts per cell = 727218.
Info:     at iteration #1, type ALL: wirelen solved = 1167, spread = 10532, legal = 15242; time = 0.07s
Info:     at iteration #2, type ALL: wirelen solved = 1752, spread = 9100, legal = 13582; time = 0.05s
Info:     at iteration #3, type ALL: wirelen solved = 2391, spread = 8269, legal = 12317; time = 0.07s
Info:     at iteration #4, type ALL: wirelen solved = 2979, spread = 7660, legal = 10524; time = 0.04s
Info:     at iteration #5, type ALL: wirelen solved = 3296, spread = 7068, legal = 9467; time = 0.04s
Info:     at iteration #6, type ALL: wirelen solved = 3475, spread = 7163, legal = 9572; time = 0.03s
Info:     at iteration #7, type ALL: wirelen solved = 3609, spread = 6381, legal = 9272; time = 0.04s
Info:     at iteration #8, type ALL: wirelen solved = 3788, spread = 6649, legal = 9241; time = 0.03s
Info:     at iteration #9, type ALL: wirelen solved = 3934, spread = 5833, legal = 8767; time = 0.03s
Info:     at iteration #10, type ALL: wirelen solved = 3968, spread = 6416, legal = 8844; time = 0.05s
Info:     at iteration #11, type ALL: wirelen solved = 4142, spread = 6504, legal = 8617; time = 0.08s
Info:     at iteration #12, type ALL: wirelen solved = 4180, spread = 6465, legal = 8794; time = 0.05s
Info:     at iteration #13, type ALL: wirelen solved = 4271, spread = 5907, legal = 9665; time = 0.08s
Info:     at iteration #14, type ALL: wirelen solved = 4245, spread = 6303, legal = 9626; time = 0.08s
Info:     at iteration #15, type ALL: wirelen solved = 4369, spread = 6665, legal = 9065; time = 0.10s
Info:     at iteration #16, type ALL: wirelen solved = 4423, spread = 6261, legal = 9686; time = 0.09s
Info: HeAP Placer Time: 1.09s
Info:   of which solving equations: 0.28s
Info:   of which spreading cells: 0.04s
Info:   of which strict legalisation: 0.66s

Info: Running simulated annealing placer for refinement.
Info:   at iteration #1: temp = 0.000000, timing cost = 16, wirelen = 8617
Info:   at iteration #5: temp = 0.000000, timing cost = 8, wirelen = 7512
Info:   at iteration #10: temp = 0.000000, timing cost = 6, wirelen = 6942
Info:   at iteration #15: temp = 0.000000, timing cost = 6, wirelen = 6722
Info:   at iteration #20: temp = 0.000000, timing cost = 6, wirelen = 6528
Info:   at iteration #25: temp = 0.000000, timing cost = 5, wirelen = 6463
Info:   at iteration #30: temp = 0.000000, timing cost = 5, wirelen = 6428
Info:   at iteration #34: temp = 0.000000, timing cost = 5, wirelen = 6411 
Info: SA placement time 1.58s

Info: Max frequency for clock 'clk': 126.57 MHz (PASS at 99.00 MHz)

Info: Slack histogram:
Info:  legend: * represents 3 endpoint(s)
Info:          + represents [1,3) endpoint(s)
Info: [  2200,   2561) |+
Info: [  2561,   2922) |+
Info: [  2922,   3283) |*+
Info: [  3283,   3644) |**+
Info: [  3644,   4005) |+
Info: [  4005,   4366) |+
Info: [  4366,   4727) |**+
Info: [  4727,   5088) |**+
Info: [  5088,   5449) |***+
Info: [  5449,   5810) |*********+
Info: [  5810,   6171) |*******+
Info: [  6171,   6532) |********+
Info: [  6532,   6893) |**************+
Info: [  6893,   7254) |**************+
Info: [  7254,   7615) |***********+
Info: [  7615,   7976) |***********+
Info: [  7976,   8337) |*****************+
Info: [  8337,   8698) |*******************+
Info: [  8698,   9059) |**********************+
Info: [  9059,   9420) |************************************************************ 
Info: Checksum: 0xf80599e8
Info: Routing globals...
Info:     'clk_ck' net was routed using global resources only.
Info:     'clocking.clk27' net was routed using global resources only.
Info:     'clk' net was routed using global resources only.
Info:     'led_OBUF_O_I_LUT1_F_I0_LUT3_I0_F_LUT3_F_I1_LUT4_I3_F_LUT2_F_I1_LUT3_F_I2_LUT4_I2_F_LUT2_I1_F_LUT3_I1_F' is routed using segments.
Info:     'led_OBUF_O_3_I_LUT1_F_I0_LUT3_I2_F_LUT2_I1_F[2]' is routed using segments.
Info:     'queue.writes.0.0_ADA_1_DFF_Q_D_LUT2_I1_F_LUT2_I0_I1_LUT3_I2_F' is routed using segments.
Info:     'queue.writes.0.0_ADA_1_DFF_Q_D_LUT2_I1_F_LUT2_I0_I1_LUT3_I2_1_F' is routed using segments.
Info:     'O_psram_reset_n_OBUF_O_I_LUT4_F_I3_LUT4_F_I3_LUT3_I1_I2_LUT2_I1_F_LUT4_I2_I0_LUT2_I1_F[2]' is routed using segments.
Info:     'O_psram_reset_n_OBUF_O_I_LUT4_F_I3_LUT4_F_I3_LUT3_I1_I2_LUT2_I1_F_LUT4_I1_F' is routed using segments.
Info:     'led_OBUF_O_I_LUT1_F_I0_LUT3_I0_F_LUT3_F_I1_LUT4_I3_F_LUT2_F_I1_LUT4_I3_F_LUT2_I0_F_ALU_SUM_CIN_ALU_COUT_CIN_ALU_COUT_CIN_ALU_COUT_CIN_ALU_COUT_CIN_ALU_COUT_CIN_ALU_COUT_CIN_ALU_COUT_CIN_ALU_COUT_CIN_ALU_COUT_CIN_ALU_COUT_CIN_ALU_COUT_CIN_ALU_COUT_SUM_LUT3_F_I2_LUT2_I1_F_LUT3_I2_I1_DFFCE_D_Q_LUT4_I1_F_LUT4_F_I0_LUT3_F_I2_LUT4_I0_F_LUT4_I1_I3_LUT3_F_I2_LUT3_F_I2_LUT4_I0_F_LUT4_I3_F_DFFCE_D_Q[2]' is routed using segments.
Info:     'O_psram_reset_n_OBUF_O_I_LUT4_F_I3_LUT4_F_I3_LUT3_I1_I2_LUT2_I1_F_LUT4_I2_F_DFFCE_CE_Q_DFFCE_Q_D_LUT2_F_I0_ALU_SUM_COUT_ALU_CIN_COUT_LUT4_I1_F[0]' is routed using segments.
Info:     'controller.fifo1[3]_DFFE_Q_1_D_DFFCE_Q_D_LUT3_F_I1_LUT4_F_I2[0]' is routed using segments.
Info:     'queue.writes.0.0_DO[0]' is routed using segments.
Info:     'phy.control[1].rwds_TX_LUT4_F_I2_LUT3_I1_F[3]' is routed using segments.
Info:     'led_OBUF_O_I_LUT1_F_I0_LUT3_I0_F_LUT3_F_I1_LUT4_I3_F[2]' is routed using segments.
Info:     'queue.writes.0.0_DO_2_LUT4_I2_F_LUT3_F_I0_LUT4_I0_F' is routed using segments.
Info:     'led_OBUF_O_I_LUT1_F_I0_LUT3_I0_F_LUT3_F_I1_LUT4_I3_F_LUT2_F_I1_LUT4_I3_F_LUT2_I0_F_ALU_SUM_CIN_ALU_COUT_CIN_ALU_COUT_CIN_ALU_COUT_CIN_ALU_COUT_CIN_ALU_COUT_CIN_ALU_COUT_CIN_ALU_COUT_CIN_ALU_COUT_CIN_ALU_COUT_CIN_ALU_COUT_CIN_ALU_COUT_CIN_ALU_COUT_SUM_LUT3_F_I2_LUT2_I1_F_LUT3_I2_I1_DFFCE_D_Q_LUT4_I1_F_LUT4_F_I0_LUT3_F_I2_LUT4_I0_F_LUT4_I1_I3_LUT3_F_I2_LUT3_F_I2_LUT4_I0_F_LUT4_I3_F_DFFCE_D_Q[3]' is routed using segments.
Info:     'controller.fifo0[1]_DFFE_Q_D_DFFCE_Q_CE' is routed using segments.

Info: Routing..
Info: Setting up routing queue.
Info: Routing 5627 arcs.
Info:            |   (re-)routed arcs  |   delta    | remaining|       time spent     |
Info:    IterCnt |  w/ripup   wo/ripup |  w/r  wo/r |      arcs| batch(sec) total(sec)|
Info:       1000 |       23        918 |   23   918 |      4658|       0.29       0.29|
Info:       2000 |       27       1823 |    4   905 |      3662|       0.21       0.50|
Info:       3000 |       34       2775 |    7   952 |      2671|       0.30       0.81|
Info:       4000 |       46       3727 |   12   952 |      1686|       0.38       1.18|
Info:       5000 |       87       4654 |   41   927 |       739|       0.44       1.62|
Info:       5822 |      147       5386 |   60   732 |         0|       0.48       2.11|
Info: Routing complete.
Info: Router1 time 2.11s
Info: Checksum: 0x4179121e

Info: Critical path report for clock 'clk' (posedge -> posedge):
Info:       type curr  total name
Info:   clk-to-q  3.46  3.46 Source queue.reads.0.0.DO13
Info:    routing  1.22  4.68 Net queue.reads.0.0_DO_13[2] (4,9) -> (4,10)
Info:                          Sink queue.reads.0.0_DO_10_ALU_SUM_COUT_ALU_CIN_COUT_ALU_CIN_COUT_ALU_CIN_SUM_LUT4_F_2.I2
Info:                          Defined in:
Info:                               /workspace/scratch/5bc736d51023/tooling/oss-cad-suite/lib/../share/yosys/gowin/cells_map.v:130.20-130.21
Info:      logic  0.82  5.50 Source queue.reads.0.0_DO_10_ALU_SUM_COUT_ALU_CIN_COUT_ALU_CIN_COUT_ALU_CIN_SUM_LUT4_F_2.F
Info:    routing  0.41  5.91 Net queue.reads.0.0_DO_10_ALU_SUM_COUT_ALU_CIN_COUT_ALU_CIN_COUT_ALU_CIN_SUM[0] (4,10) -> (4,11)
Info:                          Sink queue.reads.0.0_DO_15_DFFCE_Q_D_ALU_SUM_COUT_ALU_CIN_SUM_DFFCE_D_Q_ALU_SUM_CIN_ALU_COUT_SUM_LUT4_F.I0
Info:                          Defined in:
Info:                               /workspace/scratch/5bc736d51023/tooling/oss-cad-suite/lib/../share/yosys/gowin/cells_map.v:130.20-130.21
Info:      logic  1.03  6.94 Source queue.reads.0.0_DO_15_DFFCE_Q_D_ALU_SUM_COUT_ALU_CIN_SUM_DFFCE_D_Q_ALU_SUM_CIN_ALU_COUT_SUM_LUT4_F.F
Info:    routing  0.81  7.75 Net queue.reads.0.0_DO_15_DFFCE_Q_D_ALU_SUM_COUT_ALU_CIN_SUM_DFFCE_D_Q_ALU_SUM_CIN_ALU_COUT_SUM[3] (4,11) -> (4,13)
Info:                          Sink queue.reads.0.0_DO_5_LUT4_I3_F_LUT2_I1_F_LUT4_I3_F_LUT4_F_2.I3
Info:                          Defined in:
Info:                               /workspace/scratch/5bc736d51023/tooling/oss-cad-suite/lib/../share/yosys/gowin/cells_map.v:130.20-130.21
Info:      logic  0.62  8.37 Source queue.reads.0.0_DO_5_LUT4_I3_F_LUT2_I1_F_LUT4_I3_F_LUT4_F_2.F
Info:    routing  0.41  8.78 Net queue.reads.0.0_DO_5_LUT4_I3_F_LUT2_I1_F_LUT4_I3_F[3] (4,13) -> (5,13)
Info:                          Sink led_OBUF_O_I_LUT1_F_I0_DFFCE_Q_CE_LUT4_F_I3_LUT4_F_2.I3
Info:                          Defined in:
Info:                               /workspace/scratch/5bc736d51023/tooling/oss-cad-suite/lib/../share/yosys/gowin/cells_map.v:130.20-130.21
Info:      logic  0.62  9.41 Source led_OBUF_O_I_LUT1_F_I0_DFFCE_Q_CE_LUT4_F_I3_LUT4_F_2.F
Info:    routing  0.48  9.89 Net led_OBUF_O_I_LUT1_F_I0_DFFCE_Q_CE_LUT4_F_I3[3] (5,13) -> (5,14)
Info:                          Sink led_OBUF_O_I_LUT1_F_I0_DFFCE_Q_CE_LUT4_F.I3
Info:                          Defined in:
Info:                               /workspace/scratch/5bc736d51023/tooling/oss-cad-suite/lib/../share/yosys/gowin/cells_map.v:130.20-130.21
Info:      logic  0.62  10.51 Source led_OBUF_O_I_LUT1_F_I0_DFFCE_Q_CE_LUT4_F.F
Info:    routing  0.33  10.84 Net led_OBUF_O_I_LUT1_F_I0_DFFCE_Q_CE (5,14) -> (5,14)
Info:                          Sink led_OBUF_O_I_LUT1_F_I0_DFFCE_Q.CE
Info:      setup  0.04  10.88 Source led_OBUF_O_I_LUT1_F_I0_DFFCE_Q.CE
Info: 7.23 ns logic, 3.65 ns routing

ERROR: Max frequency for clock 'clk': 91.89 MHz (FAIL at 99.00 MHz)

Info: Slack histogram:
Info:  legend: * represents 1 endpoint(s)
Info:          + represents [1,1) endpoint(s)
Info: [  -781,   -282) |* 
Info: [  -282,    217) | 
Info: [   217,    716) |****** 
Info: [   716,   1215) |****** 
Info: [  1215,   1714) |**** 
Info: [  1714,   2213) |**** 
Info: [  2213,   2712) |******* 
Info: [  2712,   3211) |***** 
Info: [  3211,   3710) |*** 
Info: [  3710,   4209) |*********** 
Info: [  4209,   4708) |******************************* 
Info: [  4708,   5207) |********************************************** 
Info: [  5207,   5706) |*********************************************** 
Info: [  5706,   6205) |******************************************* 
Info: [  6205,   6704) |***************************************** 
Info: [  6704,   7203) |**************************** 
Info: [  7203,   7702) |*************************** 
Info: [  7702,   8201) |********************************************* 
Info: [  8201,   8700) |********** 
Info: [  8700,   9199) |******* 

0 warnings, 1 error

Info: Program finished normally.
