Info: Using uarch 'gowin' for device 'GW1NR-LV9QN88PC6/I5'
Info: constraining clock net 'clocking.clk27' to 27.00 MHz
Info: constraining clock net 'bridge.clk' to 90.00 MHz
Info: constraining clock net 'bridge.clk_ck' to 90.00 MHz
Info: constraining clock net 'bridge.p2.spi_clk' to 80.00 MHz
Info: constraining clock net 'bridge.p3.spi_clk' to 80.00 MHz

Info: Reading constraints...
Info: Create constant nets...
Info: Modify LUTs...
Info: Pack IOBs...
Info: Pack I3C IOs...
Info: Pack MIPI IOs...
Info: Pack diff IOBs...
Info: Pack FFs into IO cells...
Info: Pack IODELAY...
Info: Pack Input Edge Monitors...
Info: Pack IO logic...
Info: Pack DESER16 logic...
Info: Pack GSR...
Info: Pack HCLK cells...
Info: Pack DLLDLYs...
Info: Pack wide LUTs...
Info: Packed MUX2_LUT8:0, MUX2_LU7:0, MUX2_LUT6:0, MUX2_LUT5:0
Info: Pack ALUs...
Info: Pack SSRAMs...
Info: Constrained 1484 LUTFF pairs.
Info: Pack PLL...
Info: Pack ADC...
Info: Pack GW JTAG...
Info: Pack BSRAMs...
Info: Pack DSP...
Info: Pack INV...
Info: Pack buffered nets...
Info: Pack EMCU and UserFlash cells...
Info: Pack UserFlash cells...
Info: Pack DQCE cells...
Info: Pack DCS cells...
Info: Checksum: 0x38652ce9

Info: Device utilisation:
Info: 	                 VCC:       1/      1   100%
Info: 	                 IOB:      27/    276     9%
Info: 	                LUT4:    5905/   8640    68%
Info: 	              OSER16:       0/     80     0%
Info: 	              IDES16:       0/     80     0%
Info: 	            IOLOGICI:      18/    276     6%
Info: 	            IOLOGICO:      24/    276     8%
Info: 	           MUX2_LUT5:       0/   4320     0%
Info: 	           MUX2_LUT6:       0/   2160     0%
Info: 	           MUX2_LUT7:       0/   1080     0%
Info: 	           MUX2_LUT8:       0/   1080     0%
Info: 	                 ALU:    2144/   6480    33%
Info: 	                 GND:       1/      1   100%
Info: 	                 DFF:    3354/   6480    51%
Info: 	           RAM16SDP4:       0/    270     0%
Info: 	               BSRAM:      10/     26    38%
Info: 	              ALU54D:       0/     10     0%
Info: 	     MULTADDALU18X18:       0/     10     0%
Info: 	        MULTALU18X18:       0/     10     0%
Info: 	        MULTALU36X18:       0/     10     0%
Info: 	           MULT36X36:       0/      5     0%
Info: 	           MULT18X18:       2/     20    10%
Info: 	             MULT9X9:       0/     40     0%
Info: 	              PADD18:       0/     20     0%
Info: 	               PADD9:       0/     40     0%
Info: 	                 GSR:       1/      1   100%
Info: 	                 OSC:       0/      1     0%
Info: 	                rPLL:       1/      2    50%
Info: 	           FLASH608K:       0/      1     0%
Info: 	                BUFG:       2/     22     9%
Info: 	                DQCE:       0/     24     0%
Info: 	                 DCS:       0/      8     0%
Info: 	               DHCEN:       0/     24     0%
Info: 	              CLKDIV:       0/      8     0%
Info: 	             CLKDIV2:       0/     16     0%
Info: 	           MIPI_IBUF:       0/     22     0%
Info: 	           MIPI_OBUF:       0/     20     0%

Info: Running custom HCLK placer...
Info: Placed 0 cells based on constraints.
Info: Creating initial analytic placement for 5828 cells, random placement wirelen = 244638.
Info:     at initial placer iter 0, wirelen = 3606
Info:     at initial placer iter 1, wirelen = 2899
Info:     at initial placer iter 2, wirelen = 2917
Info:     at initial placer iter 3, wirelen = 2935
Info: Running main analytical placer, max placement attempts per cell = 16577282.
Info:     at iteration #1, type ALL: wirelen solved = 2945, spread = 73661, legal = 187979; time = 6.06s
Info:     at iteration #2, type ALL: wirelen solved = 5646, spread = 52585, legal = 138274; time = 4.40s
Info:     at iteration #3, type ALL: wirelen solved = 8818, spread = 54311, legal = 137427; time = 3.42s
Info:     at iteration #4, type ALL: wirelen solved = 9883, spread = 47598, legal = 127305; time = 3.49s
Info:     at iteration #5, type ALL: wirelen solved = 11834, spread = 51995, legal = 116217; time = 2.94s
Info:     at iteration #6, type ALL: wirelen solved = 13479, spread = 53131, legal = 103013; time = 2.10s
Info:     at iteration #7, type ALL: wirelen solved = 14609, spread = 47847, legal = 94129; time = 2.15s
Info:     at iteration #8, type ALL: wirelen solved = 15825, spread = 41346, legal = 82149; time = 2.21s
Info:     at iteration #9, type ALL: wirelen solved = 16620, spread = 50183, legal = 79338; time = 1.88s
Info:     at iteration #10, type ALL: wirelen solved = 17753, spread = 43070, legal = 75150; time = 2.02s
Info:     at iteration #11, type ALL: wirelen solved = 19222, spread = 40882, legal = 72257; time = 0.99s
Info:     at iteration #12, type ALL: wirelen solved = 19623, spread = 40930, legal = 67225; time = 1.48s
Info:     at iteration #13, type ALL: wirelen solved = 20200, spread = 42249, legal = 71189; time = 1.94s
Info:     at iteration #14, type ALL: wirelen solved = 21644, spread = 42791, legal = 73275; time = 1.76s
Info:     at iteration #15, type ALL: wirelen solved = 22265, spread = 44788, legal = 69258; time = 0.78s
Info:     at iteration #16, type ALL: wirelen solved = 23187, spread = 43432, legal = 76837; time = 1.60s
Info:     at iteration #17, type ALL: wirelen solved = 25159, spread = 47393, legal = 68845; time = 1.74s
Info: HeAP Placer Time: 41.93s
Info:   of which solving equations: 2.02s
Info:   of which spreading cells: 0.27s
Info:   of which strict legalisation: 38.92s

Info: Running simulated annealing placer for refinement.
Info:   at iteration #1: temp = 0.000000, timing cost = 87, wirelen = 67225
Info:   at iteration #5: temp = 0.000000, timing cost = 89, wirelen = 51545
Info:   at iteration #10: temp = 0.000000, timing cost = 65, wirelen = 48747
Info:   at iteration #15: temp = 0.000000, timing cost = 58, wirelen = 47345
Info:   at iteration #20: temp = 0.000000, timing cost = 67, wirelen = 45728
Info:   at iteration #25: temp = 0.000000, timing cost = 83, wirelen = 45266
Info:   at iteration #30: temp = 0.000000, timing cost = 80, wirelen = 45027
Info:   at iteration #31: temp = 0.000000, timing cost = 64, wirelen = 45021 
Info: SA placement time 17.91s

Info: Max frequency for clock 'bridge.p3.spi_clk': 218.25 MHz (PASS at 80.00 MHz)
Info: Max frequency for clock 'bridge.p2.spi_clk': 177.12 MHz (PASS at 80.00 MHz)
Info: Max frequency for clock        'bridge.clk': 103.31 MHz (PASS at 90.00 MHz)

Info: Max delay posedge bridge.clk        -> posedge bridge.p2.spi_clk: 0.96 ns
Info: Max delay posedge bridge.clk        -> posedge bridge.p3.spi_clk: 2.36 ns
Info: Max delay posedge bridge.p2.spi_clk -> posedge bridge.clk       : 1.36 ns
Info: Max delay posedge bridge.p3.spi_clk -> posedge bridge.clk       : 0.96 ns

Info: Slack histogram:
Info:  legend: * represents 7 endpoint(s)
Info:          + represents [1,7) endpoint(s)
Info: [  1431,   1942) |+
Info: [  1942,   2453) | 
Info: [  2453,   2964) |+
Info: [  2964,   3475) |+
Info: [  3475,   3986) |**+
Info: [  3986,   4497) |*****+
Info: [  4497,   5008) |***********+
Info: [  5008,   5519) |***************+
Info: [  5519,   6030) |***********************+
Info: [  6030,   6541) |*****************+
Info: [  6541,   7052) |************************************************+
Info: [  7052,   7563) |******************************+
Info: [  7563,   8074) |********************************+
Info: [  8074,   8585) |**********************************+
Info: [  8585,   9096) |*******************************************************+
Info: [  9096,   9607) |************************************************+
Info: [  9607,  10118) |*************************************************+
Info: [ 10118,  10629) |************************************************************ 
Info: [ 10629,  11140) |***+
Info: [ 11140,  11651) |******+
Info: Checksum: 0xb0164fe8
Info: Routing globals...
Info:     'bridge.p3.spi_clk' net was routed.
Info:     'bridge.p2.spi_clk' net was routed.
Info:     'clocking.clk27' net was routed using global resources only.
Info:     'bridge.clk_ck' net was routed using global resources only.
Info:     'bridge.clk' net was routed using global resources only.
Info:     'clocking.locked_LUT2_I1_F_DFFC_CLEAR_Q_LUT4_I0_I1_LUT2_I0_F[2]' is routed using segments.
Info:     'chien.locator_DFFE_Q_56_CE_LUT3_F_I2_LUT3_I2_1_F' is routed using segments.
Info:     'bridge.p2.cs_n_LUT4_I0_1_F_DFFCE_CE_Q_DFFC_D_Q_DFFC_D_Q_DFFCE_Q_CE_LUT4_F_I2_LUT2_F_I0_LUT2_I0_F_DFFCE_CE_Q_LUT3_F_I2_LUT3_I2_F_LUT3_F_I0_LUT2_F_I1_LUT2_I1_1_F' is routed using segments.
Info:     'chien.term[1]_DFFE_Q_D_LUT3_F_I1_LUT4_I1_F_LUT4_F_I3_DFFCE_Q_D_LUT2_F_I1_ALU_SUM_CIN_ALU_COUT_I1_ALU_I0_SUM_ALU_SUM_CIN_ALU_COUT_SUM_LUT3_I2_F_LUT3_I2_F_LUT4_I3_F_DFFCE_D_CE[0]' is routed using segments.
Info:     'chien.term[1]_DFFE_Q_D_LUT3_F_I1_LUT4_I1_F_LUT4_F_I3_DFFCE_Q_D_LUT2_F_I1_ALU_SUM_CIN_ALU_COUT_SUM_LUT4_F_1_I0_LUT3_I1_F_DFFCE_CE_Q_DFFCE_Q_D_ALU_SUM_COUT_ALU_CIN_SUM_DFFCE_Q_D_LUT4_F_I3_LUT4_I3_F_DFFCE_D_Q[2]' is routed using segments.
Info:     'chien.locator_DFFE_Q_CE' is routed using segments.
Info:     'chien.locator_DFFE_Q_56_CE_LUT3_F_I2_LUT3_I2_F' is routed using segments.
Info:     'vit.metrics[5]_DFFE_Q_8_D_LUT4_F_I2_ALU_SUM_I0_LUT3_F_I1_DFFCE_Q_1_D_ALU_SUM_CIN_ALU_COUT_SUM_DFFCE_D_1_Q_LUT3_I1_F' is routed using segments.
Info:     'vit.metrics[5]_DFFE_Q_8_D_LUT4_F_I2_ALU_SUM_I0_LUT3_F_I1_DFFCE_Q_1_D_ALU_SUM_CIN_ALU_COUT_CIN_ALU_COUT_SUM_DFFCE_D_1_Q_LUT3_I1_F' is routed using segments.
Info:     'chien.term[1]_DFFE_Q_D_LUT3_F_I1_LUT4_I1_F_LUT4_F_I3_DFFCE_Q_D_LUT2_F_I1_ALU_SUM_CIN_ALU_COUT_SUM_LUT4_F_1_I0_LUT3_I1_F_LUT4_I3_I0_LUT2_I0_F_LUT4_I2_F_DFFCE_D_Q[2]' is routed using segments.
Info:     'vit.branch_choice.0.0_DIA_3_DFF_Q_D_DFFCE_Q_D_DFFCE_Q_CE_LUT3_F_I2_LUT3_F_I0_LUT3_I0_F[1]' is routed using segments.
Info:     'syndrome.rom_odd.0.0_AD_8_DFFCE_D_Q_DFFCE_Q_D_LUT2_I1_F_DFFCE_CE_1_Q[1]' is routed using segments.
Info:     'chien.locator_DFFE_Q_CE_LUT3_F_I2_LUT3_I2_1_F' is routed using segments.
Info:     'bridge.p2.cs_n_LUT4_I0_1_F_DFFCE_CE_Q_DFFC_D_Q_DFFC_D_Q_DFFCE_Q_CE_LUT4_F_I2_LUT2_F_I0_LUT2_I0_F_DFFCE_CE_Q_LUT3_I2_F_DFFC_D_Q_LUT4_I1_F_LUT2_F_I1_LUT3_F_I2_LUT4_F_I3_LUT4_F_I3_DFFCE_Q_1_D_LUT3_F_I1_LUT3_F_I2_LUT3_I2_I0[2]' is routed using segments.
Info:     'vit.metrics[5]_DFFE_Q_8_D_LUT4_F_I2_ALU_SUM_I0_LUT3_F_I1_DFFCE_Q_1_D_ALU_SUM_COUT_ALU_CIN_COUT_ALU_CIN_COUT_ALU_CIN_SUM_DFFCE_D_1_Q_LUT3_I1_F' is routed using segments.
Info:     'bridge.p2.cs_n_LUT4_I0_1_F_DFFCE_CE_Q_DFFC_D_Q_DFFC_D_Q_DFFCE_Q_CE_LUT4_F_I2_LUT2_F_I0_LUT2_I0_F_DFFCE_CE_Q_LUT3_F_I2_LUT3_I2_F_LUT3_F_I0_LUT3_I0_I1_LUT2_I0_F_LUT2_F_I0_LUT2_F_I0[1]' is routed using segments.
Info:     'vit.metrics[5]_DFFE_Q_8_D_LUT4_F_I2_ALU_SUM_I0_LUT3_F_I1_DFFCE_Q_1_D_DFFCE_D_Q_LUT3_I1_F' is routed using segments.
Info:     'vit.metrics[5]_DFFE_Q_8_D_LUT4_F_I2_ALU_SUM_1_I0_LUT3_F_I1_DFFCE_Q_1_D_ALU_SUM_COUT_ALU_CIN_COUT_ALU_CIN_SUM_DFFCE_D_Q_LUT3_I1_F' is routed using segments.
Info:     'chien.locator_DFFE_Q_56_CE' is routed using segments.
Info:     'chien.locator_DFFE_Q_CE_LUT3_F_I2_LUT3_I2_F' is routed using segments.
Info:     'bridge.p2.cs_n_LUT4_I0_1_F_DFFCE_CE_Q_DFFC_D_Q_DFFC_D_Q_DFFCE_Q_CE_LUT4_F_I0_LUT4_F_I3[0]' is routed using segments.
Info:     'bridge.p2.cs_n_LUT4_I0_1_F_DFFCE_CE_Q_DFFC_D_Q_DFFC_D_Q_DFFC_Q_D_DFFC_Q_D_DFFCE_Q_CE_LUT4_F_I2_LUT2_F_I1[1]' is routed using segments.
Info:     'bridge.p2.cs_n_LUT4_I0_1_F_DFFCE_CE_Q_DFFC_D_Q_DFFC_D_Q_DFFCE_Q_CE_LUT4_F_I2_LUT2_F_I0_LUT2_I0_F_DFFCE_CE_Q_LUT3_I2_F_DFFC_D_Q_LUT4_I1_F_LUT2_F_I1_LUT3_F_I2_LUT4_F_I3_LUT4_F_I3_DFFCE_Q_1_D_LUT3_F_I1_LUT3_F_I2_LUT3_I2_I0_LUT3_I0_F_LUT3_F_I1_LUT3_I1_F_LUT4_F_I2_LUT3_I1_1_F_LUT3_F_I2_LUT3_F_I2[0]' is routed using segments.
Info:     'bridge.p2.cs_n_LUT4_I0_1_F_DFFCE_CE_Q_DFFC_D_Q_DFFC_D_Q_DFFCE_Q_CE_LUT4_F_I2_LUT2_F_I0_LUT2_I0_F_DFFCE_CE_Q_LUT3_I2_F_DFFC_D_Q_LUT4_I1_F_LUT2_F_I1_LUT3_F_I2_LUT4_F_I3_LUT4_F_I3_DFFCE_Q_1_D_LUT3_F_I1_LUT3_F_I2_LUT3_I2_I0_LUT3_I0_F_LUT3_F_I1_LUT3_I1_F_LUT4_F_I2[3]' is routed using segments.
Info:     'vit.metrics[5]_DFFE_Q_8_D_LUT4_F_I2_ALU_SUM_1_I0_LUT3_F_I1_DFFCE_Q_1_D_ALU_SUM_COUT_ALU_CIN_COUT_ALU_CIN_COUT_ALU_CIN_COUT_ALU_CIN_COUT_ALU_CIN_SUM_DFFCE_D_Q_LUT3_I1_F' is routed using segments.
Info:     'vit.metrics[5]_DFFE_Q_8_D_LUT4_F_I2_ALU_SUM_1_I0_LUT3_F_I1_DFFCE_Q_1_D_DFFCE_D_Q_LUT3_I1_F' is routed using segments.
Info:     'chien.term[1]_DFFE_Q_D_LUT3_F_I1_LUT4_I1_F_LUT4_F_I3_DFFCE_Q_D_LUT2_F_I1_ALU_SUM_CIN_ALU_COUT_SUM_LUT4_F_1_I0_LUT3_I1_F_DFFCE_CE_Q_DFFCE_Q_D_ALU_SUM_COUT_ALU_CIN_SUM_DFFCE_Q_D_LUT4_F_I3_LUT4_I3_F_DFFCE_D_Q[3]' is routed using segments.
Info:     'metric.abs_q_DFFE_Q_14_D[2]' is routed using segments.
Info:     'chien.term[1]_DFFE_Q_D_LUT3_F_I1_LUT4_I1_F_LUT4_F_I3_DFFCE_Q_D_LUT2_F_I1_ALU_SUM_CIN_ALU_COUT_SUM_LUT4_F_1_I3_LUT3_F_I2_LUT3_F_I1_DFFC_Q_D_LUT2_F_1_I1_LUT2_F_I1_LUT3_F_I1_ALU_COUT_CIN_ALU_COUT_I1_DFFCE_Q_D_LUT3_I2_F[2]' is routed using segments.
Info:     'bridge.p2.cs_n_LUT4_I0_1_F_DFFCE_CE_Q_DFFC_D_Q_DFFC_D_Q_DFFCE_Q_CE_LUT4_F_I2_LUT2_F_I0_LUT2_I0_F_DFFCE_CE_Q_LUT3_F_I2_LUT3_I2_F_LUT3_F_I0_LUT4_I0_F[1]' is routed using segments.
Info:     'bridge.queue.reads.0.0_DO_8_LUT4_I2_F_DFFCE_D_Q_DFFCE_Q_D_LUT4_F_I3_LUT4_I0_I2_LUT4_I3_F_LUT4_I3_F_LUT3_I2_F[1]' is routed using segments.
Info:     'bridge.controller.head[0][1]' is routed using segments.
Info:     'O_psram_reset_n_OBUF_O_I_LUT4_F_I2_DFFC_Q_D_LUT4_F_I0_LUT3_I0_F_LUT3_F_I2_LUT4_F_I2_LUT3_F_1_I2[0]' is routed using segments.
Info:     'bridge.controller.head[1][1]' is routed using segments.
Info:     'O_psram_reset_n_OBUF_O_I_LUT4_F_I2_DFFC_Q_D_LUT4_F_I0_LUT3_I1_I2_LUT2_I1_F_LUT2_F_I0_LUT4_I2_F[0]' is routed using segments.
Info:     'clocking.locked_LUT2_I1_F_DFFC_CLEAR_Q_LUT2_I0_F[0]' is routed using segments.
Info:     'chien.locator_DFFE_Q_CE_LUT3_F_I2_LUT3_I2_2_F' is routed using segments.
Info:     'chien.locator_DFFE_Q_56_CE_LUT3_F_I2_LUT3_I2_2_F' is routed using segments.
Info:     'bridge.queue.writes.0.0_DO_14_LUT3_I2_F_LUT3_F_I1_DFFCE_D_CE_DFFCE_CE_D_LUT2_F_I1_ALU_SUM_COUT_ALU_CIN_COUT_ALU_CIN_COUT_ALU_CIN_COUT_ALU_CIN_COUT_ALU_CIN_COUT_ALU_CIN_COUT_LUT4_I1_F' is routed using segments.
Info:     'chien.term[1]_DFFE_Q_D_LUT3_F_I1_LUT4_I1_F_LUT4_F_I3_DFFCE_Q_D_LUT2_F_I1_ALU_SUM_CIN_ALU_COUT_SUM_LUT4_F_1_I3_LUT2_F_I0_LUT4_I1_I3_LUT2_I1_F_DFFCE_Q_D_LUT3_I2_F' is routed using segments.
Info:     'chien.term[1]_DFFE_Q_D_LUT3_F_I1_LUT4_I1_F_LUT4_F_I3_DFFCE_Q_D_LUT2_F_I1_ALU_SUM_CIN_ALU_COUT_SUM_LUT4_F_1_I3_LUT2_F_I0_LUT4_I1_I3_LUT2_F_1_I1_DFFCE_Q_1_CE_LUT2_F_I1[0]' is routed using segments.
Info:     'bridge.p3.cs_n_LUT2_I0_I1' is routed using segments.
Info:     'bridge.p2.cs_n_LUT4_I0_1_F_DFFCE_CE_Q_DFFC_D_Q_DFFC_D_Q_DFFCE_Q_CE_LUT4_F_I2_LUT2_F_I0_LUT2_I0_F_DFFCE_CE_Q_LUT3_F_I2_LUT3_I2_F_LUT3_F_I0_LUT2_F_I1_LUT2_I1_F[2]' is routed using segments.
Info:     'O_psram_reset_n_OBUF_O_I_LUT4_F_I2_DFFC_Q_D_LUT4_F_I0_LUT3_I0_F_LUT3_I2_F_LUT4_I3_F_DFFC_D_Q[1]' is routed using segments.
Info:     'O_psram_reset_n_OBUF_O_I_LUT4_F_I2_DFFC_Q_D_LUT4_F_I0_LUT3_I0_F_LUT3_F_I2_LUT4_F_I1_LUT2_I1_F[2]' is routed using segments.
Info:     'bridge.p2.cs_n_LUT4_I0_1_F_DFFCE_CE_Q_DFFC_D_Q_DFFC_D_Q_DFFCE_Q_CE_LUT4_F_I2_LUT2_F_I0_LUT2_I0_F_DFFCE_CE_Q_LUT3_F_I2_LUT3_I2_F_LUT2_I1_F_DFFCE_D_Q_LUT3_I1_F_LUT3_I2_F' is routed using segments.
Info:     'bridge.phy.control[1].rwds_TX_LUT2_F_I1[0]' is routed using segments.
Info:     'bridge.p2.cs_n_LUT4_I0_1_F_DFFCE_CE_Q_DFFC_D_Q_DFFC_D_Q_DFFCE_Q_CE_LUT4_F_I2_LUT2_F_I0_LUT2_I0_F_DFFCE_CE_Q_LUT3_F_I2_LUT3_I2_F_LUT3_F_I0_LUT3_I0_I1_LUT2_I0_F_LUT4_I2_F_DFFCE_CE_Q_LUT2_I0_F' is routed using segments.
Info:     'vit.metrics[5]_DFFE_Q_8_D_LUT4_F_I2_ALU_SUM_I0_LUT3_F_I1_DFFCE_Q_1_D_ALU_SUM_COUT_ALU_CIN_COUT_ALU_CIN_COUT_ALU_CIN_COUT_ALU_CIN_COUT_ALU_CIN_SUM_DFFCE_D_1_Q_LUT3_I1_F' is routed using segments.
Info:     'bridge.p2.cs_n_LUT4_I0_1_F_DFFCE_CE_Q_DFFC_D_Q_DFFC_D_Q_DFFCE_Q_CE_LUT4_F_I2_LUT2_F_I0_LUT2_I0_F_DFFCE_CE_Q_LUT3_F_I2_LUT3_I2_F_LUT3_F_I0_LUT3_I0_I1_LUT4_I1_F_DFFC_D_Q_LUT3_I0_F_DFFCE_CE_Q_LUT2_I0_F[3]' is routed using segments.
Info:     'bridge.p2.cs_n_LUT4_I0_1_F_DFFCE_CE_Q_DFFC_D_Q_DFFC_D_Q_DFFCE_Q_CE_LUT4_F_I2_LUT2_F_I0_LUT2_I0_F_DFFCE_CE_Q_LUT3_F_I2_LUT3_I2_F_LUT3_I2_F[0]' is routed using segments.
Info:     'bridge.controller.fifo0[0]_DFFE_Q_1_D_DFFCE_Q_D_LUT3_F_I2[2]' is routed using segments.

Info: Routing..
Info: Setting up routing queue.
Info: Routing 27876 arcs.
Info:            |   (re-)routed arcs  |   delta    | remaining|       time spent     |
Info:    IterCnt |  w/ripup   wo/ripup |  w/r  wo/r |      arcs| batch(sec) total(sec)|
Info:       1000 |        6        993 |    6   993 |     26883|       0.63       0.63|
Info:       2000 |       31       1967 |   25   974 |     25912|       0.40       1.03|
Info:       3000 |       44       2777 |   13   810 |     24926|       0.24       1.26|
Info:       4000 |       53       3624 |    9   847 |     23935|       0.19       1.45|
Info:       5000 |       54       4576 |    1   952 |     22936|       0.23       1.69|
Info:       6000 |       59       5501 |    5   925 |     21942|       0.37       2.06|
Info:       7000 |       59       6435 |    0   934 |     20942|       0.33       2.39|
Info:       8000 |       60       7365 |    1   930 |     19950|       0.36       2.74|
Info:       9000 |       61       8301 |    1   936 |     18953|       0.36       3.10|
Info:      10000 |       63       9237 |    2   936 |     17956|       0.39       3.49|
Info:      11000 |       67      10167 |    4   930 |     16960|       0.46       3.95|
Info:      12000 |       73      11081 |    6   914 |     15966|       0.51       4.46|
Info:      13000 |       75      12017 |    2   936 |     14968|       0.55       5.01|
Info:      14000 |       89      12944 |   14   927 |     13990|       0.49       5.50|
Info:      15000 |      102      13866 |   13   922 |     13010|       0.54       6.03|
Info:      16000 |      119      14791 |   17   925 |     12033|       0.61       6.64|
Info:      17000 |      144      15696 |   25   905 |     11065|       0.58       7.22|
Info:      18000 |      174      16598 |   30   902 |     10130|       0.69       7.91|
Info:      19000 |      195      17517 |   21   919 |      9160|       0.70       8.61|
Info:      20000 |      240      18386 |   45   869 |      8228|       0.90       9.51|
Info:      21000 |      321      19243 |   81   857 |      7325|       0.86      10.38|
Info:      22000 |      398      20105 |   77   862 |      6416|       0.87      11.25|
Info:      23000 |      501      20950 |  103   845 |      5565|       0.92      12.16|
Info:      24000 |      599      21784 |   98   834 |      4713|       1.08      13.24|
Info:      25000 |      737      22591 |  138   807 |      3900|       1.23      14.47|
Info:      26000 |      905      23359 |  168   768 |      3169|       1.09      15.56|
Info:      27000 |     1068      24150 |  163   791 |      2382|       1.19      16.75|
Info:      28000 |     1261      24919 |  193   769 |      1634|       1.32      18.07|
Info:      29000 |     1471      25666 |  210   747 |       951|       1.40      19.47|
Info:      30000 |     1730      26369 |  259   703 |       311|       1.50      20.97|
Info:      30479 |     1844      26716 |  114   347 |         0|       0.79      21.76|
Info: Routing complete.
Info: Router1 time 21.76s
Info: Checksum: 0x585f5649

Info: Critical path report for clock 'bridge.p3.spi_clk' (posedge -> posedge):
Info:       type curr  total name
Info:   clk-to-q  0.46  0.46 Source bridge.p3.fifo.mem.0.0_ADA_3_ALU_I1_CIN_ALU_COUT_CIN_ALU_COUT_SUM_LUT2_I1_F_DFFCE_D_Q_DFFCE_Q.Q
Info:    routing  0.48  0.94 Net bridge.p3.fifo.mem.0.0_ADA_3_ALU_I1_CIN_ALU_COUT_CIN_ALU_COUT_SUM_LUT2_I1_F_DFFCE_D_Q[1] (39,23) -> (39,23)
Info:                          Sink bridge.p3.cs_n_LUT2_I0_F_LUT4_F_I3_LUT4_F_3.I1
Info:                          Defined in:
Info:                               /workspace/scratch/5bc736d51023/tooling/oss-cad-suite/lib/../share/yosys/gowin/cells_map.v:130.20-130.21
Info:      logic  1.10  2.04 Source bridge.p3.cs_n_LUT2_I0_F_LUT4_F_I3_LUT4_F_3.F
Info:    routing  0.41  2.45 Net bridge.p3.cs_n_LUT2_I0_F_LUT4_F_I3[0] (39,23) -> (38,23)
Info:                          Sink bridge.p3.cs_n_LUT2_I0_F_LUT4_F.I0
Info:                          Defined in:
Info:                               /workspace/scratch/5bc736d51023/tooling/oss-cad-suite/lib/../share/yosys/gowin/cells_map.v:130.20-130.21
Info:      logic  1.03  3.48 Source bridge.p3.cs_n_LUT2_I0_F_LUT4_F.F
Info:    routing  1.45  4.93 Net bridge.p2.cs_n_LUT4_I0_1_F_DFFCE_CE_Q_DFFC_D_Q_DFFC_D_Q_DFFC_Q_D_DFFC_Q_D_DFFCE_Q_CE_LUT4_F_I2[1] (38,23) -> (40,26)
Info:                          Sink bridge.p3.fifo.mem.0.0_ADA_6_LUT4_F.I2
Info:                          Defined in:
Info:                               /workspace/scratch/5bc736d51023/tooling/oss-cad-suite/lib/../share/yosys/gowin/cells_map.v:130.20-130.21
Info:      logic  0.82  5.75 Source bridge.p3.fifo.mem.0.0_ADA_6_LUT4_F.F
Info:    routing  0.81  6.55 Net bridge.p3.fifo.mem.0.0_ADA_6 (40,26) -> (40,27)
Info:                          Sink bridge.p3.fifo.mem.0.0.CEA
Info:      setup  0.17  6.73 Source bridge.p3.fifo.mem.0.0.CEA
Info: 3.58 ns logic, 3.14 ns routing

Info: Critical path report for clock 'bridge.p2.spi_clk' (posedge -> posedge):
Info:       type curr  total name
Info:   clk-to-q  0.46  0.46 Source bridge.p2.fifo.mem.0.0_DI_32_LUT2_F_I0_LUT4_I3_I1_ALU_I1_COUT_ALU_CIN_COUT_ALU_CIN_SUM_DFFCE_D.Q
Info:    routing  0.41  0.87 Net bridge.p2.fifo.mem.0.0_DI_32_LUT2_F_I0_LUT4_F_I2[1] (18,20) -> (18,20)
Info:                          Sink bridge.p2.fifo.mem.0.0_DI_32_LUT2_F_I0_LUT4_F.I1
Info:                          Defined in:
Info:                               /workspace/scratch/5bc736d51023/tooling/oss-cad-suite/lib/../share/yosys/gowin/cells_map.v:130.20-130.21
Info:      logic  1.10  1.97 Source bridge.p2.fifo.mem.0.0_DI_32_LUT2_F_I0_LUT4_F.F
Info:    routing  0.41  2.38 Net bridge.p2.fifo.mem.0.0_DI_32_LUT2_F_I0[0] (18,20) -> (19,20)
Info:                          Sink bridge.p2.fifo.mem.0.0_DI_32_LUT2_F_I0_LUT4_I3.I3
Info:                          Defined in:
Info:                               /workspace/scratch/5bc736d51023/tooling/oss-cad-suite/lib/../share/yosys/gowin/cells_map.v:130.20-130.21
Info:      logic  0.62  3.01 Source bridge.p2.fifo.mem.0.0_DI_32_LUT2_F_I0_LUT4_I3.F
Info:    routing  2.01  5.02 Net bridge.p2.fifo.mem.0.0_DI_32_LUT2_F_I0_LUT4_I3_F[2] (19,20) -> (26,23)
Info:                          Sink bridge.p2.cs_n_LUT4_I0.I2
Info:                          Defined in:
Info:                               /workspace/scratch/5bc736d51023/tooling/oss-cad-suite/lib/../share/yosys/gowin/cells_map.v:130.20-130.21
Info:      logic  0.82  5.84 Source bridge.p2.cs_n_LUT4_I0.F
Info:    routing  0.81  6.64 Net bridge.p2.cs_n_LUT4_I0_F[1] (26,23) -> (24,23)
Info:                          Sink bridge.p2.fifo.mem.0.0_ADA_DFFCE_Q.CE
Info:                          Defined in:
Info:                               /workspace/scratch/5bc736d51023/tooling/oss-cad-suite/lib/../share/yosys/gowin/cells_map.v:130.20-130.21
Info:      setup  0.04  6.69 Source bridge.p2.fifo.mem.0.0_ADA_DFFCE_Q.CE
Info: 3.05 ns logic, 3.64 ns routing

Info: Critical path report for clock 'bridge.clk' (posedge -> posedge):
Info:       type curr  total name
Info:   clk-to-q  0.46  0.46 Source bridge.queue.reads.0.0_DI_13_DFF_Q_D_DFFCE_D.Q
Info:    routing  1.44  1.89 Net bridge.queue.reads.0.0_DI_13_DFF_Q_D_DFFCE_D_Q[0] (12,25) -> (7,25)
Info:                          Sink bridge.queue.reads.0.0_DI_8_DFF_Q_D_DFFCE_D_Q_LUT4_I2_F_LUT4_F_1.I0
Info:                          Defined in:
Info:                               /workspace/scratch/5bc736d51023/tooling/oss-cad-suite/lib/../share/yosys/gowin/cells_map.v:130.20-130.21
Info:      logic  1.03  2.93 Source bridge.queue.reads.0.0_DI_8_DFF_Q_D_DFFCE_D_Q_LUT4_I2_F_LUT4_F_1.F
Info:    routing  0.48  3.40 Net bridge.queue.reads.0.0_DI_8_DFF_Q_D_DFFCE_D_Q_LUT4_I2_F[0] (7,25) -> (7,23)
Info:                          Sink bridge.queue.reads.0.0_DI_5_DFF_Q_D_DFFCE_D_Q_DFFCE_Q_CE_DFFCE_CE_Q_LUT2_F_I1_LUT4_I3.I0
Info:                          Defined in:
Info:                               /workspace/scratch/5bc736d51023/tooling/oss-cad-suite/lib/../share/yosys/gowin/cells_map.v:130.20-130.21
Info:      logic  1.03  4.44 Source bridge.queue.reads.0.0_DI_5_DFF_Q_D_DFFCE_D_Q_DFFCE_Q_CE_DFFCE_CE_Q_LUT2_F_I1_LUT4_I3.F
Info:    routing  0.89  5.33 Net bridge.queue.reads.0.0_DI_5_DFF_Q_D_DFFCE_D_Q_DFFCE_Q_CE_DFFCE_CE_Q_LUT2_F_I1_LUT4_I3_F[1] (7,23) -> (8,21)
Info:                          Sink bridge.queue.reads.0.0_DI_5_DFF_Q_D_DFFCE_D_Q_DFFCE_Q_CE_DFFCE_CE_Q_LUT2_F_I1_LUT4_I3_F_LUT4_I3.I1
Info:                          Defined in:
Info:                               /workspace/scratch/5bc736d51023/tooling/oss-cad-suite/lib/../share/yosys/gowin/cells_map.v:130.20-130.21
Info:      logic  1.10  6.43 Source bridge.queue.reads.0.0_DI_5_DFF_Q_D_DFFCE_D_Q_DFFCE_Q_CE_DFFCE_CE_Q_LUT2_F_I1_LUT4_I3_F_LUT4_I3.F
Info:    routing  1.37  7.80 Net bridge.queue.reads.0.0_DI_5_DFF_Q_D_DFFCE_D_Q_DFFCE_Q_CE_DFFCE_CE_Q_LUT2_F_I1_LUT4_I3_F_LUT4_I3_F[1] (8,21) -> (11,20)
Info:                          Sink O_psram_reset_n_OBUF_O_I_LUT4_F_I2_LUT3_I0_F_LUT4_F_I2_LUT4_F.I3
Info:                          Defined in:
Info:                               /workspace/scratch/5bc736d51023/tooling/oss-cad-suite/lib/../share/yosys/gowin/cells_map.v:130.20-130.21
Info:      logic  0.62  8.42 Source O_psram_reset_n_OBUF_O_I_LUT4_F_I2_LUT3_I0_F_LUT4_F_I2_LUT4_F.F
Info:    routing  1.22  9.64 Net O_psram_reset_n_OBUF_O_I_LUT4_F_I2_LUT3_I0_F_LUT4_F_I2[2] (11,20) -> (14,20)
Info:                          Sink O_psram_reset_n_OBUF_O_I_LUT4_F_I2_LUT3_I0_F_LUT4_F.I2
Info:                          Defined in:
Info:                               /workspace/scratch/5bc736d51023/tooling/oss-cad-suite/lib/../share/yosys/gowin/cells_map.v:130.20-130.21
Info:      logic  0.82  10.46 Source O_psram_reset_n_OBUF_O_I_LUT4_F_I2_LUT3_I0_F_LUT4_F.F
Info:    routing  1.12  11.58 Net O_psram_reset_n_OBUF_O_I_LUT4_F_I2_LUT3_I0_F[3] (14,20) -> (18,19)
Info:                          Sink O_psram_reset_n_OBUF_O_I_LUT4_F_I2_DFFC_Q_D_LUT4_F.I3
Info:                          Defined in:
Info:                               /workspace/scratch/5bc736d51023/tooling/oss-cad-suite/lib/../share/yosys/gowin/cells_map.v:130.20-130.21
Info:      logic  0.62  12.21 Source O_psram_reset_n_OBUF_O_I_LUT4_F_I2_DFFC_Q_D_LUT4_F.F
Info:    routing  0.00  12.21 Net O_psram_reset_n_OBUF_O_I_LUT4_F_I2_DFFC_Q_D (18,19) -> (18,19)
Info:                          Sink O_psram_reset_n_OBUF_O_I_LUT4_F_I2_DFFC_Q.D
Info:      setup  0.40  12.60 Source O_psram_reset_n_OBUF_O_I_LUT4_F_I2_DFFC_Q.D
Info: 6.09 ns logic, 6.52 ns routing

Info: Critical path report for cross-domain path 'posedge bridge.clk' -> 'posedge bridge.p3.spi_clk':
Info:       type curr  total name
Info:   clk-to-q  0.46  0.46 Source clocking.locked_LUT2_I1_F_DFFC_CLEAR.Q
Info:    routing  1.12  1.58 Net chien.term[1]_DFFE_Q_D_LUT3_F_I1_LUT4_I1_F_LUT4_F_I3_DFFCE_Q_D_LUT2_F_I1_ALU_SUM_CIN_ALU_COUT_I1_ALU_I0_SUM_ALU_SUM_CIN_ALU_COUT_SUM_LUT3_I2_F_LUT3_I2_F_LUT4_I3_F_DFFCE_D_CE[0] (38,22) -> (40,26)
Info:                          Sink bridge.p3.fifo.mem.0.0_ADA_6_LUT4_F.I0
Info:                          Defined in:
Info:                               /workspace/scratch/5bc736d51023/tooling/oss-cad-suite/lib/../share/yosys/gowin/cells_map.v:130.20-130.21
Info:      logic  1.03  2.61 Source bridge.p3.fifo.mem.0.0_ADA_6_LUT4_F.F
Info:    routing  0.81  3.42 Net bridge.p3.fifo.mem.0.0_ADA_6 (40,26) -> (40,27)
Info:                          Sink bridge.p3.fifo.mem.0.0.CEA
Info:      setup  0.17  3.59 Source bridge.p3.fifo.mem.0.0.CEA
Info: 1.66 ns logic, 1.93 ns routing

Info: Max frequency for clock 'bridge.p3.spi_clk': 148.68 MHz (PASS at 80.00 MHz)
Info: Max frequency for clock 'bridge.p2.spi_clk': 149.52 MHz (PASS at 80.00 MHz)
ERROR: Max frequency for clock        'bridge.clk': 79.33 MHz (FAIL at 90.00 MHz)

Info: Max delay posedge bridge.clk -> posedge bridge.p3.spi_clk: 3.59 ns

Info: Slack histogram:
Info:  legend: * represents 4 endpoint(s)
Info:          + represents [1,4) endpoint(s)
Info: [ -1494,   -863) |+
Info: [  -863,   -232) |+
Info: [  -232,    399) |+
Info: [   399,   1030) |+
Info: [  1030,   1661) |*+
Info: [  1661,   2292) |***+
Info: [  2292,   2923) |****+
Info: [  2923,   3554) |***+
Info: [  3554,   4185) |********+
Info: [  4185,   4816) |************************************+
Info: [  4816,   5447) |***********************************************************+
Info: [  5447,   6078) |************************************+
Info: [  6078,   6709) |*******************************************************+
Info: [  6709,   7340) |************************************************************ 
Info: [  7340,   7971) |*******************************+
Info: [  7971,   8602) |**********************************+
Info: [  8602,   9233) |**********************************+
Info: [  9233,   9864) |*************+
Info: [  9864,  10495) |***+
Info: [ 10495,  11126) |****+

0 warnings, 1 error

Info: Program finished normally.
