Info: Using uarch 'gowin' for device 'GW1NR-LV9QN88PC6/I5'
Info: constraining clock net 'clocking.clk27' to 27.00 MHz
Info: constraining clock net 'bridge.clk' to 90.00 MHz
Info: constraining clock net 'bridge.clk_ck' to 90.00 MHz
Info: constraining clock net 'bridge.p2.spi_clk' to 80.00 MHz
Info: constraining clock net 'bridge.p3.spi_clk' to 80.00 MHz

Info: Reading constraints...
Info: Create constant nets...
Info: Modify LUTs...
Info: Pack IOBs...
Info: Pack I3C IOs...
Info: Pack MIPI IOs...
Info: Pack diff IOBs...
Info: Pack FFs into IO cells...
Info: Pack IODELAY...
Info: Pack Input Edge Monitors...
Info: Pack IO logic...
Info: Pack DESER16 logic...
Info: Pack GSR...
Info: Pack HCLK cells...
Info: Pack DLLDLYs...
Info: Pack wide LUTs...
Info: Packed MUX2_LUT8:0, MUX2_LU7:0, MUX2_LUT6:0, MUX2_LUT5:0
Info: Pack ALUs...
Info: Pack SSRAMs...
Info: Constrained 1484 LUTFF pairs.
Info: Pack PLL...
Info: Pack ADC...
Info: Pack GW JTAG...
Info: Pack BSRAMs...
Info: Pack DSP...
Info: Pack INV...
Info: Pack buffered nets...
Info: Pack EMCU and UserFlash cells...
Info: Pack UserFlash cells...
Info: Pack DQCE cells...
Info: Pack DCS cells...
Info: Checksum: 0x38652ce9

Info: Device utilisation:
Info: 	                 VCC:       1/      1   100%
Info: 	                 IOB:      27/    276     9%
Info: 	                LUT4:    5905/   8640    68%
Info: 	              OSER16:       0/     80     0%
Info: 	              IDES16:       0/     80     0%
Info: 	            IOLOGICI:      18/    276     6%
Info: 	            IOLOGICO:      24/    276     8%
Info: 	           MUX2_LUT5:       0/   4320     0%
Info: 	           MUX2_LUT6:       0/   2160     0%
Info: 	           MUX2_LUT7:       0/   1080     0%
Info: 	           MUX2_LUT8:       0/   1080     0%
Info: 	                 ALU:    2144/   6480    33%
Info: 	                 GND:       1/      1   100%
Info: 	                 DFF:    3354/   6480    51%
Info: 	           RAM16SDP4:       0/    270     0%
Info: 	               BSRAM:      10/     26    38%
Info: 	              ALU54D:       0/     10     0%
Info: 	     MULTADDALU18X18:       0/     10     0%
Info: 	        MULTALU18X18:       0/     10     0%
Info: 	        MULTALU36X18:       0/     10     0%
Info: 	           MULT36X36:       0/      5     0%
Info: 	           MULT18X18:       2/     20    10%
Info: 	             MULT9X9:       0/     40     0%
Info: 	              PADD18:       0/     20     0%
Info: 	               PADD9:       0/     40     0%
Info: 	                 GSR:       1/      1   100%
Info: 	                 OSC:       0/      1     0%
Info: 	                rPLL:       1/      2    50%
Info: 	           FLASH608K:       0/      1     0%
Info: 	                BUFG:       2/     22     9%
Info: 	                DQCE:       0/     24     0%
Info: 	                 DCS:       0/      8     0%
Info: 	               DHCEN:       0/     24     0%
Info: 	              CLKDIV:       0/      8     0%
Info: 	             CLKDIV2:       0/     16     0%
Info: 	           MIPI_IBUF:       0/     22     0%
Info: 	           MIPI_OBUF:       0/     20     0%

Info: Running custom HCLK placer...
Info: Placed 0 cells based on constraints.
Info: Creating initial analytic placement for 5828 cells, random placement wirelen = 244482.
Info:     at initial placer iter 0, wirelen = 3236
Info:     at initial placer iter 1, wirelen = 2917
Info:     at initial placer iter 2, wirelen = 3007
Info:     at initial placer iter 3, wirelen = 2926
Info: Running main analytical placer, max placement attempts per cell = 16577282.
Info:     at iteration #1, type ALL: wirelen solved = 2926, spread = 73621, legal = 185857; time = 6.34s
Info:     at iteration #2, type ALL: wirelen solved = 5772, spread = 49492, legal = 136452; time = 3.49s
Info:     at iteration #3, type ALL: wirelen solved = 9091, spread = 56881, legal = 145134; time = 4.86s
Info:     at iteration #4, type ALL: wirelen solved = 9655, spread = 52455, legal = 134066; time = 7.05s
Info:     at iteration #5, type ALL: wirelen solved = 11692, spread = 51735, legal = 121123; time = 2.73s
Info:     at iteration #6, type ALL: wirelen solved = 12946, spread = 49607, legal = 110651; time = 1.93s
Info:     at iteration #7, type ALL: wirelen solved = 14469, spread = 47430, legal = 101523; time = 2.19s
Info:     at iteration #8, type ALL: wirelen solved = 16068, spread = 43456, legal = 94069; time = 2.32s
Info:     at iteration #9, type ALL: wirelen solved = 17094, spread = 48130, legal = 89946; time = 2.24s
Info:     at iteration #10, type ALL: wirelen solved = 17802, spread = 39635, legal = 81498; time = 1.30s
Info:     at iteration #11, type ALL: wirelen solved = 18807, spread = 40518, legal = 75255; time = 1.61s
Info:     at iteration #12, type ALL: wirelen solved = 20374, spread = 48173, legal = 82842; time = 2.15s
Info:     at iteration #13, type ALL: wirelen solved = 21121, spread = 45140, legal = 86210; time = 2.09s
Info:     at iteration #14, type ALL: wirelen solved = 22212, spread = 47298, legal = 84522; time = 1.34s
Info:     at iteration #15, type ALL: wirelen solved = 24336, spread = 46347, legal = 74932; time = 1.28s
Info:     at iteration #16, type ALL: wirelen solved = 24491, spread = 42040, legal = 67566; time = 1.13s
Info:     at iteration #17, type ALL: wirelen solved = 25506, spread = 46973, legal = 65270; time = 0.84s
Info:     at iteration #18, type ALL: wirelen solved = 26595, spread = 46532, legal = 65688; time = 0.50s
Info:     at iteration #19, type ALL: wirelen solved = 27225, spread = 44909, legal = 62436; time = 0.67s
Info:     at iteration #20, type ALL: wirelen solved = 28857, spread = 43415, legal = 60344; time = 0.85s
Info:     at iteration #21, type ALL: wirelen solved = 29023, spread = 45874, legal = 61909; time = 0.70s
Info:     at iteration #22, type ALL: wirelen solved = 29718, spread = 40449, legal = 58850; time = 0.55s
Info:     at iteration #23, type ALL: wirelen solved = 30752, spread = 44674, legal = 62332; time = 0.72s
Info:     at iteration #24, type ALL: wirelen solved = 32731, spread = 44661, legal = 60349; time = 0.58s
Info:     at iteration #25, type ALL: wirelen solved = 32466, spread = 46816, legal = 61720; time = 0.52s
Info:     at iteration #26, type ALL: wirelen solved = 33859, spread = 46753, legal = 61937; time = 0.68s
Info:     at iteration #27, type ALL: wirelen solved = 35124, spread = 48760, legal = 63026; time = 0.40s
Info: HeAP Placer Time: 52.36s
Info:   of which solving equations: 2.68s
Info:   of which spreading cells: 0.41s
Info:   of which strict legalisation: 48.22s

Info: Running simulated annealing placer for refinement.
Info:   at iteration #1: temp = 0.000000, timing cost = 156, wirelen = 58850
Info:   at iteration #5: temp = 0.000000, timing cost = 145, wirelen = 51219
Info:   at iteration #10: temp = 0.000000, timing cost = 128, wirelen = 48797
Info:   at iteration #15: temp = 0.000000, timing cost = 127, wirelen = 47748
Info:   at iteration #20: temp = 0.000000, timing cost = 119, wirelen = 47391
Info:   at iteration #25: temp = 0.000000, timing cost = 117, wirelen = 47219
Info:   at iteration #29: temp = 0.000000, timing cost = 116, wirelen = 47132 
Info: SA placement time 14.80s

Info: Max frequency for clock 'bridge.p3.spi_clk': 185.80 MHz (PASS at 80.00 MHz)
Info: Max frequency for clock 'bridge.p2.spi_clk': 141.92 MHz (PASS at 80.00 MHz)
Info: Max frequency for clock        'bridge.clk': 105.74 MHz (PASS at 90.00 MHz)

Info: Max delay posedge bridge.clk        -> posedge bridge.p2.spi_clk: 0.86 ns
Info: Max delay posedge bridge.clk        -> posedge bridge.p3.spi_clk: 2.16 ns
Info: Max delay posedge bridge.p2.spi_clk -> posedge bridge.clk       : 0.86 ns
Info: Max delay posedge bridge.p3.spi_clk -> posedge bridge.clk       : 0.86 ns

Info: Slack histogram:
Info:  legend: * represents 8 endpoint(s)
Info:          + represents [1,8) endpoint(s)
Info: [  1654,   2154) |+
Info: [  2154,   2654) |+
Info: [  2654,   3154) |*+
Info: [  3154,   3654) |*******+
Info: [  3654,   4154) |******+
Info: [  4154,   4654) |****+
Info: [  4654,   5154) |******+
Info: [  5154,   5654) |****************+
Info: [  5654,   6154) |***************+
Info: [  6154,   6654) |************************+
Info: [  6654,   7154) |**********************************+
Info: [  7154,   7654) |***********************************+
Info: [  7654,   8154) |*******************+
Info: [  8154,   8654) |************************+
Info: [  8654,   9154) |*****************************************+
Info: [  9154,   9654) |***********************************************+
Info: [  9654,  10154) |******************************************+
Info: [ 10154,  10654) |************************************************************ 
Info: [ 10654,  11154) |+
Info: [ 11154,  11654) |******+
Info: Checksum: 0xd021786f
Info: Routing globals...
Info:     'bridge.p3.spi_clk' net was routed.
Info:     'bridge.p2.spi_clk' net was routed.
Info:     'clocking.clk27' net was routed using global resources only.
Info:     'bridge.clk_ck' net was routed using global resources only.
Info:     'bridge.clk' net was routed using global resources only.
Info:     'clocking.locked_LUT2_I1_F_DFFC_CLEAR_Q_LUT4_I0_I1_LUT2_I0_F[2]' is routed using segments.
Info:     'chien.term[1]_DFFE_Q_D_LUT3_F_I1_LUT4_I1_F_LUT4_F_I3_DFFCE_Q_D_LUT2_F_I1_ALU_SUM_CIN_ALU_COUT_I1_ALU_I0_SUM_ALU_SUM_CIN_ALU_COUT_SUM_LUT3_I2_F_LUT3_I2_F_LUT4_I3_F_DFFCE_D_CE[0]' is routed using segments.
Info:     'vit.branch_choice.0.0_DIA_3_DFF_Q_D_DFFCE_Q_D_DFFCE_Q_CE[1]' is routed using segments.
Info:     'vit.metrics[5]_DFFE_Q_8_D_LUT4_F_I2_ALU_SUM_I0_LUT3_F_I1_DFFCE_Q_1_D_ALU_SUM_CIN_ALU_COUT_SUM_DFFCE_D_1_Q_LUT3_I1_F' is routed using segments.
Info:     'O_psram_reset_n_OBUF_O_I_LUT4_F_I2_DFFC_Q_D_LUT4_F_I0_LUT3_I0_F_LUT3_F_I2_LUT4_F_I1_LUT2_I1_F[2]' is routed using segments.
Info:     'metric.abs_q_DFFE_Q_14_D[2]' is routed using segments.
Info:     'bridge.p2.cs_n_LUT4_I0_1_F_DFFCE_CE_Q_DFFC_D_Q_DFFC_D_Q_DFFCE_Q_CE_LUT4_F_I2_LUT2_F_I0_LUT2_I0_F_DFFCE_CE_Q_LUT3_F_I2_LUT3_I2_F_LUT3_F_I0_LUT2_F_I1_LUT2_I1_1_F' is routed using segments.
Info:     'vit.metrics[5]_DFFE_Q_8_D_LUT4_F_I2_ALU_SUM_I0_LUT3_F_I1_DFFCE_Q_1_D_ALU_SUM_COUT_ALU_CIN_COUT_ALU_CIN_SUM_DFFCE_D_1_Q_LUT3_I1_F' is routed using segments.
Info:     'chien.locator_DFFE_Q_CE_LUT3_F_I2_LUT3_I2_1_F' is routed using segments.
Info:     'chien.locator_DFFE_Q_CE_LUT3_F_I2_LUT3_I2_F' is routed using segments.
Info:     'chien.term[1]_DFFE_Q_D_LUT3_F_I1_LUT4_I1_F_LUT4_F_I3_DFFCE_Q_D_LUT2_F_I1_ALU_SUM_CIN_ALU_COUT_SUM_LUT4_F_1_I3_LUT3_F_I2_LUT3_F_I1_DFFC_Q_D_LUT2_F_1_I0[1]' is routed using segments.
Info:     'chien.term[1]_DFFE_Q_D_LUT3_F_I1_LUT4_I1_F_LUT4_F_I3_DFFCE_Q_D_LUT2_F_I1_ALU_SUM_CIN_ALU_COUT_SUM_LUT4_F_1_I0_LUT3_I1_F_DFFCE_CE_Q_DFFCE_Q_D_ALU_SUM_COUT_ALU_CIN_SUM_DFFCE_Q_D_LUT4_F_I3_LUT4_I3_F_DFFCE_D_Q[2]' is routed using segments.
Info:     'bridge.p2.cs_n_LUT4_I0_1_F_DFFCE_CE_Q_DFFC_D_Q_DFFC_D_Q_DFFC_Q_D_DFFC_Q_D_DFFCE_Q_CE_LUT4_F_I2_LUT2_F_I1_LUT3_I2_F[3]' is routed using segments.
Info:     'bridge.p2.cs_n_LUT4_I0_1_F_DFFCE_CE_Q_DFFC_D_Q_DFFC_D_Q_DFFC_Q_D_DFFC_Q_D_DFFCE_Q_CE_LUT4_F_I2_LUT2_F_I1[1]' is routed using segments.
Info:     'bridge.p2.cs_n_LUT4_I0_1_F_DFFCE_CE_Q_DFFC_D_Q_DFFC_D_Q_DFFCE_Q_CE_LUT4_F_I2_LUT2_F_I0_LUT2_I0_F_DFFCE_CE_Q_LUT3_I2_F_DFFC_D_Q_LUT4_I1_F_LUT2_F_I1_LUT3_F_I2_LUT4_F_I3_LUT4_F_I3_DFFCE_Q_1_D_LUT3_F_I1_LUT3_F_I2_LUT3_I2_I0_LUT3_I0_F_LUT3_F_I1_LUT3_I1_F_LUT4_F_I2[3]' is routed using segments.
Info:     'vit.metrics[5]_DFFE_Q_8_D_LUT4_F_I2_ALU_SUM_I0_LUT3_F_I1_DFFCE_Q_1_D_ALU_SUM_COUT_ALU_CIN_COUT_ALU_CIN_COUT_ALU_CIN_COUT_ALU_CIN_COUT_ALU_CIN_SUM_DFFCE_D_1_Q_LUT3_I1_F' is routed using segments.
Info:     'bridge.p3.cs_n_LUT2_I0_I1' is routed using segments.
Info:     'chien.term[1]_DFFE_Q_D_LUT3_F_I1_LUT4_I1_F_LUT4_F_I3_DFFCE_Q_D_LUT2_F_I1_ALU_SUM_CIN_ALU_COUT_SUM_LUT4_F_1_I0_LUT3_I1_F_LUT4_I3_I0_LUT2_I0_F_LUT4_I2_F_DFFCE_D_Q[2]' is routed using segments.
Info:     'clocking.locked_LUT2_I1_F_DFFC_CLEAR_Q_LUT2_I0_F[0]' is routed using segments.
Info:     'chien.term[1]_DFFE_Q_D_LUT3_F_I1_LUT4_I1_F_LUT4_F_I3_DFFCE_Q_D_LUT2_F_I1_ALU_SUM_CIN_ALU_COUT_SUM_LUT4_F_1_I3_LUT3_F_I2_LUT3_F_I1_DFFC_Q_D_LUT2_F_1_I1_LUT2_F_I1_LUT3_F_I1_ALU_COUT_CIN_ALU_COUT_I1_DFFCE_Q_D_LUT3_I2_F[2]' is routed using segments.
Info:     'syndrome.rom_odd.0.0_AD_8_DFFCE_D_Q_DFFCE_Q_D_LUT2_I1_F_DFFCE_CE_1_Q[1]' is routed using segments.
Info:     'bridge.p2.cs_n_LUT4_I0_1_F_DFFCE_CE_Q_DFFC_D_Q_DFFC_D_Q_DFFCE_Q_CE_LUT4_F_I2_LUT2_F_I0_LUT2_I0_F_DFFCE_CE_Q_LUT3_F_I2_LUT3_I2_F_LUT3_I2_F[0]' is routed using segments.
Info:     'bridge.controller.head[0][1]' is routed using segments.
Info:     'bridge.controller.head[1][1]' is routed using segments.
Info:     'vit.metrics[5]_DFFE_Q_8_D_LUT4_F_I2_ALU_SUM_I0_LUT3_F_I1_DFFCE_Q_1_D_ALU_SUM_COUT_ALU_CIN_COUT_ALU_CIN_COUT_ALU_CIN_COUT_ALU_CIN_SUM_DFFCE_D_Q_LUT3_I1_F' is routed using segments.
Info:     'vit.metrics[5]_DFFE_Q_8_D_LUT4_F_I2_ALU_SUM_I0_LUT3_F_I1_DFFCE_Q_1_D_ALU_SUM_COUT_ALU_CIN_COUT_ALU_CIN_COUT_ALU_CIN_COUT_ALU_CIN_COUT_ALU_CIN_SUM_DFFCE_D_Q_LUT3_I1_F' is routed using segments.
Info:     'vit.metrics[5]_DFFE_Q_8_D_LUT4_F_I2_ALU_SUM_I0_LUT3_F_I1_DFFCE_Q_1_D_ALU_SUM_CIN_ALU_COUT_SUM_DFFCE_D_Q_LUT3_I1_F' is routed using segments.
Info:     'O_psram_reset_n_OBUF_O_I_LUT4_F_I2_DFFC_Q_D_LUT4_F_I0_LUT3_I1_I2_LUT2_I1_F_LUT2_F_I0_LUT4_I2_F[0]' is routed using segments.
Info:     'O_psram_reset_n_OBUF_O_I_LUT4_F_I2_DFFC_Q_D_LUT4_F_I0_LUT3_I0_F_LUT3_F_I2_LUT4_F_I2_LUT3_F_1_I2[0]' is routed using segments.
Info:     'bridge.p2.cs_n_LUT4_I0_1_F_DFFCE_CE_Q_DFFC_D_Q_DFFC_D_Q_DFFC_Q_D_DFFC_Q_D_DFFCE_Q_CE_LUT4_F_I2_LUT2_F_I1_LUT3_I2_F[2]' is routed using segments.
Info:     'bridge.p2.cs_n_LUT4_I0_1_F_DFFCE_CE_Q_DFFC_D_Q_DFFC_D_Q_DFFCE_Q_CE_LUT4_F_I2_LUT2_F_I0_LUT2_I0_F_DFFCE_CE_Q_LUT3_F_I2_LUT3_I2_F_LUT3_F_I0_LUT3_I0_I1_LUT2_I0_F_LUT2_F_I1_LUT2_I0_F' is routed using segments.
Info:     'bridge.p2.cs_n_LUT4_I0_1_F_DFFCE_CE_Q_DFFC_D_Q_DFFC_D_Q_DFFCE_Q_CE_LUT4_F_I2_LUT2_F_I0_LUT2_I0_F_DFFCE_CE_Q_LUT3_F_I2_LUT3_I2_F_LUT3_F_I0_LUT3_I0_F_LUT3_I2_F[0]' is routed using segments.
Info:     'bridge.p2.cs_n_LUT4_I0_1_F_DFFCE_CE_Q_DFFC_D_Q_DFFC_D_Q_DFFCE_Q_CE_LUT4_F_I2_LUT2_F_I1_LUT2_I0_F' is routed using segments.
Info:     'chien.locator_DFFE_Q_CE' is routed using segments.
Info:     'bridge.queue.reads.0.0_DO[0]' is routed using segments.
Info:     'bridge.p3.fifo.mem.0.0_DI_14_LUT3_F_I1_DFFCE_D_CE' is routed using segments.
Info:     'syndrome.rom_even.0.0_AD_2_LUT4_F_I3[1]' is routed using segments.
Info:     'chien.term[1]_DFFE_Q_D_LUT3_F_I1_LUT4_I1_F_LUT4_F_I3_DFFCE_Q_D_LUT2_F_I1_ALU_SUM_CIN_ALU_COUT_SUM_LUT4_F_1_I3_LUT2_F_I0_LUT4_I1_F_LUT2_F_I1_LUT4_I1_F_DFFC_D_Q_LUT2_I0_F_LUT3_F_I0_LUT4_I2_F_DFFC_Q_D_LUT2_F_I0[1]' is routed using segments.
Info:     'bridge.queue.writes.0.0_DO_14_LUT3_I2_F_LUT3_F_I1_DFFCE_D_CE_DFFCE_CE_D_LUT2_F_I1_ALU_SUM_COUT_ALU_CIN_COUT_ALU_CIN_COUT_ALU_CIN_COUT_ALU_CIN_COUT_ALU_CIN_COUT_ALU_CIN_COUT_LUT4_I1_F' is routed using segments.
Info:     'chien.term[1]_DFFE_Q_D_LUT3_F_I1_LUT4_I1_F_LUT4_F_I3_DFFCE_Q_D_LUT2_F_I1_ALU_SUM_CIN_ALU_COUT_SUM_LUT4_F_1_I3_LUT2_F_I0_LUT4_I1_I3_LUT2_F_1_I1_DFFCE_Q_1_CE_LUT2_F_I1[0]' is routed using segments.
Info:     'bridge.queue.reads.0.0_DO_8_LUT4_I2_F_DFFCE_D_Q_DFFCE_Q_D_LUT4_F_I3_LUT4_I0_I2_LUT4_I3_F_LUT4_I3_F_LUT3_I2_F[1]' is routed using segments.
Info:     'chien.term[1]_DFFE_Q_D_LUT3_F_I1_LUT4_I1_F_LUT4_F_I3_DFFCE_Q_D_LUT2_F_I1_ALU_SUM_CIN_ALU_COUT_SUM_LUT4_F_1_I3_LUT2_F_I0_LUT4_I1_I3_LUT2_I1_F_DFFCE_Q_D_LUT3_I2_F' is routed using segments.
Info:     'bridge.p2.cs_n_LUT4_I0_1_F_DFFCE_CE_Q_DFFC_D_Q_DFFC_D_Q_DFFCE_Q_CE_LUT4_F_I2_LUT2_F_I0_LUT2_I0_F_DFFCE_CE_Q_LUT3_F_I2_LUT3_I2_F_LUT2_I1_F_DFFCE_D_Q_LUT3_I1_F_LUT3_I2_F' is routed using segments.
Info:     'chien.term[1]_DFFE_Q_D_LUT3_F_I1_LUT4_I1_F_LUT4_F_I3_DFFCE_Q_D_LUT2_F_I1_ALU_SUM_CIN_ALU_COUT_SUM_LUT4_F_1_I0_LUT3_I1_F_DFFCE_CE_Q_DFFCE_Q_D_ALU_SUM_COUT_ALU_CIN_SUM_DFFCE_Q_D_LUT4_F_I3_LUT4_I3_F_DFFCE_D_Q[3]' is routed using segments.
Info:     'chien.term[1]_DFFE_Q_D_LUT3_F_I1_LUT4_I1_F_LUT4_F_I3_DFFCE_Q_D_LUT2_F_I1_ALU_SUM_CIN_ALU_COUT_SUM_LUT4_F_1_I0_LUT4_I2_I0_LUT2_I0_F_LUT4_F_I3_LUT4_I3_I2_LUT4_I3_I2_LUT4_I2_1_F' is routed using segments.
Info:     'chien.term[1]_DFFE_Q_D_LUT3_F_I1_LUT4_I1_F_LUT4_F_I3_DFFCE_Q_D_LUT2_F_I1_ALU_SUM_CIN_ALU_COUT_SUM_LUT4_F_1_I0_LUT4_I2_I0_LUT2_I0_F_LUT4_F_I3_LUT4_I3_I2_LUT4_I3_I2_LUT4_I2_F' is routed using segments.
Info:     'chien.locator_DFFE_Q_CE_LUT3_F_I2_LUT3_I2_2_F' is routed using segments.
Info:     'bridge.p2.cs_n_LUT4_I0_1_F_DFFCE_CE_Q_DFFC_D_Q_DFFC_D_Q_DFFCE_Q_CE_LUT4_F_I2_LUT2_F_I0_LUT2_I0_F_DFFCE_CE_Q_LUT3_F_I2_LUT3_I2_F_LUT3_F_I0_LUT3_I0_I1_LUT4_I1_F_DFFC_D_Q_LUT3_I0_F_DFFCE_CE_Q_LUT2_I0_F[3]' is routed using segments.
Info:     'vit.metrics[5]_DFFE_Q_8_D_LUT4_F_I2_ALU_SUM_I0_LUT3_F_I1_DFFCE_Q_1_D_ALU_SUM_COUT_ALU_CIN_COUT_ALU_CIN_COUT_ALU_CIN_COUT_ALU_CIN_SUM_DFFCE_D_1_Q_LUT3_I1_F' is routed using segments.
Info:     'vit.metrics[5]_DFFE_Q_8_D_LUT4_F_I2_ALU_SUM_I0_LUT3_F_I1_DFFCE_Q_1_D_ALU_SUM_COUT_ALU_CIN_SUM_DFFCE_D_1_Q_LUT3_I1_F' is routed using segments.
Info:     'vit.decoded_mem.0.0_ADA_DFF_Q_D_DFFCE_Q_D_ALU_SUM_CIN_ALU_COUT_SUM_DFFCE_D_Q_DFF_D_Q_DFF_Q_D_DFFCE_Q_D_LUT1_F_I0_DFFCE_Q_D_LUT2_F_I0[1]' is routed using segments.
Info:     'vit.branch_choice.0.0_DIA_3_DFF_Q_D_DFFCE_Q_D_DFFCE_Q_CE_LUT3_F_I2_LUT3_F_I0_LUT3_I0_F[1]' is routed using segments.

Info: Routing..
Info: Setting up routing queue.
Info: Routing 27876 arcs.
Info:            |   (re-)routed arcs  |   delta    | remaining|       time spent     |
Info:    IterCnt |  w/ripup   wo/ripup |  w/r  wo/r |      arcs| batch(sec) total(sec)|
Info:       1000 |       13        986 |   13   986 |     26889|       0.63       0.63|
Info:       2000 |       27       1920 |   14   934 |     25903|       0.37       1.01|
Info:       3000 |       42       2757 |   15   837 |     24920|       0.24       1.25|
Info:       4000 |       49       3621 |    7   864 |     23931|       0.18       1.44|
Info:       5000 |       52       4561 |    3   940 |     22934|       0.25       1.68|
Info:       6000 |       55       5488 |    3   927 |     21937|       0.38       2.06|
Info:       7000 |       55       6406 |    0   918 |     20937|       0.39       2.45|
Info:       8000 |       56       7340 |    1   934 |     19938|       0.41       2.86|
Info:       9000 |       62       8278 |    6   938 |     18944|       0.50       3.36|
Info:      10000 |       69       9208 |    7   930 |     17952|       0.47       3.83|
Info:      11000 |       73      10137 |    4   929 |     16957|       0.55       4.38|
Info:      12000 |       81      11051 |    8   914 |     15968|       0.56       4.94|
Info:      13000 |       88      11974 |    7   923 |     14977|       0.62       5.56|
Info:      14000 |       94      12900 |    6   926 |     13983|       0.63       6.19|
Info:      15000 |      106      13840 |   12   940 |     12995|       0.70       6.89|
Info:      16000 |      122      14759 |   16   919 |     12015|       0.71       7.59|
Info:      17000 |      142      15675 |   20   916 |     11038|       0.73       8.32|
Info:      18000 |      164      16582 |   22   907 |     10074|       0.97       9.29|
Info:      19000 |      196      17469 |   32   887 |      9115|       0.63       9.92|
Info:      20000 |      247      18354 |   51   885 |      8181|       0.79      10.71|
Info:      21000 |      300      19230 |   53   876 |      7248|       0.72      11.43|
Info:      22000 |      380      20087 |   80   857 |      6349|       0.81      12.24|
Info:      23000 |      470      20940 |   90   853 |      5490|       0.92      13.15|
Info:      24000 |      584      21779 |  114   839 |      4641|       0.94      14.10|
Info:      25000 |      688      22634 |  104   855 |      3795|       1.03      15.12|
Info:      26000 |      812      23451 |  124   817 |      2957|       1.04      16.16|
Info:      27000 |      966      24254 |  154   803 |      2175|       1.18      17.34|
Info:      28000 |     1156      25033 |  190   779 |      1500|       1.36      18.70|
Info:      29000 |     1406      25746 |  250   713 |       884|       1.86      20.56|
Info:      30000 |     1641      26460 |  235   714 |       238|       1.61      22.18|
Info:      30442 |     1775      26748 |  134   288 |         0|       0.79      22.97|
Info: Routing complete.
Info: Router1 time 22.97s
Info: Checksum: 0x2a8c1c81

Info: Critical path report for clock 'bridge.p3.spi_clk' (posedge -> posedge):
Info:       type curr  total name
Info:   clk-to-q  0.46  0.46 Source bridge.p3.cs_n_LUT2_I0_I1_DFFC_Q.Q
Info:    routing  4.20  4.66 Net bridge.p3.cs_n_LUT2_I0_I1 (38,13) -> (23,12)
Info:                          Sink bridge.p3.fifo.mem.0.0_DI_32_LUT2_F_I0_LUT4_I3_I1_LUT4_I3_F_LUT4_I3.I0
Info:                          Defined in:
Info:                               /workspace/scratch/5bc736d51023/tooling/oss-cad-suite/lib/../share/yosys/gowin/cells_map.v:130.20-130.21
Info:      logic  1.03  5.69 Source bridge.p3.fifo.mem.0.0_DI_32_LUT2_F_I0_LUT4_I3_I1_LUT4_I3_F_LUT4_I3.F
Info:    routing  1.60  7.29 Net bridge.p3.fifo.mem.0.0_DI_32_LUT2_F_I0_LUT4_I3_I1_LUT4_I3_F_LUT4_I3_F (23,12) -> (29,13)
Info:                          Sink bridge.p3.fifo.mem.0.0_DI_32_LUT2_F_I0_LUT4_I3_I1_ALU_I1_COUT_ALU_CIN_COUT_ALU_CIN_SUM_DFFCE_D_Q_DFFCE_Q.CE
Info:      setup  0.04  7.33 Source bridge.p3.fifo.mem.0.0_DI_32_LUT2_F_I0_LUT4_I3_I1_ALU_I1_COUT_ALU_CIN_COUT_ALU_CIN_SUM_DFFCE_D_Q_DFFCE_Q.CE
Info: 1.53 ns logic, 5.80 ns routing

Info: Critical path report for clock 'bridge.p2.spi_clk' (posedge -> posedge):
Info:       type curr  total name
Info:   clk-to-q  0.46  0.46 Source bridge.p2.fifo.mem.0.0_DI_32_LUT2_F_I0_LUT4_I3_I1_ALU_I1_COUT_ALU_CIN_COUT_ALU_CIN_SUM_DFFCE_D.Q
Info:    routing  0.41  0.87 Net bridge.p2.fifo.mem.0.0_DI_32_LUT2_F_I0_LUT4_F_I2[1] (16,16) -> (16,16)
Info:                          Sink bridge.p2.fifo.mem.0.0_DI_32_LUT2_F_I0_LUT4_F.I1
Info:                          Defined in:
Info:                               /workspace/scratch/5bc736d51023/tooling/oss-cad-suite/lib/../share/yosys/gowin/cells_map.v:130.20-130.21
Info:      logic  1.10  1.97 Source bridge.p2.fifo.mem.0.0_DI_32_LUT2_F_I0_LUT4_F.F
Info:    routing  0.41  2.38 Net bridge.p2.fifo.mem.0.0_DI_32_LUT2_F_I0[0] (16,16) -> (16,17)
Info:                          Sink bridge.p2.fifo.mem.0.0_DI_32_LUT2_F_I0_LUT4_I3.I3
Info:                          Defined in:
Info:                               /workspace/scratch/5bc736d51023/tooling/oss-cad-suite/lib/../share/yosys/gowin/cells_map.v:130.20-130.21
Info:      logic  0.62  3.01 Source bridge.p2.fifo.mem.0.0_DI_32_LUT2_F_I0_LUT4_I3.F
Info:    routing  3.05  6.05 Net bridge.p2.fifo.mem.0.0_DI_32_LUT2_F_I0_LUT4_I3_F[2] (16,17) -> (28,23)
Info:                          Sink bridge.p2.cs_n_LUT4_I0.I2
Info:                          Defined in:
Info:                               /workspace/scratch/5bc736d51023/tooling/oss-cad-suite/lib/../share/yosys/gowin/cells_map.v:130.20-130.21
Info:      logic  0.82  6.88 Source bridge.p2.cs_n_LUT4_I0.F
Info:    routing  0.89  7.77 Net bridge.p2.cs_n_LUT4_I0_F[1] (28,23) -> (29,24)
Info:                          Sink bridge.p2.fifo.mem.0.0_ADA_2_ALU_I1_SUM_LUT2_I0_F_DFFCE_D_Q_DFFCE_Q.CE
Info:                          Defined in:
Info:                               /workspace/scratch/5bc736d51023/tooling/oss-cad-suite/lib/../share/yosys/gowin/cells_map.v:130.20-130.21
Info:      setup  0.04  7.81 Source bridge.p2.fifo.mem.0.0_ADA_2_ALU_I1_SUM_LUT2_I0_F_DFFCE_D_Q_DFFCE_Q.CE
Info: 3.05 ns logic, 4.76 ns routing

Info: Critical path report for clock 'bridge.clk' (posedge -> posedge):
Info:       type curr  total name
Info:   clk-to-q  0.46  0.46 Source bridge.queue.writes.0.0_DO_5_LUT4_I2_F_LUT2_F_I0_DFFCE_Q_D_LUT4_F_I3_LUT3_F_I2_LUT4_F_I0_LUT3_I2_F_DFFCE_Q_D_LUT3_F_I1_DFFCE_Q_1_D_LUT3_F_I0_ALU_SUM_CIN_ALU_COUT_CIN_ALU_COUT_CIN_ALU_COUT_SUM_LUT3_I0_F_DFFCE_D_Q_LUT3_I1_F_DFFCE_D_Q_LUT3_F_1_I1_DFFCE_Q_1_CE_DFFCE_CE_Q_DFFCE_Q.Q
Info:    routing  4.11  4.56 Net chien.term[1]_DFFE_Q_D_LUT3_F_I1_LUT4_I1_F_LUT4_F_I3_DFFCE_Q_D_LUT2_F_I1_ALU_SUM_CIN_ALU_COUT_SUM_LUT4_F_1_I0_LUT3_I1_F_LUT4_I3_I0_LUT2_I0_F_LUT4_I2_F_DFFCE_D_Q[2] (40,17) -> (19,21)
Info:                          Sink bridge.queue.writes.0.0_DO_10_LUT4_I2_F_LUT2_F_I0_DFFCE_Q_D_LUT4_F_I3_LUT3_F_I2_LUT4_F_I3_LUT4_F_I1_LUT3_I0_F_ALU_SUM_CIN_ALU_COUT.I1
Info:                          Defined in:
Info:                               /workspace/scratch/5bc736d51023/tooling/oss-cad-suite/lib/../share/yosys/gowin/cells_map.v:130.20-130.21
Info:      logic  1.04  5.61 Source bridge.queue.writes.0.0_DO_10_LUT4_I2_F_LUT2_F_I0_DFFCE_Q_D_LUT4_F_I3_LUT3_F_I2_LUT4_F_I3_LUT4_F_I1_LUT3_I0_F_ALU_SUM_CIN_ALU_COUT.COUT
Info:    routing  0.00  5.61 Net bridge.queue.writes.0.0_DO_10_LUT4_I2_F_LUT2_F_I0_DFFCE_Q_D_LUT4_F_I3_LUT3_F_I2_LUT4_F_I3_LUT4_F_I1_LUT3_I0_F_ALU_SUM_CIN (19,21) -> (19,21)
Info:                          Sink bridge.queue.writes.0.0_DO_10_LUT4_I2_F_LUT2_F_I0_DFFCE_Q_D_LUT4_F_I3_LUT3_F_I2_LUT4_F_I3_LUT4_F_I1_LUT3_I0_F_ALU_SUM.CIN
Info:                          Defined in:
Info:                               build/s3-memory-fec-compact-b1-q15-folded-shift23-rs-offload-correct-syready-rr-90MHz-pnr/queue.sv:105.37-105.53
Info:                               /workspace/scratch/5bc736d51023/tooling/oss-cad-suite/lib/../share/yosys/gowin/arith_map.v:57.7-63.5
Info:                               /workspace/scratch/5bc736d51023/tooling/oss-cad-suite/lib/../share/yosys/gowin/cells_sim.v:1033.25-1033.29
Info:      logic  0.56  6.17 Source bridge.queue.writes.0.0_DO_10_LUT4_I2_F_LUT2_F_I0_DFFCE_Q_D_LUT4_F_I3_LUT3_F_I2_LUT4_F_I3_LUT4_F_I1_LUT3_I0_F_ALU_SUM.SUM
Info:    routing  0.81  6.98 Net bridge.queue.reads.0.0_DO_8_LUT4_I2_F_DFFCE_D_Q_DFFCE_Q_D_LUT4_F_I3_LUT4_I0_I3_LUT3_I0_F_LUT4_F_I0_DFFCE_D_Q_LUT3_F_I2_LUT4_F_I3_LUT4_F_I0_LUT3_I1_F[2] (19,21) -> (19,23)
Info:                          Sink bridge.queue.writes.0.0_DO_5_LUT4_I2_F_LUT2_F_I0_DFFCE_Q_D_LUT4_F_I3_LUT3_F_I2_LUT4_F_I0_LUT3_I2_F_DFFCE_Q_D_LUT3_F_I1_DFFCE_Q_D_LUT2_F_I0_ALU_SUM_COUT_ALU_CIN_SUM_LUT2_I0_F_DFFCE_D_Q_LUT3_I1_F_DFFCE_D_Q_LUT4_F.I3
Info:                          Defined in:
Info:                               /workspace/scratch/5bc736d51023/tooling/oss-cad-suite/lib/../share/yosys/gowin/cells_map.v:130.20-130.21
Info:      logic  0.62  7.60 Source bridge.queue.writes.0.0_DO_5_LUT4_I2_F_LUT2_F_I0_DFFCE_Q_D_LUT4_F_I3_LUT3_F_I2_LUT4_F_I0_LUT3_I2_F_DFFCE_Q_D_LUT3_F_I1_DFFCE_Q_D_LUT2_F_I0_ALU_SUM_COUT_ALU_CIN_SUM_LUT2_I0_F_DFFCE_D_Q_LUT3_I1_F_DFFCE_D_Q_LUT4_F.F
Info:    routing  0.41  8.01 Net bridge.queue.writes.0.0_DO_5_LUT4_I2_F_LUT2_F_I0_DFFCE_Q_D_LUT4_F_I3_LUT3_F_I2_LUT4_F_I0_LUT3_I2_F_DFFCE_Q_D_LUT3_F_I1_DFFCE_Q_D_LUT2_F_I0_ALU_SUM_COUT_ALU_CIN_SUM_LUT2_I0_F_DFFCE_D_Q_LUT3_I1_F_DFFCE_D_Q[3] (19,23) -> (19,23)
Info:                          Sink bridge.p2.cs_n_LUT4_I0_1_F_DFFCE_CE_Q_DFFC_D_Q_DFFC_D_Q_DFFCE_Q_CE_LUT4_F_I2_LUT2_F_I0_LUT2_I0_F_DFFCE_CE_Q_LUT3_I2_F_DFFC_D_Q_LUT4_I1_F_LUT2_F_I1_LUT3_F_I2_LUT4_F_I3_LUT3_F_I2_LUT4_F_1_I3_LUT4_I1_F_LUT4_I3_F_DFFCE_D_Q_LUT3_I1_F_DFFCE_D_Q_LUT4_F.I3
Info:                          Defined in:
Info:                               /workspace/scratch/5bc736d51023/tooling/oss-cad-suite/lib/../share/yosys/gowin/cells_map.v:130.20-130.21
Info:      logic  0.62  8.64 Source bridge.p2.cs_n_LUT4_I0_1_F_DFFCE_CE_Q_DFFC_D_Q_DFFC_D_Q_DFFCE_Q_CE_LUT4_F_I2_LUT2_F_I0_LUT2_I0_F_DFFCE_CE_Q_LUT3_I2_F_DFFC_D_Q_LUT4_I1_F_LUT2_F_I1_LUT3_F_I2_LUT4_F_I3_LUT3_F_I2_LUT4_F_1_I3_LUT4_I1_F_LUT4_I3_F_DFFCE_D_Q_LUT3_I1_F_DFFCE_D_Q_LUT4_F.F
Info:    routing  0.33  8.96 Net bridge.p2.cs_n_LUT4_I0_1_F_DFFCE_CE_Q_DFFC_D_Q_DFFC_D_Q_DFFCE_Q_CE_LUT4_F_I2_LUT2_F_I0_LUT2_I0_F_DFFCE_CE_Q_LUT3_I2_F_DFFC_D_Q_LUT4_I1_F_LUT2_F_I1_LUT3_F_I2_LUT4_F_I3_LUT3_F_I2_LUT4_F_1_I3_LUT4_I1_F_LUT4_I3_F_DFFCE_D_Q_LUT3_I1_F_DFFCE_D_Q[2] (19,23) -> (19,23)
Info:                          Sink bridge.queue.writes.0.0_DO_5_LUT4_I2_F_LUT2_F_I0_DFFCE_Q_D_LUT4_F_I3_LUT3_F_I2_LUT4_F_I0_LUT3_I2_F_LUT4_F.I2
Info:                          Defined in:
Info:                               /workspace/scratch/5bc736d51023/tooling/oss-cad-suite/lib/../share/yosys/gowin/cells_map.v:130.20-130.21
Info:      logic  0.82  9.79 Source bridge.queue.writes.0.0_DO_5_LUT4_I2_F_LUT2_F_I0_DFFCE_Q_D_LUT4_F_I3_LUT3_F_I2_LUT4_F_I0_LUT3_I2_F_LUT4_F.F
Info:    routing  0.41  10.20 Net bridge.queue.writes.0.0_DO_5_LUT4_I2_F_LUT2_F_I0_DFFCE_Q_D_LUT4_F_I3_LUT3_F_I2_LUT4_F_I0_LUT3_I2_F[3] (19,23) -> (19,23)
Info:                          Sink O_psram_reset_n_OBUF_O_I_LUT4_F_I2_DFFC_Q_D_LUT4_F_I0_LUT3_I1_I2_LUT2_I1_F_LUT2_F_I0_LUT4_I2_F_LUT3_I2_F_LUT4_F.I3
Info:                          Defined in:
Info:                               /workspace/scratch/5bc736d51023/tooling/oss-cad-suite/lib/../share/yosys/gowin/cells_map.v:130.20-130.21
Info:      logic  0.62  10.82 Source O_psram_reset_n_OBUF_O_I_LUT4_F_I2_DFFC_Q_D_LUT4_F_I0_LUT3_I1_I2_LUT2_I1_F_LUT2_F_I0_LUT4_I2_F_LUT3_I2_F_LUT4_F.F
Info:    routing  0.41  11.23 Net O_psram_reset_n_OBUF_O_I_LUT4_F_I2_DFFC_Q_D_LUT4_F_I0_LUT3_I1_I2_LUT2_I1_F_LUT2_F_I0_LUT4_I2_F_LUT3_I2_F[3] (19,23) -> (19,22)
Info:                          Sink chien.term[1]_DFFE_Q_D_LUT3_F_I1_LUT4_I1_F_LUT4_F_I3_DFFCE_Q_D_LUT2_F_I1_ALU_SUM_CIN_ALU_COUT_SUM_LUT4_F_1_I3_DFFCE_CE_Q_DFFC_Q_1_D_LUT4_F.I3
Info:                          Defined in:
Info:                               /workspace/scratch/5bc736d51023/tooling/oss-cad-suite/lib/../share/yosys/gowin/cells_map.v:130.20-130.21
Info:      logic  0.62  11.86 Source chien.term[1]_DFFE_Q_D_LUT3_F_I1_LUT4_I1_F_LUT4_F_I3_DFFCE_Q_D_LUT2_F_I1_ALU_SUM_CIN_ALU_COUT_SUM_LUT4_F_1_I3_DFFCE_CE_Q_DFFC_Q_1_D_LUT4_F.F
Info:    routing  0.00  11.86 Net chien.term[1]_DFFE_Q_D_LUT3_F_I1_LUT4_I1_F_LUT4_F_I3_DFFCE_Q_D_LUT2_F_I1_ALU_SUM_CIN_ALU_COUT_SUM_LUT4_F_1_I3_DFFCE_CE_Q_DFFC_Q_1_D (19,22) -> (19,22)
Info:                          Sink chien.term[1]_DFFE_Q_D_LUT3_F_I1_LUT4_I1_F_LUT4_F_I3_DFFCE_Q_D_LUT2_F_I1_ALU_SUM_CIN_ALU_COUT_SUM_LUT4_F_1_I3_DFFCE_CE_Q_DFFC_Q_1.D
Info:      setup  0.40  12.26 Source chien.term[1]_DFFE_Q_D_LUT3_F_I1_LUT4_I1_F_LUT4_F_I3_DFFCE_Q_D_LUT2_F_I1_ALU_SUM_CIN_ALU_COUT_SUM_LUT4_F_1_I3_DFFCE_CE_Q_DFFC_Q_1.D
Info: 5.79 ns logic, 6.47 ns routing

Info: Critical path report for cross-domain path 'posedge bridge.clk' -> 'posedge bridge.p3.spi_clk':
Info:       type curr  total name
Info:   clk-to-q  0.46  0.46 Source clocking.locked_LUT2_I1_F_DFFC_CLEAR.Q
Info:    routing  1.12  1.58 Net chien.term[1]_DFFE_Q_D_LUT3_F_I1_LUT4_I1_F_LUT4_F_I3_DFFCE_Q_D_LUT2_F_I1_ALU_SUM_CIN_ALU_COUT_I1_ALU_I0_SUM_ALU_SUM_CIN_ALU_COUT_SUM_LUT3_I2_F_LUT3_I2_F_LUT4_I3_F_DFFCE_D_CE[0] (40,22) -> (40,26)
Info:                          Sink bridge.p3.fifo.mem.0.0_ADA_6_LUT4_F.I0
Info:                          Defined in:
Info:                               /workspace/scratch/5bc736d51023/tooling/oss-cad-suite/lib/../share/yosys/gowin/cells_map.v:130.20-130.21
Info:      logic  1.03  2.61 Source bridge.p3.fifo.mem.0.0_ADA_6_LUT4_F.F
Info:    routing  0.81  3.42 Net bridge.p3.fifo.mem.0.0_ADA_6 (40,26) -> (40,27)
Info:                          Sink bridge.p3.fifo.mem.0.0.CEA
Info:      setup  0.17  3.59 Source bridge.p3.fifo.mem.0.0.CEA
Info: 1.66 ns logic, 1.93 ns routing

Info: Max frequency for clock 'bridge.p3.spi_clk': 136.35 MHz (PASS at 80.00 MHz)
Info: Max frequency for clock 'bridge.p2.spi_clk': 128.04 MHz (PASS at 80.00 MHz)
ERROR: Max frequency for clock        'bridge.clk': 81.57 MHz (FAIL at 90.00 MHz)

Info: Max delay posedge bridge.clk -> posedge bridge.p3.spi_clk: 3.59 ns

Info: Slack histogram:
Info:  legend: * represents 3 endpoint(s)
Info:          + represents [1,3) endpoint(s)
Info: [ -1148,   -538) |+
Info: [  -538,     72) |*+
Info: [    72,    682) |****+
Info: [   682,   1292) |*+
Info: [  1292,   1902) |+
Info: [  1902,   2512) |**+
Info: [  2512,   3122) |******+
Info: [  3122,   3732) |******************+
Info: [  3732,   4342) |**************************************************+
Info: [  4342,   4952) |**************************************************+
Info: [  4952,   5562) |**********************************+
Info: [  5562,   6172) |****************************+
Info: [  6172,   6782) |*******************************************************+
Info: [  6782,   7392) |************************************************************ 
Info: [  7392,   8002) |*****************************************+
Info: [  8002,   8612) |*******************************************+
Info: [  8612,   9222) |*******************************************+
Info: [  9222,   9832) |**********+
Info: [  9832,  10442) |*******+
Info: [ 10442,  11052) |****+

0 warnings, 1 error

Info: Program finished normally.
