Info: Using uarch 'gowin' for device 'GW1NR-LV9QN88PC6/I5'
Info: constraining clock net 'clocking.clk27' to 27.00 MHz
Info: constraining clock net 'clk' to 99.00 MHz
Info: constraining clock net 'clk_ck' to 99.00 MHz

Info: Reading constraints...
Info: Create constant nets...
Info: Modify LUTs...
Info: Pack IOBs...
Info: Pack I3C IOs...
Info: Pack MIPI IOs...
Info: Pack diff IOBs...
Info: Pack FFs into IO cells...
Info: Pack IODELAY...
Info: Pack Input Edge Monitors...
Info: Pack IO logic...
Info: Pack DESER16 logic...
Info: Pack GSR...
Info: Pack HCLK cells...
Info: Pack DLLDLYs...
Info: Pack wide LUTs...
Info: Packed MUX2_LUT8:0, MUX2_LU7:0, MUX2_LUT6:0, MUX2_LUT5:0
Info: Pack ALUs...
Info: Pack SSRAMs...
Info: Constrained 258 LUTFF pairs.
Info: Pack PLL...
Info: Pack ADC...
Info: Pack GW JTAG...
Info: Pack BSRAMs...
Info: Pack DSP...
Info: Pack INV...
Info: Pack buffered nets...
Info: Pack EMCU and UserFlash cells...
Info: Pack UserFlash cells...
Info: Pack DQCE cells...
Info: Pack DCS cells...
Info: Checksum: 0xc74eb0e7

Info: Device utilisation:
Info: 	                 VCC:       1/      1   100%
Info: 	                 IOB:      16/    276     5%
Info: 	                LUT4:    1292/   8640    14%
Info: 	              OSER16:       0/     80     0%
Info: 	              IDES16:       0/     80     0%
Info: 	            IOLOGICI:      18/    276     6%
Info: 	            IOLOGICO:      24/    276     8%
Info: 	           MUX2_LUT5:       0/   4320     0%
Info: 	           MUX2_LUT6:       0/   2160     0%
Info: 	           MUX2_LUT7:       0/   1080     0%
Info: 	           MUX2_LUT8:       0/   1080     0%
Info: 	                 ALU:     348/   6480     5%
Info: 	                 GND:       1/      1   100%
Info: 	                 DFF:     645/   6480     9%
Info: 	           RAM16SDP4:       0/    270     0%
Info: 	               BSRAM:       2/     26     7%
Info: 	              ALU54D:       0/     10     0%
Info: 	     MULTADDALU18X18:       0/     10     0%
Info: 	        MULTALU18X18:       0/     10     0%
Info: 	        MULTALU36X18:       0/     10     0%
Info: 	           MULT36X36:       0/      5     0%
Info: 	           MULT18X18:       0/     20     0%
Info: 	             MULT9X9:       0/     40     0%
Info: 	              PADD18:       0/     20     0%
Info: 	               PADD9:       0/     40     0%
Info: 	                 GSR:       1/      1   100%
Info: 	                 OSC:       0/      1     0%
Info: 	                rPLL:       1/      2    50%
Info: 	           FLASH608K:       0/      1     0%
Info: 	                BUFG:       0/     22     0%
Info: 	                DQCE:       0/     24     0%
Info: 	                 DCS:       0/      8     0%
Info: 	               DHCEN:       0/     24     0%
Info: 	              CLKDIV:       0/      8     0%
Info: 	             CLKDIV2:       0/     16     0%
Info: 	           MIPI_IBUF:       0/     22     0%
Info: 	           MIPI_OBUF:       0/     20     0%

Info: Running custom HCLK placer...
Info: Placed 0 cells based on constraints.
Info: Creating initial analytic placement for 1373 cells, random placement wirelen = 54155.
Info:     at initial placer iter 0, wirelen = 1261
Info:     at initial placer iter 1, wirelen = 1214
Info:     at initial placer iter 2, wirelen = 1188
Info:     at initial placer iter 3, wirelen = 1195
Info: Running main analytical placer, max placement attempts per cell = 700336.
Info:     at iteration #1, type ALL: wirelen solved = 1200, spread = 9259, legal = 15491; time = 0.09s
Info:     at iteration #2, type ALL: wirelen solved = 1628, spread = 8902, legal = 13095; time = 0.05s
Info:     at iteration #3, type ALL: wirelen solved = 2272, spread = 8143, legal = 11932; time = 0.07s
Info:     at iteration #4, type ALL: wirelen solved = 2993, spread = 7968, legal = 11078; time = 0.05s
Info:     at iteration #5, type ALL: wirelen solved = 3291, spread = 6603, legal = 9953; time = 0.04s
Info:     at iteration #6, type ALL: wirelen solved = 3475, spread = 6610, legal = 9781; time = 0.04s
Info:     at iteration #7, type ALL: wirelen solved = 3559, spread = 6619, legal = 9890; time = 0.05s
Info:     at iteration #8, type ALL: wirelen solved = 3713, spread = 6113, legal = 10012; time = 0.08s
Info:     at iteration #9, type ALL: wirelen solved = 3770, spread = 5935, legal = 10149; time = 0.07s
Info:     at iteration #10, type ALL: wirelen solved = 3858, spread = 6335, legal = 10437; time = 0.07s
Info:     at iteration #11, type ALL: wirelen solved = 3939, spread = 6751, legal = 8945; time = 0.05s
Info:     at iteration #12, type ALL: wirelen solved = 4102, spread = 6128, legal = 8936; time = 0.07s
Info:     at iteration #13, type ALL: wirelen solved = 4166, spread = 6165, legal = 10041; time = 0.08s
Info:     at iteration #14, type ALL: wirelen solved = 4169, spread = 6283, legal = 8959; time = 0.09s
Info:     at iteration #15, type ALL: wirelen solved = 4396, spread = 6506, legal = 9328; time = 0.07s
Info:     at iteration #16, type ALL: wirelen solved = 4432, spread = 6126, legal = 9228; time = 0.09s
Info:     at iteration #17, type ALL: wirelen solved = 4604, spread = 6352, legal = 9961; time = 0.06s
Info: HeAP Placer Time: 1.25s
Info:   of which solving equations: 0.27s
Info:   of which spreading cells: 0.04s
Info:   of which strict legalisation: 0.82s

Info: Running simulated annealing placer for refinement.
Info:   at iteration #1: temp = 0.000000, timing cost = 18, wirelen = 8936
Info:   at iteration #5: temp = 0.000000, timing cost = 5, wirelen = 7263
Info:   at iteration #10: temp = 0.000000, timing cost = 5, wirelen = 6687
Info:   at iteration #15: temp = 0.000000, timing cost = 6, wirelen = 6483
Info:   at iteration #20: temp = 0.000000, timing cost = 6, wirelen = 6315
Info:   at iteration #25: temp = 0.000000, timing cost = 6, wirelen = 6260
Info:   at iteration #30: temp = 0.000000, timing cost = 6, wirelen = 6215
Info:   at iteration #31: temp = 0.000000, timing cost = 6, wirelen = 6205 
Info: SA placement time 1.55s

Info: Max frequency for clock 'clk': 138.54 MHz (PASS at 99.00 MHz)

Info: Slack histogram:
Info:  legend: * represents 3 endpoint(s)
Info:          + represents [1,3) endpoint(s)
Info: [  2883,   3202) |+
Info: [  3202,   3521) |+
Info: [  3521,   3840) |+
Info: [  3840,   4159) |+
Info: [  4159,   4478) |*+
Info: [  4478,   4797) |**+
Info: [  4797,   5116) |****+
Info: [  5116,   5435) |**+
Info: [  5435,   5754) |*****+
Info: [  5754,   6073) |*******+
Info: [  6073,   6392) |******************+
Info: [  6392,   6711) |*********+
Info: [  6711,   7030) |*****************+
Info: [  7030,   7349) |****************+
Info: [  7349,   7668) |********+
Info: [  7668,   7987) |*******+
Info: [  7987,   8306) |***********************+
Info: [  8306,   8625) |***************************+
Info: [  8625,   8944) |*****************************+
Info: [  8944,   9263) |************************************************************ 
Info: Checksum: 0xe38ddde5
Info: Routing globals...
Info:     'clk_ck' net was routed using global resources only.
Info:     'clk' net was routed using global resources only.
Info:     'clocking.clk27' net was routed using global resources only.
Info:     'led_OBUF_O_2_I_LUT1_F_I0_LUT4_I1_I3_LUT4_I3_F_LUT2_F_I1_LUT2_I0_F_ALU_SUM_CIN_ALU_COUT_CIN_ALU_COUT_CIN_ALU_COUT_CIN_ALU_COUT_CIN_ALU_COUT_CIN_ALU_COUT_CIN_ALU_COUT_SUM_LUT4_F_I3_LUT4_F_I3_LUT3_I2_F_LUT3_I1_F_LUT3_F_I2_LUT4_I1_1_F_DFFCE_CE_D_LUT3_I1_F_DFFC_D_Q[1]' is routed using segments.
Info:     'led_OBUF_O_I_LUT1_F_I0_LUT3_I0_F_DFFC_Q_D_LUT4_F_I3_DFFCE_CE_D_LUT2_F_I0_ALU_SUM_CIN_ALU_COUT_SUM_DFFCE_D_Q_ALU_I0_COUT_ALU_CIN_COUT_ALU_CIN_SUM_LUT2_I1_F_LUT4_I0_F_LUT4_I3_F_DFFCE_D_Q[2]' is routed using segments.
Info:     'led_OBUF_O_I_LUT1_F_I0_LUT3_I0_F_DFFC_Q_D_LUT4_F_I3_DFFCE_CE_D_LUT2_F_I0_ALU_SUM_CIN_ALU_COUT_SUM_DFFCE_D_Q_ALU_I0_COUT_ALU_CIN_COUT_ALU_CIN_SUM_LUT2_I1_F_LUT4_I0_F_LUT4_I3_F_DFFCE_D_Q[1]' is routed using segments.
Info:     'led_OBUF_O_2_I_LUT1_F_I0_LUT4_I1_I3_LUT4_I3_F_LUT2_F_I1_LUT2_I0_F_ALU_SUM_CIN_ALU_COUT_CIN_ALU_COUT_CIN_ALU_COUT_CIN_ALU_COUT_CIN_ALU_COUT_CIN_ALU_COUT_CIN_ALU_COUT_SUM_LUT4_F_I3_LUT4_F_I3_LUT3_I2_F_LUT3_I1_F_LUT3_F_I2_LUT4_I1_1_F_DFFCE_CE_Q_LUT4_I1_F[1]' is routed using segments.
Info:     'led_OBUF_O_2_I_LUT1_F_I0_LUT4_I1_I3_LUT4_I3_F_LUT2_F_I1_LUT2_I0_F_ALU_SUM_CIN_ALU_COUT_CIN_ALU_COUT_CIN_ALU_COUT_CIN_ALU_COUT_CIN_ALU_COUT_CIN_ALU_COUT_CIN_ALU_COUT_SUM_LUT4_F_I3_LUT4_F_I3_LUT3_I2_F_LUT3_I1_F_LUT3_F_I2_LUT4_I1_1_F_DFFCE_CE_D_LUT3_I1_F_DFFC_D_Q_LUT3_I0_F_LUT4_F_I3_DFFCE_Q_1_D_LUT4_F_I1[2]' is routed using segments.
Info:     'led_OBUF_O_2_I_LUT1_F_I0_LUT4_I1_I3_LUT4_I3_F_LUT2_F_I1_LUT2_I0_I1_LUT4_F_I2_LUT4_I1_F_DFFCE_CE_D_LUT4_F_I0_LUT4_I0_F' is routed using segments.
Info:     'led_OBUF_O_2_I_LUT1_F_I0_LUT4_I1_I3_LUT4_I3_F_LUT2_F_I1_LUT2_I0_F_ALU_SUM_CIN_ALU_COUT_CIN_ALU_COUT_CIN_ALU_COUT_CIN_ALU_COUT_CIN_ALU_COUT_CIN_ALU_COUT_CIN_ALU_COUT_SUM_LUT4_F_I3_LUT4_F_I3_LUT3_I2_F_LUT3_I1_F_LUT3_F_I2_LUT4_I1_1_F_DFFCE_CE_D_LUT3_I1_F_DFFC_D_Q[2]' is routed using segments.
Info:     'queue.writes.0.0_DO[0]' is routed using segments.
Info:     'led_OBUF_O_3_I_LUT1_F_I0_LUT3_I2_F_LUT4_I3_F[1]' is routed using segments.
Info:     'queue.writes.0.0_DO_17_LUT4_I2_F_LUT4_F_I1_LUT4_I0_F' is routed using segments.
Info:     'controller.fifo1[3]_DFFE_Q_1_D_DFFCE_Q_D_LUT3_F_I1_LUT4_F_I2[0]' is routed using segments.
Info:     'controller.fifo0[2]_DFFE_Q_1_D_DFFCE_Q_D_LUT3_F_I1_LUT4_F_I2[0]' is routed using segments.

Info: Routing..
Info: Setting up routing queue.
Info: Routing 5492 arcs.
Info:            |   (re-)routed arcs  |   delta    | remaining|       time spent     |
Info:    IterCnt |  w/ripup   wo/ripup |  w/r  wo/r |      arcs| batch(sec) total(sec)|
Info:       1000 |       42        829 |   42   829 |      4540|       0.31       0.31|
Info:       2000 |       46       1797 |    4   968 |      3545|       0.24       0.55|
Info:       3000 |       51       2756 |    5   959 |      2551|       0.30       0.85|
Info:       4000 |       71       3706 |   20   950 |      1579|       0.38       1.23|
Info:       5000 |      106       4628 |   35   922 |       650|       0.41       1.64|
Info:       5727 |      161       5277 |   55   649 |         0|       0.42       2.06|
Info: Routing complete.
Info: Router1 time 2.06s
Info: Checksum: 0x0ad03b4c

Info: Critical path report for clock 'clk' (posedge -> posedge):
Info:       type curr  total name
Info:   clk-to-q  0.46  0.46 Source led_OBUF_O_I_LUT1_F_I0_LUT3_I0_F_DFFC_Q_D_LUT4_F_I3_DFFCE_CE_D_LUT2_F_I0_ALU_SUM_CIN_ALU_COUT_SUM_DFFCE_D.Q
Info:    routing  0.89  1.35 Net led_OBUF_O_I_LUT1_F_I0_LUT3_I0_F_DFFC_Q_D_LUT4_F_I3_DFFCE_CE_D_LUT2_F_I0_ALU_SUM_CIN_ALU_COUT_SUM_DFFCE_D_Q (10,3) -> (12,3)
Info:                          Sink led_OBUF_O_I_LUT1_F_I0_LUT3_I0_F_DFFC_Q_D_LUT4_F_I3_DFFCE_CE_D_LUT2_F_I0_ALU_SUM_CIN_ALU_COUT_SUM_DFFCE_D_Q_ALU_I0_COUT_ALU_CIN_COUT_ALU_CIN_SUM_LUT2_I1_F_LUT4_I0_1_F_LUT3_F_I0_LUT3_I2_F_LUT3_F_I0_ALU_SUM_CIN_ALU_COUT.I0
Info:                          Defined in:
Info:                               /workspace/scratch/5bc736d51023/tooling/oss-cad-suite/lib/../share/yosys/gowin/cells_map.v:130.20-130.21
Info:      logic  0.96  2.31 Source led_OBUF_O_I_LUT1_F_I0_LUT3_I0_F_DFFC_Q_D_LUT4_F_I3_DFFCE_CE_D_LUT2_F_I0_ALU_SUM_CIN_ALU_COUT_SUM_DFFCE_D_Q_ALU_I0_COUT_ALU_CIN_COUT_ALU_CIN_SUM_LUT2_I1_F_LUT4_I0_1_F_LUT3_F_I0_LUT3_I2_F_LUT3_F_I0_ALU_SUM_CIN_ALU_COUT.COUT
Info:    routing  0.00  2.31 Net led_OBUF_O_I_LUT1_F_I0_LUT3_I0_F_DFFC_Q_D_LUT4_F_I3_DFFCE_CE_D_LUT2_F_I0_ALU_SUM_CIN_ALU_COUT_SUM_DFFCE_D_Q_ALU_I0_COUT_ALU_CIN_COUT_ALU_CIN_SUM_LUT2_I1_F_LUT4_I0_1_F_LUT3_F_I0_LUT3_I2_F_LUT3_F_I0_ALU_SUM_CIN (12,3) -> (12,3)
Info:                          Sink led_OBUF_O_I_LUT1_F_I0_LUT3_I0_F_DFFC_Q_D_LUT4_F_I3_DFFCE_CE_D_LUT2_F_I0_ALU_SUM_CIN_ALU_COUT_SUM_DFFCE_D_Q_ALU_I0_COUT_ALU_CIN_COUT_ALU_CIN_SUM_LUT2_I1_F_LUT4_I0_1_F_LUT3_F_I0_LUT3_I2_F_LUT3_F_I0_ALU_SUM.CIN
Info:                          Defined in:
Info:                               rtl/s3_psram_queue.sv:51.54-51.65
Info:                               /workspace/scratch/5bc736d51023/tooling/oss-cad-suite/lib/../share/yosys/gowin/arith_map.v:57.7-63.5
Info:                               /workspace/scratch/5bc736d51023/tooling/oss-cad-suite/lib/../share/yosys/gowin/cells_sim.v:1033.25-1033.29
Info:      logic  0.06  2.36 Source led_OBUF_O_I_LUT1_F_I0_LUT3_I0_F_DFFC_Q_D_LUT4_F_I3_DFFCE_CE_D_LUT2_F_I0_ALU_SUM_CIN_ALU_COUT_SUM_DFFCE_D_Q_ALU_I0_COUT_ALU_CIN_COUT_ALU_CIN_SUM_LUT2_I1_F_LUT4_I0_1_F_LUT3_F_I0_LUT3_I2_F_LUT3_F_I0_ALU_SUM.COUT
Info:    routing  0.00  2.36 Net led_OBUF_O_I_LUT1_F_I0_LUT3_I0_F_DFFC_Q_D_LUT4_F_I3_DFFCE_CE_D_LUT2_F_I0_ALU_SUM_CIN_ALU_COUT_SUM_DFFCE_D_Q_ALU_I0_COUT_ALU_CIN_COUT_ALU_CIN_SUM_LUT2_I1_F_LUT4_I0_1_F_LUT3_F_I0_LUT3_I2_F_LUT3_F_I0_ALU_SUM_COUT (12,3) -> (12,3)
Info:                          Sink led_OBUF_O_I_LUT1_F_I0_LUT3_I0_F_DFFC_Q_D_LUT4_F_I3_DFFCE_CE_D_LUT2_F_I0_ALU_SUM_CIN_ALU_COUT_SUM_DFFCE_D_Q_ALU_I0_COUT_ALU_CIN_COUT_ALU_CIN_SUM_LUT2_I1_F_LUT4_I0_1_F_LUT3_F_I0_LUT3_I2_F_LUT3_F_I0_ALU_SUM_COUT_ALU_CIN.CIN
Info:                          Defined in:
Info:                               rtl/s3_psram_queue.sv:51.54-51.65
Info:                               /workspace/scratch/5bc736d51023/tooling/oss-cad-suite/lib/../share/yosys/gowin/arith_map.v:57.7-63.5
Info:                               /workspace/scratch/5bc736d51023/tooling/oss-cad-suite/lib/../share/yosys/gowin/cells_sim.v:1033.25-1033.29
Info:      logic  0.56  2.93 Source led_OBUF_O_I_LUT1_F_I0_LUT3_I0_F_DFFC_Q_D_LUT4_F_I3_DFFCE_CE_D_LUT2_F_I0_ALU_SUM_CIN_ALU_COUT_SUM_DFFCE_D_Q_ALU_I0_COUT_ALU_CIN_COUT_ALU_CIN_SUM_LUT2_I1_F_LUT4_I0_1_F_LUT3_F_I0_LUT3_I2_F_LUT3_F_I0_ALU_SUM_COUT_ALU_CIN.SUM
Info:    routing  0.33  3.25 Net led_OBUF_O_I_LUT1_F_I0_LUT3_I0_F_DFFC_Q_D_LUT4_F_I3_DFFCE_CE_D_LUT2_F_I0_ALU_SUM_CIN_ALU_COUT_SUM_DFFCE_D_Q_ALU_I0_COUT_ALU_CIN_COUT_ALU_CIN_SUM_LUT2_I1_F_LUT4_I0_1_F_LUT3_F_I0_LUT2_F_I1_LUT3_I1_I2_LUT3_I2_I1[1] (12,3) -> (12,3)
Info:                          Sink led_OBUF_O_I_LUT1_F_I0_LUT3_I0_F_DFFC_Q_D_LUT4_F_I3_DFFCE_CE_D_LUT2_F_I0_ALU_SUM_CIN_ALU_COUT_SUM_DFFCE_D_Q_ALU_I0_COUT_ALU_CIN_COUT_ALU_CIN_SUM_LUT2_I1_F_LUT4_I0_1_F_LUT3_F_I0_LUT2_F_I1_LUT3_I1_I2_LUT3_I2_I1_LUT4_F.I3
Info:                          Defined in:
Info:                               /workspace/scratch/5bc736d51023/tooling/oss-cad-suite/lib/../share/yosys/gowin/cells_map.v:130.20-130.21
Info:      logic  0.62  3.88 Source led_OBUF_O_I_LUT1_F_I0_LUT3_I0_F_DFFC_Q_D_LUT4_F_I3_DFFCE_CE_D_LUT2_F_I0_ALU_SUM_CIN_ALU_COUT_SUM_DFFCE_D_Q_ALU_I0_COUT_ALU_CIN_COUT_ALU_CIN_SUM_LUT2_I1_F_LUT4_I0_1_F_LUT3_F_I0_LUT2_F_I1_LUT3_I1_I2_LUT3_I2_I1_LUT4_F.F
Info:    routing  0.41  4.29 Net led_OBUF_O_I_LUT1_F_I0_LUT3_I0_F_DFFC_Q_D_LUT4_F_I3_DFFCE_CE_D_LUT2_F_I0_ALU_SUM_CIN_ALU_COUT_SUM_DFFCE_D_Q_ALU_I0_COUT_ALU_CIN_COUT_ALU_CIN_SUM_LUT2_I1_F_LUT4_I0_1_F_LUT3_F_I0_LUT2_F_I1_LUT3_I1_I2_LUT3_I2_I1[3] (12,3) -> (12,3)
Info:                          Sink led_OBUF_O_I_LUT1_F_I0_LUT3_I0_F_DFFC_Q_D_LUT4_F_I3_DFFCE_CE_D_LUT2_F_I0_ALU_SUM_CIN_ALU_COUT_SUM_DFFCE_D_Q_ALU_I0_COUT_ALU_CIN_COUT_ALU_CIN_SUM_LUT2_I1_F_LUT4_I0_1_F_LUT3_F_I0_LUT2_F_I1_LUT3_I1_I2_LUT3_I2_I1_LUT4_I3.I3
Info:                          Defined in:
Info:                               /workspace/scratch/5bc736d51023/tooling/oss-cad-suite/lib/../share/yosys/gowin/cells_map.v:130.20-130.21
Info:      logic  0.62  4.91 Source led_OBUF_O_I_LUT1_F_I0_LUT3_I0_F_DFFC_Q_D_LUT4_F_I3_DFFCE_CE_D_LUT2_F_I0_ALU_SUM_CIN_ALU_COUT_SUM_DFFCE_D_Q_ALU_I0_COUT_ALU_CIN_COUT_ALU_CIN_SUM_LUT2_I1_F_LUT4_I0_1_F_LUT3_F_I0_LUT2_F_I1_LUT3_I1_I2_LUT3_I2_I1_LUT4_I3.F
Info:    routing  0.41  5.33 Net led_OBUF_O_I_LUT1_F_I0_LUT3_I0_F_DFFC_Q_D_LUT4_F_I3_DFFCE_CE_D_LUT2_F_I0_ALU_SUM_CIN_ALU_COUT_SUM_DFFCE_D_Q_ALU_I0_COUT_ALU_CIN_COUT_ALU_CIN_SUM_LUT2_I1_F_LUT4_I0_1_F_LUT3_F_I0_LUT2_F_I1_LUT3_I1_I2_LUT3_I2_I1_LUT4_I3_F[2] (12,3) -> (13,3)
Info:                          Sink led_OBUF_O_I_LUT1_F_I0_LUT3_I0_F_DFFC_Q_D_LUT4_F_I3_DFFCE_CE_D_LUT2_F_I0_ALU_SUM_CIN_ALU_COUT_SUM_DFFCE_D_Q_ALU_I0_COUT_ALU_CIN_COUT_ALU_CIN_SUM_LUT2_I1_F_LUT4_I0_F_LUT4_F_I1_LUT4_F.I1
Info:                          Defined in:
Info:                               /workspace/scratch/5bc736d51023/tooling/oss-cad-suite/lib/../share/yosys/gowin/cells_map.v:130.20-130.21
Info:      logic  1.10  6.43 Source led_OBUF_O_I_LUT1_F_I0_LUT3_I0_F_DFFC_Q_D_LUT4_F_I3_DFFCE_CE_D_LUT2_F_I0_ALU_SUM_CIN_ALU_COUT_SUM_DFFCE_D_Q_ALU_I0_COUT_ALU_CIN_COUT_ALU_CIN_SUM_LUT2_I1_F_LUT4_I0_F_LUT4_F_I1_LUT4_F.F
Info:    routing  0.48  6.90 Net led_OBUF_O_I_LUT1_F_I0_LUT3_I0_F_DFFC_Q_D_LUT4_F_I3_DFFCE_CE_D_LUT2_F_I0_ALU_SUM_CIN_ALU_COUT_SUM_DFFCE_D_Q_ALU_I0_COUT_ALU_CIN_COUT_ALU_CIN_SUM_LUT2_I1_F_LUT4_I0_F_LUT4_F_I1[1] (13,3) -> (15,3)
Info:                          Sink led_OBUF_O_I_LUT1_F_I0_LUT3_I0_F_DFFC_Q_D_LUT4_F_I3_DFFCE_CE_D_LUT2_F_I0_ALU_SUM_CIN_ALU_COUT_SUM_DFFCE_D_Q_ALU_I0_COUT_ALU_CIN_COUT_ALU_CIN_SUM_LUT2_I1_F_LUT4_I0_F_LUT4_F.I1
Info:                          Defined in:
Info:                               /workspace/scratch/5bc736d51023/tooling/oss-cad-suite/lib/../share/yosys/gowin/cells_map.v:130.20-130.21
Info:      logic  1.10  8.00 Source led_OBUF_O_I_LUT1_F_I0_LUT3_I0_F_DFFC_Q_D_LUT4_F_I3_DFFCE_CE_D_LUT2_F_I0_ALU_SUM_CIN_ALU_COUT_SUM_DFFCE_D_Q_ALU_I0_COUT_ALU_CIN_COUT_ALU_CIN_SUM_LUT2_I1_F_LUT4_I0_F_LUT4_F.F
Info:    routing  0.33  8.33 Net led_OBUF_O_I_LUT1_F_I0_LUT3_I0_F_DFFC_Q_D_LUT4_F_I3_DFFCE_CE_D_LUT2_F_I0_ALU_SUM_CIN_ALU_COUT_SUM_DFFCE_D_Q_ALU_I0_COUT_ALU_CIN_COUT_ALU_CIN_SUM_LUT2_I1_F_LUT4_I0_F[2] (15,3) -> (15,3)
Info:                          Sink led_OBUF_O_I_LUT1_F_I0_LUT3_I0_F_DFFC_Q_D_LUT4_F_I3_DFFCE_CE_D_LUT2_F_I0_ALU_SUM_CIN_ALU_COUT_SUM_DFFCE_D_Q_ALU_I0_COUT_ALU_CIN_COUT_ALU_CIN_SUM_LUT2_I1_F_LUT4_I0_F_LUT4_I3.I2
Info:                          Defined in:
Info:                               /workspace/scratch/5bc736d51023/tooling/oss-cad-suite/lib/../share/yosys/gowin/cells_map.v:130.20-130.21
Info:      logic  0.82  9.15 Source led_OBUF_O_I_LUT1_F_I0_LUT3_I0_F_DFFC_Q_D_LUT4_F_I3_DFFCE_CE_D_LUT2_F_I0_ALU_SUM_CIN_ALU_COUT_SUM_DFFCE_D_Q_ALU_I0_COUT_ALU_CIN_COUT_ALU_CIN_SUM_LUT2_I1_F_LUT4_I0_F_LUT4_I3.F
Info:    routing  0.00  9.15 Net led_OBUF_O_I_LUT1_F_I0_LUT3_I0_F_DFFC_Q_D_LUT4_F_I3_DFFCE_CE_D_LUT2_F_I0_ALU_SUM_CIN_ALU_COUT_SUM_DFFCE_D_Q_ALU_I0_COUT_ALU_CIN_COUT_ALU_CIN_SUM_LUT2_I1_F_LUT4_I0_F_LUT4_I3_F (15,3) -> (15,3)
Info:                          Sink led_OBUF_O_I_LUT1_F_I0_LUT3_I0_F_DFFC_Q_D_LUT4_F_I3_DFFCE_CE_D_LUT2_F_I0_ALU_SUM_CIN_ALU_COUT_SUM_DFFCE_D_Q_ALU_I0_COUT_ALU_CIN_COUT_ALU_CIN_SUM_LUT2_I1_F_LUT4_I0_F_LUT4_I3_F_DFFCE_D.D
Info:      setup  0.40  9.55 Source led_OBUF_O_I_LUT1_F_I0_LUT3_I0_F_DFFC_Q_D_LUT4_F_I3_DFFCE_CE_D_LUT2_F_I0_ALU_SUM_CIN_ALU_COUT_SUM_DFFCE_D_Q_ALU_I0_COUT_ALU_CIN_COUT_ALU_CIN_SUM_LUT2_I1_F_LUT4_I0_F_LUT4_I3_F_DFFCE_D.D
Info: 6.70 ns logic, 2.85 ns routing

Info: Max frequency for clock 'clk': 104.72 MHz (PASS at 99.00 MHz)

Info: Slack histogram:
Info:  legend: * represents 1 endpoint(s)
Info:          + represents [1,1) endpoint(s)
Info: [   552,    960) |+
Info: [   960,   1368) |+
Info: [  1368,   1776) |**********+
Info: [  1776,   2184) |*****+
Info: [  2184,   2592) |*+
Info: [  2592,   3000) |**********+
Info: [  3000,   3408) |********+
Info: [  3408,   3816) |*********+
Info: [  3816,   4224) |*********************************+
Info: [  4224,   4632) |*******+
Info: [  4632,   5040) |**********+
Info: [  5040,   5448) |**********************************************+
Info: [  5448,   5856) |***********************************************************+
Info: [  5856,   6264) |************************************************************ 
Info: [  6264,   6672) |********************************+
Info: [  6672,   7080) |*********************************************+
Info: [  7080,   7488) |*****************************+
Info: [  7488,   7896) |****************************************+
Info: [  7896,   8304) |*********************************************+
Info: [  8304,   8712) |*******+

Info: Program finished normally.
