Info: Using uarch 'gowin' for device 'GW1NR-LV9QN88PC6/I5'
Info: constraining clock net 'clocking.clk27' to 27.00 MHz
Info: constraining clock net 'bridge.clk' to 90.00 MHz
Info: constraining clock net 'bridge.clk_ck' to 90.00 MHz
Info: constraining clock net 'bridge.p2.spi_clk' to 80.00 MHz
Info: constraining clock net 'bridge.p3.spi_clk' to 80.00 MHz

Info: Reading constraints...
Info: Create constant nets...
Info: Modify LUTs...
Info: Pack IOBs...
Info: Pack I3C IOs...
Info: Pack MIPI IOs...
Info: Pack diff IOBs...
Info: Pack FFs into IO cells...
Info: Pack IODELAY...
Info: Pack Input Edge Monitors...
Info: Pack IO logic...
Info: Pack DESER16 logic...
Info: Pack GSR...
Info: Pack HCLK cells...
Info: Pack DLLDLYs...
Info: Pack wide LUTs...
Info: Packed MUX2_LUT8:0, MUX2_LU7:0, MUX2_LUT6:0, MUX2_LUT5:0
Info: Pack ALUs...
Info: Pack SSRAMs...
Info: Constrained 1534 LUTFF pairs.
Info: Pack PLL...
Info: Pack ADC...
Info: Pack GW JTAG...
Info: Pack BSRAMs...
Info: Pack DSP...
Info: Pack INV...
Info: Pack buffered nets...
Info: Pack EMCU and UserFlash cells...
Info: Pack UserFlash cells...
Info: Pack DQCE cells...
Info: Pack DCS cells...
Info: Checksum: 0xb6274704

Info: Device utilisation:
Info: 	                 VCC:       1/      1   100%
Info: 	                 IOB:      27/    276     9%
Info: 	                LUT4:    6152/   8640    71%
Info: 	              OSER16:       0/     80     0%
Info: 	              IDES16:       0/     80     0%
Info: 	            IOLOGICI:      18/    276     6%
Info: 	            IOLOGICO:      24/    276     8%
Info: 	           MUX2_LUT5:       0/   4320     0%
Info: 	           MUX2_LUT6:       0/   2160     0%
Info: 	           MUX2_LUT7:       0/   1080     0%
Info: 	           MUX2_LUT8:       0/   1080     0%
Info: 	                 ALU:    2360/   6480    36%
Info: 	                 GND:       1/      1   100%
Info: 	                 DFF:    3438/   6480    53%
Info: 	           RAM16SDP4:       0/    270     0%
Info: 	               BSRAM:      10/     26    38%
Info: 	              ALU54D:       0/     10     0%
Info: 	     MULTADDALU18X18:       0/     10     0%
Info: 	        MULTALU18X18:       0/     10     0%
Info: 	        MULTALU36X18:       0/     10     0%
Info: 	           MULT36X36:       0/      5     0%
Info: 	           MULT18X18:       2/     20    10%
Info: 	             MULT9X9:       0/     40     0%
Info: 	              PADD18:       0/     20     0%
Info: 	               PADD9:       0/     40     0%
Info: 	                 GSR:       1/      1   100%
Info: 	                 OSC:       0/      1     0%
Info: 	                rPLL:       1/      2    50%
Info: 	           FLASH608K:       0/      1     0%
Info: 	                BUFG:       2/     22     9%
Info: 	                DQCE:       0/     24     0%
Info: 	                 DCS:       0/      8     0%
Info: 	               DHCEN:       0/     24     0%
Info: 	              CLKDIV:       0/      8     0%
Info: 	             CLKDIV2:       0/     16     0%
Info: 	           MIPI_IBUF:       0/     22     0%
Info: 	           MIPI_OBUF:       0/     20     0%

Info: Running custom HCLK placer...
Info: Placed 0 cells based on constraints.
Info: Creating initial analytic placement for 5895 cells, random placement wirelen = 250532.
Info:     at initial placer iter 0, wirelen = 3139
Info:     at initial placer iter 1, wirelen = 2932
Info:     at initial placer iter 2, wirelen = 3007
Info:     at initial placer iter 3, wirelen = 2990
Info: Running main analytical placer, max placement attempts per cell = 18189496.
Info:     at iteration #1, type ALL: wirelen solved = 3047, spread = 72614, legal = 199186; time = 6.86s
Info:     at iteration #2, type ALL: wirelen solved = 5829, spread = 58812, legal = 142942; time = 4.05s
Info:     at iteration #3, type ALL: wirelen solved = 8898, spread = 64883, legal = 141097; time = 3.03s
Info:     at iteration #4, type ALL: wirelen solved = 10823, spread = 58146, legal = 127293; time = 2.59s
Info:     at iteration #5, type ALL: wirelen solved = 12307, spread = 56352, legal = 117074; time = 1.91s
Info:     at iteration #6, type ALL: wirelen solved = 14264, spread = 48138, legal = 105101; time = 2.54s
Info:     at iteration #7, type ALL: wirelen solved = 15158, spread = 45858, legal = 101505; time = 2.23s
Info:     at iteration #8, type ALL: wirelen solved = 16505, spread = 48223, legal = 94367; time = 1.48s
Info:     at iteration #9, type ALL: wirelen solved = 17812, spread = 45003, legal = 87725; time = 2.46s
Info:     at iteration #10, type ALL: wirelen solved = 19134, spread = 42900, legal = 78430; time = 1.28s
Info:     at iteration #11, type ALL: wirelen solved = 19520, spread = 38408, legal = 76844; time = 1.40s
Info:     at iteration #12, type ALL: wirelen solved = 20350, spread = 50308, legal = 96531; time = 2.49s
Info:     at iteration #13, type ALL: wirelen solved = 22857, spread = 41912, legal = 95142; time = 1.54s
Info:     at iteration #14, type ALL: wirelen solved = 24996, spread = 45844, legal = 79315; time = 1.91s
Info:     at iteration #15, type ALL: wirelen solved = 24353, spread = 43117, legal = 74503; time = 1.01s
Info:     at iteration #16, type ALL: wirelen solved = 24748, spread = 44686, legal = 70641; time = 0.91s
Info:     at iteration #17, type ALL: wirelen solved = 25196, spread = 40241, legal = 68911; time = 0.90s
Info:     at iteration #18, type ALL: wirelen solved = 26491, spread = 45368, legal = 83141; time = 1.57s
Info:     at iteration #19, type ALL: wirelen solved = 29973, spread = 45465, legal = 79681; time = 2.93s
Info:     at iteration #20, type ALL: wirelen solved = 29659, spread = 55346, legal = 89524; time = 1.51s
Info:     at iteration #21, type ALL: wirelen solved = 34880, spread = 50226, legal = 76970; time = 1.53s
Info:     at iteration #22, type ALL: wirelen solved = 32684, spread = 50964, legal = 83755; time = 1.33s
Info: HeAP Placer Time: 48.59s
Info:   of which solving equations: 2.17s
Info:   of which spreading cells: 0.33s
Info:   of which strict legalisation: 45.25s

Info: Running simulated annealing placer for refinement.
Info:   at iteration #1: temp = 0.000000, timing cost = 93, wirelen = 68911
Info:   at iteration #5: temp = 0.000000, timing cost = 67, wirelen = 55747
Info:   at iteration #10: temp = 0.000000, timing cost = 64, wirelen = 52459
Info:   at iteration #15: temp = 0.000000, timing cost = 54, wirelen = 51367
Info:   at iteration #20: temp = 0.000000, timing cost = 50, wirelen = 50110
Info:   at iteration #25: temp = 0.000000, timing cost = 52, wirelen = 49820
Info:   at iteration #29: temp = 0.000000, timing cost = 49, wirelen = 49698 
Info: SA placement time 20.27s

Info: Max frequency for clock 'bridge.p3.spi_clk': 196.62 MHz (PASS at 80.00 MHz)
Info: Max frequency for clock 'bridge.p2.spi_clk': 215.10 MHz (PASS at 80.00 MHz)
Info: Max frequency for clock        'bridge.clk': 101.45 MHz (PASS at 90.00 MHz)

Info: Max delay posedge bridge.clk        -> posedge bridge.p2.spi_clk: 1.93 ns
Info: Max delay posedge bridge.clk        -> posedge bridge.p3.spi_clk: 0.86 ns
Info: Max delay posedge bridge.p2.spi_clk -> posedge bridge.clk       : 0.96 ns
Info: Max delay posedge bridge.p3.spi_clk -> posedge bridge.clk       : 1.16 ns

Info: Slack histogram:
Info:  legend: * represents 9 endpoint(s)
Info:          + represents [1,9) endpoint(s)
Info: [  1254,   1792) |+
Info: [  1792,   2330) | 
Info: [  2330,   2868) |+
Info: [  2868,   3406) |*******+
Info: [  3406,   3944) |***********+
Info: [  3944,   4482) |*****+
Info: [  4482,   5020) |*******+
Info: [  5020,   5558) |*****************+
Info: [  5558,   6096) |*********************+
Info: [  6096,   6634) |**************************+
Info: [  6634,   7172) |*******************+
Info: [  7172,   7710) |**********************+
Info: [  7710,   8248) |************************+
Info: [  8248,   8786) |*********************************+
Info: [  8786,   9324) |**********************************************+
Info: [  9324,   9862) |**********************************+
Info: [  9862,  10400) |************************************************************ 
Info: [ 10400,  10938) |*************+
Info: [ 10938,  11476) |****+
Info: [ 11476,  12014) |***+
Info: Checksum: 0x37e964fa
Info: Routing globals...
Info:     'bridge.p3.spi_clk' net was routed.
Info:     'bridge.p2.spi_clk' net was routed.
Info:     'clocking.clk27' net was routed using global resources only.
Info:     'bridge.clk_ck' net was routed using global resources only.
Info:     'bridge.clk' net was routed using global resources only.
Info:     'clocking.locked_LUT2_I1_F_DFFC_CLEAR_Q_DFFC_D_Q' is routed using segments.
Info:     'vit.branch_choice.0.0_DIA_2_DFF_Q_D_DFFCE_Q_D_DFFCE_Q_CE_LUT3_F_I2_LUT3_F_I0_LUT3_I0_1_F[2]' is routed using segments.
Info:     'vit.metrics[0]_DFFE_Q_8_D_LUT4_F_I2_ALU_SUM_I0_LUT3_F_I1_DFFCE_Q_1_D_LUT2_F_I0_ALU_SUM_CIN_ALU_COUT_CIN_ALU_COUT_SUM_LUT2_I0_F_DFFCE_D_Q_LUT3_I1_F' is routed using segments.
Info:     'vit.metrics[0]_DFFE_Q_8_D_LUT4_F_I2_ALU_SUM_1_I0_LUT3_F_I1_DFFCE_Q_1_D_LUT2_F_I0_ALU_SUM_CIN_ALU_COUT_SUM_LUT2_I0_F_DFFCE_D_1_Q_LUT3_I1_1_F' is routed using segments.
Info:     'vit.metrics[0]_DFFE_Q_8_D_LUT4_F_I2_ALU_SUM_1_I0_LUT3_F_I1_DFFCE_Q_1_D_LUT2_F_I0_ALU_SUM_COUT_ALU_CIN_SUM_LUT2_I0_F_DFFCE_D_1_Q_LUT3_I1_F' is routed using segments.
Info:     'vit.metrics[0]_DFFE_Q_8_D_LUT4_F_I2_ALU_SUM_1_I0_LUT3_F_I1_DFFCE_Q_1_D_LUT2_F_I0_ALU_SUM_COUT_ALU_CIN_COUT_ALU_CIN_COUT_ALU_CIN_SUM_LUT2_I0_F_DFFCE_D_1_Q_LUT3_I1_F' is routed using segments.
Info:     'syndrome.rom_odd.0.0_AD_8_DFFCE_D_Q_DFFCE_Q_D_LUT2_I1_F_DFFCE_CE_1_Q[1]' is routed using segments.
Info:     'bridge.p3.fifo.mem.0.0_DI_32_LUT2_F_I0_LUT4_I1_1_F_LUT4_I3_F_DFFCE_CE_Q_DFFC_D_Q_DFFC_D_Q_DFFCE_Q_CE_LUT4_F_I2_LUT2_I1_F_LUT2_I0_1_F_LUT2_F_I0_LUT3_I2_F_LUT4_I3_1_F' is routed using segments.
Info:     'vit.metrics[0]_DFFE_Q_8_D_LUT4_F_I2_ALU_SUM_I0_LUT3_F_I1_DFFCE_Q_1_D_DFFCE_D_Q_LUT3_I1_F' is routed using segments.
Info:     'vit.metrics[0]_DFFE_Q_8_D_LUT4_F_I2_ALU_SUM_I0_LUT3_F_I1_DFFCE_Q_1_D_LUT2_F_I0_ALU_SUM_CIN_ALU_COUT_CIN_ALU_COUT_CIN_ALU_COUT_SUM_LUT2_I0_F_DFFCE_D_Q_LUT3_I1_F' is routed using segments.
Info:     'vit.metrics[0]_DFFE_Q_8_D_LUT4_F_I2_ALU_SUM_I0_LUT3_F_I1_DFFCE_Q_1_D_LUT2_F_I0_ALU_SUM_CIN_ALU_COUT_SUM_LUT2_I0_F_DFFCE_D_Q_LUT3_I1_F' is routed using segments.
Info:     'metric.abs_q_DFFE_Q_11_D_LUT3_F_I2[1]' is routed using segments.
Info:     'chien.locator_DFFE_Q_CE_LUT3_F_I2_LUT3_I2_F' is routed using segments.
Info:     'bridge.p3.fifo.mem.0.0_DI_32_LUT2_F_I0_LUT4_I1_1_F_LUT4_I3_F_DFFCE_CE_Q_DFFC_D_Q_DFFC_D_Q_DFFCE_Q_CE_LUT4_F_I2_LUT2_I1_F_LUT2_I0_1_F_LUT2_F_I0_LUT3_I2_F_LUT3_F_I2_LUT4_F_I3_LUT3_I2_F_LUT3_F_I2_LUT2_I0_F_LUT2_I0_F' is routed using segments.
Info:     'O_psram_reset_n_OBUF_O_I_LUT4_F_I2_LUT3_I0_F_LUT3_I1_I0_LUT3_I0_F_LUT4_F_I1_LUT4_I2_I3_LUT4_I3_F_LUT4_I3_F_LUT4_F_I2_LUT3_I1_1_F_LUT3_I2_F_DFFCE_CE_Q_LUT4_I0_I3_LUT2_F_I0_LUT4_I1_I3_LUT2_F_1_I1_DFFCE_Q_1_CE_LUT2_F_I1[0]' is routed using segments.
Info:     'O_psram_reset_n_OBUF_O_I_LUT4_F_I2_LUT3_I0_F_LUT3_I1_I0_LUT2_I1_F_LUT4_I3_2_F' is routed using segments.
Info:     'metric.abs_q_DFFE_Q_11_D_LUT3_F_I2_ALU_SUM_CIN_ALU_COUT_SUM_DFFCE_D_Q_DFFC_Q_D_LUT3_F_I0_DFFC_Q_D_LUT3_F_I0_DFFC_Q_D_LUT3_F_I0_DFFC_Q_D_LUT3_F_I0_DFFC_Q_D_LUT3_F_I0_DFFC_Q_D_LUT3_F_I0_DFFC_Q_D_LUT3_F_I0_DFFC_Q_D_LUT4_F_I2[1]' is routed using segments.
Info:     'bridge.p3.fifo.mem.0.0_DI_32_LUT2_F_I0_LUT4_I1_1_F_LUT4_I3_F_DFFCE_CE_Q_DFFC_D_Q_DFFC_D_Q_DFFCE_Q_CE_LUT4_F_I2_LUT2_I1_F_LUT2_I0_F_DFFCE_CE_Q_LUT3_F_I2_LUT3_I2_F_LUT3_I2_F_DFFCE_D_Q_LUT3_I1_F_LUT3_I2_F' is routed using segments.
Info:     'bridge.p3.fifo.mem.0.0_DI_32_LUT2_F_I0_LUT4_I1_1_F_LUT4_I3_F_DFFCE_CE_Q_DFFC_D_Q_DFFC_D_Q_DFFCE_Q_CE_LUT4_F_I2_LUT2_I1_F_LUT2_I0_1_I1_LUT2_I0_F' is routed using segments.
Info:     'O_psram_reset_n_OBUF_O_I_LUT4_F_I2_LUT3_I0_F_LUT3_I1_I0_LUT3_I0_F_LUT4_F_I1_LUT4_I2_I3_LUT4_I3_F_LUT4_I3_F_LUT4_F_I2_LUT3_I1_1_F_LUT3_I2_F_DFFCE_CE_Q_LUT4_I2_F_DFFCE_CE_Q_DFFCE_Q_D_ALU_SUM_COUT_ALU_CIN_SUM_DFFCE_Q_D_LUT4_F_I3_LUT4_I3_F_DFFCE_D_Q[2]' is routed using segments.
Info:     'chien.locator_DFFE_Q_56_CE' is routed using segments.
Info:     'chien.locator_DFFE_Q_CE' is routed using segments.
Info:     'chien.locator_DFFE_Q_56_CE_LUT3_F_I2_LUT3_I2_F' is routed using segments.
Info:     'O_psram_reset_n_OBUF_O_I_LUT4_F_I2_LUT3_I0_F_LUT3_I1_I0_LUT3_I0_F_LUT4_I3_F_LUT4_I3_F_DFFC_D_Q[1]' is routed using segments.
Info:     'O_psram_reset_n_OBUF_O_I_LUT4_F_I2_LUT3_I0_F_LUT3_I1_I0_LUT3_I1_F[3]' is routed using segments.
Info:     'vit.branch_choice.0.0_DIA_2_DFF_Q_D_DFFCE_Q_D_DFFCE_Q_CE_LUT3_F_I2_LUT3_F_I0_LUT3_I0_F[1]' is routed using segments.
Info:     'vit.branch_choice.0.0_DIA_2_DFF_Q_D_DFFCE_Q_D_DFFCE_Q_CE[1]' is routed using segments.
Info:     'bridge.p3.fifo.mem.0.0_DI_15_LUT3_F_I1_DFFCE_D_CE' is routed using segments.
Info:     'bridge.p3.fifo.mem.0.0_DI_32_LUT2_F_I0_LUT4_I1_1_F_LUT4_I3_F_DFFCE_CE_Q_DFFC_D_Q_DFFC_D_Q_DFFCE_Q_CE_LUT4_F_I2_LUT2_I1_F_LUT2_I0_1_F_LUT2_F_I0_LUT3_I2_F_LUT3_F_I2_LUT4_F_I3_LUT3_I2_F_LUT3_F_I2_LUT2_I0_F_LUT2_I1_I0_LUT2_I0_F_DFFCE_CE_Q_LUT3_F_1_I2_LUT4_I0_F[0]' is routed using segments.
Info:     'bridge.p3.fifo.mem.0.0_DI_32_LUT2_F_I0_LUT4_I1_1_F_LUT4_I3_F_DFFCE_CE_Q_DFFC_D_Q_DFFC_D_Q_DFFCE_Q_CE_LUT4_F_1_I0_LUT4_F_I3[0]' is routed using segments.
Info:     'bridge.p3.fifo.mem.0.0_DI_10_LUT3_F_I0[2]' is routed using segments.
Info:     'bridge.p3.fifo.mem.0.0_DI_10_LUT3_F_I0[3]' is routed using segments.
Info:     'bridge.p3.fifo.mem.0.0_DI_32_LUT2_F_I0_LUT4_I1_1_F_LUT4_I3_F_DFFCE_CE_Q_DFFC_D_Q_DFFC_D_Q_DFFCE_Q_CE_LUT4_F_I2_LUT2_I1_F_LUT2_I0_1_F_LUT2_F_I0_LUT3_I2_F_LUT3_F_I2_LUT4_F_I3_LUT3_I2_F_LUT3_F_I2_LUT2_I0_F_LUT2_I1_I0_LUT2_I0_F_DFFCE_CE_Q_LUT3_F_1_I2_LUT4_I1_F_DFFCE_D_Q_DFFCE_Q_D_LUT3_I2_F' is routed using segments.
Info:     'bridge.p3.cs_n_LUT2_I0_F_LUT2_I1_F_LUT3_F_1_I2_ALU_I1_COUT_ALU_CIN_COUT_ALU_CIN_COUT_ALU_CIN_COUT_ALU_CIN_SUM_DFFCE_D_Q_DFFCE_Q_2_D_ALU_SUM_COUT_ALU_CIN_COUT_ALU_CIN_COUT_ALU_CIN_COUT_ALU_CIN_COUT_ALU_CIN_SUM_DFFCE_D_Q_ALU_I0_COUT_ALU_CIN_COUT' is routed using segments.
Info:     'bridge.p3.fifo.mem.0.0_DI_32_LUT2_F_I0_LUT4_I1_1_F_LUT4_I3_F_DFFCE_CE_Q_DFFC_D_Q_DFFC_D_Q_DFFCE_Q_CE_LUT4_F_I2_LUT2_I1_F_LUT2_I0_F_DFFCE_CE_Q_LUT3_F_I2_LUT3_I2_F_LUT4_I3_F[0]' is routed using segments.
Info:     'bridge.queue.writes.0.0_DO_10_LUT4_I2_F_LUT2_I0_F_DFFCE_Q_D_LUT4_F_I3_LUT3_F_I2_LUT4_F_I3_LUT4_F_I1_LUT3_I2_F_DFFCE_Q_1_D_LUT3_F_I1_DFFCE_Q_D_LUT4_F_I3_LUT4_F_1_I1_DFFCE_Q_1_D_LUT4_F_I1_LUT3_F_I2_ALU_SUM_CIN_ALU_COUT_CIN_ALU_COUT_SUM_ALU_SUM_COUT_ALU_CIN_COUT_ALU_CIN_COUT_ALU_CIN_COUT_ALU_CIN_SUM_DFFCE_D_Q_DFFCE_Q_D_ALU_SUM_COUT_ALU_CIN_COUT_ALU_CIN_SUM_DFFCE_D_Q[3]' is routed using segments.
Info:     'O_psram_reset_n_OBUF_O_I_LUT4_F_I2_LUT3_I0_F_LUT3_I1_I0_LUT3_I0_F_LUT4_F_I1_LUT4_I2_I3_LUT4_I3_F_LUT4_I3_F_LUT4_F_I2_LUT3_I1_1_F_LUT3_I2_F_DFFCE_CE_Q_LUT4_I2_F_DFFCE_CE_Q_DFFCE_Q_D_ALU_SUM_COUT_ALU_CIN_SUM_DFFCE_Q_D_LUT4_F_I3_LUT4_I3_F_DFFCE_D_Q[3]' is routed using segments.
Info:     'bridge.controller.head[1][1]' is routed using segments.
Info:     'bridge.controller.head[0][1]' is routed using segments.
Info:     'vit.decoded_mem.0.0_ADA_1_DFF_Q_D_DFFCE_Q_D_LUT1_F_I0_DFFCE_Q_D_LUT2_F_I0[1]' is routed using segments.
Info:     'metric.abs_q_DFFE_Q_11_D_LUT3_F_I2_ALU_SUM_CIN_ALU_COUT_SUM_DFFCE_D_Q_DFFC_Q_D_LUT3_F_I0_DFFC_Q_D_LUT3_F_I0_DFFC_Q_D_LUT3_F_I0_DFFC_Q_D_LUT3_F_I0_DFFC_Q_D_LUT3_F_I0_DFFC_Q_D_LUT3_F_I0_DFFC_Q_D_LUT3_F_I0_DFFC_Q_D_LUT4_F_I2[3]' is routed using segments.
Info:     'metric.abs_i_DFFE_Q_14_D[2]' is routed using segments.
Info:     'bridge.queue.writes.0.0_DO_10_LUT4_I2_F_LUT2_I0_F_DFFCE_Q_D_LUT4_F_I3_LUT3_F_I2_LUT4_F_I3_LUT4_F_I1_LUT3_I2_F_DFFCE_Q_1_D_LUT3_F_I1_DFFCE_Q_D_LUT4_F_I3_LUT4_F_1_I1_DFFCE_Q_1_D_LUT4_F_I1[2]' is routed using segments.
Info:     'O_psram_reset_n_OBUF_O_I_LUT4_F_I2_LUT3_I0_F_LUT3_I1_I0_LUT3_I0_F_LUT4_F_I1_LUT4_I2_I3_LUT4_I3_F_LUT4_I3_F_LUT4_F_I2_LUT3_I1_1_F_LUT3_I2_F_DFFCE_CE_Q[3]' is routed using segments.
Info:     'bridge.queue.writes.0.0_DO_10_LUT4_I2_F_LUT2_I0_F_DFFCE_Q_D_LUT4_F_I3_LUT3_F_I2_LUT4_F_I3_LUT4_F_I1_LUT3_I2_F_DFFCE_Q_1_D_LUT3_F_I1_DFFCE_Q_D_LUT4_F_I3_LUT4_F_1_I1_DFFCE_Q_1_D_LUT4_F_I1_LUT3_F_I2[0]' is routed using segments.
Info:     'syndrome.rom_odd.0.0_CE_DFFC_D_Q_DFFC_Q_D_LUT3_F_I1[2]' is routed using segments.
Info:     'chien.locator_DFFE_Q_CE_LUT3_F_I2_LUT3_I2_1_F' is routed using segments.
Info:     'chien.locator_DFFE_Q_56_CE_LUT3_F_I2_LUT3_I2_1_F' is routed using segments.
Info:     'chien.locator_DFFE_Q_CE_LUT3_F_I2_LUT3_I2_2_F' is routed using segments.
Info:     'O_psram_reset_n_OBUF_O_I_LUT4_F_I2_LUT3_I0_F_LUT3_I1_I0_LUT3_I0_F_LUT4_F_I1_LUT4_I2_I3_LUT4_I3_F_LUT4_I3_F_LUT4_F_I2_LUT3_I1_1_F_LUT3_I2_F_DFFCE_CE_Q_LUT4_I0_I3_LUT2_F_I0_LUT4_I1_I3_LUT2_F_1_I1_DFFCE_Q_1_CE_LUT2_F_I1_LUT2_I1_F_DFFCE_CE_Q_DFFCE_Q_1_D_LUT2_F_I0[1]' is routed using segments.
Info:     'vit.metrics[0]_DFFE_Q_8_D_LUT4_F_I2_ALU_SUM_I0_LUT3_F_I1_DFFCE_Q_1_D_LUT2_F_I0_ALU_SUM_COUT_ALU_CIN_COUT_ALU_CIN_COUT_ALU_CIN_COUT_ALU_CIN_COUT_ALU_CIN_SUM_LUT2_I1_F_DFFCE_D_Q_LUT3_I1_F' is routed using segments.
Info:     'vit.metrics[0]_DFFE_Q_8_D_LUT4_F_I2_ALU_SUM_I0_LUT3_F_I1_DFFCE_Q_1_D_LUT2_F_I0_ALU_SUM_COUT_ALU_CIN_COUT_ALU_CIN_COUT_ALU_CIN_COUT_ALU_CIN_SUM_LUT2_I0_F_DFFCE_D_1_Q_LUT3_I1_F' is routed using segments.
Info:     'vit.metrics[0]_DFFE_Q_8_D_LUT4_F_I2_ALU_SUM_I0_LUT3_F_I1_DFFCE_Q_1_D_LUT2_F_I0_ALU_SUM_COUT_ALU_CIN_COUT_ALU_CIN_COUT_ALU_CIN_SUM_LUT2_I0_F_DFFCE_D_1_Q_LUT3_I1_F' is routed using segments.
Info:     'vit.metrics[0]_DFFE_Q_8_D_LUT4_F_I2_ALU_SUM_I0_LUT3_F_I1_DFFCE_Q_1_D_LUT2_F_I0_ALU_SUM_COUT_ALU_CIN_COUT_ALU_CIN_SUM_LUT2_I0_F_DFFCE_D_1_Q_LUT3_I1_F' is routed using segments.
Info:     'syndrome.rom_even.0.0_AD_2_LUT4_F_I3[1]' is routed using segments.

Info: Routing..
Info: Setting up routing queue.
Info: Routing 28421 arcs.
Info:            |   (re-)routed arcs  |   delta    | remaining|       time spent     |
Info:    IterCnt |  w/ripup   wo/ripup |  w/r  wo/r |      arcs| batch(sec) total(sec)|
Info:       1000 |       62        937 |   62   937 |     27490|       0.70       0.70|
Info:       2000 |      107       1814 |   45   877 |     26539|       0.38       1.08|
Info:       3000 |      146       2668 |   39   854 |     25581|       0.26       1.34|
Info:       4000 |      148       3544 |    2   876 |     24583|       0.18       1.52|
Info:       5000 |      154       4491 |    6   947 |     23589|       0.22       1.74|
Info:       6000 |      154       5412 |    0   921 |     22589|       0.33       2.07|
Info:       7000 |      157       6332 |    3   920 |     21597|       0.34       2.41|
Info:       8000 |      158       7275 |    1   943 |     20598|       0.34       2.75|
Info:       9000 |      158       8213 |    0   938 |     19598|       0.36       3.11|
Info:      10000 |      159       9134 |    1   921 |     18599|       0.36       3.47|
Info:      11000 |      164      10062 |    5   928 |     17606|       0.39       3.86|
Info:      12000 |      172      10985 |    8   923 |     16614|       0.43       4.29|
Info:      13000 |      178      11903 |    6   918 |     15621|       0.40       4.69|
Info:      14000 |      184      12814 |    6   911 |     14628|       0.43       5.12|
Info:      15000 |      198      13730 |   14   916 |     13652|       0.47       5.59|
Info:      16000 |      218      14645 |   20   915 |     12682|       0.51       6.10|
Info:      17000 |      238      15550 |   20   905 |     11707|       0.51       6.60|
Info:      18000 |      263      16445 |   25   895 |     10739|       0.54       7.14|
Info:      19000 |      305      17359 |   42   914 |      9786|       0.58       7.72|
Info:      20000 |      350      18240 |   45   881 |      8842|       0.67       8.39|
Info:      21000 |      401      19121 |   51   881 |      7906|       0.65       9.04|
Info:      22000 |      483      19977 |   82   856 |      7008|       0.91       9.96|
Info:      23000 |      562      20832 |   79   855 |      6128|       0.85      10.81|
Info:      24000 |      628      21685 |   66   853 |      5228|       0.89      11.69|
Info:      25000 |      729      22513 |  101   828 |      4358|       0.85      12.54|
Info:      26000 |      858      23323 |  129   810 |      3561|       0.95      13.49|
Info:      27000 |      989      24150 |  131   827 |      2776|       1.03      14.52|
Info:      28000 |     1153      24930 |  164   780 |      1980|       1.14      15.66|
Info:      29000 |     1358      25678 |  205   748 |      1274|       1.29      16.95|
Info:      30000 |     1584      26415 |  226   737 |       583|       1.44      18.38|
Info:      31000 |     1829      27145 |  245   730 |       204|       1.86      20.24|
Info:      31282 |     1898      27349 |   69   204 |         0|       0.48      20.73|
Info: Routing complete.
Info: Router1 time 20.73s
Info: Checksum: 0x7d849df1

Info: Critical path report for clock 'bridge.p3.spi_clk' (posedge -> posedge):
Info:       type curr  total name
Info:   clk-to-q  0.46  0.46 Source bridge.p3.fifo.mem.0.0_ADA_ALU_I1_CIN_ALU_COUT_SUM_LUT2_I0_F_DFFCE_D_Q_DFFC_Q.Q
Info:    routing  0.81  1.26 Net bridge.p3.fifo.mem.0.0_ADA_ALU_I1_CIN_ALU_COUT_SUM_LUT2_I0_F_DFFCE_D_Q[0] (42,19) -> (42,17)
Info:                          Sink bridge.p3.cs_n_LUT2_I0_F_LUT4_F_I3_LUT4_F_3.I0
Info:                          Defined in:
Info:                               /workspace/scratch/5bc736d51023/tooling/oss-cad-suite/lib/../share/yosys/gowin/cells_map.v:130.20-130.21
Info:      logic  1.03  2.29 Source bridge.p3.cs_n_LUT2_I0_F_LUT4_F_I3_LUT4_F_3.F
Info:    routing  0.89  3.18 Net bridge.p3.cs_n_LUT2_I0_F_LUT4_F_I3[0] (42,17) -> (41,16)
Info:                          Sink bridge.p3.cs_n_LUT2_I0_F_LUT4_F.I0
Info:                          Defined in:
Info:                               /workspace/scratch/5bc736d51023/tooling/oss-cad-suite/lib/../share/yosys/gowin/cells_map.v:130.20-130.21
Info:      logic  1.03  4.22 Source bridge.p3.cs_n_LUT2_I0_F_LUT4_F.F
Info:    routing  0.96  5.17 Net bridge.p3.cs_n_LUT2_I0_F[1] (41,16) -> (38,16)
Info:                          Sink bridge.p3.fifo.mem.0.0_DI_32_LUT2_F_I0_LUT4_I1_1.I0
Info:                          Defined in:
Info:                               /workspace/scratch/5bc736d51023/tooling/oss-cad-suite/lib/../share/yosys/gowin/cells_map.v:130.20-130.21
Info:      logic  1.03  6.20 Source bridge.p3.fifo.mem.0.0_DI_32_LUT2_F_I0_LUT4_I1_1.F
Info:    routing  0.33  6.53 Net bridge.p3.fifo.mem.0.0_DI_32_LUT2_F_I0_LUT4_I1_1_F[3] (38,16) -> (38,16)
Info:                          Sink bridge.p3.fifo.mem.0.0_DI_32_LUT2_F_I0_LUT4_I1_1_F_LUT4_I3.I3
Info:                          Defined in:
Info:                               /workspace/scratch/5bc736d51023/tooling/oss-cad-suite/lib/../share/yosys/gowin/cells_map.v:130.20-130.21
Info:      logic  0.62  7.16 Source bridge.p3.fifo.mem.0.0_DI_32_LUT2_F_I0_LUT4_I1_1_F_LUT4_I3.F
Info:    routing  0.89  8.05 Net bridge.p3.fifo.mem.0.0_DI_32_LUT2_F_I0_LUT4_I1_1_F_LUT4_I3_F (38,16) -> (40,16)
Info:                          Sink bridge.p3.fifo.mem.0.0_DI_32_LUT2_F_I0_LUT4_I1_1_F_LUT4_I3_F_DFFCE_CE.CE
Info:      setup  0.04  8.09 Source bridge.p3.fifo.mem.0.0_DI_32_LUT2_F_I0_LUT4_I1_1_F_LUT4_I3_F_DFFCE_CE.CE
Info: 4.22 ns logic, 3.87 ns routing

Info: Critical path report for clock 'bridge.p2.spi_clk' (posedge -> posedge):
Info:       type curr  total name
Info:   clk-to-q  0.46  0.46 Source bridge.p2.fifo.mem.0.0_ADA_2_ALU_I1_CIN_ALU_COUT_CIN_ALU_COUT_CIN_ALU_COUT_SUM_LUT2_I0_F_DFFCE_D_Q_DFFC_Q.Q
Info:    routing  0.96  1.42 Net bridge.p2.fifo.mem.0.0_ADA_2_ALU_I1_CIN_ALU_COUT_CIN_ALU_COUT_CIN_ALU_COUT_SUM_LUT2_I0_F_DFFCE_D_Q[0] (34,26) -> (32,25)
Info:                          Sink bridge.p2.fifo.mem.0.0_DI_32_LUT2_F_I0_LUT4_I3_F_LUT2_I1_F_LUT4_F_I3_LUT4_F_3.I0
Info:                          Defined in:
Info:                               /workspace/scratch/5bc736d51023/tooling/oss-cad-suite/lib/../share/yosys/gowin/cells_map.v:130.20-130.21
Info:      logic  1.03  2.45 Source bridge.p2.fifo.mem.0.0_DI_32_LUT2_F_I0_LUT4_I3_F_LUT2_I1_F_LUT4_F_I3_LUT4_F_3.F
Info:    routing  0.33  2.77 Net bridge.p2.fifo.mem.0.0_DI_32_LUT2_F_I0_LUT4_I3_F_LUT2_I1_F_LUT4_F_I3[0] (32,25) -> (32,25)
Info:                          Sink bridge.p2.fifo.mem.0.0_DI_32_LUT2_F_I0_LUT4_I3_F_LUT2_I1_F_LUT4_F.I0
Info:                          Defined in:
Info:                               /workspace/scratch/5bc736d51023/tooling/oss-cad-suite/lib/../share/yosys/gowin/cells_map.v:130.20-130.21
Info:      logic  1.03  3.80 Source bridge.p2.fifo.mem.0.0_DI_32_LUT2_F_I0_LUT4_I3_F_LUT2_I1_F_LUT4_F.F
Info:    routing  0.89  4.70 Net bridge.p2.fifo.mem.0.0_DI_32_LUT2_F_I0_LUT4_I3_F_LUT2_I1_F[2] (32,25) -> (31,26)
Info:                          Sink bridge.p2.cs_n_LUT4_I0.I2
Info:                          Defined in:
Info:                               /workspace/scratch/5bc736d51023/tooling/oss-cad-suite/lib/../share/yosys/gowin/cells_map.v:130.20-130.21
Info:      logic  0.82  5.52 Source bridge.p2.cs_n_LUT4_I0.F
Info:    routing  0.81  6.32 Net bridge.p2.cs_n_LUT4_I0_F (31,26) -> (31,27)
Info:                          Sink bridge.p2.fifo.mem.0.0.CEA
Info:      setup  0.17  6.49 Source bridge.p2.fifo.mem.0.0.CEA
Info: 3.52 ns logic, 2.98 ns routing

Info: Critical path report for clock 'bridge.clk' (posedge -> posedge):
Info:       type curr  total name
Info:   clk-to-q  0.46  0.46 Source vit.decoded_mem.0.0_ADA_1_DFF_Q_D_DFFCE_Q_D_LUT1_F_I0_LUT4_I0_F_LUT4_I2_F_DFFCE_D_Q_LUT3_I1_F_DFFCE_CE_1.Q
Info:    routing  0.89  1.35 Net vit.decoded_mem.0.0_ADA_1_DFF_Q_D_DFFCE_Q_D_LUT1_F_I0_LUT4_I0_F_LUT4_I2_F_DFFCE_D_Q_LUT3_I1_F_DFFCE_CE_1_Q[1] (20,14) -> (21,15)
Info:                          Sink vit.decoded_mem.0.0_DIA_1_DFF_Q_D_DFFCE_Q_D_LUT4_F_I1_LUT4_F_I0_LUT4_F_I3_LUT4_F_1_I3_LUT4_F.I2
Info:                          Defined in:
Info:                               /workspace/scratch/5bc736d51023/tooling/oss-cad-suite/lib/../share/yosys/gowin/cells_map.v:130.20-130.21
Info:      logic  0.82  2.17 Source vit.decoded_mem.0.0_DIA_1_DFF_Q_D_DFFCE_Q_D_LUT4_F_I1_LUT4_F_I0_LUT4_F_I3_LUT4_F_1_I3_LUT4_F.F
Info:    routing  0.41  2.58 Net vit.decoded_mem.0.0_DIA_1_DFF_Q_D_DFFCE_Q_D_LUT4_F_I1_LUT4_F_I0_LUT4_F_I3_LUT4_F_1_I3[1] (21,15) -> (21,15)
Info:                          Sink vit.decoded_mem.0.0_DIA_1_DFF_Q_D_DFFCE_Q_D_LUT4_F_I1_LUT4_F_I0_LUT4_F_I3_LUT4_F_1.I1
Info:                          Defined in:
Info:                               /workspace/scratch/5bc736d51023/tooling/oss-cad-suite/lib/../share/yosys/gowin/cells_map.v:130.20-130.21
Info:      logic  1.10  3.68 Source vit.decoded_mem.0.0_DIA_1_DFF_Q_D_DFFCE_Q_D_LUT4_F_I1_LUT4_F_I0_LUT4_F_I3_LUT4_F_1.F
Info:    routing  0.89  4.57 Net vit.decoded_mem.0.0_DIA_1_DFF_Q_D_DFFCE_Q_D_LUT4_F_I1_LUT4_F_I0_LUT4_F_I3[2] (21,15) -> (20,14)
Info:                          Sink vit.decoded_mem.0.0_DIA_1_DFF_Q_D_DFFCE_Q_D_LUT4_F_I1_LUT4_F_I0_LUT4_F.I2
Info:                          Defined in:
Info:                               /workspace/scratch/5bc736d51023/tooling/oss-cad-suite/lib/../share/yosys/gowin/cells_map.v:130.20-130.21
Info:      logic  0.82  5.39 Source vit.decoded_mem.0.0_DIA_1_DFF_Q_D_DFFCE_Q_D_LUT4_F_I1_LUT4_F_I0_LUT4_F.F
Info:    routing  0.89  6.28 Net vit.decoded_mem.0.0_DIA_1_DFF_Q_D_DFFCE_Q_D_LUT4_F_I1_LUT4_F_I0[3] (20,14) -> (19,13)
Info:                          Sink vit.decoded_mem.0.0_DIA_1_DFF_Q_D_DFFCE_Q_D_LUT4_F_I1_LUT4_F_I0_LUT4_I1_F_LUT4_F.I3
Info:                          Defined in:
Info:                               /workspace/scratch/5bc736d51023/tooling/oss-cad-suite/lib/../share/yosys/gowin/cells_map.v:130.20-130.21
Info:      logic  0.62  6.91 Source vit.decoded_mem.0.0_DIA_1_DFF_Q_D_DFFCE_Q_D_LUT4_F_I1_LUT4_F_I0_LUT4_I1_F_LUT4_F.F
Info:    routing  0.89  7.80 Net vit.decoded_mem.0.0_DIA_1_DFF_Q_D_DFFCE_Q_D_LUT4_F_I1_LUT4_F_I0_LUT4_I1_F[2] (19,13) -> (19,11)
Info:                          Sink vit.decoded_mem.0.0_DIA_1_DFF_Q_D_DFFCE_Q_D_LUT4_F_I3_LUT4_F_I2_LUT4_F.I2
Info:                          Defined in:
Info:                               /workspace/scratch/5bc736d51023/tooling/oss-cad-suite/lib/../share/yosys/gowin/cells_map.v:130.20-130.21
Info:      logic  0.82  8.62 Source vit.decoded_mem.0.0_DIA_1_DFF_Q_D_DFFCE_Q_D_LUT4_F_I3_LUT4_F_I2_LUT4_F.F
Info:    routing  0.41  9.03 Net vit.decoded_mem.0.0_DIA_1_DFF_Q_D_DFFCE_Q_D_LUT4_F_I3_LUT4_F_I2[2] (19,11) -> (19,10)
Info:                          Sink vit.decoded_mem.0.0_DIA_1_DFF_Q_D_DFFCE_Q_D_LUT4_F_I3_LUT4_F.I2
Info:                          Defined in:
Info:                               /workspace/scratch/5bc736d51023/tooling/oss-cad-suite/lib/../share/yosys/gowin/cells_map.v:130.20-130.21
Info:      logic  0.82  9.86 Source vit.decoded_mem.0.0_DIA_1_DFF_Q_D_DFFCE_Q_D_LUT4_F_I3_LUT4_F.F
Info:    routing  0.41  10.27 Net vit.decoded_mem.0.0_DIA_1_DFF_Q_D_DFFCE_Q_D_LUT4_F_I3[3] (19,10) -> (18,10)
Info:                          Sink vit.decoded_mem.0.0_DIA_1_DFF_Q_D_DFFCE_Q_D_LUT4_F.I3
Info:                          Defined in:
Info:                               /workspace/scratch/5bc736d51023/tooling/oss-cad-suite/lib/../share/yosys/gowin/cells_map.v:130.20-130.21
Info:      logic  0.62  10.89 Source vit.decoded_mem.0.0_DIA_1_DFF_Q_D_DFFCE_Q_D_LUT4_F.F
Info:    routing  0.00  10.89 Net vit.decoded_mem.0.0_DIA_1_DFF_Q_D_DFFCE_Q_D (18,10) -> (18,10)
Info:                          Sink vit.decoded_mem.0.0_DIA_1_DFF_Q_D_DFFCE_Q.D
Info:      setup  0.40  11.29 Source vit.decoded_mem.0.0_DIA_1_DFF_Q_D_DFFCE_Q.D
Info: 6.49 ns logic, 4.80 ns routing

Info: Critical path report for cross-domain path 'posedge bridge.clk' -> 'posedge bridge.p2.spi_clk':
Info:       type curr  total name
Info:   clk-to-q  0.46  0.46 Source clocking.locked_LUT2_I1_F_DFFC_CLEAR_Q_DFFC_D.Q
Info:    routing  0.41  0.87 Net clocking.locked_LUT2_I1_F_DFFC_CLEAR_Q_DFFC_D_Q (31,25) -> (31,26)
Info:                          Sink bridge.p2.cs_n_LUT4_I0.I1
Info:                          Defined in:
Info:                               /workspace/scratch/5bc736d51023/tooling/oss-cad-suite/lib/../share/yosys/gowin/cells_map.v:130.20-130.21
Info:      logic  1.10  1.97 Source bridge.p2.cs_n_LUT4_I0.F
Info:    routing  0.81  2.77 Net bridge.p2.cs_n_LUT4_I0_F (31,26) -> (31,27)
Info:                          Sink bridge.p2.fifo.mem.0.0.CEA
Info:      setup  0.17  2.95 Source bridge.p2.fifo.mem.0.0.CEA
Info: 1.73 ns logic, 1.22 ns routing

Info: Max frequency for clock 'bridge.p3.spi_clk': 123.61 MHz (PASS at 80.00 MHz)
Info: Max frequency for clock 'bridge.p2.spi_clk': 153.96 MHz (PASS at 80.00 MHz)
ERROR: Max frequency for clock        'bridge.clk': 88.55 MHz (FAIL at 90.00 MHz)

Info: Max delay posedge bridge.clk -> posedge bridge.p2.spi_clk: 2.95 ns

Info: Slack histogram:
Info:  legend: * represents 4 endpoint(s)
Info:          + represents [1,4) endpoint(s)
Info: [  -182,    411) |*+
Info: [   411,   1004) |**+
Info: [  1004,   1597) |***+
Info: [  1597,   2190) |***+
Info: [  2190,   2783) |*+
Info: [  2783,   3376) |*+
Info: [  3376,   3969) |**+
Info: [  3969,   4562) |***************+
Info: [  4562,   5155) |**********************************************+
Info: [  5155,   5748) |**********************************************+
Info: [  5748,   6341) |******************************************+
Info: [  6341,   6934) |****************************************************+
Info: [  6934,   7527) |************************************************************ 
Info: [  7527,   8120) |********************************************+
Info: [  8120,   8713) |*****************************+
Info: [  8713,   9306) |********************************+
Info: [  9306,   9899) |***********+
Info: [  9899,  10492) |*****+
Info: [ 10492,  11085) |****+
Info: [ 11085,  11678) |*+

0 warnings, 1 error

Info: Program finished normally.
