Info: Using uarch 'gowin' for device 'GW1NR-LV9QN88PC6/I5'

Info: Cell O_psram_ck[0] not found
Info: Cell O_psram_ck[1] not found
Info: Cell O_psram_ck_n[0] not found
Info: Cell O_psram_ck_n[1] not found
Info: Cell O_psram_cs_n[0] not found
Info: Cell O_psram_cs_n[1] not found
Info: Cell O_psram_reset_n[0] not found
Info: Cell O_psram_reset_n[1] not found
Info: Cell IO_psram_dq[0] not found
Info: Cell IO_psram_dq[1] not found
Info: Cell IO_psram_dq[2] not found
Info: Cell IO_psram_dq[3] not found
Info: Cell IO_psram_dq[4] not found
Info: Cell IO_psram_dq[5] not found
Info: Cell IO_psram_dq[6] not found
Info: Cell IO_psram_dq[7] not found
Info: Cell IO_psram_dq[8] not found
Info: Cell IO_psram_dq[9] not found
Info: Cell IO_psram_dq[10] not found
Info: Cell IO_psram_dq[11] not found
Info: Cell IO_psram_dq[12] not found
Info: Cell IO_psram_dq[13] not found
Info: Cell IO_psram_dq[14] not found
Info: Cell IO_psram_dq[15] not found
Info: Cell IO_psram_rwds[0] not found
Info: Cell IO_psram_rwds[1] not found
Info: Reading constraints...
Info: Create constant nets...
Info: Modify LUTs...
Info: Pack IOBs...
Info: Pack I3C IOs...
Info: Pack MIPI IOs...
Info: Pack diff IOBs...
Info: Pack FFs into IO cells...
Info: Pack IODELAY...
Info: Pack Input Edge Monitors...
Info: Pack IO logic...
Info: Pack DESER16 logic...
Info: Pack GSR...
Info: Pack HCLK cells...
Info: Pack DLLDLYs...
Info: Pack wide LUTs...
Info: Packed MUX2_LUT8:0, MUX2_LU7:0, MUX2_LUT6:0, MUX2_LUT5:0
Info: Pack ALUs...
Info: Pack SSRAMs...
Info: Constrained 1185 LUTFF pairs.
Info: Pack PLL...
Info: Pack ADC...
Info: Pack GW JTAG...
Info: Pack BSRAMs...
Info: Pack DSP...
Info: Pack INV...
Info: Pack buffered nets...
Info: Pack EMCU and UserFlash cells...
Info: Pack UserFlash cells...
Info: Pack DQCE cells...
Info: Pack DCS cells...
Info: Checksum: 0x4b9be6a6

Info: Device utilisation:
Info: 	                 VCC:       1/      1   100%
Info: 	                 IOB:       3/    276     1%
Info: 	                LUT4:    4475/   8640    51%
Info: 	              OSER16:       0/     80     0%
Info: 	              IDES16:       0/     80     0%
Info: 	            IOLOGICI:       0/    276     0%
Info: 	            IOLOGICO:       0/    276     0%
Info: 	           MUX2_LUT5:       0/   4320     0%
Info: 	           MUX2_LUT6:       0/   2160     0%
Info: 	           MUX2_LUT7:       0/   1080     0%
Info: 	           MUX2_LUT8:       0/   1080     0%
Info: 	                 ALU:    1432/   6480    22%
Info: 	                 GND:       1/      1   100%
Info: 	                 DFF:    2524/   6480    38%
Info: 	           RAM16SDP4:       0/    270     0%
Info: 	               BSRAM:       8/     26    30%
Info: 	              ALU54D:       0/     10     0%
Info: 	     MULTADDALU18X18:       0/     10     0%
Info: 	        MULTALU18X18:       0/     10     0%
Info: 	        MULTALU36X18:       0/     10     0%
Info: 	           MULT36X36:       0/      5     0%
Info: 	           MULT18X18:       2/     20    10%
Info: 	             MULT9X9:       0/     40     0%
Info: 	              PADD18:       0/     20     0%
Info: 	               PADD9:       0/     40     0%
Info: 	                 GSR:       1/      1   100%
Info: 	                 OSC:       0/      1     0%
Info: 	                rPLL:       0/      2     0%
Info: 	           FLASH608K:       0/      1     0%
Info: 	                BUFG:       0/     22     0%
Info: 	                DQCE:       0/     24     0%
Info: 	                 DCS:       0/      8     0%
Info: 	               DHCEN:       0/     24     0%
Info: 	              CLKDIV:       0/      8     0%
Info: 	             CLKDIV2:       0/     16     0%
Info: 	           MIPI_IBUF:       0/     22     0%
Info: 	           MIPI_OBUF:       0/     20     0%

Info: Running custom HCLK placer...
Info: Placed 0 cells based on constraints.
Info: Creating initial analytic placement for 4502 cells, random placement wirelen = 185304.
Info:     at initial placer iter 0, wirelen = 1448
Info:     at initial placer iter 1, wirelen = 1083
Info:     at initial placer iter 2, wirelen = 1089
Info:     at initial placer iter 3, wirelen = 1091
Info: Running main analytical placer, max placement attempts per cell = 8935878.
Info:     at iteration #1, type ALL: wirelen solved = 1088, spread = 52946, legal = 102733; time = 2.00s
Info:     at iteration #2, type ALL: wirelen solved = 2789, spread = 43178, legal = 86469; time = 1.28s
Info:     at iteration #3, type ALL: wirelen solved = 5084, spread = 39849, legal = 87601; time = 1.25s
Info:     at iteration #4, type ALL: wirelen solved = 6496, spread = 37845, legal = 78072; time = 1.27s
Info:     at iteration #5, type ALL: wirelen solved = 7770, spread = 42135, legal = 75883; time = 1.10s
Info:     at iteration #6, type ALL: wirelen solved = 10002, spread = 36509, legal = 78983; time = 1.15s
Info:     at iteration #7, type ALL: wirelen solved = 10508, spread = 41752, legal = 82916; time = 1.20s
Info:     at iteration #8, type ALL: wirelen solved = 12190, spread = 39131, legal = 80985; time = 1.44s
Info:     at iteration #9, type ALL: wirelen solved = 13191, spread = 40419, legal = 79465; time = 1.32s
Info:     at iteration #10, type ALL: wirelen solved = 14772, spread = 38741, legal = 82230; time = 1.35s
Info: HeAP Placer Time: 14.00s
Info:   of which solving equations: 1.20s
Info:   of which spreading cells: 0.11s
Info:   of which strict legalisation: 12.42s

Info: Running simulated annealing placer for refinement.
Info:   at iteration #1: temp = 0.000000, timing cost = 67, wirelen = 75883
Info:   at iteration #5: temp = 0.000000, timing cost = 83, wirelen = 52709
Info:   at iteration #10: temp = 0.000000, timing cost = 69, wirelen = 47415
Info:   at iteration #15: temp = 0.000000, timing cost = 69, wirelen = 45224
Info:   at iteration #20: temp = 0.000000, timing cost = 64, wirelen = 44076
Info:   at iteration #25: temp = 0.000000, timing cost = 63, wirelen = 43329
Info:   at iteration #30: temp = 0.000000, timing cost = 63, wirelen = 43102
Info:   at iteration #35: temp = 0.000000, timing cost = 63, wirelen = 42984
Info:   at iteration #35: temp = 0.000000, timing cost = 63, wirelen = 42988 
Info: SA placement time 14.22s

Info: Max frequency for clock 'g_mem.u_mem.clk': 78.94 MHz (FAIL at 99.00 MHz)

Info: Slack histogram:
Info:  legend: * represents 6 endpoint(s)
Info:          + represents [1,6) endpoint(s)
Info: [ -2567,  -1958) |+
Info: [ -1958,  -1349) |*********+
Info: [ -1349,   -740) |************+
Info: [  -740,   -131) |***********+
Info: [  -131,    478) |***+
Info: [   478,   1087) |***+
Info: [  1087,   1696) |************+
Info: [  1696,   2305) |******+
Info: [  2305,   2914) |****+
Info: [  2914,   3523) |****+
Info: [  3523,   4132) |*****+
Info: [  4132,   4741) |**************+
Info: [  4741,   5350) |*********************+
Info: [  5350,   5959) |*****************************+
Info: [  5959,   6568) |**************************+
Info: [  6568,   7177) |****************************+
Info: [  7177,   7786) |*************************+
Info: [  7786,   8395) |**********************************************+
Info: [  8395,   9004) |****************************+
Info: [  9004,   9613) |************************************************************ 
Info: Checksum: 0xfb93f16c
Info: Routing globals...
Info:     'g_mem.u_mem.clk' net was routed using global resources only.
Info:     'g_viterbi.g_32acs.u_viterbi.survivor_lo.0.0_ADA_LUT4_I0_F_DFFCE_Q_D_LUT2_F_I0_ALU_SUM_CIN_ALU_COUT_CIN_ALU_COUT_CIN_ALU_COUT_SUM_LUT2_I0_F_DFFCE_D_Q_DFF_Q_1_D_LUT4_F_I3_LUT2_I1_F_LUT3_F_I0_LUT3_I0_F_LUT3_I2_1_F[1]' is routed using segments.
Info:     'g_rs.u_rs.coefficient_b_DFFR_Q_1_D_LUT3_F_I2[0]' is routed using segments.
Info:     'activity_OBUF_O_I_LUT4_F_I3_LUT4_F_2_I3_LUT4_F_I3_DFFCE_Q_CE[2]' is routed using segments.
Info:     'g_viterbi.g_32acs.u_viterbi.metrics[0]_DFFE_Q_6_D_LUT4_F_I2_ALU_SUM_1_COUT_ALU_CIN_COUT_ALU_CIN_I0_LUT2_F_I0_LUT4_F_I1[1]' is routed using segments.
Info:     'g_rs.u_rs.bm_degree_overflow_LUT4_I1_F_LUT3_I2_F_DFFC_D_Q_DFFC_Q_D_LUT3_F_I2_LUT4_F_I0_ALU_COUT_CIN_ALU_COUT_CIN_ALU_COUT_CIN_ALU_COUT_SUM[1]' is routed using segments.
Info:     'g_viterbi.g_32acs.u_viterbi.metrics[8]_DFFE_Q_D_LUT4_F_I2_ALU_SUM_1_I1_ALU_I1_CIN_ALU_COUT_CIN_ALU_COUT_CIN_ALU_COUT_CIN_ALU_COUT_CIN_ALU_COUT_CIN_ALU_COUT_CIN_ALU_COUT_CIN_ALU_COUT_CIN_ALU_COUT_CIN_ALU_COUT_CIN_ALU_COUT_SUM[3]' is routed using segments.
Info:     'g_mem.u_mem.resetn' is routed using segments.
Info:     'g_rs.u_rs.bm_degree_overflow_LUT4_I1_F[1]' is routed using segments.
Info:     'g_rs.u_rs.bm_degree_overflow_LUT3_I1_F_DFFCE_Q_CE_LUT3_F_I2[0]' is routed using segments.
Info:     'g_rs.u_rs.bm_degree_overflow_LUT4_I1_F_LUT3_I2_F_DFFC_D_Q_DFFC_Q_D_LUT3_F_I2_LUT2_I1_F_DFFC_D_Q[1]' is routed using segments.
Info:     'metric.abs_q_DFFE_Q_13_D_LUT3_F_I1_LUT3_I1_F_DFFCE_D_CE' is routed using segments.
Info:     'g_viterbi.g_32acs.u_viterbi.survivor_lo.0.0_ADA_LUT4_I0_F_DFFCE_Q_D_LUT2_F_I0_ALU_SUM_CIN_ALU_COUT_CIN_ALU_COUT_CIN_ALU_COUT_SUM_LUT2_I0_F_DFFCE_D_Q_DFF_Q_1_D_LUT4_F_I3_LUT2_I1_F_LUT3_F_I0_LUT3_I0_F_LUT4_I3_F' is routed using segments.
Info:     'g_rs.u_rs.coefficient_a_DFFR_Q_5_D_LUT3_F_I1[2]' is routed using segments.
Info:     'g_rs.u_rs.bm_degree_overflow_LUT4_I1_I3_LUT3_I2_2_F_DFFCE_CE_Q_LUT2_I1_F_DFFC_D_Q[2]' is routed using segments.
Info:     'activity_OBUF_O_I_LUT4_F_I3_LUT4_F_3_I3_LUT4_F_3_I3_DFFCE_Q_1_D_LUT4_F_I1_DFFCE_Q_D_LUT2_F_I0[1]' is routed using segments.
Info:     'metric.abs_q_DFFE_Q_13_D_LUT3_F_I1_LUT3_I1_F_DFFCE_D_Q_LUT4_I1_1_F_DFFCE_D_Q_DFFCE_Q_1_D_LUT4_F_I1_DFFCE_Q_D_LUT2_F_I0_DFFCE_Q_D_LUT2_F_I0_DFFCE_Q_D_LUT3_F_I0[1]' is routed using segments.
Info:     'g_viterbi.g_32acs.u_viterbi.survivor_lo.0.0_ADA_LUT4_I0_F_DFFCE_Q_D_LUT2_F_I0_ALU_SUM_CIN_ALU_COUT_CIN_ALU_COUT_CIN_ALU_COUT_SUM_LUT2_I0_F_DFFCE_D_Q_DFF_Q_1_D_LUT4_F_I3_LUT2_I1_F_LUT3_F_I0_LUT3_I0_F_LUT2_I1_F[1]' is routed using segments.
Info:     'g_viterbi.g_32acs.u_viterbi.metrics[62]_DFFE_Q_2_D_LUT4_F_I2[3]' is routed using segments.
Info:     'g_rs.u_rs.bm_degree_overflow_LUT4_I1_I3_LUT3_I2_F[1]' is routed using segments.
Info:     'g_rs.u_rs.error_prefetch_index_DFFRE_Q_D_LUT2_F_I0_ALU_I1_COUT_ALU_CIN_COUT_ALU_CIN_SUM_ALU_I0_COUT_ALU_CIN_SUM_LUT3_I1_F_DFFC_D_Q[1]' is routed using segments.
Info:     'g_viterbi.g_32acs.u_viterbi.survivor_lo.0.0_DI_22_DFF_Q_D_DFFCE_Q_CE' is routed using segments.
Info:     'g_rs.u_rs.bm_degree_overflow_LUT3_I1_F_DFFCE_Q_CE_LUT3_F_I2_LUT3_F_I2_LUT4_I3_F_DFFCE_CE_Q_DFFPE_Q_CE_LUT4_F_I0_LUT3_I0_1_F_LUT2_I1_F_LUT2_I1_F' is routed using segments.
Info:     'g_rs.u_rs.bm_degree_overflow_LUT4_I1_F_LUT2_I1_F_DFFC_D_Q_DFFC_Q_1_D_LUT4_F_I3[2]' is routed using segments.
Info:     'metric.abs_q_DFFE_Q_12_D_LUT3_F_I0_LUT2_I1_F_LUT2_I1_F_LUT2_I1_F_DFFC_D_Q[0]' is routed using segments.
Info:     'g_viterbi.g_32acs.u_viterbi.uncoded_pipe_LUT3_I0_I2_LUT4_F_I3_LUT3_I2_F[0]' is routed using segments.
Info:     'g_viterbi.g_32acs.u_viterbi.survivor_lo.0.0_ADA_LUT4_I0_F_DFFCE_Q_D_LUT2_F_I0_ALU_SUM_CIN_ALU_COUT_CIN_ALU_COUT_CIN_ALU_COUT_SUM_LUT2_I0_F_DFFCE_D_Q[0]' is routed using segments.
Info:     'metric.abs_i_DFFE_Q_14_D[2]' is routed using segments.
Info:     'activity_OBUF_O_I_LUT4_F_I3_LUT4_F_3_I3_LUT4_F_3_I3_DFFCE_Q_1_D_LUT4_F_I1[2]' is routed using segments.
Info:     'activity_OBUF_O_I_LUT4_F_I3_LUT4_F_3_I3_LUT4_F_3_I3_DFFCE_Q_1_D_LUT4_F_I1_DFFCE_Q_1_D_LUT3_F_I0_DFFCE_Q_D_LUT3_F_I0[1]' is routed using segments.
Info:     'g_viterbi.g_32acs.u_viterbi.decoded_mem.0.0_ADA_1_DFF_Q_D_DFFCE_Q_D_ALU_SUM_CIN_ALU_COUT_CIN_ALU_COUT_SUM_DFFCE_D_Q_DFF_D_Q_DFF_Q_D_DFFCE_Q_D_LUT1_F_I0_LUT4_I0_F_LUT4_I2_F_DFFCE_D_Q_LUT3_I0_F_DFFCE_CE_Q[1]' is routed using segments.
Info:     'g_viterbi.g_32acs.u_viterbi.metrics[2]_DFFE_Q_5_D_LUT4_F_I2[3]' is routed using segments.
Info:     'g_viterbi.g_32acs.u_viterbi.metrics[56]_DFFE_Q_4_D_LUT4_F_I2_ALU_SUM_1_I1_ALU_I1_CIN_ALU_COUT_CIN_ALU_COUT_CIN_ALU_COUT_CIN_ALU_COUT_CIN_ALU_COUT_CIN_ALU_COUT_CIN_ALU_COUT_SUM[3]' is routed using segments.
Info:     'metric.peak_DFFE_Q_6_D_LUT3_F_I1_LUT3_F_I2_LUT4_I1_F[1]' is routed using segments.
Info:     'g_rs.u_rs.bm_degree_overflow_LUT3_I1_F_DFFCE_Q_CE_LUT3_F_I2_LUT3_F_I2_LUT4_I3_F_DFFCE_CE_D_LUT4_F_I3[0]' is routed using segments.

Info: Routing..
Info: Setting up routing queue.
Info: Routing 20806 arcs.
Info:            |   (re-)routed arcs  |   delta    | remaining|       time spent     |
Info:    IterCnt |  w/ripup   wo/ripup |  w/r  wo/r |      arcs| batch(sec) total(sec)|
Info:       1000 |       37        962 |   37   962 |     19846|       0.59       0.59|
Info:       2000 |      147       1813 |  110   851 |     18960|       0.41       1.00|
Info:       3000 |      169       2532 |   22   719 |     17985|       0.22       1.22|
Info:       4000 |      175       3459 |    6   927 |     16991|       0.20       1.42|
Info:       5000 |      175       4403 |    0   944 |     15991|       0.35       1.77|
Info:       6000 |      176       5350 |    1   947 |     14992|       0.34       2.11|
Info:       7000 |      182       6288 |    6   938 |     13999|       0.37       2.49|
Info:       8000 |      185       7234 |    3   946 |     13002|       0.42       2.90|
Info:       9000 |      191       8187 |    6   953 |     12009|       0.41       3.31|
Info:      10000 |      219       9109 |   28   922 |     11044|       0.52       3.83|
Info:      11000 |      237      10046 |   18   937 |     10070|       0.56       4.39|
Info:      12000 |      262      10978 |   25   932 |      9102|       0.55       4.94|
Info:      13000 |      291      11892 |   29   914 |      8135|       0.52       5.46|
Info:      14000 |      351      12788 |   60   896 |      7213|       0.73       6.19|
Info:      15000 |      443      13645 |   92   857 |      6358|       0.75       6.93|
Info:      16000 |      535      14501 |   92   856 |      5473|       0.82       7.76|
Info:      17000 |      650      15345 |  115   844 |      4636|       1.00       8.76|
Info:      18000 |      810      16151 |  160   806 |      3906|       1.08       9.84|
Info:      19000 |     1032      16895 |  222   744 |      3219|       1.21      11.05|
Info:      20000 |     1239      17657 |  207   762 |      2514|       1.17      12.22|
Info:      21000 |     1498      18371 |  259   714 |      1945|       1.31      13.54|
Info:      22000 |     1770      19058 |  272   687 |      1322|       1.40      14.94|
Info:      23000 |     2103      19705 |  333   647 |       776|       1.53      16.47|
Info:      24000 |     2444      20341 |  341   636 |       397|       1.64      18.11|
Info:      24888 |     2789      20869 |  345   528 |         0|       1.86      19.97|
Info: Routing complete.
Info: Router1 time 19.97s
Info: Checksum: 0x56b2b21c

Info: Critical path report for clock 'g_mem.u_mem.clk' (posedge -> posedge):
Info:       type curr  total name
Info:   clk-to-q  0.46  0.46 Source g_viterbi.g_32acs.u_viterbi.metrics[56]_DFFE_Q_4_D_LUT4_F_I2_ALU_SUM_I0_LUT3_F_I2_LUT2_I1_F_DFFCE_Q_D_LUT2_F_I0_ALU_SUM_CIN_ALU_COUT_CIN_ALU_COUT_CIN_ALU_COUT_CIN_ALU_COUT_CIN_ALU_COUT_CIN_ALU_COUT_CIN_ALU_COUT_SUM_LUT2_I0_F_DFFCE_D_1.Q
Info:    routing  2.72  3.18 Net g_viterbi.g_32acs.u_viterbi.metrics[56]_DFFE_Q_4_D_LUT4_F_I2_ALU_SUM_I0_LUT3_F_I2_LUT2_I1_F_DFFCE_Q_D_LUT2_F_I0_ALU_SUM_CIN_ALU_COUT_CIN_ALU_COUT_CIN_ALU_COUT_CIN_ALU_COUT_CIN_ALU_COUT_CIN_ALU_COUT_CIN_ALU_COUT_SUM_LUT2_I0_F_DFFCE_D_1_Q[0] (11,25) -> (21,14)
Info:                          Sink g_viterbi.g_32acs.u_viterbi.metrics[62]_DFFE_Q_2_D_LUT4_F_I2_ALU_SUM_CIN_ALU_COUT_CIN_ALU_COUT_CIN_ALU_COUT_CIN_ALU_COUT_CIN_ALU_COUT_CIN_ALU_COUT_CIN_ALU_COUT_CIN_ALU_COUT_CIN_ALU_COUT_I0_LUT4_F.I0
Info:                          Defined in:
Info:                               /workspace/scratch/5bc736d51023/tooling/oss-cad-suite/lib/../share/yosys/gowin/cells_map.v:130.20-130.21
Info:      logic  1.03  4.21 Source g_viterbi.g_32acs.u_viterbi.metrics[62]_DFFE_Q_2_D_LUT4_F_I2_ALU_SUM_CIN_ALU_COUT_CIN_ALU_COUT_CIN_ALU_COUT_CIN_ALU_COUT_CIN_ALU_COUT_CIN_ALU_COUT_CIN_ALU_COUT_CIN_ALU_COUT_CIN_ALU_COUT_I0_LUT4_F.F
Info:    routing  0.89  5.10 Net g_viterbi.g_32acs.u_viterbi.metrics[62]_DFFE_Q_2_D_LUT4_F_I2_ALU_SUM_CIN_ALU_COUT_CIN_ALU_COUT_CIN_ALU_COUT_CIN_ALU_COUT_CIN_ALU_COUT_CIN_ALU_COUT_CIN_ALU_COUT_CIN_ALU_COUT_CIN_ALU_COUT_I0 (21,14) -> (22,13)
Info:                          Sink g_viterbi.g_32acs.u_viterbi.metrics[62]_DFFE_Q_2_D_LUT4_F_I2_ALU_SUM_CIN_ALU_COUT_CIN_ALU_COUT_CIN_ALU_COUT_CIN_ALU_COUT_CIN_ALU_COUT_CIN_ALU_COUT_CIN_ALU_COUT_CIN_ALU_COUT_CIN_ALU_COUT.I0
Info:      logic  0.96  6.06 Source g_viterbi.g_32acs.u_viterbi.metrics[62]_DFFE_Q_2_D_LUT4_F_I2_ALU_SUM_CIN_ALU_COUT_CIN_ALU_COUT_CIN_ALU_COUT_CIN_ALU_COUT_CIN_ALU_COUT_CIN_ALU_COUT_CIN_ALU_COUT_CIN_ALU_COUT_CIN_ALU_COUT.COUT
Info:    routing  0.00  6.06 Net g_viterbi.g_32acs.u_viterbi.metrics[62]_DFFE_Q_2_D_LUT4_F_I2_ALU_SUM_CIN_ALU_COUT_CIN_ALU_COUT_CIN_ALU_COUT_CIN_ALU_COUT_CIN_ALU_COUT_CIN_ALU_COUT_CIN_ALU_COUT_CIN_ALU_COUT_CIN (22,13) -> (22,13)
Info:                          Sink g_viterbi.g_32acs.u_viterbi.metrics[62]_DFFE_Q_2_D_LUT4_F_I2_ALU_SUM_CIN_ALU_COUT_CIN_ALU_COUT_CIN_ALU_COUT_CIN_ALU_COUT_CIN_ALU_COUT_CIN_ALU_COUT_CIN_ALU_COUT_CIN_ALU_COUT.CIN
Info:                          Defined in:
Info:                               /workspace/scratch/5bc736d51023/tangviterbi/build/s3-fec-extensions/tc8psk-compact/viterbi.sv:129.21-129.43
Info:                               /workspace/scratch/5bc736d51023/tooling/oss-cad-suite/lib/../share/yosys/gowin/arith_map.v:57.7-63.5
Info:                               /workspace/scratch/5bc736d51023/tooling/oss-cad-suite/lib/../share/yosys/gowin/cells_sim.v:1033.25-1033.29
Info:      logic  0.06  6.12 Source g_viterbi.g_32acs.u_viterbi.metrics[62]_DFFE_Q_2_D_LUT4_F_I2_ALU_SUM_CIN_ALU_COUT_CIN_ALU_COUT_CIN_ALU_COUT_CIN_ALU_COUT_CIN_ALU_COUT_CIN_ALU_COUT_CIN_ALU_COUT_CIN_ALU_COUT.COUT
Info:    routing  0.00  6.12 Net g_viterbi.g_32acs.u_viterbi.metrics[62]_DFFE_Q_2_D_LUT4_F_I2_ALU_SUM_CIN_ALU_COUT_CIN_ALU_COUT_CIN_ALU_COUT_CIN_ALU_COUT_CIN_ALU_COUT_CIN_ALU_COUT_CIN_ALU_COUT_CIN (22,13) -> (22,13)
Info:                          Sink g_viterbi.g_32acs.u_viterbi.metrics[62]_DFFE_Q_2_D_LUT4_F_I2_ALU_SUM_CIN_ALU_COUT_CIN_ALU_COUT_CIN_ALU_COUT_CIN_ALU_COUT_CIN_ALU_COUT_CIN_ALU_COUT_CIN_ALU_COUT.CIN
Info:                          Defined in:
Info:                               /workspace/scratch/5bc736d51023/tangviterbi/build/s3-fec-extensions/tc8psk-compact/viterbi.sv:129.21-129.43
Info:                               /workspace/scratch/5bc736d51023/tooling/oss-cad-suite/lib/../share/yosys/gowin/arith_map.v:57.7-63.5
Info:                               /workspace/scratch/5bc736d51023/tooling/oss-cad-suite/lib/../share/yosys/gowin/cells_sim.v:1033.25-1033.29
Info:      logic  0.06  6.18 Source g_viterbi.g_32acs.u_viterbi.metrics[62]_DFFE_Q_2_D_LUT4_F_I2_ALU_SUM_CIN_ALU_COUT_CIN_ALU_COUT_CIN_ALU_COUT_CIN_ALU_COUT_CIN_ALU_COUT_CIN_ALU_COUT_CIN_ALU_COUT.COUT
Info:    routing  0.00  6.18 Net g_viterbi.g_32acs.u_viterbi.metrics[62]_DFFE_Q_2_D_LUT4_F_I2_ALU_SUM_CIN_ALU_COUT_CIN_ALU_COUT_CIN_ALU_COUT_CIN_ALU_COUT_CIN_ALU_COUT_CIN_ALU_COUT_CIN (22,13) -> (22,13)
Info:                          Sink g_viterbi.g_32acs.u_viterbi.metrics[62]_DFFE_Q_2_D_LUT4_F_I2_ALU_SUM_CIN_ALU_COUT_CIN_ALU_COUT_CIN_ALU_COUT_CIN_ALU_COUT_CIN_ALU_COUT_CIN_ALU_COUT.CIN
Info:                          Defined in:
Info:                               /workspace/scratch/5bc736d51023/tangviterbi/build/s3-fec-extensions/tc8psk-compact/viterbi.sv:129.21-129.43
Info:                               /workspace/scratch/5bc736d51023/tooling/oss-cad-suite/lib/../share/yosys/gowin/arith_map.v:57.7-63.5
Info:                               /workspace/scratch/5bc736d51023/tooling/oss-cad-suite/lib/../share/yosys/gowin/cells_sim.v:1033.25-1033.29
Info:      logic  0.06  6.23 Source g_viterbi.g_32acs.u_viterbi.metrics[62]_DFFE_Q_2_D_LUT4_F_I2_ALU_SUM_CIN_ALU_COUT_CIN_ALU_COUT_CIN_ALU_COUT_CIN_ALU_COUT_CIN_ALU_COUT_CIN_ALU_COUT.COUT
Info:    routing  0.00  6.23 Net g_viterbi.g_32acs.u_viterbi.metrics[62]_DFFE_Q_2_D_LUT4_F_I2_ALU_SUM_CIN_ALU_COUT_CIN_ALU_COUT_CIN_ALU_COUT_CIN_ALU_COUT_CIN_ALU_COUT_CIN (22,13) -> (22,13)
Info:                          Sink g_viterbi.g_32acs.u_viterbi.metrics[62]_DFFE_Q_2_D_LUT4_F_I2_ALU_SUM_CIN_ALU_COUT_CIN_ALU_COUT_CIN_ALU_COUT_CIN_ALU_COUT_CIN_ALU_COUT.CIN
Info:                          Defined in:
Info:                               /workspace/scratch/5bc736d51023/tangviterbi/build/s3-fec-extensions/tc8psk-compact/viterbi.sv:129.21-129.43
Info:                               /workspace/scratch/5bc736d51023/tooling/oss-cad-suite/lib/../share/yosys/gowin/arith_map.v:57.7-63.5
Info:                               /workspace/scratch/5bc736d51023/tooling/oss-cad-suite/lib/../share/yosys/gowin/cells_sim.v:1033.25-1033.29
Info:      logic  0.06  6.29 Source g_viterbi.g_32acs.u_viterbi.metrics[62]_DFFE_Q_2_D_LUT4_F_I2_ALU_SUM_CIN_ALU_COUT_CIN_ALU_COUT_CIN_ALU_COUT_CIN_ALU_COUT_CIN_ALU_COUT.COUT
Info:    routing  0.00  6.29 Net g_viterbi.g_32acs.u_viterbi.metrics[62]_DFFE_Q_2_D_LUT4_F_I2_ALU_SUM_CIN_ALU_COUT_CIN_ALU_COUT_CIN_ALU_COUT_CIN_ALU_COUT_CIN (22,13) -> (23,13)
Info:                          Sink g_viterbi.g_32acs.u_viterbi.metrics[62]_DFFE_Q_2_D_LUT4_F_I2_ALU_SUM_CIN_ALU_COUT_CIN_ALU_COUT_CIN_ALU_COUT_CIN_ALU_COUT.CIN
Info:                          Defined in:
Info:                               /workspace/scratch/5bc736d51023/tangviterbi/build/s3-fec-extensions/tc8psk-compact/viterbi.sv:129.21-129.43
Info:                               /workspace/scratch/5bc736d51023/tooling/oss-cad-suite/lib/../share/yosys/gowin/arith_map.v:57.7-63.5
Info:                               /workspace/scratch/5bc736d51023/tooling/oss-cad-suite/lib/../share/yosys/gowin/cells_sim.v:1033.25-1033.29
Info:      logic  0.06  6.35 Source g_viterbi.g_32acs.u_viterbi.metrics[62]_DFFE_Q_2_D_LUT4_F_I2_ALU_SUM_CIN_ALU_COUT_CIN_ALU_COUT_CIN_ALU_COUT_CIN_ALU_COUT.COUT
Info:    routing  0.00  6.35 Net g_viterbi.g_32acs.u_viterbi.metrics[62]_DFFE_Q_2_D_LUT4_F_I2_ALU_SUM_CIN_ALU_COUT_CIN_ALU_COUT_CIN_ALU_COUT_CIN (23,13) -> (23,13)
Info:                          Sink g_viterbi.g_32acs.u_viterbi.metrics[62]_DFFE_Q_2_D_LUT4_F_I2_ALU_SUM_CIN_ALU_COUT_CIN_ALU_COUT_CIN_ALU_COUT.CIN
Info:                          Defined in:
Info:                               /workspace/scratch/5bc736d51023/tangviterbi/build/s3-fec-extensions/tc8psk-compact/viterbi.sv:129.21-129.43
Info:                               /workspace/scratch/5bc736d51023/tooling/oss-cad-suite/lib/../share/yosys/gowin/arith_map.v:57.7-63.5
Info:                               /workspace/scratch/5bc736d51023/tooling/oss-cad-suite/lib/../share/yosys/gowin/cells_sim.v:1033.25-1033.29
Info:      logic  0.06  6.40 Source g_viterbi.g_32acs.u_viterbi.metrics[62]_DFFE_Q_2_D_LUT4_F_I2_ALU_SUM_CIN_ALU_COUT_CIN_ALU_COUT_CIN_ALU_COUT.COUT
Info:    routing  0.00  6.40 Net g_viterbi.g_32acs.u_viterbi.metrics[62]_DFFE_Q_2_D_LUT4_F_I2_ALU_SUM_CIN_ALU_COUT_CIN_ALU_COUT_CIN (23,13) -> (23,13)
Info:                          Sink g_viterbi.g_32acs.u_viterbi.metrics[62]_DFFE_Q_2_D_LUT4_F_I2_ALU_SUM_CIN_ALU_COUT_CIN_ALU_COUT.CIN
Info:                          Defined in:
Info:                               /workspace/scratch/5bc736d51023/tangviterbi/build/s3-fec-extensions/tc8psk-compact/viterbi.sv:129.21-129.43
Info:                               /workspace/scratch/5bc736d51023/tooling/oss-cad-suite/lib/../share/yosys/gowin/arith_map.v:57.7-63.5
Info:                               /workspace/scratch/5bc736d51023/tooling/oss-cad-suite/lib/../share/yosys/gowin/cells_sim.v:1033.25-1033.29
Info:      logic  0.06  6.46 Source g_viterbi.g_32acs.u_viterbi.metrics[62]_DFFE_Q_2_D_LUT4_F_I2_ALU_SUM_CIN_ALU_COUT_CIN_ALU_COUT.COUT
Info:    routing  0.00  6.46 Net g_viterbi.g_32acs.u_viterbi.metrics[62]_DFFE_Q_2_D_LUT4_F_I2_ALU_SUM_CIN_ALU_COUT_CIN (23,13) -> (23,13)
Info:                          Sink g_viterbi.g_32acs.u_viterbi.metrics[62]_DFFE_Q_2_D_LUT4_F_I2_ALU_SUM_CIN_ALU_COUT.CIN
Info:                          Defined in:
Info:                               /workspace/scratch/5bc736d51023/tangviterbi/build/s3-fec-extensions/tc8psk-compact/viterbi.sv:129.21-129.43
Info:                               /workspace/scratch/5bc736d51023/tooling/oss-cad-suite/lib/../share/yosys/gowin/arith_map.v:57.7-63.5
Info:                               /workspace/scratch/5bc736d51023/tooling/oss-cad-suite/lib/../share/yosys/gowin/cells_sim.v:1033.25-1033.29
Info:      logic  0.56  7.02 Source g_viterbi.g_32acs.u_viterbi.metrics[62]_DFFE_Q_2_D_LUT4_F_I2_ALU_SUM_CIN_ALU_COUT.SUM
Info:    routing  0.89  7.91 Net g_viterbi.g_32acs.u_viterbi.metrics[62]_DFFE_Q_2_D_LUT4_F_I2_ALU_SUM_CIN_ALU_COUT_SUM[1] (23,13) -> (23,12)
Info:                          Sink g_viterbi.g_32acs.u_viterbi.metrics[62]_DFFE_Q_2_D_LUT4_F_I2_ALU_SUM_COUT_ALU_CIN_COUT_ALU_CIN_SUM_ALU_SUM_1_CIN_ALU_COUT_CIN_ALU_COUT_CIN_ALU_COUT.I0
Info:                          Defined in:
Info:                               /workspace/scratch/5bc736d51023/tooling/oss-cad-suite/lib/../share/yosys/gowin/cells_map.v:130.20-130.21
Info:      logic  0.96  8.87 Source g_viterbi.g_32acs.u_viterbi.metrics[62]_DFFE_Q_2_D_LUT4_F_I2_ALU_SUM_COUT_ALU_CIN_COUT_ALU_CIN_SUM_ALU_SUM_1_CIN_ALU_COUT_CIN_ALU_COUT_CIN_ALU_COUT.COUT
Info:    routing  0.00  8.87 Net g_viterbi.g_32acs.u_viterbi.metrics[62]_DFFE_Q_2_D_LUT4_F_I2_ALU_SUM_COUT_ALU_CIN_COUT_ALU_CIN_SUM_ALU_SUM_1_CIN_ALU_COUT_CIN_ALU_COUT_CIN (23,12) -> (23,12)
Info:                          Sink g_viterbi.g_32acs.u_viterbi.metrics[62]_DFFE_Q_2_D_LUT4_F_I2_ALU_SUM_COUT_ALU_CIN_COUT_ALU_CIN_SUM_ALU_SUM_1_CIN_ALU_COUT_CIN_ALU_COUT.CIN
Info:                          Defined in:
Info:                               /workspace/scratch/5bc736d51023/tangviterbi/build/s3-fec-extensions/tc8psk-compact/viterbi.sv:130.33-130.74
Info:                               /workspace/scratch/5bc736d51023/tooling/oss-cad-suite/lib/../share/yosys/gowin/arith_map.v:57.7-63.5
Info:                               /workspace/scratch/5bc736d51023/tooling/oss-cad-suite/lib/../share/yosys/gowin/cells_sim.v:1033.25-1033.29
Info:      logic  0.06  8.93 Source g_viterbi.g_32acs.u_viterbi.metrics[62]_DFFE_Q_2_D_LUT4_F_I2_ALU_SUM_COUT_ALU_CIN_COUT_ALU_CIN_SUM_ALU_SUM_1_CIN_ALU_COUT_CIN_ALU_COUT.COUT
Info:    routing  0.00  8.93 Net g_viterbi.g_32acs.u_viterbi.metrics[62]_DFFE_Q_2_D_LUT4_F_I2_ALU_SUM_COUT_ALU_CIN_COUT_ALU_CIN_SUM_ALU_SUM_1_CIN_ALU_COUT_CIN (23,12) -> (23,12)
Info:                          Sink g_viterbi.g_32acs.u_viterbi.metrics[62]_DFFE_Q_2_D_LUT4_F_I2_ALU_SUM_COUT_ALU_CIN_COUT_ALU_CIN_SUM_ALU_SUM_1_CIN_ALU_COUT.CIN
Info:                          Defined in:
Info:                               /workspace/scratch/5bc736d51023/tangviterbi/build/s3-fec-extensions/tc8psk-compact/viterbi.sv:130.33-130.74
Info:                               /workspace/scratch/5bc736d51023/tooling/oss-cad-suite/lib/../share/yosys/gowin/arith_map.v:57.7-63.5
Info:                               /workspace/scratch/5bc736d51023/tooling/oss-cad-suite/lib/../share/yosys/gowin/cells_sim.v:1033.25-1033.29
Info:      logic  0.06  8.99 Source g_viterbi.g_32acs.u_viterbi.metrics[62]_DFFE_Q_2_D_LUT4_F_I2_ALU_SUM_COUT_ALU_CIN_COUT_ALU_CIN_SUM_ALU_SUM_1_CIN_ALU_COUT.COUT
Info:    routing  0.00  8.99 Net g_viterbi.g_32acs.u_viterbi.metrics[62]_DFFE_Q_2_D_LUT4_F_I2_ALU_SUM_COUT_ALU_CIN_COUT_ALU_CIN_SUM_ALU_SUM_1_CIN (23,12) -> (24,12)
Info:                          Sink g_viterbi.g_32acs.u_viterbi.metrics[62]_DFFE_Q_2_D_LUT4_F_I2_ALU_SUM_COUT_ALU_CIN_COUT_ALU_CIN_SUM_ALU_SUM_1.CIN
Info:                          Defined in:
Info:                               /workspace/scratch/5bc736d51023/tangviterbi/build/s3-fec-extensions/tc8psk-compact/viterbi.sv:130.33-130.74
Info:                               /workspace/scratch/5bc736d51023/tooling/oss-cad-suite/lib/../share/yosys/gowin/arith_map.v:57.7-63.5
Info:                               /workspace/scratch/5bc736d51023/tooling/oss-cad-suite/lib/../share/yosys/gowin/cells_sim.v:1033.25-1033.29
Info:      logic  0.56  9.55 Source g_viterbi.g_32acs.u_viterbi.metrics[62]_DFFE_Q_2_D_LUT4_F_I2_ALU_SUM_COUT_ALU_CIN_COUT_ALU_CIN_SUM_ALU_SUM_1.SUM
Info:    routing  2.66  12.20 Net g_viterbi.g_32acs.u_viterbi.metrics[62]_DFFE_Q_2_D_LUT4_F_I2[3] (24,12) -> (28,6)
Info:                          Sink g_viterbi.g_32acs.u_viterbi.metrics[62]_DFFE_Q_D_LUT4_F.I3
Info:                          Defined in:
Info:                               /workspace/scratch/5bc736d51023/tooling/oss-cad-suite/lib/../share/yosys/gowin/cells_map.v:130.20-130.21
Info:      logic  0.62  12.83 Source g_viterbi.g_32acs.u_viterbi.metrics[62]_DFFE_Q_D_LUT4_F.F
Info:    routing  0.00  12.83 Net g_viterbi.g_32acs.u_viterbi.metrics[62]_DFFE_Q_D (28,6) -> (28,6)
Info:                          Sink g_viterbi.g_32acs.u_viterbi.metrics[18]_DFFE_Q_11.D
Info:      setup  0.40  13.23 Source g_viterbi.g_32acs.u_viterbi.metrics[18]_DFFE_Q_11.D
Info: 6.07 ns logic, 7.16 ns routing

ERROR: Max frequency for clock 'g_mem.u_mem.clk': 75.59 MHz (FAIL at 99.00 MHz)

Info: Slack histogram:
Info:  legend: * represents 3 endpoint(s)
Info:          + represents [1,3) endpoint(s)
Info: [ -3128,  -2536) |******+
Info: [ -2536,  -1944) |****+
Info: [ -1944,  -1352) |****+
Info: [ -1352,   -760) |********+
Info: [  -760,   -168) |******+
Info: [  -168,    424) |*****+
Info: [   424,   1016) |**+
Info: [  1016,   1608) |*+
Info: [  1608,   2200) |**+
Info: [  2200,   2792) |**********+
Info: [  2792,   3384) |*******************+
Info: [  3384,   3976) |********************+
Info: [  3976,   4568) |*************************+
Info: [  4568,   5160) |********************************************+
Info: [  5160,   5752) |******************************************************+
Info: [  5752,   6344) |************************************************************ 
Info: [  6344,   6936) |********************************+
Info: [  6936,   7528) |*********************************+
Info: [  7528,   8120) |*************************+
Info: [  8120,   8712) |*****************+
0 warnings, 1 error

Info: Program finished normally.
