Info: Using uarch 'gowin' for device 'GW1NR-LV9QN88PC6/I5'

Info: Cell O_psram_ck[0] not found
Info: Cell O_psram_ck[1] not found
Info: Cell O_psram_ck_n[0] not found
Info: Cell O_psram_ck_n[1] not found
Info: Cell O_psram_cs_n[0] not found
Info: Cell O_psram_cs_n[1] not found
Info: Cell O_psram_reset_n[0] not found
Info: Cell O_psram_reset_n[1] not found
Info: Cell IO_psram_dq[0] not found
Info: Cell IO_psram_dq[1] not found
Info: Cell IO_psram_dq[2] not found
Info: Cell IO_psram_dq[3] not found
Info: Cell IO_psram_dq[4] not found
Info: Cell IO_psram_dq[5] not found
Info: Cell IO_psram_dq[6] not found
Info: Cell IO_psram_dq[7] not found
Info: Cell IO_psram_dq[8] not found
Info: Cell IO_psram_dq[9] not found
Info: Cell IO_psram_dq[10] not found
Info: Cell IO_psram_dq[11] not found
Info: Cell IO_psram_dq[12] not found
Info: Cell IO_psram_dq[13] not found
Info: Cell IO_psram_dq[14] not found
Info: Cell IO_psram_dq[15] not found
Info: Cell IO_psram_rwds[0] not found
Info: Cell IO_psram_rwds[1] not found
Info: Reading constraints...
Info: Create constant nets...
Info: Modify LUTs...
Info: Pack IOBs...
Info: Pack I3C IOs...
Info: Pack MIPI IOs...
Info: Pack diff IOBs...
Info: Pack FFs into IO cells...
Info: Pack IODELAY...
Info: Pack Input Edge Monitors...
Info: Pack IO logic...
Info: Pack DESER16 logic...
Info: Pack GSR...
Info: Pack HCLK cells...
Info: Pack DLLDLYs...
Info: Pack wide LUTs...
Info: Packed MUX2_LUT8:0, MUX2_LU7:0, MUX2_LUT6:0, MUX2_LUT5:0
Info: Pack ALUs...
Info: Pack SSRAMs...
Info: Constrained 1185 LUTFF pairs.
Info: Pack PLL...
Info: Pack ADC...
Info: Pack GW JTAG...
Info: Pack BSRAMs...
Info: Pack DSP...
Info: Pack INV...
Info: Pack buffered nets...
Info: Pack EMCU and UserFlash cells...
Info: Pack UserFlash cells...
Info: Pack DQCE cells...
Info: Pack DCS cells...
Info: Checksum: 0x4b9be6a6

Info: Device utilisation:
Info: 	                 VCC:       1/      1   100%
Info: 	                 IOB:       3/    276     1%
Info: 	                LUT4:    4475/   8640    51%
Info: 	              OSER16:       0/     80     0%
Info: 	              IDES16:       0/     80     0%
Info: 	            IOLOGICI:       0/    276     0%
Info: 	            IOLOGICO:       0/    276     0%
Info: 	           MUX2_LUT5:       0/   4320     0%
Info: 	           MUX2_LUT6:       0/   2160     0%
Info: 	           MUX2_LUT7:       0/   1080     0%
Info: 	           MUX2_LUT8:       0/   1080     0%
Info: 	                 ALU:    1432/   6480    22%
Info: 	                 GND:       1/      1   100%
Info: 	                 DFF:    2524/   6480    38%
Info: 	           RAM16SDP4:       0/    270     0%
Info: 	               BSRAM:       8/     26    30%
Info: 	              ALU54D:       0/     10     0%
Info: 	     MULTADDALU18X18:       0/     10     0%
Info: 	        MULTALU18X18:       0/     10     0%
Info: 	        MULTALU36X18:       0/     10     0%
Info: 	           MULT36X36:       0/      5     0%
Info: 	           MULT18X18:       2/     20    10%
Info: 	             MULT9X9:       0/     40     0%
Info: 	              PADD18:       0/     20     0%
Info: 	               PADD9:       0/     40     0%
Info: 	                 GSR:       1/      1   100%
Info: 	                 OSC:       0/      1     0%
Info: 	                rPLL:       0/      2     0%
Info: 	           FLASH608K:       0/      1     0%
Info: 	                BUFG:       0/     22     0%
Info: 	                DQCE:       0/     24     0%
Info: 	                 DCS:       0/      8     0%
Info: 	               DHCEN:       0/     24     0%
Info: 	              CLKDIV:       0/      8     0%
Info: 	             CLKDIV2:       0/     16     0%
Info: 	           MIPI_IBUF:       0/     22     0%
Info: 	           MIPI_OBUF:       0/     20     0%

Info: Running custom HCLK placer...
Info: Placed 0 cells based on constraints.
Info: Creating initial analytic placement for 4502 cells, random placement wirelen = 184407.
Info:     at initial placer iter 0, wirelen = 1429
Info:     at initial placer iter 1, wirelen = 1079
Info:     at initial placer iter 2, wirelen = 1085
Info:     at initial placer iter 3, wirelen = 1088
Info: Running main analytical placer, max placement attempts per cell = 8935878.
Info:     at iteration #1, type ALL: wirelen solved = 1090, spread = 52937, legal = 100746; time = 1.62s
Info:     at iteration #2, type ALL: wirelen solved = 2581, spread = 42854, legal = 83094; time = 1.12s
Info:     at iteration #3, type ALL: wirelen solved = 4938, spread = 38789, legal = 86864; time = 1.31s
Info:     at iteration #4, type ALL: wirelen solved = 6544, spread = 39407, legal = 89112; time = 1.81s
Info:     at iteration #5, type ALL: wirelen solved = 7575, spread = 36333, legal = 82592; time = 1.13s
Info:     at iteration #6, type ALL: wirelen solved = 8879, spread = 37240, legal = 73139; time = 0.99s
Info:     at iteration #7, type ALL: wirelen solved = 10278, spread = 40182, legal = 77966; time = 0.91s
Info:     at iteration #8, type ALL: wirelen solved = 12201, spread = 39012, legal = 78258; time = 1.44s
Info:     at iteration #9, type ALL: wirelen solved = 12928, spread = 41365, legal = 78509; time = 1.66s
Info:     at iteration #10, type ALL: wirelen solved = 14883, spread = 35545, legal = 66309; time = 0.81s
Info:     at iteration #11, type ALL: wirelen solved = 15547, spread = 39452, legal = 73164; time = 1.02s
Info:     at iteration #12, type ALL: wirelen solved = 17021, spread = 37151, legal = 74939; time = 1.07s
Info:     at iteration #13, type ALL: wirelen solved = 18587, spread = 38518, legal = 74642; time = 1.19s
Info:     at iteration #14, type ALL: wirelen solved = 20486, spread = 39128, legal = 69873; time = 0.85s
Info:     at iteration #15, type ALL: wirelen solved = 20259, spread = 38027, legal = 65105; time = 1.09s
Info:     at iteration #16, type ALL: wirelen solved = 21691, spread = 37166, legal = 62251; time = 1.09s
Info:     at iteration #17, type ALL: wirelen solved = 22967, spread = 35319, legal = 60861; time = 0.77s
Info:     at iteration #18, type ALL: wirelen solved = 24007, spread = 38542, legal = 68858; time = 1.09s
Info:     at iteration #19, type ALL: wirelen solved = 25796, spread = 39867, legal = 62305; time = 1.21s
Info:     at iteration #20, type ALL: wirelen solved = 25982, spread = 39983, legal = 57715; time = 0.66s
Info:     at iteration #21, type ALL: wirelen solved = 26282, spread = 38756, legal = 57066; time = 0.74s
Info:     at iteration #22, type ALL: wirelen solved = 26717, spread = 36120, legal = 51779; time = 0.39s
Info:     at iteration #23, type ALL: wirelen solved = 26755, spread = 36970, legal = 48941; time = 0.40s
Info:     at iteration #24, type ALL: wirelen solved = 26596, spread = 37804, legal = 51021; time = 0.36s
Info:     at iteration #25, type ALL: wirelen solved = 27182, spread = 37823, legal = 53519; time = 0.54s
Info:     at iteration #26, type ALL: wirelen solved = 27747, spread = 38111, legal = 50795; time = 0.48s
Info:     at iteration #27, type ALL: wirelen solved = 28583, spread = 38244, legal = 52337; time = 0.42s
Info:     at iteration #28, type ALL: wirelen solved = 29070, spread = 38539, legal = 50748; time = 0.42s
Info: HeAP Placer Time: 27.48s
Info:   of which solving equations: 2.35s
Info:   of which spreading cells: 0.28s
Info:   of which strict legalisation: 24.23s

Info: Running simulated annealing placer for refinement.
Info:   at iteration #1: temp = 0.000000, timing cost = 142, wirelen = 48941
Info:   at iteration #5: temp = 0.000000, timing cost = 54, wirelen = 39950
Info:   at iteration #10: temp = 0.000000, timing cost = 66, wirelen = 37526
Info:   at iteration #15: temp = 0.000000, timing cost = 72, wirelen = 36513
Info:   at iteration #20: temp = 0.000000, timing cost = 66, wirelen = 35633
Info:   at iteration #25: temp = 0.000000, timing cost = 66, wirelen = 35335
Info:   at iteration #30: temp = 0.000000, timing cost = 65, wirelen = 35211
Info:   at iteration #35: temp = 0.000000, timing cost = 65, wirelen = 35155
Info:   at iteration #36: temp = 0.000000, timing cost = 65, wirelen = 35155 
Info: SA placement time 14.53s

Info: Max frequency for clock 'g_mem.u_mem.clk': 104.94 MHz (PASS at 99.00 MHz)

Info: Slack histogram:
Info:  legend: * represents 5 endpoint(s)
Info:          + represents [1,5) endpoint(s)
Info: [   572,   1024) |+
Info: [  1024,   1476) |**+
Info: [  1476,   1928) |**************+
Info: [  1928,   2380) |******************+
Info: [  2380,   2832) |*******+
Info: [  2832,   3284) |****+
Info: [  3284,   3736) |****+
Info: [  3736,   4188) |*****+
Info: [  4188,   4640) |*****************+
Info: [  4640,   5092) |***********************************+
Info: [  5092,   5544) |********************************+
Info: [  5544,   5996) |********************+
Info: [  5996,   6448) |****************************+
Info: [  6448,   6900) |***************************+
Info: [  6900,   7352) |********************+
Info: [  7352,   7804) |**************************+
Info: [  7804,   8256) |***************+
Info: [  8256,   8708) |********************+
Info: [  8708,   9160) |*********************+
Info: [  9160,   9612) |************************************************************ 
Info: Checksum: 0xde1a8718
Info: Routing globals...
Info:     'g_mem.u_mem.clk' net was routed using global resources only.
Info:     'activity_OBUF_O_I_LUT4_F_I3_LUT4_F_3_I3_LUT4_F_3_I3_DFFCE_Q_1_D_LUT4_F_I1_DFFCE_Q_1_D_LUT3_F_I0_DFFCE_Q_D_LUT3_F_I0[1]' is routed using segments.
Info:     'g_viterbi.g_32acs.u_viterbi.metrics[0]_DFFE_Q_6_D_LUT4_F_I2_ALU_SUM_1_COUT_ALU_CIN_COUT_ALU_CIN_I0_LUT2_F_I0_LUT4_F_I1[1]' is routed using segments.
Info:     'g_mem.u_mem.resetn' is routed using segments.
Info:     'metric.abs_q_DFFE_Q_13_D_LUT3_F_I1_LUT3_I1_F_DFFCE_D_Q_LUT4_I1_1_F_DFFCE_D_Q_DFFCE_Q_1_D_LUT4_F_I1_DFFCE_Q_D_LUT2_F_I0_DFFCE_Q_D_LUT2_F_I0_DFFCE_Q_D_LUT3_F_I0[1]' is routed using segments.
Info:     'activity_OBUF_O_I_LUT4_F_I3_LUT4_F_3_I3_LUT4_F_3_I3_DFFCE_Q_3_D_LUT4_F_I1_DFFCE_Q_1_D_LUT3_F_I0_DFFCE_Q_D_LUT3_F_I0[1]' is routed using segments.
Info:     'activity_OBUF_O_I_LUT4_F_I3_LUT4_F_3_I3_LUT4_F_3_I3_DFFCE_Q_1_D_LUT4_F_I1_DFFCE_Q_D_LUT2_F_I0_DFFCE_Q_D_LUT2_F_I0_DFFCE_Q_D_LUT3_F_I0[1]' is routed using segments.
Info:     'metric.peak_DFFE_Q_10_D_LUT3_F_I1[2]' is routed using segments.
Info:     'g_viterbi.g_32acs.u_viterbi.survivor_lo.0.0_ADA_LUT4_I0_F_DFFCE_Q_D_LUT2_F_I0_ALU_SUM_CIN_ALU_COUT_CIN_ALU_COUT_CIN_ALU_COUT_SUM_LUT2_I0_F_DFFCE_D_Q_DFF_Q_1_D_LUT4_F_I3_LUT2_I1_F_LUT3_F_I0_LUT3_I0_F_LUT2_I1_F[1]' is routed using segments.
Info:     'g_viterbi.g_32acs.u_viterbi.survivor_lo.0.0_DI_22_DFF_Q_D_DFFCE_Q_CE' is routed using segments.
Info:     'g_viterbi.g_32acs.u_viterbi.survivor_lo.0.0_ADA_LUT4_I0_F_DFFCE_Q_D_LUT2_F_I0_ALU_SUM_CIN_ALU_COUT_CIN_ALU_COUT_CIN_ALU_COUT_SUM_LUT2_I0_F_DFFCE_D_Q_DFF_Q_1_D_LUT4_F_I3_LUT2_I1_F_LUT3_F_I0_LUT3_I0_F_LUT4_I3_F' is routed using segments.
Info:     'activity_OBUF_O_I_LUT4_F_I3_LUT4_F_3_I3_LUT4_F_3_I3_DFFCE_Q_3_D_LUT4_F_I1_DFFCE_Q_D_LUT2_F_I0_DFFCE_Q_D_LUT2_F_I0_DFFCE_Q_D_LUT3_F_I0[1]' is routed using segments.
Info:     'g_rs.u_rs.bm_degree_overflow_LUT3_I1_F_DFFCE_Q_CE_LUT3_F_I2_LUT3_F_I2_LUT4_I3_F_DFFCE_CE_D_LUT4_F_I3[0]' is routed using segments.
Info:     'g_viterbi.g_32acs.u_viterbi.survivor_lo.0.0_ADA_LUT4_I0_F_DFFCE_Q_D_LUT2_F_I0_ALU_SUM_CIN_ALU_COUT_CIN_ALU_COUT_CIN_ALU_COUT_SUM_LUT2_I0_F_DFFCE_D_Q_DFF_Q_1_D_LUT4_F_I3_LUT2_I1_F_LUT3_F_I0_LUT3_I0_F_LUT3_I2_1_F[1]' is routed using segments.
Info:     'activity_OBUF_O_I_LUT4_F_I3_LUT4_F_3_I3_LUT4_F_3_I3_DFFCE_Q_1_D_LUT4_F_I1[2]' is routed using segments.
Info:     'g_rs.u_rs.bm_degree_overflow_LUT4_I1_F_LUT3_I2_F_DFFC_D_Q_DFFC_Q_D_LUT3_F_I2_LUT4_F_I0_ALU_COUT_CIN_ALU_COUT_CIN_ALU_COUT_CIN_ALU_COUT_SUM[1]' is routed using segments.
Info:     'activity_OBUF_O_I_LUT4_F_I3_LUT4_F_3_I3_LUT4_F_3_I3_DFFCE_Q_1_D_LUT4_F_I1_DFFCE_Q_D_LUT2_F_I0[1]' is routed using segments.
Info:     'g_rs.u_rs.bm_degree_overflow_LUT4_I1_I3_LUT3_I2_2_F_DFFCE_CE_Q_LUT2_I1_F_DFFC_D_Q[2]' is routed using segments.
Info:     'g_viterbi.g_32acs.u_viterbi.uncoded_pipe_LUT3_I0_I2_LUT4_F_I3_LUT3_I2_F_LUT3_I2_F_DFFCE_D_Q_LUT4_F_I3_LUT4_F_2_I3[1]' is routed using segments.
Info:     'metric.abs_i_DFFRE_Q_D_ALU_SUM_CIN_ALU_COUT_SUM_DFFC_D_Q[0]' is routed using segments.
Info:     'g_rs.u_rs.bm_degree_overflow_LUT4_I1_F[1]' is routed using segments.
Info:     'activity_OBUF_O_I_LUT4_F_I3_LUT4_F_2_I3_LUT4_F_I3_DFFCE_Q_CE[2]' is routed using segments.
Info:     'g_rs.u_rs.bm_degree_overflow_LUT3_I1_F_DFFCE_Q_CE_LUT3_F_I2_LUT3_F_I2_LUT4_I3_F_DFFCE_CE_Q_DFFPE_Q_CE_LUT4_F_I0_LUT3_I0_1_F_LUT2_I1_F_LUT2_I1_F' is routed using segments.
Info:     'g_rs.u_rs.coefficient_b_DFFR_Q_1_D_LUT3_F_I2[0]' is routed using segments.
Info:     'g_rs.u_rs.error_prefetch_index_DFFRE_Q_D_LUT2_F_I0_ALU_I1_COUT_ALU_CIN_COUT_ALU_CIN_SUM_ALU_I0_COUT_ALU_CIN_SUM_LUT3_I1_F_DFFC_D_Q[1]' is routed using segments.
Info:     'metric.abs_q_DFFE_Q_10_D_LUT3_F_I2[1]' is routed using segments.
Info:     'g_rs.u_rs.bm_degree_overflow_LUT4_I1_F_LUT3_I2_F_DFFC_D_Q_DFFC_Q_D_LUT3_F_I2_LUT2_I1_F_DFFC_D_Q[1]' is routed using segments.
Info:     'metric.abs_q_DFFE_Q_12_D_LUT3_F_I0_LUT2_I1_F_LUT2_I1_F_LUT2_I1_F_DFFC_D_Q[0]' is routed using segments.

Info: Routing..
Info: Setting up routing queue.
Info: Routing 20991 arcs.
Info:            |   (re-)routed arcs  |   delta    | remaining|       time spent     |
Info:    IterCnt |  w/ripup   wo/ripup |  w/r  wo/r |      arcs| batch(sec) total(sec)|
Info:       1000 |       34        965 |   34   965 |     20035|       0.63       0.63|
Info:       2000 |      163       1836 |  129   871 |     19173|       0.44       1.07|
Info:       3000 |      185       2519 |   22   683 |     18196|       0.21       1.28|
Info:       4000 |      202       3401 |   17   882 |     17214|       0.17       1.44|
Info:       5000 |      203       4352 |    1   951 |     16215|       0.34       1.78|
Info:       6000 |      203       5306 |    0   954 |     15215|       0.34       2.13|
Info:       7000 |      203       6249 |    0   943 |     14215|       0.36       2.49|
Info:       8000 |      204       7195 |    1   946 |     13218|       0.41       2.89|
Info:       9000 |      207       8140 |    3   945 |     12221|       0.40       3.29|
Info:      10000 |      217       9084 |   10   944 |     11231|       0.45       3.74|
Info:      11000 |      238      10018 |   21   934 |     10271|       0.50       4.24|
Info:      12000 |      261      10952 |   23   934 |      9298|       0.51       4.75|
Info:      13000 |      290      11877 |   29   925 |      8340|       0.52       5.27|
Info:      14000 |      346      12783 |   56   906 |      7412|       0.62       5.89|
Info:      15000 |      380      13701 |   34   918 |      6449|       0.62       6.51|
Info:      16000 |      452      14583 |   72   882 |      5529|       0.72       7.23|
Info:      17000 |      552      15449 |  100   866 |      4656|       0.81       8.04|
Info:      18000 |      676      16286 |  124   837 |      3817|       0.96       9.00|
Info:      19000 |      836      17084 |  160   798 |      3028|       1.10      10.10|
Info:      20000 |     1059      17818 |  223   734 |      2334|       1.37      11.47|
Info:      21000 |     1359      18489 |  300   671 |      1744|       1.49      12.97|
Info:      22000 |     1625      19201 |  266   712 |      1108|       1.45      14.41|
Info:      23000 |     1979      19822 |  354   621 |       605|       1.68      16.09|
Info:      24000 |     2347      20427 |  368   605 |       118|       1.65      17.74|
Info:      24216 |     2418      20568 |   71   141 |         0|       0.41      18.15|
Info: Routing complete.
Info: Router1 time 18.15s
Info: Checksum: 0x683f1dd2

Info: Critical path report for clock 'g_mem.u_mem.clk' (posedge -> posedge):
Info:       type curr  total name
Info:   clk-to-q  0.46  0.46 Source g_viterbi.g_32acs.u_viterbi.metrics[56]_DFFE_Q_4_D_LUT4_F_I2_ALU_SUM_I0_LUT3_F_I2_LUT3_I2_F_ALU_I0_SUM_ALU_SUM_I0_LUT3_F_I2_LUT2_I1_F_DFFCE_Q_D_LUT2_F_I0_ALU_SUM_CIN_ALU_COUT_CIN_ALU_COUT_CIN_ALU_COUT_CIN_ALU_COUT_CIN_ALU_COUT_SUM_LUT2_I0_F_DFFCE_D.Q
Info:    routing  2.01  2.47 Net g_viterbi.g_32acs.u_viterbi.metrics[56]_DFFE_Q_4_D_LUT4_F_I2_ALU_SUM_I0_LUT3_F_I2_LUT3_I2_F_ALU_I0_SUM_ALU_SUM_I0_LUT3_F_I2_LUT2_I1_F_DFFCE_Q_D_LUT2_F_I0_ALU_SUM_CIN_ALU_COUT_CIN_ALU_COUT_CIN_ALU_COUT_CIN_ALU_COUT_CIN_ALU_COUT_SUM_LUT2_I0_F_DFFCE_D_Q[0] (22,14) -> (25,5)
Info:                          Sink g_viterbi.g_32acs.u_viterbi.metrics[58]_DFFE_Q_2_D_LUT4_F_I2_ALU_SUM_CIN_ALU_COUT_CIN_ALU_COUT_CIN_ALU_COUT_CIN_ALU_COUT_CIN_ALU_COUT_CIN_ALU_COUT_CIN_ALU_COUT_SUM_ALU_SUM_I0_LUT4_F.I0
Info:                          Defined in:
Info:                               /workspace/scratch/5bc736d51023/tooling/oss-cad-suite/lib/../share/yosys/gowin/cells_map.v:130.20-130.21
Info:      logic  1.03  3.50 Source g_viterbi.g_32acs.u_viterbi.metrics[58]_DFFE_Q_2_D_LUT4_F_I2_ALU_SUM_CIN_ALU_COUT_CIN_ALU_COUT_CIN_ALU_COUT_CIN_ALU_COUT_CIN_ALU_COUT_CIN_ALU_COUT_CIN_ALU_COUT_SUM_ALU_SUM_I0_LUT4_F.F
Info:    routing  1.22  4.72 Net g_viterbi.g_32acs.u_viterbi.metrics[58]_DFFE_Q_2_D_LUT4_F_I2_ALU_SUM_CIN_ALU_COUT_CIN_ALU_COUT_CIN_ALU_COUT_CIN_ALU_COUT_CIN_ALU_COUT_CIN_ALU_COUT_CIN_ALU_COUT_SUM_ALU_SUM_I0 (25,5) -> (27,4)
Info:                          Sink g_viterbi.g_32acs.u_viterbi.metrics[58]_DFFE_Q_2_D_LUT4_F_I2_ALU_SUM_1_I1_ALU_I1_CIN_ALU_COUT_CIN_ALU_COUT_CIN_ALU_COUT_CIN_ALU_COUT_CIN_ALU_COUT_CIN_ALU_COUT_CIN_ALU_COUT_SUM_ALU_SUM.I0
Info:      logic  0.96  5.68 Source g_viterbi.g_32acs.u_viterbi.metrics[58]_DFFE_Q_2_D_LUT4_F_I2_ALU_SUM_1_I1_ALU_I1_CIN_ALU_COUT_CIN_ALU_COUT_CIN_ALU_COUT_CIN_ALU_COUT_CIN_ALU_COUT_CIN_ALU_COUT_CIN_ALU_COUT_SUM_ALU_SUM.COUT
Info:    routing  0.00  5.68 Net g_viterbi.g_32acs.u_viterbi.metrics[58]_DFFE_Q_2_D_LUT4_F_I2_ALU_SUM_1_I1_ALU_I1_CIN_ALU_COUT_CIN_ALU_COUT_CIN_ALU_COUT_CIN_ALU_COUT_CIN_ALU_COUT_CIN_ALU_COUT_CIN_ALU_COUT_SUM_ALU_SUM_COUT (27,4) -> (27,4)
Info:                          Sink g_viterbi.g_32acs.u_viterbi.metrics[58]_DFFE_Q_2_D_LUT4_F_I2_ALU_SUM_1_I1_ALU_I1_CIN_ALU_COUT_CIN_ALU_COUT_CIN_ALU_COUT_CIN_ALU_COUT_CIN_ALU_COUT_CIN_ALU_COUT_SUM_ALU_SUM.CIN
Info:                          Defined in:
Info:                               /workspace/scratch/5bc736d51023/tangviterbi/build/s3-fec-extensions/tc8psk-compact/viterbi.sv:129.21-129.43
Info:                               /workspace/scratch/5bc736d51023/tooling/oss-cad-suite/lib/../share/yosys/gowin/arith_map.v:57.7-63.5
Info:                               /workspace/scratch/5bc736d51023/tooling/oss-cad-suite/lib/../share/yosys/gowin/cells_sim.v:1033.25-1033.29
Info:      logic  0.56  6.24 Source g_viterbi.g_32acs.u_viterbi.metrics[58]_DFFE_Q_2_D_LUT4_F_I2_ALU_SUM_1_I1_ALU_I1_CIN_ALU_COUT_CIN_ALU_COUT_CIN_ALU_COUT_CIN_ALU_COUT_CIN_ALU_COUT_CIN_ALU_COUT_SUM_ALU_SUM.SUM
Info:    routing  1.37  7.61 Net g_viterbi.g_32acs.u_viterbi.metrics[58]_DFFE_Q_2_D_LUT4_F_I2_ALU_SUM_1_I1_ALU_I1_CIN_ALU_COUT_CIN_ALU_COUT_CIN_ALU_COUT_CIN_ALU_COUT_CIN_ALU_COUT_CIN_ALU_COUT_SUM[1] (27,4) -> (29,5)
Info:                          Sink g_viterbi.g_32acs.u_viterbi.metrics[58]_DFFE_Q_2_D_LUT4_F_I2_ALU_SUM_1_I1_ALU_I1_CIN_ALU_COUT_CIN_ALU_COUT_CIN_ALU_COUT_CIN_ALU_COUT_CIN_ALU_COUT_CIN_ALU_COUT_CIN_ALU_COUT_SUM_ALU_SUM_1_CIN_ALU_COUT_CIN_ALU_COUT_CIN_ALU_COUT_CIN_ALU_COUT_CIN_ALU_COUT_CIN_ALU_COUT_CIN_ALU_COUT_CIN_ALU_COUT.I0
Info:                          Defined in:
Info:                               /workspace/scratch/5bc736d51023/tooling/oss-cad-suite/lib/../share/yosys/gowin/cells_map.v:130.20-130.21
Info:      logic  0.96  8.57 Source g_viterbi.g_32acs.u_viterbi.metrics[58]_DFFE_Q_2_D_LUT4_F_I2_ALU_SUM_1_I1_ALU_I1_CIN_ALU_COUT_CIN_ALU_COUT_CIN_ALU_COUT_CIN_ALU_COUT_CIN_ALU_COUT_CIN_ALU_COUT_CIN_ALU_COUT_SUM_ALU_SUM_1_CIN_ALU_COUT_CIN_ALU_COUT_CIN_ALU_COUT_CIN_ALU_COUT_CIN_ALU_COUT_CIN_ALU_COUT_CIN_ALU_COUT_CIN_ALU_COUT.COUT
Info:    routing  0.00  8.57 Net g_viterbi.g_32acs.u_viterbi.metrics[58]_DFFE_Q_2_D_LUT4_F_I2_ALU_SUM_1_I1_ALU_I1_CIN_ALU_COUT_CIN_ALU_COUT_CIN_ALU_COUT_CIN_ALU_COUT_CIN_ALU_COUT_CIN_ALU_COUT_CIN_ALU_COUT_SUM_ALU_SUM_1_CIN_ALU_COUT_CIN_ALU_COUT_CIN_ALU_COUT_CIN_ALU_COUT_CIN_ALU_COUT_CIN_ALU_COUT_CIN_ALU_COUT_CIN (29,5) -> (29,5)
Info:                          Sink g_viterbi.g_32acs.u_viterbi.metrics[58]_DFFE_Q_2_D_LUT4_F_I2_ALU_SUM_1_I1_ALU_I1_CIN_ALU_COUT_CIN_ALU_COUT_CIN_ALU_COUT_CIN_ALU_COUT_CIN_ALU_COUT_CIN_ALU_COUT_CIN_ALU_COUT_SUM_ALU_SUM_1_CIN_ALU_COUT_CIN_ALU_COUT_CIN_ALU_COUT_CIN_ALU_COUT_CIN_ALU_COUT_CIN_ALU_COUT_CIN_ALU_COUT.CIN
Info:                          Defined in:
Info:                               /workspace/scratch/5bc736d51023/tangviterbi/build/s3-fec-extensions/tc8psk-compact/viterbi.sv:130.33-130.74
Info:                               /workspace/scratch/5bc736d51023/tooling/oss-cad-suite/lib/../share/yosys/gowin/arith_map.v:57.7-63.5
Info:                               /workspace/scratch/5bc736d51023/tooling/oss-cad-suite/lib/../share/yosys/gowin/cells_sim.v:1033.25-1033.29
Info:      logic  0.06  8.62 Source g_viterbi.g_32acs.u_viterbi.metrics[58]_DFFE_Q_2_D_LUT4_F_I2_ALU_SUM_1_I1_ALU_I1_CIN_ALU_COUT_CIN_ALU_COUT_CIN_ALU_COUT_CIN_ALU_COUT_CIN_ALU_COUT_CIN_ALU_COUT_CIN_ALU_COUT_SUM_ALU_SUM_1_CIN_ALU_COUT_CIN_ALU_COUT_CIN_ALU_COUT_CIN_ALU_COUT_CIN_ALU_COUT_CIN_ALU_COUT_CIN_ALU_COUT.COUT
Info:    routing  0.00  8.62 Net g_viterbi.g_32acs.u_viterbi.metrics[58]_DFFE_Q_2_D_LUT4_F_I2_ALU_SUM_1_I1_ALU_I1_CIN_ALU_COUT_CIN_ALU_COUT_CIN_ALU_COUT_CIN_ALU_COUT_CIN_ALU_COUT_CIN_ALU_COUT_CIN_ALU_COUT_SUM_ALU_SUM_1_CIN_ALU_COUT_CIN_ALU_COUT_CIN_ALU_COUT_CIN_ALU_COUT_CIN_ALU_COUT_CIN_ALU_COUT_CIN (29,5) -> (30,5)
Info:                          Sink g_viterbi.g_32acs.u_viterbi.metrics[58]_DFFE_Q_2_D_LUT4_F_I2_ALU_SUM_1_I1_ALU_I1_CIN_ALU_COUT_CIN_ALU_COUT_CIN_ALU_COUT_CIN_ALU_COUT_CIN_ALU_COUT_CIN_ALU_COUT_CIN_ALU_COUT_SUM_ALU_SUM_1_CIN_ALU_COUT_CIN_ALU_COUT_CIN_ALU_COUT_CIN_ALU_COUT_CIN_ALU_COUT_CIN_ALU_COUT.CIN
Info:                          Defined in:
Info:                               /workspace/scratch/5bc736d51023/tangviterbi/build/s3-fec-extensions/tc8psk-compact/viterbi.sv:130.33-130.74
Info:                               /workspace/scratch/5bc736d51023/tooling/oss-cad-suite/lib/../share/yosys/gowin/arith_map.v:57.7-63.5
Info:                               /workspace/scratch/5bc736d51023/tooling/oss-cad-suite/lib/../share/yosys/gowin/cells_sim.v:1033.25-1033.29
Info:      logic  0.06  8.68 Source g_viterbi.g_32acs.u_viterbi.metrics[58]_DFFE_Q_2_D_LUT4_F_I2_ALU_SUM_1_I1_ALU_I1_CIN_ALU_COUT_CIN_ALU_COUT_CIN_ALU_COUT_CIN_ALU_COUT_CIN_ALU_COUT_CIN_ALU_COUT_CIN_ALU_COUT_SUM_ALU_SUM_1_CIN_ALU_COUT_CIN_ALU_COUT_CIN_ALU_COUT_CIN_ALU_COUT_CIN_ALU_COUT_CIN_ALU_COUT.COUT
Info:    routing  0.00  8.68 Net g_viterbi.g_32acs.u_viterbi.metrics[58]_DFFE_Q_2_D_LUT4_F_I2_ALU_SUM_1_I1_ALU_I1_CIN_ALU_COUT_CIN_ALU_COUT_CIN_ALU_COUT_CIN_ALU_COUT_CIN_ALU_COUT_CIN_ALU_COUT_CIN_ALU_COUT_SUM_ALU_SUM_1_CIN_ALU_COUT_CIN_ALU_COUT_CIN_ALU_COUT_CIN_ALU_COUT_CIN_ALU_COUT_CIN (30,5) -> (30,5)
Info:                          Sink g_viterbi.g_32acs.u_viterbi.metrics[58]_DFFE_Q_2_D_LUT4_F_I2_ALU_SUM_1_I1_ALU_I1_CIN_ALU_COUT_CIN_ALU_COUT_CIN_ALU_COUT_CIN_ALU_COUT_CIN_ALU_COUT_CIN_ALU_COUT_CIN_ALU_COUT_SUM_ALU_SUM_1_CIN_ALU_COUT_CIN_ALU_COUT_CIN_ALU_COUT_CIN_ALU_COUT_CIN_ALU_COUT.CIN
Info:                          Defined in:
Info:                               /workspace/scratch/5bc736d51023/tangviterbi/build/s3-fec-extensions/tc8psk-compact/viterbi.sv:130.33-130.74
Info:                               /workspace/scratch/5bc736d51023/tooling/oss-cad-suite/lib/../share/yosys/gowin/arith_map.v:57.7-63.5
Info:                               /workspace/scratch/5bc736d51023/tooling/oss-cad-suite/lib/../share/yosys/gowin/cells_sim.v:1033.25-1033.29
Info:      logic  0.06  8.74 Source g_viterbi.g_32acs.u_viterbi.metrics[58]_DFFE_Q_2_D_LUT4_F_I2_ALU_SUM_1_I1_ALU_I1_CIN_ALU_COUT_CIN_ALU_COUT_CIN_ALU_COUT_CIN_ALU_COUT_CIN_ALU_COUT_CIN_ALU_COUT_CIN_ALU_COUT_SUM_ALU_SUM_1_CIN_ALU_COUT_CIN_ALU_COUT_CIN_ALU_COUT_CIN_ALU_COUT_CIN_ALU_COUT.COUT
Info:    routing  0.00  8.74 Net g_viterbi.g_32acs.u_viterbi.metrics[58]_DFFE_Q_2_D_LUT4_F_I2_ALU_SUM_1_I1_ALU_I1_CIN_ALU_COUT_CIN_ALU_COUT_CIN_ALU_COUT_CIN_ALU_COUT_CIN_ALU_COUT_CIN_ALU_COUT_CIN_ALU_COUT_SUM_ALU_SUM_1_CIN_ALU_COUT_CIN_ALU_COUT_CIN_ALU_COUT_CIN_ALU_COUT_CIN (30,5) -> (30,5)
Info:                          Sink g_viterbi.g_32acs.u_viterbi.metrics[58]_DFFE_Q_2_D_LUT4_F_I2_ALU_SUM_1_I1_ALU_I1_CIN_ALU_COUT_CIN_ALU_COUT_CIN_ALU_COUT_CIN_ALU_COUT_CIN_ALU_COUT_CIN_ALU_COUT_CIN_ALU_COUT_SUM_ALU_SUM_1_CIN_ALU_COUT_CIN_ALU_COUT_CIN_ALU_COUT_CIN_ALU_COUT.CIN
Info:                          Defined in:
Info:                               /workspace/scratch/5bc736d51023/tangviterbi/build/s3-fec-extensions/tc8psk-compact/viterbi.sv:130.33-130.74
Info:                               /workspace/scratch/5bc736d51023/tooling/oss-cad-suite/lib/../share/yosys/gowin/arith_map.v:57.7-63.5
Info:                               /workspace/scratch/5bc736d51023/tooling/oss-cad-suite/lib/../share/yosys/gowin/cells_sim.v:1033.25-1033.29
Info:      logic  0.06  8.80 Source g_viterbi.g_32acs.u_viterbi.metrics[58]_DFFE_Q_2_D_LUT4_F_I2_ALU_SUM_1_I1_ALU_I1_CIN_ALU_COUT_CIN_ALU_COUT_CIN_ALU_COUT_CIN_ALU_COUT_CIN_ALU_COUT_CIN_ALU_COUT_CIN_ALU_COUT_SUM_ALU_SUM_1_CIN_ALU_COUT_CIN_ALU_COUT_CIN_ALU_COUT_CIN_ALU_COUT.COUT
Info:    routing  0.00  8.80 Net g_viterbi.g_32acs.u_viterbi.metrics[58]_DFFE_Q_2_D_LUT4_F_I2_ALU_SUM_1_I1_ALU_I1_CIN_ALU_COUT_CIN_ALU_COUT_CIN_ALU_COUT_CIN_ALU_COUT_CIN_ALU_COUT_CIN_ALU_COUT_CIN_ALU_COUT_SUM_ALU_SUM_1_CIN_ALU_COUT_CIN_ALU_COUT_CIN_ALU_COUT_CIN (30,5) -> (30,5)
Info:                          Sink g_viterbi.g_32acs.u_viterbi.metrics[58]_DFFE_Q_2_D_LUT4_F_I2_ALU_SUM_1_I1_ALU_I1_CIN_ALU_COUT_CIN_ALU_COUT_CIN_ALU_COUT_CIN_ALU_COUT_CIN_ALU_COUT_CIN_ALU_COUT_CIN_ALU_COUT_SUM_ALU_SUM_1_CIN_ALU_COUT_CIN_ALU_COUT_CIN_ALU_COUT.CIN
Info:                          Defined in:
Info:                               /workspace/scratch/5bc736d51023/tangviterbi/build/s3-fec-extensions/tc8psk-compact/viterbi.sv:130.33-130.74
Info:                               /workspace/scratch/5bc736d51023/tooling/oss-cad-suite/lib/../share/yosys/gowin/arith_map.v:57.7-63.5
Info:                               /workspace/scratch/5bc736d51023/tooling/oss-cad-suite/lib/../share/yosys/gowin/cells_sim.v:1033.25-1033.29
Info:      logic  0.06  8.85 Source g_viterbi.g_32acs.u_viterbi.metrics[58]_DFFE_Q_2_D_LUT4_F_I2_ALU_SUM_1_I1_ALU_I1_CIN_ALU_COUT_CIN_ALU_COUT_CIN_ALU_COUT_CIN_ALU_COUT_CIN_ALU_COUT_CIN_ALU_COUT_CIN_ALU_COUT_SUM_ALU_SUM_1_CIN_ALU_COUT_CIN_ALU_COUT_CIN_ALU_COUT.COUT
Info:    routing  0.00  8.85 Net g_viterbi.g_32acs.u_viterbi.metrics[58]_DFFE_Q_2_D_LUT4_F_I2_ALU_SUM_1_I1_ALU_I1_CIN_ALU_COUT_CIN_ALU_COUT_CIN_ALU_COUT_CIN_ALU_COUT_CIN_ALU_COUT_CIN_ALU_COUT_CIN_ALU_COUT_SUM_ALU_SUM_1_CIN_ALU_COUT_CIN_ALU_COUT_CIN (30,5) -> (30,5)
Info:                          Sink g_viterbi.g_32acs.u_viterbi.metrics[58]_DFFE_Q_2_D_LUT4_F_I2_ALU_SUM_1_I1_ALU_I1_CIN_ALU_COUT_CIN_ALU_COUT_CIN_ALU_COUT_CIN_ALU_COUT_CIN_ALU_COUT_CIN_ALU_COUT_CIN_ALU_COUT_SUM_ALU_SUM_1_CIN_ALU_COUT_CIN_ALU_COUT.CIN
Info:                          Defined in:
Info:                               /workspace/scratch/5bc736d51023/tangviterbi/build/s3-fec-extensions/tc8psk-compact/viterbi.sv:130.33-130.74
Info:                               /workspace/scratch/5bc736d51023/tooling/oss-cad-suite/lib/../share/yosys/gowin/arith_map.v:57.7-63.5
Info:                               /workspace/scratch/5bc736d51023/tooling/oss-cad-suite/lib/../share/yosys/gowin/cells_sim.v:1033.25-1033.29
Info:      logic  0.06  8.91 Source g_viterbi.g_32acs.u_viterbi.metrics[58]_DFFE_Q_2_D_LUT4_F_I2_ALU_SUM_1_I1_ALU_I1_CIN_ALU_COUT_CIN_ALU_COUT_CIN_ALU_COUT_CIN_ALU_COUT_CIN_ALU_COUT_CIN_ALU_COUT_CIN_ALU_COUT_SUM_ALU_SUM_1_CIN_ALU_COUT_CIN_ALU_COUT.COUT
Info:    routing  0.00  8.91 Net g_viterbi.g_32acs.u_viterbi.metrics[58]_DFFE_Q_2_D_LUT4_F_I2_ALU_SUM_1_I1_ALU_I1_CIN_ALU_COUT_CIN_ALU_COUT_CIN_ALU_COUT_CIN_ALU_COUT_CIN_ALU_COUT_CIN_ALU_COUT_CIN_ALU_COUT_SUM_ALU_SUM_1_CIN_ALU_COUT_CIN (30,5) -> (30,5)
Info:                          Sink g_viterbi.g_32acs.u_viterbi.metrics[58]_DFFE_Q_2_D_LUT4_F_I2_ALU_SUM_1_I1_ALU_I1_CIN_ALU_COUT_CIN_ALU_COUT_CIN_ALU_COUT_CIN_ALU_COUT_CIN_ALU_COUT_CIN_ALU_COUT_CIN_ALU_COUT_SUM_ALU_SUM_1_CIN_ALU_COUT.CIN
Info:                          Defined in:
Info:                               /workspace/scratch/5bc736d51023/tangviterbi/build/s3-fec-extensions/tc8psk-compact/viterbi.sv:130.33-130.74
Info:                               /workspace/scratch/5bc736d51023/tooling/oss-cad-suite/lib/../share/yosys/gowin/arith_map.v:57.7-63.5
Info:                               /workspace/scratch/5bc736d51023/tooling/oss-cad-suite/lib/../share/yosys/gowin/cells_sim.v:1033.25-1033.29
Info:      logic  0.06  8.97 Source g_viterbi.g_32acs.u_viterbi.metrics[58]_DFFE_Q_2_D_LUT4_F_I2_ALU_SUM_1_I1_ALU_I1_CIN_ALU_COUT_CIN_ALU_COUT_CIN_ALU_COUT_CIN_ALU_COUT_CIN_ALU_COUT_CIN_ALU_COUT_CIN_ALU_COUT_SUM_ALU_SUM_1_CIN_ALU_COUT.COUT
Info:    routing  0.00  8.97 Net g_viterbi.g_32acs.u_viterbi.metrics[58]_DFFE_Q_2_D_LUT4_F_I2_ALU_SUM_1_I1_ALU_I1_CIN_ALU_COUT_CIN_ALU_COUT_CIN_ALU_COUT_CIN_ALU_COUT_CIN_ALU_COUT_CIN_ALU_COUT_CIN_ALU_COUT_SUM_ALU_SUM_1_CIN (30,5) -> (31,5)
Info:                          Sink g_viterbi.g_32acs.u_viterbi.metrics[58]_DFFE_Q_2_D_LUT4_F_I2_ALU_SUM_1_I1_ALU_I1_CIN_ALU_COUT_CIN_ALU_COUT_CIN_ALU_COUT_CIN_ALU_COUT_CIN_ALU_COUT_CIN_ALU_COUT_CIN_ALU_COUT_SUM_ALU_SUM_1.CIN
Info:                          Defined in:
Info:                               /workspace/scratch/5bc736d51023/tangviterbi/build/s3-fec-extensions/tc8psk-compact/viterbi.sv:130.33-130.74
Info:                               /workspace/scratch/5bc736d51023/tooling/oss-cad-suite/lib/../share/yosys/gowin/arith_map.v:57.7-63.5
Info:                               /workspace/scratch/5bc736d51023/tooling/oss-cad-suite/lib/../share/yosys/gowin/cells_sim.v:1033.25-1033.29
Info:      logic  0.56  9.53 Source g_viterbi.g_32acs.u_viterbi.metrics[58]_DFFE_Q_2_D_LUT4_F_I2_ALU_SUM_1_I1_ALU_I1_CIN_ALU_COUT_CIN_ALU_COUT_CIN_ALU_COUT_CIN_ALU_COUT_CIN_ALU_COUT_CIN_ALU_COUT_CIN_ALU_COUT_SUM_ALU_SUM_1.SUM
Info:    routing  1.37  10.90 Net g_viterbi.g_32acs.u_viterbi.metrics[58]_DFFE_Q_2_D_LUT4_F_I2_ALU_SUM_1_I1_ALU_I1_CIN_ALU_COUT_CIN_ALU_COUT_CIN_ALU_COUT_CIN_ALU_COUT_CIN_ALU_COUT_CIN_ALU_COUT_CIN_ALU_COUT_CIN_ALU_COUT_CIN_ALU_COUT_SUM[3] (31,5) -> (30,8)
Info:                          Sink g_viterbi.g_32acs.u_viterbi.metrics[59]_DFFE_Q_9_D_LUT4_F.I3
Info:                          Defined in:
Info:                               /workspace/scratch/5bc736d51023/tooling/oss-cad-suite/lib/../share/yosys/gowin/cells_map.v:130.20-130.21
Info:      logic  0.62  11.52 Source g_viterbi.g_32acs.u_viterbi.metrics[59]_DFFE_Q_9_D_LUT4_F.F
Info:    routing  0.00  11.52 Net g_viterbi.g_32acs.u_viterbi.metrics[59]_DFFE_Q_9_D (30,8) -> (30,8)
Info:                          Sink g_viterbi.g_32acs.u_viterbi.metrics[15]_DFFE_Q_2.D
Info:      setup  0.40  11.92 Source g_viterbi.g_32acs.u_viterbi.metrics[15]_DFFE_Q_2.D
Info: 5.95 ns logic, 5.97 ns routing

ERROR: Max frequency for clock 'g_mem.u_mem.clk': 83.86 MHz (FAIL at 99.00 MHz)

Info: Slack histogram:
Info:  legend: * represents 2 endpoint(s)
Info:          + represents [1,2) endpoint(s)
Info: [ -1823,  -1268) |****+
Info: [ -1268,   -713) |****+
Info: [  -713,   -158) |************ 
Info: [  -158,    397) |***************+
Info: [   397,    952) |**** 
Info: [   952,   1507) |*****+
Info: [  1507,   2062) |**+
Info: [  2062,   2617) |**+
Info: [  2617,   3172) |****************************************** 
Info: [  3172,   3727) |************************************************ 
Info: [  3727,   4282) |************************************************************ 
Info: [  4282,   4837) |*********************************+
Info: [  4837,   5392) |***********************************+
Info: [  5392,   5947) |************************************************ 
Info: [  5947,   6502) |*****************************************************+
Info: [  6502,   7057) |************************ 
Info: [  7057,   7612) |*****************************+
Info: [  7612,   8167) |*****************************************+
Info: [  8167,   8722) |***********+
Info: [  8722,   9277) |**+
0 warnings, 1 error

Info: Program finished normally.
