Info: Using uarch 'gowin' for device 'GW1NR-LV9QN88PC6/I5'

Info: Cell O_psram_ck[0] not found
Info: Cell O_psram_ck[1] not found
Info: Cell O_psram_ck_n[0] not found
Info: Cell O_psram_ck_n[1] not found
Info: Cell O_psram_cs_n[0] not found
Info: Cell O_psram_cs_n[1] not found
Info: Cell O_psram_reset_n[0] not found
Info: Cell O_psram_reset_n[1] not found
Info: Cell IO_psram_dq[0] not found
Info: Cell IO_psram_dq[1] not found
Info: Cell IO_psram_dq[2] not found
Info: Cell IO_psram_dq[3] not found
Info: Cell IO_psram_dq[4] not found
Info: Cell IO_psram_dq[5] not found
Info: Cell IO_psram_dq[6] not found
Info: Cell IO_psram_dq[7] not found
Info: Cell IO_psram_dq[8] not found
Info: Cell IO_psram_dq[9] not found
Info: Cell IO_psram_dq[10] not found
Info: Cell IO_psram_dq[11] not found
Info: Cell IO_psram_dq[12] not found
Info: Cell IO_psram_dq[13] not found
Info: Cell IO_psram_dq[14] not found
Info: Cell IO_psram_dq[15] not found
Info: Cell IO_psram_rwds[0] not found
Info: Cell IO_psram_rwds[1] not found
Info: Reading constraints...
Info: Create constant nets...
Info: Modify LUTs...
Info: Pack IOBs...
Info: Pack I3C IOs...
Info: Pack MIPI IOs...
Info: Pack diff IOBs...
Info: Pack FFs into IO cells...
Info: Pack IODELAY...
Info: Pack Input Edge Monitors...
Info: Pack IO logic...
Info: Pack DESER16 logic...
Info: Pack GSR...
Info: Pack HCLK cells...
Info: Pack DLLDLYs...
Info: Pack wide LUTs...
Info: Packed MUX2_LUT8:0, MUX2_LU7:0, MUX2_LUT6:0, MUX2_LUT5:0
Info: Pack ALUs...
Info: Pack SSRAMs...
Info: Constrained 1185 LUTFF pairs.
Info: Pack PLL...
Info: Pack ADC...
Info: Pack GW JTAG...
Info: Pack BSRAMs...
Info: Pack DSP...
Info: Pack INV...
Info: Pack buffered nets...
Info: Pack EMCU and UserFlash cells...
Info: Pack UserFlash cells...
Info: Pack DQCE cells...
Info: Pack DCS cells...
Info: Checksum: 0x4b9be6a6

Info: Device utilisation:
Info: 	                 VCC:       1/      1   100%
Info: 	                 IOB:       3/    276     1%
Info: 	                LUT4:    4475/   8640    51%
Info: 	              OSER16:       0/     80     0%
Info: 	              IDES16:       0/     80     0%
Info: 	            IOLOGICI:       0/    276     0%
Info: 	            IOLOGICO:       0/    276     0%
Info: 	           MUX2_LUT5:       0/   4320     0%
Info: 	           MUX2_LUT6:       0/   2160     0%
Info: 	           MUX2_LUT7:       0/   1080     0%
Info: 	           MUX2_LUT8:       0/   1080     0%
Info: 	                 ALU:    1432/   6480    22%
Info: 	                 GND:       1/      1   100%
Info: 	                 DFF:    2524/   6480    38%
Info: 	           RAM16SDP4:       0/    270     0%
Info: 	               BSRAM:       8/     26    30%
Info: 	              ALU54D:       0/     10     0%
Info: 	     MULTADDALU18X18:       0/     10     0%
Info: 	        MULTALU18X18:       0/     10     0%
Info: 	        MULTALU36X18:       0/     10     0%
Info: 	           MULT36X36:       0/      5     0%
Info: 	           MULT18X18:       2/     20    10%
Info: 	             MULT9X9:       0/     40     0%
Info: 	              PADD18:       0/     20     0%
Info: 	               PADD9:       0/     40     0%
Info: 	                 GSR:       1/      1   100%
Info: 	                 OSC:       0/      1     0%
Info: 	                rPLL:       0/      2     0%
Info: 	           FLASH608K:       0/      1     0%
Info: 	                BUFG:       0/     22     0%
Info: 	                DQCE:       0/     24     0%
Info: 	                 DCS:       0/      8     0%
Info: 	               DHCEN:       0/     24     0%
Info: 	              CLKDIV:       0/      8     0%
Info: 	             CLKDIV2:       0/     16     0%
Info: 	           MIPI_IBUF:       0/     22     0%
Info: 	           MIPI_OBUF:       0/     20     0%

Info: Running custom HCLK placer...
Info: Placed 0 cells based on constraints.
Info: Creating initial analytic placement for 4502 cells, random placement wirelen = 184171.
Info:     at initial placer iter 0, wirelen = 1257
Info:     at initial placer iter 1, wirelen = 1077
Info:     at initial placer iter 2, wirelen = 1086
Info:     at initial placer iter 3, wirelen = 1094
Info: Running main analytical placer, max placement attempts per cell = 8935878.
Info:     at iteration #1, type ALL: wirelen solved = 1089, spread = 52709, legal = 100581; time = 1.56s
Info:     at iteration #2, type ALL: wirelen solved = 2495, spread = 48405, legal = 87638; time = 1.58s
Info:     at iteration #3, type ALL: wirelen solved = 5089, spread = 39514, legal = 89108; time = 1.60s
Info:     at iteration #4, type ALL: wirelen solved = 6146, spread = 43567, legal = 86651; time = 1.24s
Info:     at iteration #5, type ALL: wirelen solved = 7637, spread = 37260, legal = 80255; time = 1.39s
Info:     at iteration #6, type ALL: wirelen solved = 9083, spread = 36100, legal = 81136; time = 1.64s
Info:     at iteration #7, type ALL: wirelen solved = 10712, spread = 39734, legal = 81069; time = 1.16s
Info:     at iteration #8, type ALL: wirelen solved = 11882, spread = 39498, legal = 83133; time = 1.22s
Info:     at iteration #9, type ALL: wirelen solved = 14434, spread = 39284, legal = 81466; time = 1.74s
Info:     at iteration #10, type ALL: wirelen solved = 15426, spread = 37587, legal = 72170; time = 1.12s
Info:     at iteration #11, type ALL: wirelen solved = 15825, spread = 40036, legal = 74303; time = 0.99s
Info:     at iteration #12, type ALL: wirelen solved = 17750, spread = 38121, legal = 65245; time = 0.84s
Info:     at iteration #13, type ALL: wirelen solved = 19457, spread = 42493, legal = 67501; time = 0.87s
Info:     at iteration #14, type ALL: wirelen solved = 20373, spread = 35734, legal = 65196; time = 0.77s
Info:     at iteration #15, type ALL: wirelen solved = 21065, spread = 38471, legal = 70630; time = 1.11s
Info:     at iteration #16, type ALL: wirelen solved = 24151, spread = 36593, legal = 59411; time = 1.23s
Info:     at iteration #17, type ALL: wirelen solved = 24152, spread = 34531, legal = 56833; time = 0.99s
Info:     at iteration #18, type ALL: wirelen solved = 24094, spread = 45972, legal = 58597; time = 0.73s
Info:     at iteration #19, type ALL: wirelen solved = 26317, spread = 42572, legal = 52910; time = 0.41s
Info:     at iteration #20, type ALL: wirelen solved = 25536, spread = 37038, legal = 48310; time = 0.39s
Info:     at iteration #21, type ALL: wirelen solved = 26167, spread = 37506, legal = 49879; time = 0.37s
Info:     at iteration #22, type ALL: wirelen solved = 25791, spread = 37597, legal = 50597; time = 0.47s
Info:     at iteration #23, type ALL: wirelen solved = 27794, spread = 38463, legal = 48742; time = 0.48s
Info:     at iteration #24, type ALL: wirelen solved = 27980, spread = 36349, legal = 46757; time = 0.30s
Info:     at iteration #25, type ALL: wirelen solved = 28331, spread = 37541, legal = 46877; time = 0.28s
Info:     at iteration #26, type ALL: wirelen solved = 28220, spread = 36876, legal = 46279; time = 0.29s
Info:     at iteration #27, type ALL: wirelen solved = 27782, spread = 36585, legal = 46060; time = 0.32s
Info:     at iteration #28, type ALL: wirelen solved = 28180, spread = 36640, legal = 46197; time = 0.44s
Info:     at iteration #29, type ALL: wirelen solved = 28597, spread = 36696, legal = 44432; time = 0.26s
Info:     at iteration #30, type ALL: wirelen solved = 28843, spread = 37260, legal = 45084; time = 0.24s
Info:     at iteration #31, type ALL: wirelen solved = 28779, spread = 35126, legal = 46741; time = 0.28s
Info:     at iteration #32, type ALL: wirelen solved = 29827, spread = 38528, legal = 47070; time = 0.27s
Info:     at iteration #33, type ALL: wirelen solved = 30392, spread = 37766, legal = 45562; time = 0.19s
Info:     at iteration #34, type ALL: wirelen solved = 29639, spread = 37966, legal = 45631; time = 0.23s
Info: HeAP Placer Time: 27.98s
Info:   of which solving equations: 2.61s
Info:   of which spreading cells: 0.33s
Info:   of which strict legalisation: 24.29s

Info: Running simulated annealing placer for refinement.
Info:   at iteration #1: temp = 0.000000, timing cost = 92, wirelen = 44432
Info:   at iteration #5: temp = 0.000000, timing cost = 60, wirelen = 37347
Info:   at iteration #10: temp = 0.000000, timing cost = 71, wirelen = 35087
Info:   at iteration #15: temp = 0.000000, timing cost = 128, wirelen = 34009
Info:   at iteration #20: temp = 0.000000, timing cost = 120, wirelen = 33092
Info:   at iteration #25: temp = 0.000000, timing cost = 118, wirelen = 32799
Info:   at iteration #30: temp = 0.000000, timing cost = 118, wirelen = 32662
Info:   at iteration #35: temp = 0.000000, timing cost = 118, wirelen = 32591
Info:   at iteration #35: temp = 0.000000, timing cost = 117, wirelen = 32600 
Info: SA placement time 12.33s

Info: Max frequency for clock 'g_mem.u_mem.clk': 105.93 MHz (PASS at 99.00 MHz)

Info: Slack histogram:
Info:  legend: * represents 6 endpoint(s)
Info:          + represents [1,6) endpoint(s)
Info: [   661,   1108) |*+
Info: [  1108,   1555) |**********+
Info: [  1555,   2002) |***************+
Info: [  2002,   2449) |**************+
Info: [  2449,   2896) |*******************+
Info: [  2896,   3343) |*****************+
Info: [  3343,   3790) |*************************+
Info: [  3790,   4237) |*************************+
Info: [  4237,   4684) |********+
Info: [  4684,   5131) |**********************+
Info: [  5131,   5578) |********+
Info: [  5578,   6025) |***********+
Info: [  6025,   6472) |*********+
Info: [  6472,   6919) |*********+
Info: [  6919,   7366) |********************+
Info: [  7366,   7813) |***************+
Info: [  7813,   8260) |****************+
Info: [  8260,   8707) |****************+
Info: [  8707,   9154) |****************************** 
Info: [  9154,   9601) |************************************************************ 
Info: Checksum: 0x77ff3cbe
Info: Routing globals...
Info:     'g_mem.u_mem.clk' net was routed using global resources only.
Info:     'g_mem.u_mem.resetn' is routed using segments.
Info:     'activity_OBUF_O_I_LUT4_F_I3_LUT4_F_3_I3_LUT4_F_3_I3_DFFCE_Q_1_D_LUT4_F_I1_DFFCE_Q_D_LUT2_F_I0_DFFCE_Q_D_LUT2_F_I0_DFFCE_Q_D_LUT3_F_I0[1]' is routed using segments.
Info:     'metric.abs_q_DFFE_Q_13_D_LUT3_F_I1_LUT3_I1_F_DFFCE_D_Q_LUT4_I1_1_F_DFFCE_D_Q_DFFCE_Q_1_D_LUT4_F_I1_DFFCE_Q_D_LUT2_F_I0_DFFCE_Q_D_LUT2_F_I0_DFFCE_Q_D_LUT3_F_I0[1]' is routed using segments.
Info:     'metric.abs_i_DFFRE_Q_D_ALU_SUM_CIN_ALU_COUT_SUM_DFFC_D_Q[0]' is routed using segments.
Info:     'activity_OBUF_O_I_LUT4_F_I3_LUT4_F_3_I3_LUT4_F_3_I3_DFFCE_Q_3_D_LUT4_F_I1_DFFCE_Q_1_D_LUT3_F_I0_DFFCE_Q_D_LUT3_F_I0[1]' is routed using segments.
Info:     'g_viterbi.g_32acs.u_viterbi.survivor_lo.0.0_ADA_LUT4_I0_F_DFFCE_Q_D_LUT2_F_I0_ALU_SUM_CIN_ALU_COUT_CIN_ALU_COUT_CIN_ALU_COUT_SUM_LUT2_I0_F_DFFCE_D_Q_DFF_Q_1_D_LUT4_F_I3_LUT2_I1_F_LUT3_F_I0_LUT3_I0_F_LUT2_I1_F[1]' is routed using segments.
Info:     'g_rs.u_rs.coefficient_b_DFFR_Q_1_D_LUT3_F_I2[0]' is routed using segments.
Info:     'g_viterbi.g_32acs.u_viterbi.survivor_lo.0.0_DI_22_DFF_Q_D_DFFCE_Q_CE' is routed using segments.
Info:     'g_viterbi.g_32acs.u_viterbi.metrics[8]_DFFE_Q_D_LUT4_F_I2_ALU_SUM_1_I1_ALU_I1_CIN_ALU_COUT_CIN_ALU_COUT_CIN_ALU_COUT_CIN_ALU_COUT_CIN_ALU_COUT_CIN_ALU_COUT_CIN_ALU_COUT_CIN_ALU_COUT_CIN_ALU_COUT_CIN_ALU_COUT_CIN_ALU_COUT_SUM[3]' is routed using segments.
Info:     'g_viterbi.g_32acs.u_viterbi.survivor_lo.0.0_ADA_LUT4_I0_F_DFFCE_Q_D_LUT2_F_I0_ALU_SUM_CIN_ALU_COUT_CIN_ALU_COUT_CIN_ALU_COUT_SUM_LUT2_I0_F_DFFCE_D_Q_DFF_Q_1_D_LUT4_F_I3_LUT2_I1_F_LUT3_F_I0_LUT3_I0_F_LUT3_I2_1_F[1]' is routed using segments.
Info:     'g_viterbi.g_32acs.u_viterbi.metrics[0]_DFFE_Q_6_D_LUT4_F_I2_ALU_SUM_1_COUT_ALU_CIN_COUT_ALU_CIN_I0_LUT2_F_I0_LUT4_F_I1[1]' is routed using segments.
Info:     'activity_OBUF_O_I_LUT4_F_I3_LUT4_F_2_I3_LUT4_F_I3_DFFCE_Q_CE[2]' is routed using segments.
Info:     'g_rs.u_rs.bm_degree_overflow_LUT3_I1_F_DFFCE_Q_CE_LUT3_F_I2_LUT3_F_I2_LUT4_I3_F_DFFCE_CE_Q_DFFPE_Q_CE_LUT4_F_I0_LUT3_I0_1_F_LUT2_I1_F_LUT2_I1_F' is routed using segments.
Info:     'g_rs.u_rs.error_prefetch_index_DFFRE_Q_D_LUT2_F_I0_ALU_I1_COUT_ALU_CIN_COUT_ALU_CIN_SUM_ALU_I0_COUT_ALU_CIN_SUM_LUT3_I1_F_DFFC_D_Q[1]' is routed using segments.
Info:     'metric.abs_i_DFFRE_Q_D_ALU_SUM_CIN_ALU_COUT_SUM_DFFC_D_Q[1]' is routed using segments.
Info:     'metric.abs_i_DFFE_Q_14_D[2]' is routed using segments.
Info:     'g_viterbi.g_32acs.u_viterbi.survivor_lo.0.0_ADA_LUT4_I0_F_DFFCE_Q_D_LUT2_F_I0_ALU_SUM_CIN_ALU_COUT_CIN_ALU_COUT_CIN_ALU_COUT_SUM_LUT2_I0_F_DFFCE_D_Q_DFF_Q_1_D_LUT4_F_I3_LUT2_I1_F_LUT3_F_I0_LUT3_I0_F_LUT4_I3_F' is routed using segments.
Info:     'activity_OBUF_O_I_LUT4_F_I3_LUT4_F_3_I3_LUT4_F_3_I3_DFFCE_Q_1_D_LUT4_F_I1_DFFCE_Q_D_LUT2_F_I0[1]' is routed using segments.
Info:     'g_rs.u_rs.bm_degree_overflow_LUT4_I1_I3_LUT3_I2_2_F_DFFCE_CE_Q_LUT2_I1_F_DFFC_D_Q[2]' is routed using segments.
Info:     'g_viterbi.g_32acs.u_viterbi.survivor_lo.0.0_ADA_LUT4_I0_F_DFFCE_Q_D_LUT2_F_I0_ALU_SUM_COUT_ALU_CIN_SUM_DFFCE_Q_D_ALU_SUM_CIN_ALU_COUT_SUM_DFFCE_D_Q_LUT4_F_I3_ALU_COUT_CIN_ALU_COUT_SUM_DFFCE_D_Q_ALU_I1_COUT_ALU_CIN_SUM_DFFCE_D_Q[1]' is routed using segments.
Info:     'g_rs.u_rs.lambda_select_DFFR_Q_1_D_LUT3_F_I2_LUT3_F_I2_LUT4_F_I3_LUT3_F_1_I1_LUT4_I2_I3[1]' is routed using segments.
Info:     'metric.abs_q_DFFE_Q_12_D_LUT3_F_I0_LUT2_I1_F_LUT2_I1_F_LUT2_I1_F_DFFC_D_Q[0]' is routed using segments.
Info:     'g_rs.u_rs.bpoly_select_DFFR_Q_1_D_LUT4_F_I3[2]' is routed using segments.
Info:     'activity_OBUF_O_I_LUT4_F_I3_LUT4_F_3_I3_LUT4_F_3_I3_DFFCE_Q_3_D_LUT4_F_I1_DFFCE_Q_D_LUT2_F_I0_DFFCE_Q_D_LUT2_F_I0_DFFCE_Q_D_LUT3_F_I0[1]' is routed using segments.
Info:     'activity_OBUF_O_I_LUT4_F_I3_LUT4_F_3_I3_LUT4_F_3_I3_DFFCE_Q_2_D_LUT4_F_I1_DFFCE_Q_1_D_LUT3_F_I0_DFFCE_Q_D_LUT3_F_I0[1]' is routed using segments.
Info:     'activity_OBUF_O_I_LUT4_F_I3_LUT4_F_3_I3_LUT4_F_3_I3_DFFCE_Q_1_D_LUT4_F_I1_DFFCE_Q_1_D_LUT3_F_I0_DFFCE_Q_D_LUT3_F_I0[1]' is routed using segments.
Info:     'g_rs.u_rs.bm_degree_overflow_LUT4_I1_F_LUT3_I2_F_DFFC_D_Q_DFFC_Q_D_LUT3_F_I2_LUT4_F_I0_ALU_COUT_CIN_ALU_COUT_CIN_ALU_COUT_CIN_ALU_COUT_SUM[1]' is routed using segments.
Info:     'g_viterbi.g_32acs.u_viterbi.survivor_lo.0.0_ADA_LUT4_I0_F_DFFCE_Q_D_LUT2_F_I0_ALU_SUM_CIN_ALU_COUT_CIN_ALU_COUT_CIN_ALU_COUT_SUM_LUT2_I0_F_DFFCE_D_Q[0]' is routed using segments.
Info:     'g_viterbi.g_32acs.u_viterbi.uncoded_pipe_LUT3_I0_I2_LUT4_F_I3_LUT3_I2_F_LUT3_I2_F_DFFCE_D_Q_LUT4_F_I3_LUT4_F_2_I3[1]' is routed using segments.
Info:     'g_rs.u_rs.bm_degree_overflow_LUT3_I1_F_DFFCE_Q_CE_LUT3_F_I2_LUT3_F_I2_LUT4_I3_F_DFFCE_CE_D_LUT4_F_I3[0]' is routed using segments.

Info: Routing..
Info: Setting up routing queue.
Info: Routing 21070 arcs.
Info:            |   (re-)routed arcs  |   delta    | remaining|       time spent     |
Info:    IterCnt |  w/ripup   wo/ripup |  w/r  wo/r |      arcs| batch(sec) total(sec)|
Info:       1000 |       45        954 |   45   954 |     20122|       0.58       0.58|
Info:       2000 |      178       1816 |  133   862 |     19276|       0.47       1.06|
Info:       3000 |      203       2465 |   25   649 |     18303|       0.19       1.24|
Info:       4000 |      211       3376 |    8   911 |     17311|       0.17       1.42|
Info:       5000 |      213       4326 |    2   950 |     16313|       0.36       1.78|
Info:       6000 |      214       5279 |    1   953 |     15314|       0.36       2.14|
Info:       7000 |      215       6224 |    1   945 |     14315|       0.38       2.52|
Info:       8000 |      217       7181 |    2   957 |     13317|       0.40       2.92|
Info:       9000 |      221       8128 |    4   947 |     12321|       0.39       3.30|
Info:      10000 |      229       9057 |    8   929 |     11332|       0.43       3.73|
Info:      11000 |      240      10007 |   11   950 |     10346|       0.44       4.18|
Info:      12000 |      262      10937 |   22   930 |      9374|       0.43       4.61|
Info:      13000 |      282      11865 |   20   928 |      8396|       0.50       5.11|
Info:      14000 |      333      12770 |   51   905 |      7453|       0.54       5.65|
Info:      15000 |      370      13697 |   37   927 |      6499|       0.62       6.27|
Info:      16000 |      433      14593 |   63   896 |      5586|       0.61       6.88|
Info:      17000 |      529      15448 |   96   855 |      4718|       0.69       7.58|
Info:      18000 |      610      16332 |   81   884 |      3826|       0.72       8.30|
Info:      19000 |      726      17191 |  116   859 |      2991|       0.83       9.13|
Info:      20000 |      894      17979 |  168   788 |      2236|       1.00      10.13|
Info:      21000 |     1066      18772 |  172   793 |      1489|       1.05      11.18|
Info:      22000 |     1273      19531 |  207   759 |       788|       1.15      12.33|
Info:      23000 |     1527      20244 |  254   713 |       140|       1.31      13.64|
Info:      23190 |     1571      20389 |   44   145 |         0|       0.25      13.89|
Info: Routing complete.
Info: Router1 time 13.89s
Info: Checksum: 0x8a3431aa

Info: Critical path report for clock 'g_mem.u_mem.clk' (posedge -> posedge):
Info:       type curr  total name
Info:   clk-to-q  0.46  0.46 Source g_viterbi.g_32acs.u_viterbi.metrics[56]_DFFE_Q_4_D_LUT4_F_I2_ALU_SUM_I0_LUT3_F_I2_LUT2_I1_F_DFFCE_Q_D_LUT2_F_I0_ALU_SUM_CIN_ALU_COUT_CIN_ALU_COUT_SUM_LUT2_I0_F_DFFCE_D_1.Q
Info:    routing  2.01  2.47 Net g_viterbi.g_32acs.u_viterbi.metrics[56]_DFFE_Q_4_D_LUT4_F_I2_ALU_SUM_I0_LUT3_F_I2_LUT2_I1_F_DFFCE_Q_D_LUT2_F_I0_ALU_SUM_CIN_ALU_COUT_CIN_ALU_COUT_SUM_LUT2_I0_F_DFFCE_D_1_Q[0] (30,7) -> (27,12)
Info:                          Sink g_viterbi.g_32acs.u_viterbi.metrics[62]_DFFE_Q_2_D_LUT4_F_I2_ALU_SUM_CIN_ALU_COUT_CIN_ALU_COUT_CIN_ALU_COUT_CIN_ALU_COUT_I0_LUT4_F.I0
Info:                          Defined in:
Info:                               /workspace/scratch/5bc736d51023/tooling/oss-cad-suite/lib/../share/yosys/gowin/cells_map.v:130.20-130.21
Info:      logic  1.03  3.50 Source g_viterbi.g_32acs.u_viterbi.metrics[62]_DFFE_Q_2_D_LUT4_F_I2_ALU_SUM_CIN_ALU_COUT_CIN_ALU_COUT_CIN_ALU_COUT_CIN_ALU_COUT_I0_LUT4_F.F
Info:    routing  1.22  4.72 Net g_viterbi.g_32acs.u_viterbi.metrics[62]_DFFE_Q_2_D_LUT4_F_I2_ALU_SUM_CIN_ALU_COUT_CIN_ALU_COUT_CIN_ALU_COUT_CIN_ALU_COUT_I0 (27,12) -> (24,12)
Info:                          Sink g_viterbi.g_32acs.u_viterbi.metrics[62]_DFFE_Q_2_D_LUT4_F_I2_ALU_SUM_CIN_ALU_COUT_CIN_ALU_COUT_CIN_ALU_COUT_CIN_ALU_COUT.I0
Info:      logic  0.96  5.68 Source g_viterbi.g_32acs.u_viterbi.metrics[62]_DFFE_Q_2_D_LUT4_F_I2_ALU_SUM_CIN_ALU_COUT_CIN_ALU_COUT_CIN_ALU_COUT_CIN_ALU_COUT.COUT
Info:    routing  0.00  5.68 Net g_viterbi.g_32acs.u_viterbi.metrics[62]_DFFE_Q_2_D_LUT4_F_I2_ALU_SUM_CIN_ALU_COUT_CIN_ALU_COUT_CIN_ALU_COUT_CIN (24,12) -> (24,12)
Info:                          Sink g_viterbi.g_32acs.u_viterbi.metrics[62]_DFFE_Q_2_D_LUT4_F_I2_ALU_SUM_CIN_ALU_COUT_CIN_ALU_COUT_CIN_ALU_COUT.CIN
Info:                          Defined in:
Info:                               /workspace/scratch/5bc736d51023/tangviterbi/build/s3-fec-extensions/tc8psk-compact/viterbi.sv:129.21-129.43
Info:                               /workspace/scratch/5bc736d51023/tooling/oss-cad-suite/lib/../share/yosys/gowin/arith_map.v:57.7-63.5
Info:                               /workspace/scratch/5bc736d51023/tooling/oss-cad-suite/lib/../share/yosys/gowin/cells_sim.v:1033.25-1033.29
Info:      logic  0.56  6.24 Source g_viterbi.g_32acs.u_viterbi.metrics[62]_DFFE_Q_2_D_LUT4_F_I2_ALU_SUM_CIN_ALU_COUT_CIN_ALU_COUT_CIN_ALU_COUT.SUM
Info:    routing  0.89  7.13 Net g_viterbi.g_32acs.u_viterbi.metrics[62]_DFFE_Q_2_D_LUT4_F_I2_ALU_SUM_CIN_ALU_COUT_CIN_ALU_COUT_CIN_ALU_COUT_SUM[1] (24,12) -> (24,10)
Info:                          Sink g_viterbi.g_32acs.u_viterbi.metrics[62]_DFFE_Q_2_D_LUT4_F_I2_ALU_SUM_COUT_ALU_CIN_COUT_ALU_CIN_SUM_ALU_SUM_1_CIN_ALU_COUT_CIN_ALU_COUT_CIN_ALU_COUT_CIN_ALU_COUT_CIN_ALU_COUT.I0
Info:                          Defined in:
Info:                               /workspace/scratch/5bc736d51023/tooling/oss-cad-suite/lib/../share/yosys/gowin/cells_map.v:130.20-130.21
Info:      logic  0.96  8.09 Source g_viterbi.g_32acs.u_viterbi.metrics[62]_DFFE_Q_2_D_LUT4_F_I2_ALU_SUM_COUT_ALU_CIN_COUT_ALU_CIN_SUM_ALU_SUM_1_CIN_ALU_COUT_CIN_ALU_COUT_CIN_ALU_COUT_CIN_ALU_COUT_CIN_ALU_COUT.COUT
Info:    routing  0.00  8.09 Net g_viterbi.g_32acs.u_viterbi.metrics[62]_DFFE_Q_2_D_LUT4_F_I2_ALU_SUM_COUT_ALU_CIN_COUT_ALU_CIN_SUM_ALU_SUM_1_CIN_ALU_COUT_CIN_ALU_COUT_CIN_ALU_COUT_CIN_ALU_COUT_CIN (24,10) -> (24,10)
Info:                          Sink g_viterbi.g_32acs.u_viterbi.metrics[62]_DFFE_Q_2_D_LUT4_F_I2_ALU_SUM_COUT_ALU_CIN_COUT_ALU_CIN_SUM_ALU_SUM_1_CIN_ALU_COUT_CIN_ALU_COUT_CIN_ALU_COUT_CIN_ALU_COUT.CIN
Info:                          Defined in:
Info:                               /workspace/scratch/5bc736d51023/tangviterbi/build/s3-fec-extensions/tc8psk-compact/viterbi.sv:130.33-130.74
Info:                               /workspace/scratch/5bc736d51023/tooling/oss-cad-suite/lib/../share/yosys/gowin/arith_map.v:57.7-63.5
Info:                               /workspace/scratch/5bc736d51023/tooling/oss-cad-suite/lib/../share/yosys/gowin/cells_sim.v:1033.25-1033.29
Info:      logic  0.06  8.15 Source g_viterbi.g_32acs.u_viterbi.metrics[62]_DFFE_Q_2_D_LUT4_F_I2_ALU_SUM_COUT_ALU_CIN_COUT_ALU_CIN_SUM_ALU_SUM_1_CIN_ALU_COUT_CIN_ALU_COUT_CIN_ALU_COUT_CIN_ALU_COUT.COUT
Info:    routing  0.00  8.15 Net g_viterbi.g_32acs.u_viterbi.metrics[62]_DFFE_Q_2_D_LUT4_F_I2_ALU_SUM_COUT_ALU_CIN_COUT_ALU_CIN_SUM_ALU_SUM_1_CIN_ALU_COUT_CIN_ALU_COUT_CIN_ALU_COUT_CIN (24,10) -> (24,10)
Info:                          Sink g_viterbi.g_32acs.u_viterbi.metrics[62]_DFFE_Q_2_D_LUT4_F_I2_ALU_SUM_COUT_ALU_CIN_COUT_ALU_CIN_SUM_ALU_SUM_1_CIN_ALU_COUT_CIN_ALU_COUT_CIN_ALU_COUT.CIN
Info:                          Defined in:
Info:                               /workspace/scratch/5bc736d51023/tangviterbi/build/s3-fec-extensions/tc8psk-compact/viterbi.sv:130.33-130.74
Info:                               /workspace/scratch/5bc736d51023/tooling/oss-cad-suite/lib/../share/yosys/gowin/arith_map.v:57.7-63.5
Info:                               /workspace/scratch/5bc736d51023/tooling/oss-cad-suite/lib/../share/yosys/gowin/cells_sim.v:1033.25-1033.29
Info:      logic  0.06  8.20 Source g_viterbi.g_32acs.u_viterbi.metrics[62]_DFFE_Q_2_D_LUT4_F_I2_ALU_SUM_COUT_ALU_CIN_COUT_ALU_CIN_SUM_ALU_SUM_1_CIN_ALU_COUT_CIN_ALU_COUT_CIN_ALU_COUT.COUT
Info:    routing  0.00  8.20 Net g_viterbi.g_32acs.u_viterbi.metrics[62]_DFFE_Q_2_D_LUT4_F_I2_ALU_SUM_COUT_ALU_CIN_COUT_ALU_CIN_SUM_ALU_SUM_1_CIN_ALU_COUT_CIN_ALU_COUT_CIN (24,10) -> (24,10)
Info:                          Sink g_viterbi.g_32acs.u_viterbi.metrics[62]_DFFE_Q_2_D_LUT4_F_I2_ALU_SUM_COUT_ALU_CIN_COUT_ALU_CIN_SUM_ALU_SUM_1_CIN_ALU_COUT_CIN_ALU_COUT.CIN
Info:                          Defined in:
Info:                               /workspace/scratch/5bc736d51023/tangviterbi/build/s3-fec-extensions/tc8psk-compact/viterbi.sv:130.33-130.74
Info:                               /workspace/scratch/5bc736d51023/tooling/oss-cad-suite/lib/../share/yosys/gowin/arith_map.v:57.7-63.5
Info:                               /workspace/scratch/5bc736d51023/tooling/oss-cad-suite/lib/../share/yosys/gowin/cells_sim.v:1033.25-1033.29
Info:      logic  0.06  8.26 Source g_viterbi.g_32acs.u_viterbi.metrics[62]_DFFE_Q_2_D_LUT4_F_I2_ALU_SUM_COUT_ALU_CIN_COUT_ALU_CIN_SUM_ALU_SUM_1_CIN_ALU_COUT_CIN_ALU_COUT.COUT
Info:    routing  0.00  8.26 Net g_viterbi.g_32acs.u_viterbi.metrics[62]_DFFE_Q_2_D_LUT4_F_I2_ALU_SUM_COUT_ALU_CIN_COUT_ALU_CIN_SUM_ALU_SUM_1_CIN_ALU_COUT_CIN (24,10) -> (24,10)
Info:                          Sink g_viterbi.g_32acs.u_viterbi.metrics[62]_DFFE_Q_2_D_LUT4_F_I2_ALU_SUM_COUT_ALU_CIN_COUT_ALU_CIN_SUM_ALU_SUM_1_CIN_ALU_COUT.CIN
Info:                          Defined in:
Info:                               /workspace/scratch/5bc736d51023/tangviterbi/build/s3-fec-extensions/tc8psk-compact/viterbi.sv:130.33-130.74
Info:                               /workspace/scratch/5bc736d51023/tooling/oss-cad-suite/lib/../share/yosys/gowin/arith_map.v:57.7-63.5
Info:                               /workspace/scratch/5bc736d51023/tooling/oss-cad-suite/lib/../share/yosys/gowin/cells_sim.v:1033.25-1033.29
Info:      logic  0.06  8.32 Source g_viterbi.g_32acs.u_viterbi.metrics[62]_DFFE_Q_2_D_LUT4_F_I2_ALU_SUM_COUT_ALU_CIN_COUT_ALU_CIN_SUM_ALU_SUM_1_CIN_ALU_COUT.COUT
Info:    routing  0.00  8.32 Net g_viterbi.g_32acs.u_viterbi.metrics[62]_DFFE_Q_2_D_LUT4_F_I2_ALU_SUM_COUT_ALU_CIN_COUT_ALU_CIN_SUM_ALU_SUM_1_CIN (24,10) -> (25,10)
Info:                          Sink g_viterbi.g_32acs.u_viterbi.metrics[62]_DFFE_Q_2_D_LUT4_F_I2_ALU_SUM_COUT_ALU_CIN_COUT_ALU_CIN_SUM_ALU_SUM_1.CIN
Info:                          Defined in:
Info:                               /workspace/scratch/5bc736d51023/tangviterbi/build/s3-fec-extensions/tc8psk-compact/viterbi.sv:130.33-130.74
Info:                               /workspace/scratch/5bc736d51023/tooling/oss-cad-suite/lib/../share/yosys/gowin/arith_map.v:57.7-63.5
Info:                               /workspace/scratch/5bc736d51023/tooling/oss-cad-suite/lib/../share/yosys/gowin/cells_sim.v:1033.25-1033.29
Info:      logic  0.56  8.88 Source g_viterbi.g_32acs.u_viterbi.metrics[62]_DFFE_Q_2_D_LUT4_F_I2_ALU_SUM_COUT_ALU_CIN_COUT_ALU_CIN_SUM_ALU_SUM_1.SUM
Info:    routing  2.08  10.96 Net g_viterbi.g_32acs.u_viterbi.metrics[62]_DFFE_Q_2_D_LUT4_F_I2[3] (25,10) -> (30,13)
Info:                          Sink g_viterbi.g_32acs.u_viterbi.metrics[62]_DFFE_Q_4_D_LUT4_F.I3
Info:                          Defined in:
Info:                               /workspace/scratch/5bc736d51023/tooling/oss-cad-suite/lib/../share/yosys/gowin/cells_map.v:130.20-130.21
Info:      logic  0.62  11.59 Source g_viterbi.g_32acs.u_viterbi.metrics[62]_DFFE_Q_4_D_LUT4_F.F
Info:    routing  0.00  11.59 Net g_viterbi.g_32acs.u_viterbi.metrics[62]_DFFE_Q_4_D (30,13) -> (30,13)
Info:                          Sink g_viterbi.g_32acs.u_viterbi.metrics[18]_DFFE_Q_7.D
Info:      setup  0.40  11.98 Source g_viterbi.g_32acs.u_viterbi.metrics[18]_DFFE_Q_7.D
Info: 5.78 ns logic, 6.20 ns routing

ERROR: Max frequency for clock 'g_mem.u_mem.clk': 83.44 MHz (FAIL at 99.00 MHz)

Info: Slack histogram:
Info:  legend: * represents 2 endpoint(s)
Info:          + represents [1,2) endpoint(s)
Info: [ -1883,  -1329) |***+
Info: [ -1329,   -775) |*******+
Info: [  -775,   -221) |**********+
Info: [  -221,    333) |************+
Info: [   333,    887) |********+
Info: [   887,   1441) |****+
Info: [  1441,   1995) |**+
Info: [  1995,   2549) |*+
Info: [  2549,   3103) |*********************************+
Info: [  3103,   3657) |************************************************************ 
Info: [  3657,   4211) |***********************************************************+
Info: [  4211,   4765) |************************************************+
Info: [  4765,   5319) |********************************+
Info: [  5319,   5873) |************************************+
Info: [  5873,   6427) |***************************************+
Info: [  6427,   6981) |*******************************+
Info: [  6981,   7535) |**************************************** 
Info: [  7535,   8089) |*******************************+
Info: [  8089,   8643) |******************** 
Info: [  8643,   9197) |******+
0 warnings, 1 error

Info: Program finished normally.
