Info: Using uarch 'gowin' for device 'GW1NR-LV9QN88PC6/I5'
Info: constraining clock net 'p2.clk' to 99.00 MHz
Info: constraining clock net 'p2.spi_clk' to 80.00 MHz
Info: constraining clock net 'p3.fifo.wclk' to 80.00 MHz

Info: Cell O_psram_ck[0] not found
Info: Cell O_psram_ck[1] not found
Info: Cell O_psram_ck_n[0] not found
Info: Cell O_psram_ck_n[1] not found
Info: Cell O_psram_cs_n[0] not found
Info: Cell O_psram_cs_n[1] not found
Info: Cell O_psram_reset_n[0] not found
Info: Cell O_psram_reset_n[1] not found
Info: Cell IO_psram_dq[0] not found
Info: Cell IO_psram_dq[1] not found
Info: Cell IO_psram_dq[2] not found
Info: Cell IO_psram_dq[3] not found
Info: Cell IO_psram_dq[4] not found
Info: Cell IO_psram_dq[5] not found
Info: Cell IO_psram_dq[6] not found
Info: Cell IO_psram_dq[7] not found
Info: Cell IO_psram_dq[8] not found
Info: Cell IO_psram_dq[9] not found
Info: Cell IO_psram_dq[10] not found
Info: Cell IO_psram_dq[11] not found
Info: Cell IO_psram_dq[12] not found
Info: Cell IO_psram_dq[13] not found
Info: Cell IO_psram_dq[14] not found
Info: Cell IO_psram_dq[15] not found
Info: Cell IO_psram_rwds[0] not found
Info: Cell IO_psram_rwds[1] not found
Info: Reading constraints...
Info: Create constant nets...
Info: Modify LUTs...
Info: Pack IOBs...
Info: Pack I3C IOs...
Info: Pack MIPI IOs...
Info: Pack diff IOBs...
Info: Pack FFs into IO cells...
Info: Pack IODELAY...
Info: Pack Input Edge Monitors...
Info: Pack IO logic...
Info: Pack DESER16 logic...
Info: Pack GSR...
Info: Pack HCLK cells...
Info: Pack DLLDLYs...
Info: Pack wide LUTs...
Info: Packed MUX2_LUT8:0, MUX2_LU7:0, MUX2_LUT6:0, MUX2_LUT5:0
Info: Pack ALUs...
Info: Pack SSRAMs...
Info: Constrained 370 LUTFF pairs.
Info: Pack PLL...
Info: Pack ADC...
Info: Pack GW JTAG...
Info: Pack BSRAMs...
Info: Pack DSP...
Info: Pack INV...
Info: Pack buffered nets...
Info: Pack EMCU and UserFlash cells...
Info: Pack UserFlash cells...
Info: Pack DQCE cells...
Info: Pack DCS cells...
Info: Checksum: 0xddafb8dc

Info: Device utilisation:
Info: 	                 VCC:       1/      1   100%
Info: 	                 IOB:      15/    276     5%
Info: 	                LUT4:    1627/   8640    18%
Info: 	              OSER16:       0/     80     0%
Info: 	              IDES16:       0/     80     0%
Info: 	            IOLOGICI:       0/    276     0%
Info: 	            IOLOGICO:       0/    276     0%
Info: 	           MUX2_LUT5:       0/   4320     0%
Info: 	           MUX2_LUT6:       0/   2160     0%
Info: 	           MUX2_LUT7:       0/   1080     0%
Info: 	           MUX2_LUT8:       0/   1080     0%
Info: 	                 ALU:     520/   6480     8%
Info: 	                 GND:       1/      1   100%
Info: 	                 DFF:     963/   6480    14%
Info: 	           RAM16SDP4:       0/    270     0%
Info: 	               BSRAM:       6/     26    23%
Info: 	              ALU54D:       0/     10     0%
Info: 	     MULTADDALU18X18:       0/     10     0%
Info: 	        MULTALU18X18:       0/     10     0%
Info: 	        MULTALU36X18:       0/     10     0%
Info: 	           MULT36X36:       0/      5     0%
Info: 	           MULT18X18:       0/     20     0%
Info: 	             MULT9X9:       0/     40     0%
Info: 	              PADD18:       0/     20     0%
Info: 	               PADD9:       0/     40     0%
Info: 	                 GSR:       1/      1   100%
Info: 	                 OSC:       0/      1     0%
Info: 	                rPLL:       0/      2     0%
Info: 	           FLASH608K:       0/      1     0%
Info: 	                BUFG:       2/     22     9%
Info: 	                DQCE:       0/     24     0%
Info: 	                 DCS:       0/      8     0%
Info: 	               DHCEN:       0/     24     0%
Info: 	              CLKDIV:       0/      8     0%
Info: 	             CLKDIV2:       0/     16     0%
Info: 	           MIPI_IBUF:       0/     22     0%
Info: 	           MIPI_OBUF:       0/     20     0%

Info: Running custom HCLK placer...
Info: Placed 0 cells based on constraints.
Info: Creating initial analytic placement for 1746 cells, random placement wirelen = 73503.
Info:     at initial placer iter 0, wirelen = 1269
Info:     at initial placer iter 1, wirelen = 1230
Info:     at initial placer iter 2, wirelen = 1125
Info:     at initial placer iter 3, wirelen = 1182
Info: Running main analytical placer, max placement attempts per cell = 1232450.
Info:     at iteration #1, type ALL: wirelen solved = 1166, spread = 15459, legal = 21523; time = 0.07s
Info:     at iteration #2, type ALL: wirelen solved = 1493, spread = 14184, legal = 20360; time = 0.06s
Info:     at iteration #3, type ALL: wirelen solved = 1953, spread = 12358, legal = 18339; time = 0.05s
Info:     at iteration #4, type ALL: wirelen solved = 2405, spread = 10928, legal = 16221; time = 0.05s
Info:     at iteration #5, type ALL: wirelen solved = 2804, spread = 9852, legal = 14695; time = 0.05s
Info:     at iteration #6, type ALL: wirelen solved = 3015, spread = 10060, legal = 14506; time = 0.04s
Info:     at iteration #7, type ALL: wirelen solved = 3339, spread = 8710, legal = 12965; time = 0.05s
Info:     at iteration #8, type ALL: wirelen solved = 3340, spread = 8858, legal = 12339; time = 0.04s
Info:     at iteration #9, type ALL: wirelen solved = 3606, spread = 8222, legal = 11443; time = 0.05s
Info:     at iteration #10, type ALL: wirelen solved = 3733, spread = 8161, legal = 12071; time = 0.04s
Info:     at iteration #11, type ALL: wirelen solved = 3856, spread = 8383, legal = 13055; time = 0.06s
Info:     at iteration #12, type ALL: wirelen solved = 3957, spread = 8246, legal = 13745; time = 0.06s
Info:     at iteration #13, type ALL: wirelen solved = 4144, spread = 8726, legal = 14299; time = 0.06s
Info:     at iteration #14, type ALL: wirelen solved = 4510, spread = 8809, legal = 12552; time = 0.06s
Info: HeAP Placer Time: 0.96s
Info:   of which solving equations: 0.40s
Info:   of which spreading cells: 0.04s
Info:   of which strict legalisation: 0.39s

Info: Running simulated annealing placer for refinement.
Info:   at iteration #1: temp = 0.000000, timing cost = 91, wirelen = 11443
Info:   at iteration #5: temp = 0.000000, timing cost = 56, wirelen = 9258
Info:   at iteration #10: temp = 0.000000, timing cost = 54, wirelen = 8533
Info:   at iteration #15: temp = 0.000000, timing cost = 52, wirelen = 8234
Info:   at iteration #20: temp = 0.000000, timing cost = 46, wirelen = 7929
Info:   at iteration #25: temp = 0.000000, timing cost = 43, wirelen = 7729
Info:   at iteration #30: temp = 0.000000, timing cost = 43, wirelen = 7661
Info:   at iteration #33: temp = 0.000000, timing cost = 42, wirelen = 7629 
Info: SA placement time 2.68s

Info: Max frequency for clock               'p2.spi_clk': 281.85 MHz (PASS at 80.00 MHz)
Info: Max frequency for clock 'double_buffer.tx.spi_clk': 120.22 MHz (PASS at 80.00 MHz)
Info: Max frequency for clock                   'p2.clk': 141.30 MHz (PASS at 99.00 MHz)

Info: Max delay posedge double_buffer.tx.spi_clk -> posedge p2.clk                  : 1.26 ns
Info: Max delay posedge p2.clk                   -> posedge double_buffer.tx.spi_clk: 5.47 ns
Info: Max delay posedge p2.clk                   -> posedge p2.spi_clk              : 0.96 ns
Info: Max delay posedge p2.spi_clk               -> posedge p2.clk                  : 0.96 ns

Info: Slack histogram:
Info:  legend: * represents 3 endpoint(s)
Info:          + represents [1,3) endpoint(s)
Info: [  1791,   2302) |+
Info: [  2302,   2813) | 
Info: [  2813,   3324) |**+
Info: [  3324,   3835) |****+
Info: [  3835,   4346) |*******+
Info: [  4346,   4857) |************ 
Info: [  4857,   5368) |******** 
Info: [  5368,   5879) |***********************+
Info: [  5879,   6390) |**********************+
Info: [  6390,   6901) |*********+
Info: [  6901,   7412) |*****+
Info: [  7412,   7923) |******+
Info: [  7923,   8434) |***********+
Info: [  8434,   8945) |**************************+
Info: [  8945,   9456) |************************************************************ 
Info: [  9456,   9967) |************** 
Info: [  9967,  10478) |*****+
Info: [ 10478,  10989) |******+
Info: [ 10989,  11500) |******************+
Info: [ 11500,  12011) |*********************+
Info: Checksum: 0x35ff3882
Info: Routing globals...
Info:     'p2.spi_clk' net was routed.
Info:     'double_buffer.tx.spi_clk' net was routed.
Info:     'p2.clk' net was routed using global resources only.
Info:     'spi3_d_IOBUF_IO_OEN_LUT3_F_I2_DFFNC_Q_D_LUT4_F_I0_DFFC_D_Q_DFFC_D_Q_LUT4_F_I3_DFFCE_Q_CE_DFFCE_CE_1_Q_LUT2_I1_F[0]' is routed using segments.
Info:     'p2.fifo.mem.0.0_ADB_1_ALU_I1_CIN_ALU_COUT_CIN_ALU_COUT_SUM_LUT2_I0_F_DFFCE_D_Q_LUT3_I2_F_LUT4_I3_F_DFFCE_D_Q_LUT3_F_I1_DFFCE_Q_1_D[0]' is routed using segments.
Info:     'p2.fifo.mem.0.0_ADB_1_ALU_I1_CIN_ALU_COUT_CIN_ALU_COUT_SUM_LUT2_I0_F_DFFCE_D_Q_LUT3_I2_F_LUT4_I3_F_DFFCE_D_Q_LUT3_F_I1_DFFCE_Q_1_D_LUT2_I1_F_LUT2_F_I1_LUT2_F_I1_LUT4_I0_1_F_DFFCE_CE_Q_DFFCE_Q_CE_LUT4_F_I3_LUT4_F_I3_LUT2_I0_F_DFFCE_CE_Q_LUT2_I1_F_LUT3_F_I2_LUT3_I0_F_LUT3_I2_F_DFFCE_D_Q_LUT3_F_I2_DFFCE_Q_CE_LUT2_F_I1_LUT2_I1_F_DFFCE_CE_D_LUT2_F_I0[1]' is routed using segments.
Info:     'double_buffer.tx.cs_n_LUT2_I0_I1' is routed using segments.
Info:     'p3.fifo.mem.0.0_DI_32_LUT2_F_I0_LUT4_F_I1_LUT2_F_I1_ALU_I1_COUT_ALU_CIN_SUM_DFFCE_D_Q_ALU_I0_COUT_ALU_CIN_COUT_ALU_CIN_COUT_ALU_CIN_COUT_ALU_CIN_COUT_ALU_CIN_COUT_ALU_CIN_COUT_ALU_CIN_COUT_ALU_CIN_COUT_ALU_CIN_COUT_ALU_CIN_COUT_ALU_CIN_COUT_ALU_CIN_COUT' is routed using segments.
Info:     'p2.fifo.mem.0.0_ADB_1_ALU_I1_CIN_ALU_COUT_CIN_ALU_COUT_SUM_LUT2_I0_F_DFFCE_D_Q_LUT3_I2_F_LUT4_I3_F_DFFCE_D_Q_LUT3_F_I1_DFFCE_Q_1_D_LUT2_I1_F_LUT2_F_I1_LUT2_F_I1_LUT4_I0_1_F_DFFCE_CE_Q_DFFCE_Q_CE_LUT4_F_I3_LUT4_F_I2_LUT2_I0_F' is routed using segments.
Info:     'p2.fifo.mem.0.0_ADB_1_ALU_I1_CIN_ALU_COUT_CIN_ALU_COUT_SUM_LUT2_I0_F_DFFCE_D_Q_LUT3_I2_F_LUT4_I3_F_DFFCE_D_Q_LUT3_F_I1_DFFCE_Q_1_D_LUT2_I1_F_LUT2_F_I1_LUT2_F_I1_LUT4_I0_1_I3_LUT2_F_I1_LUT4_I3_I2_LUT4_F_I1_LUT4_F_1_I0_DFFCE_D_1_Q_LUT4_F_I3_DFFCE_Q_1_D_LUT3_F_I2_LUT4_F_I3[0]' is routed using segments.
Info:     'double_buffer.tx.resetn_LUT3_I0_F' is routed using segments.
Info:     'p2.fifo.mem.0.0_ADB_1_ALU_I1_CIN_ALU_COUT_CIN_ALU_COUT_SUM_LUT2_I0_F_DFFCE_D_Q_LUT3_I2_F_LUT4_I3_F_DFFCE_D_Q_LUT3_F_I1_DFFCE_Q_1_D_LUT2_I1_F_LUT2_F_I1_LUT2_F_I1_LUT4_I0_1_I3_LUT2_F_I1_LUT4_I3_I2_LUT3_I2_F_LUT2_I0_F' is routed using segments.
Info:     'p2.fifo.mem.0.0_ADB_1_ALU_I1_CIN_ALU_COUT_CIN_ALU_COUT_SUM_LUT2_I0_F_DFFCE_D_Q_LUT3_I2_F_LUT4_I3_F_DFFCE_D_Q_LUT3_F_I1_DFFCE_Q_1_D_LUT2_I1_F_LUT2_F_I1_LUT2_F_I1_LUT4_I0_1_I3_LUT2_F_I1_LUT4_I3_I2_LUT4_F_I1_LUT4_F_1_I0_DFFCE_D_1_Q_LUT4_F_I3_DFFCE_Q_1_D_LUT3_F_I2_LUT4_F_I3_LUT4_F_I3[3]' is routed using segments.
Info:     'p2.fifo.mem.0.0_ADB_1_ALU_I1_CIN_ALU_COUT_CIN_ALU_COUT_SUM_LUT2_I0_F_DFFCE_D_Q_LUT3_I2_F_LUT4_I3_F_DFFCE_D_Q_LUT3_F_I1_DFFCE_Q_1_D_LUT2_I1_F_LUT2_F_I1_LUT2_F_I1_LUT4_I0_1_F_DFFCE_CE_Q_DFFCE_Q_CE_LUT4_F_I3_LUT4_F_I3_LUT2_I0_F_DFFCE_CE_Q_LUT2_I1_F_LUT3_F_I2_LUT3_I0_F_LUT3_I2_F_DFFCE_D_Q_LUT3_F_I2_LUT3_I1_F[2]' is routed using segments.
Info:     'p2.fifo.mem.0.0_ADB_1_ALU_I1_CIN_ALU_COUT_CIN_ALU_COUT_SUM_LUT2_I0_F_DFFCE_D_Q_LUT3_I2_F_LUT4_I3_F_DFFCE_D_Q_LUT3_F_I1_DFFCE_Q_1_D_LUT2_I1_F_LUT2_F_I1_LUT3_I1_F_DFFC_D_Q_LUT3_I0_F_DFFCE_CE_Q_LUT3_F_I2_LUT4_F_I3_DFFCE_Q_CE' is routed using segments.
Info:     'p2.fifo.mem.0.0_ADB_1_ALU_I1_CIN_ALU_COUT_CIN_ALU_COUT_SUM_LUT2_I0_F_DFFCE_D_Q_LUT3_I2_F_LUT4_I3_F_DFFCE_D_Q_LUT3_F_I1_DFFCE_Q_1_D_LUT2_I1_F_LUT2_F_I1_LUT2_F_I1_LUT4_I0_1_F_DFFCE_CE_Q_DFFCE_Q_CE_LUT4_F_I3_LUT4_F_I3_LUT2_F_I1[0]' is routed using segments.
Info:     'p2.fifo.mem.0.0_ADB_1_ALU_I1_CIN_ALU_COUT_CIN_ALU_COUT_SUM_LUT2_I0_F_DFFCE_D_Q_LUT3_I2_F_LUT4_I3_F_DFFCE_D_Q_LUT3_F_I1_DFFCE_Q_1_D_LUT2_I1_F_LUT2_F_I1_LUT2_F_I1_LUT4_I0_1_F_DFFCE_CE_Q_DFFCE_Q_CE_LUT4_F_I3_LUT4_F_I3_LUT2_I0_F_DFFCE_CE_Q_LUT2_I1_F_LUT3_F_I2_LUT3_I0_I2_LUT4_I3_F[0]' is routed using segments.
Info:     'p2.fifo.mem.0.0_ADB_1_ALU_I1_CIN_ALU_COUT_CIN_ALU_COUT_SUM_LUT2_I0_F_DFFCE_D_Q_LUT3_I2_F_LUT4_I3_F_DFFCE_D_Q_LUT3_F_I1_LUT4_I2_F[0]' is routed using segments.
Info:     'p2.fifo.mem.0.0_ADB_1_ALU_I1_CIN_ALU_COUT_CIN_ALU_COUT_SUM_LUT2_I0_F_DFFCE_D_Q_LUT3_I2_F_LUT4_I3_F_DFFCE_D_Q_LUT3_F_I1_DFFCE_Q_1_D_LUT2_I1_F_LUT2_F_I1_LUT2_F_I1_LUT4_I0_1_F_DFFCE_CE_Q_LUT2_I0_F' is routed using segments.
Info:     'p2.fifo.mem.0.0_ADB_1_ALU_I1_CIN_ALU_COUT_CIN_ALU_COUT_SUM_LUT2_I0_F_DFFCE_D_Q_LUT3_I2_F_LUT4_I3_F_DFFCE_D_Q_LUT3_F_I1_DFFCE_Q_1_D_LUT2_I1_F_LUT2_F_I1_LUT2_F_I1_LUT2_F_I1[0]' is routed using segments.
Info:     'p2.fifo.mem.0.0_ADB_1_ALU_I1_CIN_ALU_COUT_CIN_ALU_COUT_SUM_LUT2_I0_F_DFFCE_D_Q_LUT3_I2_F_LUT4_I3_F_DFFCE_D_Q_LUT3_F_I1_DFFCE_Q_1_D_LUT2_I1_F_LUT2_F_I1_LUT2_F_I1_LUT4_I0_1_I3_LUT2_F_I1_LUT4_I3_I2_LUT4_F_I1_LUT4_F_1_I0_DFFCE_D_1_Q_LUT4_F_I3_DFFCE_Q_1_D_LUT3_F_I2_LUT3_F_I1[3]' is routed using segments.

Info: Routing..
Info: Setting up routing queue.
Info: Routing 7687 arcs.
Info:            |   (re-)routed arcs  |   delta    | remaining|       time spent     |
Info:    IterCnt |  w/ripup   wo/ripup |  w/r  wo/r |      arcs| batch(sec) total(sec)|
Info:       1000 |      112        848 |  112   848 |      6827|       0.41       0.41|
Info:       2000 |      162       1661 |   50   813 |      5886|       0.20       0.61|
Info:       3000 |      163       2619 |    1   958 |      4888|       0.27       0.87|
Info:       4000 |      170       3558 |    7   939 |      3901|       0.30       1.17|
Info:       5000 |      181       4490 |   11   932 |      2912|       0.33       1.50|
Info:       6000 |      205       5424 |   24   934 |      1940|       0.38       1.88|
Info:       7000 |      252       6337 |   47   913 |      1017|       0.43       2.31|
Info:       8000 |      347       7201 |   95   864 |       149|       0.61       2.92|
Info:       8168 |      364       7348 |   17   147 |         0|       0.11       3.03|
Info: Routing complete.
Info: Router1 time 3.03s
Info: Checksum: 0x08ac26d3

Info: Critical path report for clock 'p2.spi_clk' (posedge -> posedge):
Info:       type curr  total name
Info:   clk-to-q  0.46  0.46 Source p2.fifo.mem.0.0_DI_32_LUT2_F_I0_LUT4_F_I3_LUT3_F_I1_ALU_I1_COUT_ALU_CIN_COUT_ALU_CIN_COUT_ALU_CIN_COUT_ALU_CIN_SUM_DFFCE_D_Q_DFFCE_Q_1.Q
Info:    routing  0.41  0.87 Net p2.fifo.mem.0.0_DI_32_LUT2_F_I0_LUT4_F_I3_LUT3_F_I1_ALU_I1_COUT_ALU_CIN_COUT_ALU_CIN_COUT_ALU_CIN_COUT_ALU_CIN_SUM_DFFCE_D_Q[1] (10,10) -> (10,10)
Info:                          Sink p2.fifo.mem.0.0_DI_32_LUT2_F_I0_LUT4_F_I3_LUT3_F_I1_ALU_I1_COUT_ALU_CIN_COUT_ALU_CIN_SUM_DFFCE_D_Q_LUT4_F.I1
Info:                          Defined in:
Info:                               /workspace/scratch/5bc736d51023/tooling/oss-cad-suite/lib/../share/yosys/gowin/cells_map.v:130.20-130.21
Info:      logic  1.10  1.97 Source p2.fifo.mem.0.0_DI_32_LUT2_F_I0_LUT4_F_I3_LUT3_F_I1_ALU_I1_COUT_ALU_CIN_COUT_ALU_CIN_SUM_DFFCE_D_Q_LUT4_F.F
Info:    routing  1.44  3.40 Net p2.fifo.mem.0.0_DI_32_LUT2_F_I0_LUT4_F_I3_LUT3_F_I1_ALU_I1_COUT_ALU_CIN_COUT_ALU_CIN_SUM_DFFCE_D_Q[3] (10,10) -> (13,8)
Info:                          Sink p2.fifo.mem.0.0_DI_32_LUT2_F_I0_LUT4_F_I3_LUT4_I2_I0_LUT4_I0.I2
Info:                          Defined in:
Info:                               /workspace/scratch/5bc736d51023/tooling/oss-cad-suite/lib/../share/yosys/gowin/cells_map.v:130.20-130.21
Info:      logic  0.82  4.23 Source p2.fifo.mem.0.0_DI_32_LUT2_F_I0_LUT4_F_I3_LUT4_I2_I0_LUT4_I0.F
Info:    routing  0.96  5.18 Net p2.fifo.mem.0.0_DI_32_LUT2_F_I0_LUT4_F_I3_LUT4_I2_I0_LUT4_I0_F (13,8) -> (10,8)
Info:                          Sink p2.fifo.mem.0.0_DI_32_LUT2_F_I0_LUT4_I1_F_LUT3_F_I2_LUT2_F_I1_LUT4_F_I3_DFFCE_Q_1.CE
Info:      setup  0.04  5.23 Source p2.fifo.mem.0.0_DI_32_LUT2_F_I0_LUT4_I1_F_LUT3_F_I2_LUT2_F_I1_LUT4_F_I3_DFFCE_Q_1.CE
Info: 2.42 ns logic, 2.81 ns routing

Info: Critical path report for clock 'double_buffer.tx.spi_clk' (posedge -> negedge):
Info:       type curr  total name
Info:   clk-to-q  0.46  0.46 Source spi3_d_IOBUF_IO_1_I_DFFNC_Q_D_LUT4_F_I0_ALU_I1_COUT_ALU_CIN_COUT_ALU_CIN_COUT_ALU_CIN_COUT_ALU_CIN_COUT_ALU_CIN_SUM_DFFCE_D_Q_DFFCE_Q_D_ALU_SUM_COUT_ALU_CIN_COUT_ALU_CIN_COUT_ALU_CIN_SUM_DFFCE_D.Q
Info:    routing  1.28  1.74 Net spi3_d_IOBUF_IO_1_I_DFFNC_Q_D_LUT4_F_I0_ALU_I1_COUT_ALU_CIN_COUT_ALU_CIN_COUT_ALU_CIN_COUT_ALU_CIN_COUT_ALU_CIN_SUM_DFFCE_D_Q_DFFCE_Q_D_ALU_SUM_COUT_ALU_CIN_COUT_ALU_CIN_COUT_ALU_CIN_SUM_DFFCE_D_Q[1] (25,2) -> (29,2)
Info:                          Sink double_buffer.tx.mem.0.3_ADB_LUT2_F_I1_ALU_SUM_COUT_ALU_CIN_COUT_ALU_CIN_COUT_ALU_CIN_COUT_ALU_CIN_COUT_ALU_CIN_COUT_ALU_CIN_COUT_ALU_CIN_I1_ALU_SUM.I0
Info:                          Defined in:
Info:                               /workspace/scratch/5bc736d51023/tooling/oss-cad-suite/lib/../share/yosys/gowin/cells_map.v:130.20-130.21
Info:      logic  0.96  2.70 Source double_buffer.tx.mem.0.3_ADB_LUT2_F_I1_ALU_SUM_COUT_ALU_CIN_COUT_ALU_CIN_COUT_ALU_CIN_COUT_ALU_CIN_COUT_ALU_CIN_COUT_ALU_CIN_COUT_ALU_CIN_I1_ALU_SUM.COUT
Info:    routing  0.00  2.70 Net double_buffer.tx.mem.0.3_ADB_LUT2_F_I1_ALU_SUM_COUT_ALU_CIN_COUT_ALU_CIN_COUT_ALU_CIN_COUT_ALU_CIN_COUT_ALU_CIN_COUT_ALU_CIN_COUT_ALU_CIN_I1_ALU_SUM_COUT (29,2) -> (29,2)
Info:                          Sink double_buffer.tx.mem.0.3_ADB_LUT2_F_I1_ALU_SUM_COUT_ALU_CIN_COUT_ALU_CIN_COUT_ALU_CIN_COUT_ALU_CIN_COUT_ALU_CIN_COUT_ALU_CIN_COUT_ALU_CIN_COUT_ALU_CIN_I1_ALU_SUM.CIN
Info:                          Defined in:
Info:                               rtl/s3_spi_iq_pingpong.sv:108.20-108.38
Info:                               /workspace/scratch/5bc736d51023/tooling/oss-cad-suite/lib/../share/yosys/gowin/arith_map.v:57.7-63.5
Info:                               /workspace/scratch/5bc736d51023/tooling/oss-cad-suite/lib/../share/yosys/gowin/cells_sim.v:1033.25-1033.29
Info:      logic  0.06  2.76 Source double_buffer.tx.mem.0.3_ADB_LUT2_F_I1_ALU_SUM_COUT_ALU_CIN_COUT_ALU_CIN_COUT_ALU_CIN_COUT_ALU_CIN_COUT_ALU_CIN_COUT_ALU_CIN_COUT_ALU_CIN_COUT_ALU_CIN_I1_ALU_SUM.COUT
Info:    routing  0.00  2.76 Net double_buffer.tx.mem.0.3_ADB_LUT2_F_I1_ALU_SUM_COUT_ALU_CIN_COUT_ALU_CIN_COUT_ALU_CIN_COUT_ALU_CIN_COUT_ALU_CIN_COUT_ALU_CIN_COUT_ALU_CIN_COUT_ALU_CIN_I1_ALU_SUM_COUT (29,2) -> (29,2)
Info:                          Sink double_buffer.tx.mem.0.3_ADB_LUT2_F_I1_ALU_SUM_COUT_ALU_CIN_COUT_ALU_CIN_COUT_ALU_CIN_COUT_ALU_CIN_COUT_ALU_CIN_COUT_ALU_CIN_COUT_ALU_CIN_COUT_ALU_CIN_COUT_ALU_CIN_I1_ALU_SUM.CIN
Info:                          Defined in:
Info:                               rtl/s3_spi_iq_pingpong.sv:108.20-108.38
Info:                               /workspace/scratch/5bc736d51023/tooling/oss-cad-suite/lib/../share/yosys/gowin/arith_map.v:57.7-63.5
Info:                               /workspace/scratch/5bc736d51023/tooling/oss-cad-suite/lib/../share/yosys/gowin/cells_sim.v:1033.25-1033.29
Info:      logic  0.06  2.81 Source double_buffer.tx.mem.0.3_ADB_LUT2_F_I1_ALU_SUM_COUT_ALU_CIN_COUT_ALU_CIN_COUT_ALU_CIN_COUT_ALU_CIN_COUT_ALU_CIN_COUT_ALU_CIN_COUT_ALU_CIN_COUT_ALU_CIN_COUT_ALU_CIN_I1_ALU_SUM.COUT
Info:    routing  0.00  2.81 Net double_buffer.tx.mem.0.3_ADB_LUT2_F_I1_ALU_SUM_COUT_ALU_CIN_COUT_ALU_CIN_COUT_ALU_CIN_COUT_ALU_CIN_COUT_ALU_CIN_COUT_ALU_CIN_COUT_ALU_CIN_COUT_ALU_CIN_COUT_ALU_CIN_I1_ALU_SUM_COUT (29,2) -> (30,2)
Info:                          Sink double_buffer.tx.mem.0.3_ADB_LUT2_F_I1_ALU_SUM_COUT_ALU_CIN_COUT_ALU_CIN_COUT_ALU_CIN_COUT_ALU_CIN_COUT_ALU_CIN_COUT_ALU_CIN_COUT_ALU_CIN_COUT_ALU_CIN_COUT_ALU_CIN_I1_ALU_SUM_COUT_ALU_CIN.CIN
Info:                          Defined in:
Info:                               rtl/s3_spi_iq_pingpong.sv:108.20-108.38
Info:                               /workspace/scratch/5bc736d51023/tooling/oss-cad-suite/lib/../share/yosys/gowin/arith_map.v:57.7-63.5
Info:                               /workspace/scratch/5bc736d51023/tooling/oss-cad-suite/lib/../share/yosys/gowin/cells_sim.v:1033.25-1033.29
Info:      logic  0.06  2.87 Source double_buffer.tx.mem.0.3_ADB_LUT2_F_I1_ALU_SUM_COUT_ALU_CIN_COUT_ALU_CIN_COUT_ALU_CIN_COUT_ALU_CIN_COUT_ALU_CIN_COUT_ALU_CIN_COUT_ALU_CIN_COUT_ALU_CIN_COUT_ALU_CIN_I1_ALU_SUM_COUT_ALU_CIN.COUT
Info:    routing  0.00  2.87 Net double_buffer.tx.mem.0.3_ADB_LUT2_F_I1_ALU_SUM_COUT_ALU_CIN_COUT_ALU_CIN_COUT_ALU_CIN_COUT_ALU_CIN_COUT_ALU_CIN_COUT_ALU_CIN_COUT_ALU_CIN_COUT_ALU_CIN_COUT_ALU_CIN_I1_ALU_SUM_COUT_ALU_CIN_TAIL_ALULC (30,2) -> (30,2)
Info:                          Sink double_buffer.tx.mem.0.3_ADB_LUT2_F_I1_ALU_SUM_COUT_ALU_CIN_COUT_ALU_CIN_COUT_ALU_CIN_COUT_ALU_CIN_COUT_ALU_CIN_COUT_ALU_CIN_COUT_ALU_CIN_COUT_ALU_CIN_COUT_ALU_CIN_I1_ALU_SUM_COUT_ALU_CIN_TAIL_ALULC.CIN
Info:      logic  0.56  3.43 Source double_buffer.tx.mem.0.3_ADB_LUT2_F_I1_ALU_SUM_COUT_ALU_CIN_COUT_ALU_CIN_COUT_ALU_CIN_COUT_ALU_CIN_COUT_ALU_CIN_COUT_ALU_CIN_COUT_ALU_CIN_COUT_ALU_CIN_COUT_ALU_CIN_I1_ALU_SUM_COUT_ALU_CIN_TAIL_ALULC.SUM
Info:    routing  0.89  4.32 Net spi3_d_IOBUF_IO_OEN_LUT3_F_I2_DFFNC_Q_D_LUT4_F_I0[3] (30,2) -> (29,3)
Info:                          Sink spi3_d_IOBUF_IO_OEN_LUT3_F_I2_DFFNC_Q_D_LUT4_F.I3
Info:                          Defined in:
Info:                               /workspace/scratch/5bc736d51023/tooling/oss-cad-suite/lib/../share/yosys/gowin/cells_map.v:130.20-130.21
Info:      logic  0.62  4.95 Source spi3_d_IOBUF_IO_OEN_LUT3_F_I2_DFFNC_Q_D_LUT4_F.F
Info:    routing  0.00  4.95 Net spi3_d_IOBUF_IO_OEN_LUT3_F_I2_DFFNC_Q_D (29,3) -> (29,3)
Info:                          Sink spi3_d_IOBUF_IO_OEN_LUT3_F_I2_DFFNC_Q.D
Info:      setup  0.40  5.35 Source spi3_d_IOBUF_IO_OEN_LUT3_F_I2_DFFNC_Q.D
Info: 3.17 ns logic, 2.17 ns routing

Info: Critical path report for clock 'p2.clk' (posedge -> posedge):
Info:       type curr  total name
Info:   clk-to-q  0.46  0.46 Source p2.fifo.mem.0.0_ADB_1_ALU_I1_CIN_ALU_COUT_CIN_ALU_COUT_SUM_LUT2_I0_F_DFFCE_D_Q_LUT3_I2_F_LUT4_I3_F_DFFCE_D_Q_LUT3_F_I1_DFFCE_Q_1_D_LUT2_I1_F_LUT2_F_I1_LUT2_F_I1_LUT4_I0_F_DFFCE_CE_Q_DFFCE_Q_2_D_LUT2_F_I0_ALU_SUM_CIN_ALU_COUT_SUM_LUT2_I0_F_DFFCE_D_Q_DFFCE_Q.Q
Info:    routing  0.41  0.87 Net p2.fifo.mem.0.0_ADB_1_ALU_I1_CIN_ALU_COUT_CIN_ALU_COUT_SUM_LUT2_I0_F_DFFCE_D_Q_LUT3_I2_F_LUT4_I3_F_DFFCE_D_Q_LUT3_F_I1_DFFCE_Q_1_D_LUT2_I1_F_LUT2_F_I1_LUT2_F_I1_LUT4_I0_F_DFFCE_CE_Q_DFFCE_Q_2_D_LUT2_F_I0_ALU_SUM_CIN_ALU_COUT_SUM_LUT2_I0_F_DFFCE_D_Q[1] (14,12) -> (14,12)
Info:                          Sink p2.fifo.mem.0.0_ADB_1_ALU_I1_CIN_ALU_COUT_CIN_ALU_COUT_SUM_LUT2_I0_F_DFFCE_D_Q_LUT3_I2_F_LUT4_I3_F_DFFCE_D_Q_LUT3_F_I1_DFFCE_Q_1_D_LUT2_I1_F_LUT2_F_I1_LUT2_F_I1_LUT4_I0_F_DFFCE_CE_Q_DFFCE_Q_2_D_LUT2_F_I0_ALU_SUM_CIN_ALU_COUT_CIN_ALU_COUT_CIN_ALU_COUT_CIN_ALU_COUT_CIN_ALU_COUT_SUM_LUT2_I0_F_DFFCE_D_Q_LUT4_F.I1
Info:                          Defined in:
Info:                               /workspace/scratch/5bc736d51023/tooling/oss-cad-suite/lib/../share/yosys/gowin/cells_map.v:130.20-130.21
Info:      logic  1.10  1.97 Source p2.fifo.mem.0.0_ADB_1_ALU_I1_CIN_ALU_COUT_CIN_ALU_COUT_SUM_LUT2_I0_F_DFFCE_D_Q_LUT3_I2_F_LUT4_I3_F_DFFCE_D_Q_LUT3_F_I1_DFFCE_Q_1_D_LUT2_I1_F_LUT2_F_I1_LUT2_F_I1_LUT4_I0_F_DFFCE_CE_Q_DFFCE_Q_2_D_LUT2_F_I0_ALU_SUM_CIN_ALU_COUT_CIN_ALU_COUT_CIN_ALU_COUT_CIN_ALU_COUT_CIN_ALU_COUT_SUM_LUT2_I0_F_DFFCE_D_Q_LUT4_F.F
Info:    routing  0.48  2.45 Net p2.fifo.mem.0.0_ADB_1_ALU_I1_CIN_ALU_COUT_CIN_ALU_COUT_SUM_LUT2_I0_F_DFFCE_D_Q_LUT3_I2_F_LUT4_I3_F_DFFCE_D_Q_LUT3_F_I1_DFFCE_Q_1_D_LUT2_I1_F_LUT2_F_I1_LUT2_F_I1_LUT4_I0_F_DFFCE_CE_Q_DFFCE_Q_2_D_LUT2_F_I0_ALU_SUM_CIN_ALU_COUT_CIN_ALU_COUT_CIN_ALU_COUT_CIN_ALU_COUT_CIN_ALU_COUT_SUM_LUT2_I0_F_DFFCE_D_Q[2] (14,12) -> (16,12)
Info:                          Sink p2.fifo.mem.0.0_ADB_1_ALU_I1_CIN_ALU_COUT_CIN_ALU_COUT_SUM_LUT2_I0_F_DFFCE_D_Q_LUT3_I2_F_LUT4_I3_F_DFFCE_D_Q_LUT3_F_I1_DFFCE_Q_1_D_LUT2_I1_F_LUT2_F_I1_LUT2_F_I1_LUT4_I0_F_DFFCE_CE_Q_DFFCE_Q_2_D_LUT2_F_I0_ALU_SUM_CIN_ALU_COUT_CIN_ALU_COUT_CIN_ALU_COUT_CIN_ALU_COUT_CIN_ALU_COUT_SUM_LUT2_I0_F_DFFCE_D_Q_LUT4_I3.I2
Info:                          Defined in:
Info:                               /workspace/scratch/5bc736d51023/tooling/oss-cad-suite/lib/../share/yosys/gowin/cells_map.v:130.20-130.21
Info:      logic  0.82  3.27 Source p2.fifo.mem.0.0_ADB_1_ALU_I1_CIN_ALU_COUT_CIN_ALU_COUT_SUM_LUT2_I0_F_DFFCE_D_Q_LUT3_I2_F_LUT4_I3_F_DFFCE_D_Q_LUT3_F_I1_DFFCE_Q_1_D_LUT2_I1_F_LUT2_F_I1_LUT2_F_I1_LUT4_I0_F_DFFCE_CE_Q_DFFCE_Q_2_D_LUT2_F_I0_ALU_SUM_CIN_ALU_COUT_CIN_ALU_COUT_CIN_ALU_COUT_CIN_ALU_COUT_CIN_ALU_COUT_SUM_LUT2_I0_F_DFFCE_D_Q_LUT4_I3.F
Info:    routing  1.60  4.87 Net p2.fifo.mem.0.0_ADB_1_ALU_I1_CIN_ALU_COUT_CIN_ALU_COUT_SUM_LUT2_I0_F_DFFCE_D_Q_LUT3_I2_F_LUT4_I3_F_DFFCE_D_Q_LUT3_F_I1_DFFCE_Q_1_D_LUT2_I1_F_LUT2_F_I1_LUT2_F_I1_LUT4_I0_F_DFFCE_CE_Q_DFFCE_Q_2_D_LUT2_F_I0_ALU_SUM_CIN_ALU_COUT_CIN_ALU_COUT_CIN_ALU_COUT_CIN_ALU_COUT_CIN_ALU_COUT_SUM_LUT2_I0_F_DFFCE_D_Q_LUT4_I3_F[2] (16,12) -> (18,7)
Info:                          Sink p2.fifo.mem.0.0_ADB_1_ALU_I1_CIN_ALU_COUT_CIN_ALU_COUT_SUM_LUT2_I0_F_DFFCE_D_Q_LUT3_I2_F_LUT4_I3_F_DFFCE_D_Q_LUT3_F_I1_DFFCE_Q_1_D_LUT2_I1_F_LUT2_F_I1_LUT2_F_I1_LUT4_I0_1_F_DFFCE_CE_Q_DFFCE_Q_CE_LUT4_F_I3_LUT4_F_I1_LUT2_F_I1_LUT4_I0_I3_LUT4_F.I3
Info:                          Defined in:
Info:                               /workspace/scratch/5bc736d51023/tooling/oss-cad-suite/lib/../share/yosys/gowin/cells_map.v:130.20-130.21
Info:      logic  0.62  5.49 Source p2.fifo.mem.0.0_ADB_1_ALU_I1_CIN_ALU_COUT_CIN_ALU_COUT_SUM_LUT2_I0_F_DFFCE_D_Q_LUT3_I2_F_LUT4_I3_F_DFFCE_D_Q_LUT3_F_I1_DFFCE_Q_1_D_LUT2_I1_F_LUT2_F_I1_LUT2_F_I1_LUT4_I0_1_F_DFFCE_CE_Q_DFFCE_Q_CE_LUT4_F_I3_LUT4_F_I1_LUT2_F_I1_LUT4_I0_I3_LUT4_F.F
Info:    routing  0.41  5.91 Net p2.fifo.mem.0.0_ADB_1_ALU_I1_CIN_ALU_COUT_CIN_ALU_COUT_SUM_LUT2_I0_F_DFFCE_D_Q_LUT3_I2_F_LUT4_I3_F_DFFCE_D_Q_LUT3_F_I1_DFFCE_Q_1_D_LUT2_I1_F_LUT2_F_I1_LUT2_F_I1_LUT4_I0_1_F_DFFCE_CE_Q_DFFCE_Q_CE_LUT4_F_I3_LUT4_F_I1_LUT2_F_I1[3] (18,7) -> (18,7)
Info:                          Sink p2.fifo.mem.0.0_ADB_1_ALU_I1_CIN_ALU_COUT_CIN_ALU_COUT_SUM_LUT2_I0_F_DFFCE_D_Q_LUT3_I2_F_LUT4_I3_F_DFFCE_D_Q_LUT3_F_I1_DFFCE_Q_1_D_LUT2_I1_F_LUT2_F_I1_LUT2_F_I1_LUT4_I0_1_F_DFFCE_CE_Q_DFFCE_Q_CE_LUT4_F_I3_LUT4_F_I1_LUT2_F_I1_LUT4_I0.I3
Info:                          Defined in:
Info:                               /workspace/scratch/5bc736d51023/tooling/oss-cad-suite/lib/../share/yosys/gowin/cells_map.v:130.20-130.21
Info:      logic  0.62  6.53 Source p2.fifo.mem.0.0_ADB_1_ALU_I1_CIN_ALU_COUT_CIN_ALU_COUT_SUM_LUT2_I0_F_DFFCE_D_Q_LUT3_I2_F_LUT4_I3_F_DFFCE_D_Q_LUT3_F_I1_DFFCE_Q_1_D_LUT2_I1_F_LUT2_F_I1_LUT2_F_I1_LUT4_I0_1_F_DFFCE_CE_Q_DFFCE_Q_CE_LUT4_F_I3_LUT4_F_I1_LUT2_F_I1_LUT4_I0.F
Info:    routing  1.45  7.98 Net p2.fifo.mem.0.0_ADB_1_ALU_I1_CIN_ALU_COUT_CIN_ALU_COUT_SUM_LUT2_I0_F_DFFCE_D_Q_LUT3_I2_F_LUT4_I3_F_DFFCE_D_Q_LUT3_F_I1_DFFCE_Q_1_D_LUT2_I1_F_LUT2_F_I1_LUT2_F_I1_LUT4_I0_1_F_DFFCE_CE_Q_DFFCE_Q_CE_LUT4_F_I3_LUT4_F_I1_LUT2_F_I1_LUT4_I0_F[3] (18,7) -> (19,11)
Info:                          Sink p2.fifo.mem.0.0_ADB_1_ALU_I1_CIN_ALU_COUT_CIN_ALU_COUT_SUM_LUT2_I0_F_DFFCE_D_Q_LUT3_I2_F_LUT4_I3_F_DFFCE_D_Q_LUT3_F_I1_DFFCE_Q_1_D_LUT2_I1_F_LUT2_F_I1_LUT2_F_I1_LUT4_I0_1_I3_LUT2_F_I1_LUT4_I3_I2_LUT4_F_I1_LUT4_I3_F_LUT2_F_I1_LUT4_F_I0_LUT4_I1_F_DFFCE_Q_D_LUT3_F_I0_ALU_SUM_COUT_ALU_CIN_SUM_LUT3_I0_F_DFFCE_D_Q_LUT4_F.I3
Info:                          Defined in:
Info:                               /workspace/scratch/5bc736d51023/tooling/oss-cad-suite/lib/../share/yosys/gowin/cells_map.v:130.20-130.21
Info:      logic  0.62  8.60 Source p2.fifo.mem.0.0_ADB_1_ALU_I1_CIN_ALU_COUT_CIN_ALU_COUT_SUM_LUT2_I0_F_DFFCE_D_Q_LUT3_I2_F_LUT4_I3_F_DFFCE_D_Q_LUT3_F_I1_DFFCE_Q_1_D_LUT2_I1_F_LUT2_F_I1_LUT2_F_I1_LUT4_I0_1_I3_LUT2_F_I1_LUT4_I3_I2_LUT4_F_I1_LUT4_I3_F_LUT2_F_I1_LUT4_F_I0_LUT4_I1_F_DFFCE_Q_D_LUT3_F_I0_ALU_SUM_COUT_ALU_CIN_SUM_LUT3_I0_F_DFFCE_D_Q_LUT4_F.F
Info:    routing  0.41  9.02 Net p2.fifo.mem.0.0_ADB_1_ALU_I1_CIN_ALU_COUT_CIN_ALU_COUT_SUM_LUT2_I0_F_DFFCE_D_Q_LUT3_I2_F_LUT4_I3_F_DFFCE_D_Q_LUT3_F_I1_DFFCE_Q_1_D_LUT2_I1_F_LUT2_F_I1_LUT2_F_I1_LUT4_I0_1_I3_LUT2_F_I1_LUT4_I3_I2_LUT4_F_I1_LUT4_I3_F_LUT2_F_I1_LUT4_F_I0_LUT4_I1_F_DFFCE_Q_D_LUT3_F_I0_ALU_SUM_COUT_ALU_CIN_SUM_LUT3_I0_F_DFFCE_D_Q[3] (19,11) -> (19,11)
Info:                          Sink p2.fifo.mem.0.0_ADB_1_ALU_I1_CIN_ALU_COUT_CIN_ALU_COUT_SUM_LUT2_I0_F_DFFCE_D_Q_LUT3_I2_F_LUT4_I3_F_DFFCE_D_Q_LUT3_F_I1_DFFCE_Q_1_D_LUT2_I1_F_LUT2_F_I1_LUT2_F_I1_LUT4_I0_1_I3_LUT2_F_I1_LUT4_I3_I2_LUT4_F_I1_LUT4_I3_F_LUT2_F_I1_LUT4_F_I0_LUT4_I1_F_DFFCE_Q_D_LUT3_F_I0_ALU_SUM_COUT_ALU_CIN_SUM_LUT3_I0_F_DFFCE_D_Q_LUT4_I3.I3
Info:                          Defined in:
Info:                               /workspace/scratch/5bc736d51023/tooling/oss-cad-suite/lib/../share/yosys/gowin/cells_map.v:130.20-130.21
Info:      logic  0.62  9.64 Source p2.fifo.mem.0.0_ADB_1_ALU_I1_CIN_ALU_COUT_CIN_ALU_COUT_SUM_LUT2_I0_F_DFFCE_D_Q_LUT3_I2_F_LUT4_I3_F_DFFCE_D_Q_LUT3_F_I1_DFFCE_Q_1_D_LUT2_I1_F_LUT2_F_I1_LUT2_F_I1_LUT4_I0_1_I3_LUT2_F_I1_LUT4_I3_I2_LUT4_F_I1_LUT4_I3_F_LUT2_F_I1_LUT4_F_I0_LUT4_I1_F_DFFCE_Q_D_LUT3_F_I0_ALU_SUM_COUT_ALU_CIN_SUM_LUT3_I0_F_DFFCE_D_Q_LUT4_I3.F
Info:    routing  0.00  9.64 Net p2.fifo.mem.0.0_ADB_1_ALU_I1_CIN_ALU_COUT_CIN_ALU_COUT_SUM_LUT2_I0_F_DFFCE_D_Q_LUT3_I2_F_LUT4_I3_F_DFFCE_D_Q_LUT3_F_I1_DFFCE_Q_1_D_LUT2_I1_F_LUT2_F_I1_LUT2_F_I1_LUT4_I0_1_I3_LUT2_F_I1_LUT4_I3_I2_LUT4_F_I1_LUT4_I3_F_LUT2_F_I1_LUT4_F_I0_LUT4_I1_F_DFFCE_Q_D_LUT3_F_I0_ALU_SUM_COUT_ALU_CIN_SUM_LUT3_I0_F_DFFCE_D_Q_LUT4_I3_F (19,11) -> (19,11)
Info:                          Sink p2.fifo.mem.0.0_ADB_1_ALU_I1_CIN_ALU_COUT_CIN_ALU_COUT_SUM_LUT2_I0_F_DFFCE_D_Q_LUT3_I2_F_LUT4_I3_F_DFFCE_D_Q_LUT3_F_I1_DFFCE_Q_1_D_LUT2_I1_F_LUT2_F_I1_LUT2_F_I1_LUT4_I0_1_I3_LUT2_F_I1_LUT4_I3_I2_LUT4_F_I1_LUT4_I3_F_LUT2_F_I1_LUT4_F_I0_LUT4_I1_F_DFFCE_Q_D_LUT3_F_I0_ALU_SUM_COUT_ALU_CIN_SUM_LUT3_I0_F_DFFCE_D_Q_LUT4_I3_F_DFFCE_D.D
Info:      setup  0.40  10.04 Source p2.fifo.mem.0.0_ADB_1_ALU_I1_CIN_ALU_COUT_CIN_ALU_COUT_SUM_LUT2_I0_F_DFFCE_D_Q_LUT3_I2_F_LUT4_I3_F_DFFCE_D_Q_LUT3_F_I1_DFFCE_Q_1_D_LUT2_I1_F_LUT2_F_I1_LUT2_F_I1_LUT4_I0_1_I3_LUT2_F_I1_LUT4_I3_I2_LUT4_F_I1_LUT4_I3_F_LUT2_F_I1_LUT4_F_I0_LUT4_I1_F_DFFCE_Q_D_LUT3_F_I0_ALU_SUM_COUT_ALU_CIN_SUM_LUT3_I0_F_DFFCE_D_Q_LUT4_I3_F_DFFCE_D.D
Info: 5.28 ns logic, 4.76 ns routing

Info: Critical path report for cross-domain path 'posedge p2.clk' -> 'posedge double_buffer.tx.spi_clk':
Info:       type curr  total name
Info:   clk-to-q  0.46  0.46 Source spi3_d_IOBUF_IO_OEN_LUT3_F_I2_DFFNC_Q_D_LUT4_F_I0_LUT3_I0_F_LUT4_F_I3_LUT4_F_I1_LUT2_I1_F_LUT3_F_I1_DFFCE_Q_D_DFFCE_Q_D_ALU_SUM_CIN_ALU_COUT_SUM_DFFCE_D_Q_DFFCE_D_Q_DFFCE_Q_1.Q
Info:    routing  0.81  1.26 Net spi3_d_IOBUF_IO_OEN_LUT3_F_I2_DFFNC_Q_D_LUT4_F_I0_LUT3_I0_F_LUT4_F_I3_LUT4_F_I1_LUT2_I1_F_LUT3_F_I1_DFFCE_Q_D_DFFCE_Q_D_ALU_SUM_CIN_ALU_COUT_SUM_DFFCE_D_Q_DFFCE_D_Q[1] (22,7) -> (24,7)
Info:                          Sink spi3_d_IOBUF_IO_OEN_LUT3_F_I2_DFFNC_Q_D_LUT4_F_I0_LUT3_I0_F_LUT4_F_I3_LUT4_F_I1_LUT2_I1_F_LUT3_F_I1_DFFCE_Q_D_DFFCE_Q_D_ALU_SUM_CIN_ALU_COUT_SUM_DFFCE_D_Q_DFFCE_D_Q_LUT4_I2.I1
Info:                          Defined in:
Info:                               /workspace/scratch/5bc736d51023/tooling/oss-cad-suite/lib/../share/yosys/gowin/cells_map.v:130.20-130.21
Info:      logic  1.10  2.36 Source spi3_d_IOBUF_IO_OEN_LUT3_F_I2_DFFNC_Q_D_LUT4_F_I0_LUT3_I0_F_LUT4_F_I3_LUT4_F_I1_LUT2_I1_F_LUT3_F_I1_DFFCE_Q_D_DFFCE_Q_D_ALU_SUM_CIN_ALU_COUT_SUM_DFFCE_D_Q_DFFCE_D_Q_LUT4_I2.F
Info:    routing  1.37  3.73 Net spi3_d_IOBUF_IO_OEN_LUT3_F_I2_DFFNC_Q_D_LUT4_F_I0_LUT3_I0_F_LUT4_F_I3_LUT4_F_I1_LUT2_I1_F_LUT3_F_I1_DFFCE_Q_D_DFFCE_Q_D_ALU_SUM_CIN_ALU_COUT_SUM_DFFCE_D_Q_DFFCE_D_Q_LUT4_I2_F[2] (24,7) -> (27,6)
Info:                          Sink spi3_d_IOBUF_IO_OEN_LUT3_F_I2_DFFNC_Q_D_LUT4_F_I0_LUT3_I0_F_LUT4_F_I3_LUT4_F_I1_LUT2_I1_F_LUT3_F_I1_DFFCE_Q_D_DFFCE_Q_D_ALU_SUM_COUT_ALU_CIN_COUT_ALU_CIN_SUM_DFFCE_D_Q_DFFCE_D_Q_LUT4_I2_F_LUT4_F.I2
Info:                          Defined in:
Info:                               /workspace/scratch/5bc736d51023/tooling/oss-cad-suite/lib/../share/yosys/gowin/cells_map.v:130.20-130.21
Info:      logic  0.82  4.55 Source spi3_d_IOBUF_IO_OEN_LUT3_F_I2_DFFNC_Q_D_LUT4_F_I0_LUT3_I0_F_LUT4_F_I3_LUT4_F_I1_LUT2_I1_F_LUT3_F_I1_DFFCE_Q_D_DFFCE_Q_D_ALU_SUM_COUT_ALU_CIN_COUT_ALU_CIN_SUM_DFFCE_D_Q_DFFCE_D_Q_LUT4_I2_F_LUT4_F.F
Info:    routing  0.33  4.88 Net spi3_d_IOBUF_IO_OEN_LUT3_F_I2_DFFNC_Q_D_LUT4_F_I0_LUT3_I0_F_LUT4_F_I3_LUT4_F_I1_LUT2_I1_F_LUT3_F_I1_DFFCE_Q_D_DFFCE_Q_D_ALU_SUM_COUT_ALU_CIN_COUT_ALU_CIN_SUM_DFFCE_D_Q_DFFCE_D_Q_LUT4_I2_F[3] (27,6) -> (27,6)
Info:                          Sink spi3_d_IOBUF_IO_OEN_LUT3_F_I2_DFFNC_Q_D_LUT4_F_I2_LUT3_I2_F_LUT4_F_1_I3_LUT4_F_1.I3
Info:                          Defined in:
Info:                               /workspace/scratch/5bc736d51023/tooling/oss-cad-suite/lib/../share/yosys/gowin/cells_map.v:130.20-130.21
Info:      logic  0.62  5.50 Source spi3_d_IOBUF_IO_OEN_LUT3_F_I2_DFFNC_Q_D_LUT4_F_I2_LUT3_I2_F_LUT4_F_1_I3_LUT4_F_1.F
Info:    routing  1.22  6.72 Net spi3_d_IOBUF_IO_OEN_LUT3_F_I2_DFFNC_Q_D_LUT4_F_I2_LUT3_I2_F_LUT4_F_1_I3[2] (27,6) -> (29,5)
Info:                          Sink spi3_d_IOBUF_IO_OEN_LUT3_F_I2_DFFNC_Q_D_LUT4_F_I2_LUT3_I2_F_LUT4_F_1.I2
Info:                          Defined in:
Info:                               /workspace/scratch/5bc736d51023/tooling/oss-cad-suite/lib/../share/yosys/gowin/cells_map.v:130.20-130.21
Info:      logic  0.82  7.54 Source spi3_d_IOBUF_IO_OEN_LUT3_F_I2_DFFNC_Q_D_LUT4_F_I2_LUT3_I2_F_LUT4_F_1.F
Info:    routing  0.41  7.95 Net spi3_d_IOBUF_IO_OEN_LUT3_F_I2_DFFNC_Q_D_LUT4_F_I2_LUT3_I2_F[3] (29,5) -> (29,4)
Info:                          Sink spi3_d_IOBUF_IO_OEN_LUT3_F_I2_DFFNC_Q_D_LUT4_F_I0_DFFCE_Q_CE_LUT4_F.I3
Info:                          Defined in:
Info:                               /workspace/scratch/5bc736d51023/tooling/oss-cad-suite/lib/../share/yosys/gowin/cells_map.v:130.20-130.21
Info:      logic  0.62  8.58 Source spi3_d_IOBUF_IO_OEN_LUT3_F_I2_DFFNC_Q_D_LUT4_F_I0_DFFCE_Q_CE_LUT4_F.F
Info:    routing  0.33  8.91 Net spi3_d_IOBUF_IO_OEN_LUT3_F_I2_DFFNC_Q_D_LUT4_F_I0_DFFCE_Q_CE (29,4) -> (29,4)
Info:                          Sink spi3_d_IOBUF_IO_OEN_LUT3_F_I2_DFFNC_Q_D_LUT4_F_I0_DFFCE_Q.CE
Info:      setup  0.04  8.95 Source spi3_d_IOBUF_IO_OEN_LUT3_F_I2_DFFNC_Q_D_LUT4_F_I0_DFFCE_Q.CE
Info: 4.49 ns logic, 4.46 ns routing

Info: Max frequency for clock               'p2.spi_clk': 191.28 MHz (PASS at 80.00 MHz)
Info: Max frequency for clock 'double_buffer.tx.spi_clk': 93.48 MHz (PASS at 80.00 MHz)
Info: Max frequency for clock                   'p2.clk': 99.59 MHz (PASS at 99.00 MHz)

Info: Max delay posedge p2.clk -> posedge double_buffer.tx.spi_clk: 8.95 ns

Info: Slack histogram:
Info:  legend: * represents 1 endpoint(s)
Info:          + represents [1,1) endpoint(s)
Info: [    60,    613) |************* 
Info: [   613,   1166) |******************* 
Info: [  1166,   1719) |************************* 
Info: [  1719,   2272) |********************** 
Info: [  2272,   2825) |*************** 
Info: [  2825,   3378) |******** 
Info: [  3378,   3931) |*********** 
Info: [  3931,   4484) |****** 
Info: [  4484,   5037) |************************************************** 
Info: [  5037,   5590) |************************************************ 
Info: [  5590,   6143) |********* 
Info: [  6143,   6696) |*************** 
Info: [  6696,   7249) |*************************** 
Info: [  7249,   7802) |******************************************** 
Info: [  7802,   8355) |******************************* 
Info: [  8355,   8908) |******************************************** 
Info: [  8908,   9461) |********************************* 
Info: [  9461,  10014) |************************************************* 
Info: [ 10014,  10567) |* 
Info: [ 10567,  11120) |********** 

Info: Program finished normally.
