Info: Using uarch 'gowin' for device 'GW1NR-LV9QN88PC6/I5'
Info: constraining clock net 'clocking.clk27' to 27.00 MHz
Info: constraining clock net 'bridge.clk' to 99.00 MHz
Info: constraining clock net 'bridge.clk_ck' to 99.00 MHz
Info: constraining clock net 'bridge.p2.spi_clk' to 80.00 MHz
Info: constraining clock net 'bridge.p3.spi_clk' to 80.00 MHz

Info: Reading constraints...
Info: Create constant nets...
Info: Modify LUTs...
Info: Pack IOBs...
Info: Pack I3C IOs...
Info: Pack MIPI IOs...
Info: Pack diff IOBs...
Info: Pack FFs into IO cells...
Info: Pack IODELAY...
Info: Pack Input Edge Monitors...
Info: Pack IO logic...
Info: Pack DESER16 logic...
Info: Pack GSR...
Info: Pack HCLK cells...
Info: Pack DLLDLYs...
Info: Pack wide LUTs...
Info: Packed MUX2_LUT8:0, MUX2_LU7:0, MUX2_LUT6:0, MUX2_LUT5:0
Info: Pack ALUs...
Info: Pack SSRAMs...
Info: Constrained 605 LUTFF pairs.
Info: Pack PLL...
Info: Pack ADC...
Info: Pack GW JTAG...
Info: Pack BSRAMs...
Info: Pack DSP...
Info: Pack INV...
Info: Pack buffered nets...
Info: Pack EMCU and UserFlash cells...
Info: Pack UserFlash cells...
Info: Pack DQCE cells...
Info: Pack DCS cells...
Info: Checksum: 0xe62832f3

Info: Device utilisation:
Info: 	                 VCC:       1/      1   100%
Info: 	                 IOB:      27/    276     9%
Info: 	                LUT4:    2364/   8640    27%
Info: 	              OSER16:       0/     80     0%
Info: 	              IDES16:       0/     80     0%
Info: 	            IOLOGICI:      18/    276     6%
Info: 	            IOLOGICO:      24/    276     8%
Info: 	           MUX2_LUT5:       0/   4320     0%
Info: 	           MUX2_LUT6:       0/   2160     0%
Info: 	           MUX2_LUT7:       0/   1080     0%
Info: 	           MUX2_LUT8:       0/   1080     0%
Info: 	                 ALU:     616/   6480     9%
Info: 	                 GND:       1/      1   100%
Info: 	                 DFF:    1391/   6480    21%
Info: 	           RAM16SDP4:       0/    270     0%
Info: 	               BSRAM:       4/     26    15%
Info: 	              ALU54D:       0/     10     0%
Info: 	     MULTADDALU18X18:       0/     10     0%
Info: 	        MULTALU18X18:       0/     10     0%
Info: 	        MULTALU36X18:       0/     10     0%
Info: 	           MULT36X36:       0/      5     0%
Info: 	           MULT18X18:       0/     20     0%
Info: 	             MULT9X9:       0/     40     0%
Info: 	              PADD18:       0/     20     0%
Info: 	               PADD9:       0/     40     0%
Info: 	                 GSR:       1/      1   100%
Info: 	                 OSC:       0/      1     0%
Info: 	                rPLL:       1/      2    50%
Info: 	           FLASH608K:       0/      1     0%
Info: 	                BUFG:       2/     22     9%
Info: 	                DQCE:       0/     24     0%
Info: 	                 DCS:       0/      8     0%
Info: 	               DHCEN:       0/     24     0%
Info: 	              CLKDIV:       0/      8     0%
Info: 	             CLKDIV2:       0/     16     0%
Info: 	           MIPI_IBUF:       0/     22     0%
Info: 	           MIPI_OBUF:       0/     20     0%

Info: Running custom HCLK placer...
Info: Placed 0 cells based on constraints.
Info: Creating initial analytic placement for 2602 cells, random placement wirelen = 101256.
Info:     at initial placer iter 0, wirelen = 2174
Info:     at initial placer iter 1, wirelen = 1903
Info:     at initial placer iter 2, wirelen = 1922
Info:     at initial placer iter 3, wirelen = 1915
Info: Running main analytical placer, max placement attempts per cell = 2495378.
Info:     at iteration #1, type ALL: wirelen solved = 1900, spread = 21190, legal = 34417; time = 0.26s
Info:     at iteration #2, type ALL: wirelen solved = 3511, spread = 19682, legal = 33431; time = 0.25s
Info:     at iteration #3, type ALL: wirelen solved = 4482, spread = 16169, legal = 28882; time = 0.36s
Info:     at iteration #4, type ALL: wirelen solved = 4901, spread = 14892, legal = 29175; time = 0.30s
Info:     at iteration #5, type ALL: wirelen solved = 5155, spread = 13315, legal = 25669; time = 0.19s
Info:     at iteration #6, type ALL: wirelen solved = 5668, spread = 13010, legal = 24600; time = 0.20s
Info:     at iteration #7, type ALL: wirelen solved = 5905, spread = 12946, legal = 23823; time = 0.23s
Info:     at iteration #8, type ALL: wirelen solved = 6242, spread = 11444, legal = 24865; time = 0.31s
Info:     at iteration #9, type ALL: wirelen solved = 6291, spread = 12433, legal = 25030; time = 0.24s
Info:     at iteration #10, type ALL: wirelen solved = 6654, spread = 12574, legal = 23762; time = 0.25s
Info:     at iteration #11, type ALL: wirelen solved = 6961, spread = 12801, legal = 23440; time = 0.22s
Info:     at iteration #12, type ALL: wirelen solved = 7186, spread = 12434, legal = 24042; time = 0.22s
Info:     at iteration #13, type ALL: wirelen solved = 7443, spread = 12783, legal = 22982; time = 0.17s
Info:     at iteration #14, type ALL: wirelen solved = 7647, spread = 13690, legal = 23961; time = 0.20s
Info:     at iteration #15, type ALL: wirelen solved = 7965, spread = 14101, legal = 23373; time = 0.18s
Info:     at iteration #16, type ALL: wirelen solved = 8298, spread = 12786, legal = 22725; time = 0.19s
Info:     at iteration #17, type ALL: wirelen solved = 8448, spread = 12784, legal = 22907; time = 0.19s
Info:     at iteration #18, type ALL: wirelen solved = 8626, spread = 13478, legal = 23022; time = 0.21s
Info:     at iteration #19, type ALL: wirelen solved = 9349, spread = 13980, legal = 22293; time = 0.17s
Info:     at iteration #20, type ALL: wirelen solved = 9217, spread = 13969, legal = 21245; time = 0.15s
Info:     at iteration #21, type ALL: wirelen solved = 9339, spread = 13378, legal = 22175; time = 0.18s
Info:     at iteration #22, type ALL: wirelen solved = 9787, spread = 14704, legal = 22530; time = 0.16s
Info:     at iteration #23, type ALL: wirelen solved = 9859, spread = 14835, legal = 22875; time = 0.17s
Info:     at iteration #24, type ALL: wirelen solved = 10341, spread = 13506, legal = 22032; time = 0.19s
Info:     at iteration #25, type ALL: wirelen solved = 10353, spread = 13243, legal = 21863; time = 0.19s
Info: HeAP Placer Time: 5.74s
Info:   of which solving equations: 0.80s
Info:   of which spreading cells: 0.14s
Info:   of which strict legalisation: 4.50s

Info: Running simulated annealing placer for refinement.
Info:   at iteration #1: temp = 0.000000, timing cost = 59, wirelen = 21245
Info:   at iteration #5: temp = 0.000000, timing cost = 21, wirelen = 16296
Info:   at iteration #10: temp = 0.000000, timing cost = 16, wirelen = 14887
Info:   at iteration #15: temp = 0.000000, timing cost = 14, wirelen = 14413
Info:   at iteration #20: temp = 0.000000, timing cost = 14, wirelen = 14022
Info:   at iteration #25: temp = 0.000000, timing cost = 13, wirelen = 13818
Info:   at iteration #29: temp = 0.000000, timing cost = 13, wirelen = 13738 
Info: SA placement time 3.93s

Info: Max frequency for clock 'bridge.p3.spi_clk': 247.34 MHz (PASS at 80.00 MHz)
Info: Max frequency for clock 'bridge.p2.spi_clk': 266.81 MHz (PASS at 80.00 MHz)
Info: Max frequency for clock        'bridge.clk': 136.69 MHz (PASS at 99.00 MHz)

Info: Max delay posedge bridge.clk        -> posedge bridge.p2.spi_clk: 0.86 ns
Info: Max delay posedge bridge.clk        -> posedge bridge.p3.spi_clk: 0.86 ns
Info: Max delay posedge bridge.p2.spi_clk -> posedge bridge.clk       : 0.86 ns
Info: Max delay posedge bridge.p3.spi_clk -> posedge bridge.clk       : 0.96 ns

Info: Slack histogram:
Info:  legend: * represents 3 endpoint(s)
Info:          + represents [1,3) endpoint(s)
Info: [  2785,   3246) |+
Info: [  3246,   3707) |+
Info: [  3707,   4168) |+
Info: [  4168,   4629) |*****+
Info: [  4629,   5090) |*************+
Info: [  5090,   5551) |**************+
Info: [  5551,   6012) |**************+
Info: [  6012,   6473) |*****************************+
Info: [  6473,   6934) |***************************+
Info: [  6934,   7395) |*****************************+
Info: [  7395,   7856) |********************************+
Info: [  7856,   8317) |*************************+
Info: [  8317,   8778) |*************************************+
Info: [  8778,   9239) |******************************************+
Info: [  9239,   9700) |************************************************************ 
Info: [  9700,  10161) |******+
Info: [ 10161,  10622) |****+
Info: [ 10622,  11083) |*********+
Info: [ 11083,  11544) |*****+
Info: [ 11544,  12005) |*****+
Info: Checksum: 0xe97b7424
Info: Routing globals...
Info:     'bridge.p3.spi_clk' net was routed.
Info:     'bridge.p2.spi_clk' net was routed.
Info:     'bridge.clk_ck' net was routed using global resources only.
Info:     'bridge.clk' net was routed using global resources only.
Info:     'clocking.clk27' net was routed using global resources only.
Info:     'O_psram_reset_n_OBUF_O_I_LUT4_F_I2_LUT2_I0_F_LUT4_F_I3_LUT3_F_I2_LUT2_F_I1_LUT2_I1_F_LUT4_F_I3_LUT4_I3_F_LUT2_F_I1_LUT2_I1_F_LUT4_I3_1_F_LUT4_I3_F_LUT3_I2_F_DFFCE_CE_Q_LUT2_F_I1_LUT4_I1_I3_LUT4_F_I3_LUT2_F_I1_LUT3_F_I2_LUT3_F_I2_LUT4_F_I1_DFFCE_Q_1_D_LUT4_F_I2[3]' is routed using segments.
Info:     'bridge.controller.tail[1]_DFFCE_Q_2_D_LUT3_I1_F_LUT3_I2_I1_LUT3_I1_I2_LUT2_F_I1_LUT4_I3_2_F' is routed using segments.
Info:     'O_psram_reset_n_OBUF_O_I_LUT4_F_I2_LUT2_I0_F_LUT4_F_I3_LUT3_F_I2_LUT2_F_I1_LUT2_I1_F_LUT4_F_I3_LUT4_I3_F_LUT2_F_I1_LUT2_I1_F_LUT4_I3_1_F_LUT4_I3_F_LUT3_I2_F_DFFCE_CE_Q_LUT2_F_I1_LUT4_I1_I3_LUT4_F_I3_LUT2_F_I1_LUT3_F_I2_LUT3_F_I2_LUT4_F_I1_DFFCE_Q_1_D_LUT4_F_I2_LUT3_F_I1[0]' is routed using segments.
Info:     'O_psram_reset_n_OBUF_O_I_LUT4_F_I2_LUT2_I0_F_LUT4_F_I3_LUT3_F_I2_LUT2_F_I1_LUT2_I1_F_LUT4_F_I3_LUT4_I3_F_LUT2_F_I1_LUT2_I1_F_LUT4_I3_F_LUT4_I3_F_LUT4_I3_I2_LUT2_I1_F_LUT2_F_I0_LUT4_I0_F_LUT4_F_I0_LUT4_F_I2_LUT4_I0_F_DFFCE_D_Q[3]' is routed using segments.
Info:     'bridge.controller.head[1][1]' is routed using segments.
Info:     'O_psram_reset_n_OBUF_O_I_LUT4_F_I2_LUT2_I0_F_LUT4_F_I3_LUT3_F_I2_LUT2_F_I1_LUT2_I1_F_LUT4_F_I3_LUT4_I3_F_LUT2_F_I1_LUT2_I1_F_LUT4_I3_1_F_LUT4_I3_F_LUT3_I2_F_DFFCE_CE_Q_LUT2_F_I1_LUT4_I1_I3_LUT4_F_I3_LUT2_F_I1_LUT3_F_I2_LUT3_F_I2_LUT4_F_I1_DFFCE_Q_1_D_LUT4_F_I2_LUT3_F_I1_ALU_SUM_1_CIN_ALU_COUT_SUM[2]' is routed using segments.
Info:     'O_psram_reset_n_OBUF_O_I_LUT4_F_I2_LUT2_I0_F_LUT4_F_I3_LUT3_F_I2_LUT2_F_I1_LUT2_I1_F_LUT4_F_I3_LUT4_I3_F_LUT2_F_I1_LUT2_I1_F_LUT4_I3_1_F_LUT4_I3_F_LUT3_I2_F_DFFCE_CE_Q_LUT2_F_I1_LUT4_I1_I3_LUT4_F_I2_LUT3_F_I2_LUT4_F_I3_LUT4_F_1_I3[0]' is routed using segments.
Info:     'bridge.p3.cs_n_LUT3_I0_F_DFFCE_CE_Q_DFFC_D_Q_DFFC_D_Q_DFFCE_Q_CE_LUT3_F_I2_LUT3_F_I1_LUT2_I0_F_DFFCE_CE_Q_LUT3_F_I2_LUT2_I1_F_LUT3_I2_F[0]' is routed using segments.
Info:     'O_psram_reset_n_OBUF_O_I_LUT4_F_I2_LUT2_I0_F_LUT4_F_I3_LUT3_F_I2_LUT2_F_I1_LUT2_I1_F_LUT4_F_I3_LUT4_I3_F_LUT2_F_I1_LUT2_I1_F_LUT4_I3_1_F_LUT4_I3_F_LUT3_I2_F_DFFCE_CE_Q_LUT2_F_I1_LUT4_I1_I3_LUT4_F_I3_LUT3_I2_F[1]' is routed using segments.
Info:     'O_psram_reset_n_OBUF_O_I_LUT4_F_I2_LUT2_I0_F_LUT4_F_I3_LUT3_F_I2_LUT2_F_I1_LUT2_I1_F_LUT4_F_I3_LUT4_I3_F_LUT2_F_I1_LUT2_I1_F_LUT4_I3_F_LUT4_I3_F_LUT4_I3_I2_LUT2_I1_F_LUT2_F_I0_LUT4_I0_F_LUT4_F_I0_LUT4_F_I2_LUT4_I0_F_DFFCE_D_Q[2]' is routed using segments.
Info:     'bridge.p3.cs_n_LUT3_I0_F_DFFCE_CE_Q_DFFC_D_Q_DFFC_D_Q_DFFCE_Q_CE_LUT3_F_I2_LUT3_F_I2_LUT2_I0_F' is routed using segments.
Info:     'bridge.controller.tail[1]_DFFCE_Q_2_D_LUT3_I1_F_LUT3_I2_I1_LUT3_I1_I2_LUT2_F_I1_LUT4_I3_3_F' is routed using segments.
Info:     'bridge.controller.tail[1]_DFFCE_Q_2_D_LUT3_I1_F_LUT3_I2_I1_LUT3_I1_I2_LUT3_I2_F' is routed using segments.
Info:     'bridge.controller.head[0][1]' is routed using segments.
Info:     'O_psram_reset_n_OBUF_O_I_LUT4_F_I2_LUT2_I0_F_LUT4_F_I3_LUT3_F_I2_LUT2_F_I1_LUT2_I1_F_LUT4_F_I3_LUT4_I3_F_LUT2_F_I1_LUT2_I1_F_LUT4_I3_1_F_LUT4_I3_F_LUT3_I2_F_DFFCE_CE_Q_LUT2_F_I1_LUT4_I1_I3_LUT4_F_I3_LUT2_F_I1_LUT3_F_I2_LUT3_F_I2_LUT4_F_I1_DFFCE_Q_1_D_LUT4_F_I2_LUT3_F_I1_ALU_SUM_1_CIN_ALU_COUT_SUM[1]' is routed using segments.
Info:     'O_psram_reset_n_OBUF_O_I_LUT4_F_I2_LUT2_I0_F_LUT4_F_I3_LUT3_F_I2_LUT2_F_I1_LUT2_I1_F_LUT4_F_I3_LUT4_I3_F_LUT2_F_I1_LUT2_I1_F_LUT4_I3_1_F_LUT4_I3_F_LUT3_I2_F_DFFCE_CE_Q_LUT2_F_I1_LUT4_I1_I3_LUT4_F_I3_LUT2_F_I1_LUT3_F_I2_LUT3_F_I2_LUT4_F_I1_DFFCE_Q_1_D_LUT4_F_I2_LUT3_F_I1_ALU_SUM_CIN_ALU_COUT_SUM[2]' is routed using segments.
Info:     'O_psram_reset_n_OBUF_O_I_LUT4_F_I2_LUT2_I0_F_LUT4_F_I3_LUT3_F_I2_LUT2_F_I1_LUT2_I1_F_LUT4_F_I3_LUT4_I3_F_LUT2_F_I1_LUT2_I1_F_LUT4_I3_1_F_LUT4_I3_F_LUT3_I2_F_DFFCE_CE_Q_LUT2_F_I1_LUT4_I1_I3_LUT4_F_I3_LUT2_F_I1_LUT3_F_I2_LUT3_F_I2_LUT4_F_I1_LUT3_I0_F_ALU_SUM_CIN_ALU_COUT_SUM[3]' is routed using segments.
Info:     'bridge.controller.tail[1]_DFFCE_Q_2_D_LUT3_I1_F_LUT3_I2_I1_LUT3_I1_I2_LUT2_F_I1_LUT4_I3_F' is routed using segments.
Info:     'bridge.controller.tail[1]_DFFCE_Q_2_D_LUT3_I1_F_LUT3_I2_I1_LUT3_I1_F' is routed using segments.
Info:     'clocking.locked_LUT2_I1_F_DFFC_CLEAR_Q_DFFC_D_Q' is routed using segments.
Info:     'bridge.p3.cs_n_LUT3_I0_F_DFFCE_CE_Q_DFFC_D_Q_DFFC_D_Q_DFFCE_Q_CE_LUT3_F_I2_LUT3_F_I0_LUT3_I1_F_DFFC_D_Q_LUT3_I0_F_DFFCE_CE_Q_LUT3_I2_F_LUT3_F_I1_DFFCE_Q_1_CE_LUT2_F_I1_LUT4_F_I2[3]' is routed using segments.
Info:     'bridge.p3.cs_n_LUT3_I0_I2_LUT4_F_I2_LUT3_I2_F[3]' is routed using segments.
Info:     'bridge.p3.cs_n_LUT3_I0_I2_LUT4_F_I2[1]' is routed using segments.
Info:     'O_psram_reset_n_OBUF_O_I_LUT4_F_I2_LUT2_I0_F_LUT4_F_I3_LUT3_F_I2_LUT2_F_I1_LUT2_I1_F_LUT4_F_I3_LUT4_I3_F_LUT2_F_I1_LUT2_I1_F_LUT4_I3_1_F_LUT4_I3_F_LUT3_I2_F_DFFCE_CE_Q_LUT2_F_I1_LUT4_I1_I3_LUT4_F_I3_LUT2_F_I1_LUT3_F_I2_LUT3_F_I2_LUT4_F_I1_DFFCE_Q_1_D_LUT4_F_I2_LUT3_F_I1[1]' is routed using segments.
Info:     'bridge.queue.writes.0.0_DI_1_DFF_Q_D_DFFCE_Q_D_LUT3_F_I0_LUT4_I2_F_LUT2_I0_F_LUT2_I1_F_LUT4_I3_F_LUT2_I1_F_LUT2_F_I1_LUT2_I0_F' is routed using segments.
Info:     'bridge.p3.cs_n_LUT3_I0_F_DFFCE_CE_Q_DFFC_D_Q_DFFC_D_Q_DFFCE_Q_CE_LUT3_F_I2_LUT3_F_I1_LUT2_I0_F_DFFCE_CE_Q_LUT3_F_I2_LUT2_I1_F_LUT2_I1_F_DFFCE_D_Q_LUT2_I0_F_DFFCE_Q_CE_LUT2_F_I0_LUT2_I1_F_DFFCE_CE_Q_LUT3_I1_F_DFFCE_D_Q_LUT3_F_I1_LUT3_I0_I2_LUT4_F_I3_LUT4_F_I0[1]' is routed using segments.
Info:     'O_psram_reset_n_OBUF_O_I_LUT4_F_I2_LUT2_I0_F_LUT4_F_I3_LUT3_F_I2_LUT2_F_I1_LUT2_I1_F_LUT4_F_I3_LUT4_I3_F_LUT2_F_I1_LUT2_I1_F_LUT4_I3_F_LUT4_I3_F_LUT3_I2_F' is routed using segments.
Info:     'O_psram_reset_n_OBUF_O_I_LUT4_F_I2_LUT2_I0_F_LUT4_F_I3_LUT3_F_I1_LUT3_I1_I2_LUT3_F_I2_LUT3_I1_F[2]' is routed using segments.
Info:     'bridge.queue.writes.0.0_DI_13_DFF_Q_D_DFFCE_Q_D_LUT3_F_I0_DFFCE_D_Q[3]' is routed using segments.
Info:     'bridge.controller.tail[1]_DFFCE_Q_2_D_LUT3_I1_F_LUT3_I2_I1_LUT3_I1_I2_LUT2_F_I1_LUT4_I3_1_F' is routed using segments.
Info:     'bridge.controller.tail[1]_DFFCE_Q_2_D_LUT3_I1_F_LUT3_I2_F' is routed using segments.
Info:     'bridge.controller.tail[1]_DFFCE_Q_2_D_LUT3_I1_F_LUT3_I2_1_F' is routed using segments.
Info:     'bridge.p3.fifo.mem.0.0_DI_8_LUT3_F_I1_DFFCE_D_CE' is routed using segments.
Info:     'bridge.p2.fifo.mem.0.0_DI_10_LUT3_F_I0[2]' is routed using segments.
Info:     'bridge.p3.cs_n_LUT3_I0_F_DFFCE_CE_Q_DFFC_D_Q_DFFC_D_Q_DFFCE_Q_CE_LUT3_F_I2_LUT3_F_I1_LUT2_I0_F_DFFCE_CE_Q_LUT3_F_I2_LUT2_I1_F_LUT2_I1_F_DFFCE_D_Q_LUT3_I1_F_LUT3_I2_F' is routed using segments.

Info: Routing..
Info: Setting up routing queue.
Info: Routing 10561 arcs.
Info:            |   (re-)routed arcs  |   delta    | remaining|       time spent     |
Info:    IterCnt |  w/ripup   wo/ripup |  w/r  wo/r |      arcs| batch(sec) total(sec)|
Info:       1000 |       31        893 |   31   893 |      9603|       0.37       0.37|
Info:       2000 |       47       1792 |   16   899 |      8619|       0.18       0.55|
Info:       3000 |       47       2767 |    0   975 |      7619|       0.29       0.84|
Info:       4000 |       52       3721 |    5   954 |      6625|       0.29       1.13|
Info:       5000 |       60       4664 |    8   943 |      5634|       0.30       1.43|
Info:       6000 |       73       5608 |   13   944 |      4648|       0.35       1.78|
Info:       7000 |      101       6537 |   28   929 |      3692|       0.41       2.19|
Info:       8000 |      135       7460 |   34   923 |      2734|       0.46       2.65|
Info:       9000 |      198       8356 |   63   896 |      1813|       0.51       3.16|
Info:      10000 |      285       9227 |   87   871 |       942|       0.55       3.71|
Info:      11000 |      400      10082 |  115   855 |       135|       0.68       4.39|
Info:      11183 |      429      10234 |   29   152 |         0|       0.18       4.58|
Info: Routing complete.
Info: Router1 time 4.58s
Info: Checksum: 0x4c47742a

Info: Critical path report for clock 'bridge.p3.spi_clk' (posedge -> posedge):
Info:       type curr  total name
Info:   clk-to-q  0.46  0.46 Source bridge.p3.fifo.mem.0.0_ADA_1_ALU_I1_CIN_ALU_COUT_CIN_ALU_COUT_SUM_DFFCE_D_Q_LUT1_I0_F_DFFCE_D_Q_DFFC_Q.Q
Info:    routing  0.89  1.35 Net bridge.p3.fifo.mem.0.0_ADA_1_ALU_I1_CIN_ALU_COUT_CIN_ALU_COUT_SUM_DFFCE_D_Q_LUT1_I0_F_DFFCE_D_Q[2] (21,5) -> (20,4)
Info:                          Sink bridge.p3.fifo.mem.0.0_DI_32_LUT2_F_I0_LUT4_I3_F_LUT2_I1_F_LUT4_F_I3_LUT4_F_2.I2
Info:                          Defined in:
Info:                               /workspace/scratch/5bc736d51023/tooling/oss-cad-suite/lib/../share/yosys/gowin/cells_map.v:130.20-130.21
Info:      logic  0.82  2.17 Source bridge.p3.fifo.mem.0.0_DI_32_LUT2_F_I0_LUT4_I3_F_LUT2_I1_F_LUT4_F_I3_LUT4_F_2.F
Info:    routing  0.48  2.65 Net bridge.p3.fifo.mem.0.0_DI_32_LUT2_F_I0_LUT4_I3_F_LUT2_I1_F_LUT4_F_I3[1] (20,4) -> (20,4)
Info:                          Sink bridge.p3.fifo.mem.0.0_DI_32_LUT2_F_I0_LUT4_I3_F_LUT2_I1_F_LUT4_F.I1
Info:                          Defined in:
Info:                               /workspace/scratch/5bc736d51023/tooling/oss-cad-suite/lib/../share/yosys/gowin/cells_map.v:130.20-130.21
Info:      logic  1.10  3.75 Source bridge.p3.fifo.mem.0.0_DI_32_LUT2_F_I0_LUT4_I3_F_LUT2_I1_F_LUT4_F.F
Info:    routing  0.48  4.23 Net bridge.p3.fifo.mem.0.0_DI_32_LUT2_F_I0_LUT4_I3_F_LUT2_I1_F[2] (20,4) -> (19,4)
Info:                          Sink bridge.p3.cs_n_LUT4_I0.I2
Info:                          Defined in:
Info:                               /workspace/scratch/5bc736d51023/tooling/oss-cad-suite/lib/../share/yosys/gowin/cells_map.v:130.20-130.21
Info:      logic  0.82  5.05 Source bridge.p3.cs_n_LUT4_I0.F
Info:    routing  1.12  6.17 Net bridge.p3.cs_n_LUT4_I0_F[1] (19,4) -> (19,4)
Info:                          Sink bridge.p3.fifo.mem.0.0_ADA_1_DFFCE_Q.CE
Info:                          Defined in:
Info:                               /workspace/scratch/5bc736d51023/tooling/oss-cad-suite/lib/../share/yosys/gowin/cells_map.v:130.20-130.21
Info:      setup  0.04  6.21 Source bridge.p3.fifo.mem.0.0_ADA_1_DFFCE_Q.CE
Info: 3.24 ns logic, 2.97 ns routing

Info: Critical path report for clock 'bridge.p2.spi_clk' (posedge -> posedge):
Info:       type curr  total name
Info:   clk-to-q  0.46  0.46 Source bridge.p2.fifo.mem.0.0_DI_34_LUT3_F_I1_ALU_I1_COUT_ALU_CIN_COUT_ALU_CIN_SUM_DFFCE_D.Q
Info:    routing  1.93  2.38 Net bridge.p2.fifo.mem.0.0_DI_32_LUT2_F_I0_LUT4_F_I2[1] (11,14) -> (15,17)
Info:                          Sink bridge.p2.fifo.mem.0.0_DI_33_LUT3_F_I2_LUT4_I3.I1
Info:                          Defined in:
Info:                               /workspace/scratch/5bc736d51023/tooling/oss-cad-suite/lib/../share/yosys/gowin/cells_map.v:130.20-130.21
Info:      logic  1.10  3.48 Source bridge.p2.fifo.mem.0.0_DI_33_LUT3_F_I2_LUT4_I3.F
Info:    routing  0.89  4.37 Net bridge.p2.fifo.mem.0.0_DI_33_LUT3_F_I2_LUT4_I3_F (15,17) -> (16,16)
Info:                          Sink bridge.p2.fifo.mem.0.0_DI_15_LUT3_F_I1_DFFCE_D_Q_LUT4_I3_F_LUT4_F_I3_DFFCE_Q_3.CE
Info:      setup  0.04  4.42 Source bridge.p2.fifo.mem.0.0_DI_15_LUT3_F_I1_DFFCE_D_Q_LUT4_I3_F_LUT4_F_I3_DFFCE_Q_3.CE
Info: 1.60 ns logic, 2.82 ns routing

Info: Critical path report for clock 'bridge.clk' (posedge -> posedge):
Info:       type curr  total name
Info:   clk-to-q  0.46  0.46 Source O_psram_reset_n_OBUF_O_I_LUT4_F_I2_LUT2_I0_F_LUT4_F_I3_LUT3_F_I2_LUT2_F_I1_LUT2_I1_F_LUT4_F_I3_LUT4_I3_F_LUT2_F_I1_LUT2_I1_F_LUT4_I3_F_LUT4_I3_F_LUT4_I3_I2_LUT2_I1_F_LUT2_F_I0_LUT4_I0_F_LUT4_F_I0_LUT4_F_I2_LUT4_I0_F_DFFCE_D_CE_DFFCE_CE_Q_DFFC_Q_D_LUT4_F_I3_DFFCE_CE_1.Q
Info:    routing  0.41  0.87 Net O_psram_reset_n_OBUF_O_I_LUT4_F_I2_LUT2_I0_F_LUT4_F_I3_LUT3_F_I2_LUT2_F_I1_LUT2_I1_F_LUT4_F_I3_LUT4_I3_F_LUT2_F_I1_LUT2_I1_F_LUT4_I3_F_LUT4_I3_F_LUT4_I3_I2_LUT2_I1_F_LUT2_F_I0_LUT4_I0_F_LUT4_F_I0_LUT4_F_I2_LUT4_I0_F_DFFCE_D_CE_DFFCE_CE_Q_DFFC_Q_D_LUT4_F_I3_DFFCE_CE_1_Q (5,13) -> (6,13)
Info:                          Sink O_psram_reset_n_OBUF_O_I_LUT4_F_I2_LUT2_I0_F_LUT4_F_I3_LUT3_F_I2_LUT2_F_I1_LUT2_I1_F_LUT4_F_I3_LUT4_I3_F_LUT2_F_I1_LUT2_I1_F_LUT4_I3_F_LUT4_I3_F_LUT4_I3_I2_LUT2_I1_F_LUT2_F_I0_LUT4_I0_F_LUT4_F_I0_LUT4_F_I0_LUT3_F_I2_LUT3_I2_F_ALU_SUM_CIN_ALU_COUT.I0
Info:                          Defined in:
Info:                               /workspace/scratch/5bc736d51023/tooling/oss-cad-suite/lib/../share/yosys/gowin/cells_map.v:130.20-130.21
Info:      logic  0.96  1.83 Source O_psram_reset_n_OBUF_O_I_LUT4_F_I2_LUT2_I0_F_LUT4_F_I3_LUT3_F_I2_LUT2_F_I1_LUT2_I1_F_LUT4_F_I3_LUT4_I3_F_LUT2_F_I1_LUT2_I1_F_LUT4_I3_F_LUT4_I3_F_LUT4_I3_I2_LUT2_I1_F_LUT2_F_I0_LUT4_I0_F_LUT4_F_I0_LUT4_F_I0_LUT3_F_I2_LUT3_I2_F_ALU_SUM_CIN_ALU_COUT.COUT
Info:    routing  0.00  1.83 Net O_psram_reset_n_OBUF_O_I_LUT4_F_I2_LUT2_I0_F_LUT4_F_I3_LUT3_F_I2_LUT2_F_I1_LUT2_I1_F_LUT4_F_I3_LUT4_I3_F_LUT2_F_I1_LUT2_I1_F_LUT4_I3_F_LUT4_I3_F_LUT4_I3_I2_LUT2_I1_F_LUT2_F_I0_LUT4_I0_F_LUT4_F_I0_LUT4_F_I0_LUT3_F_I2_LUT3_I2_F_ALU_SUM_CIN (6,13) -> (6,13)
Info:                          Sink O_psram_reset_n_OBUF_O_I_LUT4_F_I2_LUT2_I0_F_LUT4_F_I3_LUT3_F_I2_LUT2_F_I1_LUT2_I1_F_LUT4_F_I3_LUT4_I3_F_LUT2_F_I1_LUT2_I1_F_LUT4_I3_F_LUT4_I3_F_LUT4_I3_I2_LUT2_I1_F_LUT2_F_I0_LUT4_I0_F_LUT4_F_I0_LUT4_F_I0_LUT3_F_I2_LUT3_I2_F_ALU_SUM.CIN
Info:                          Defined in:
Info:                               rtl/s3_psram_queue.sv:51.54-51.65
Info:                               /workspace/scratch/5bc736d51023/tooling/oss-cad-suite/lib/../share/yosys/gowin/arith_map.v:57.7-63.5
Info:                               /workspace/scratch/5bc736d51023/tooling/oss-cad-suite/lib/../share/yosys/gowin/cells_sim.v:1033.25-1033.29
Info:      logic  0.56  2.39 Source O_psram_reset_n_OBUF_O_I_LUT4_F_I2_LUT2_I0_F_LUT4_F_I3_LUT3_F_I2_LUT2_F_I1_LUT2_I1_F_LUT4_F_I3_LUT4_I3_F_LUT2_F_I1_LUT2_I1_F_LUT4_I3_F_LUT4_I3_F_LUT4_I3_I2_LUT2_I1_F_LUT2_F_I0_LUT4_I0_F_LUT4_F_I0_LUT4_F_I0_LUT3_F_I2_LUT3_I2_F_ALU_SUM.SUM
Info:    routing  0.89  3.28 Net O_psram_reset_n_OBUF_O_I_LUT4_F_I2_LUT2_I0_F_LUT4_F_I3_LUT3_F_I2_LUT2_F_I1_LUT2_I1_F_LUT4_F_I3_LUT4_I3_F_LUT2_F_I1_LUT2_I1_F_LUT4_I3_F_LUT4_I3_F_LUT4_I3_I2_LUT2_I1_F_LUT2_F_I0_LUT4_I0_F_LUT4_F_I0_LUT4_F_I0[1] (6,13) -> (7,14)
Info:                          Sink O_psram_reset_n_OBUF_O_I_LUT4_F_I2_LUT2_I0_F_LUT4_F_I3_LUT3_F_I2_LUT2_F_I1_LUT2_I1_F_LUT4_F_I3_LUT4_I3_F_LUT2_F_I1_LUT2_I1_F_LUT4_I3_F_LUT4_I3_F_LUT4_I3_I2_LUT2_I1_F_LUT2_F_I0_LUT4_I0_F_LUT4_F_I0_LUT4_F_I0_LUT4_I2.I1
Info:                          Defined in:
Info:                               /workspace/scratch/5bc736d51023/tooling/oss-cad-suite/lib/../share/yosys/gowin/cells_map.v:130.20-130.21
Info:      logic  1.10  4.38 Source O_psram_reset_n_OBUF_O_I_LUT4_F_I2_LUT2_I0_F_LUT4_F_I3_LUT3_F_I2_LUT2_F_I1_LUT2_I1_F_LUT4_F_I3_LUT4_I3_F_LUT2_F_I1_LUT2_I1_F_LUT4_I3_F_LUT4_I3_F_LUT4_I3_I2_LUT2_I1_F_LUT2_F_I0_LUT4_I0_F_LUT4_F_I0_LUT4_F_I0_LUT4_I2.F
Info:    routing  0.33  4.71 Net O_psram_reset_n_OBUF_O_I_LUT4_F_I2_LUT2_I0_F_LUT4_F_I3_LUT3_F_I2_LUT2_F_I1_LUT2_I1_F_LUT4_F_I3_LUT4_I3_F_LUT2_F_I1_LUT2_I1_F_LUT4_I3_F_LUT4_I3_F_LUT4_I3_I2_LUT2_I1_F_LUT2_F_I0_LUT4_I0_F_LUT4_F_I0_LUT4_F_I0_LUT4_I2_F[2] (7,14) -> (7,14)
Info:                          Sink O_psram_reset_n_OBUF_O_I_LUT4_F_I2_LUT2_I0_F_LUT4_F_I3_LUT3_F_I2_LUT2_F_I1_LUT2_I1_F_LUT4_F_I3_LUT4_I3_F_LUT2_F_I1_LUT2_I1_F_LUT4_I3_F_LUT4_I3_F_LUT4_I3_I2_LUT2_I1_F_LUT2_F_I0_LUT4_I0_F_LUT4_F_I0_LUT4_F_I0_LUT4_I2_F_LUT2_F_I1_ALU_SUM_COUT_ALU_CIN_SUM_LUT4_I2_F_LUT4_F.I2
Info:                          Defined in:
Info:                               /workspace/scratch/5bc736d51023/tooling/oss-cad-suite/lib/../share/yosys/gowin/cells_map.v:130.20-130.21
Info:      logic  0.82  5.53 Source O_psram_reset_n_OBUF_O_I_LUT4_F_I2_LUT2_I0_F_LUT4_F_I3_LUT3_F_I2_LUT2_F_I1_LUT2_I1_F_LUT4_F_I3_LUT4_I3_F_LUT2_F_I1_LUT2_I1_F_LUT4_I3_F_LUT4_I3_F_LUT4_I3_I2_LUT2_I1_F_LUT2_F_I0_LUT4_I0_F_LUT4_F_I0_LUT4_F_I0_LUT4_I2_F_LUT2_F_I1_ALU_SUM_COUT_ALU_CIN_SUM_LUT4_I2_F_LUT4_F.F
Info:    routing  0.41  5.94 Net O_psram_reset_n_OBUF_O_I_LUT4_F_I2_LUT2_I0_F_LUT4_F_I3_LUT3_F_I2_LUT2_F_I1_LUT2_I1_F_LUT4_F_I3_LUT4_I3_F_LUT2_F_I1_LUT2_I1_F_LUT4_I3_F_LUT4_I3_F_LUT4_I3_I2_LUT2_I1_F_LUT2_F_I0_LUT4_I0_F_LUT4_F_I0_LUT4_F_I0_LUT4_I2_F_LUT2_F_I1_ALU_SUM_COUT_ALU_CIN_SUM_LUT4_I2_F[1] (7,14) -> (7,15)
Info:                          Sink O_psram_reset_n_OBUF_O_I_LUT4_F_I2_LUT2_I0_F_LUT4_F_I3_LUT3_F_I2_LUT2_F_I1_LUT2_I1_F_LUT4_F_I3_LUT4_I3_F_LUT2_F_I1_LUT2_I1_F_LUT4_I3_F_LUT4_I3_F_LUT4_I3_I2_LUT2_I1_F_LUT2_F_I0_LUT4_I0_F_LUT4_F_I0_LUT4_I0_F_LUT4_F_I0_LUT2_F_I0_LUT4_I0.I2
Info:                          Defined in:
Info:                               /workspace/scratch/5bc736d51023/tooling/oss-cad-suite/lib/../share/yosys/gowin/cells_map.v:130.20-130.21
Info:      logic  0.82  6.76 Source O_psram_reset_n_OBUF_O_I_LUT4_F_I2_LUT2_I0_F_LUT4_F_I3_LUT3_F_I2_LUT2_F_I1_LUT2_I1_F_LUT4_F_I3_LUT4_I3_F_LUT2_F_I1_LUT2_I1_F_LUT4_I3_F_LUT4_I3_F_LUT4_I3_I2_LUT2_I1_F_LUT2_F_I0_LUT4_I0_F_LUT4_F_I0_LUT4_I0_F_LUT4_F_I0_LUT2_F_I0_LUT4_I0.F
Info:    routing  0.33  7.09 Net O_psram_reset_n_OBUF_O_I_LUT4_F_I2_LUT2_I0_F_LUT4_F_I3_LUT3_F_I2_LUT2_F_I1_LUT2_I1_F_LUT4_F_I3_LUT4_I3_F_LUT2_F_I1_LUT2_I1_F_LUT4_I3_F_LUT4_I3_F_LUT4_I3_I2_LUT2_I1_F_LUT2_F_I0_LUT4_I0_F_LUT4_F_I0_LUT4_I0_F_LUT4_F_I0_LUT2_F_I0_LUT4_I0_F[1] (7,15) -> (7,15)
Info:                          Sink O_psram_reset_n_OBUF_O_I_LUT4_F_I2_LUT2_I0_F_LUT4_F_I3_LUT3_F_I2_LUT2_F_I1_LUT2_I1_F_LUT4_F_I3_LUT4_I3_F_LUT2_F_I1_LUT2_I1_F_LUT4_I3_F_LUT4_I3_F_LUT4_I3_I2_LUT2_I1_F_LUT2_F_I0_LUT4_I0_F_LUT4_F_I0_LUT4_I0_F_LUT4_F_1.I1
Info:                          Defined in:
Info:                               /workspace/scratch/5bc736d51023/tooling/oss-cad-suite/lib/../share/yosys/gowin/cells_map.v:130.20-130.21
Info:      logic  1.10  8.19 Source O_psram_reset_n_OBUF_O_I_LUT4_F_I2_LUT2_I0_F_LUT4_F_I3_LUT3_F_I2_LUT2_F_I1_LUT2_I1_F_LUT4_F_I3_LUT4_I3_F_LUT2_F_I1_LUT2_I1_F_LUT4_I3_F_LUT4_I3_F_LUT4_I3_I2_LUT2_I1_F_LUT2_F_I0_LUT4_I0_F_LUT4_F_I0_LUT4_I0_F_LUT4_F_1.F
Info:    routing  0.33  8.51 Net O_psram_reset_n_OBUF_O_I_LUT4_F_I2_LUT2_I0_F_LUT4_F_I3_LUT3_F_I2_LUT2_F_I1_LUT2_I1_F_LUT4_F_I3_LUT4_I3_F_LUT2_F_I1_LUT2_I1_F_LUT4_I3_F_LUT4_I3_F_LUT4_I3_I2_LUT2_I1_F_LUT2_F_I0_LUT4_I0_F_LUT4_F_I0_LUT4_I0_F[1] (7,15) -> (7,15)
Info:                          Sink O_psram_reset_n_OBUF_O_I_LUT4_F_I2_LUT2_I0_F_LUT4_F_I3_LUT3_F_I2_LUT2_F_I1_LUT2_I1_F_LUT4_F_I3_LUT4_I3_F_LUT2_F_I1_LUT2_I1_F_LUT4_I3_F_LUT4_I3_F_LUT4_I3_I2_LUT2_I1_F_LUT2_F_I0_LUT4_I0_F_LUT4_F_I0_LUT4_F_I2_LUT4_I0.I1
Info:                          Defined in:
Info:                               /workspace/scratch/5bc736d51023/tooling/oss-cad-suite/lib/../share/yosys/gowin/cells_map.v:130.20-130.21
Info:      logic  1.10  9.61 Source O_psram_reset_n_OBUF_O_I_LUT4_F_I2_LUT2_I0_F_LUT4_F_I3_LUT3_F_I2_LUT2_F_I1_LUT2_I1_F_LUT4_F_I3_LUT4_I3_F_LUT2_F_I1_LUT2_I1_F_LUT4_I3_F_LUT4_I3_F_LUT4_I3_I2_LUT2_I1_F_LUT2_F_I0_LUT4_I0_F_LUT4_F_I0_LUT4_F_I2_LUT4_I0.F
Info:    routing  0.00  9.61 Net O_psram_reset_n_OBUF_O_I_LUT4_F_I2_LUT2_I0_F_LUT4_F_I3_LUT3_F_I2_LUT2_F_I1_LUT2_I1_F_LUT4_F_I3_LUT4_I3_F_LUT2_F_I1_LUT2_I1_F_LUT4_I3_F_LUT4_I3_F_LUT4_I3_I2_LUT2_I1_F_LUT2_F_I0_LUT4_I0_F_LUT4_F_I0_LUT4_F_I2_LUT4_I0_F (7,15) -> (7,15)
Info:                          Sink O_psram_reset_n_OBUF_O_I_LUT4_F_I2_LUT2_I0_F_LUT4_F_I3_LUT3_F_I2_LUT2_F_I1_LUT2_I1_F_LUT4_F_I3_LUT4_I3_F_LUT2_F_I1_LUT2_I1_F_LUT4_I3_F_LUT4_I3_F_LUT4_I3_I2_LUT2_I1_F_LUT2_F_I0_LUT4_I0_F_LUT4_F_I0_LUT4_F_I2_LUT4_I0_F_DFFCE_D.D
Info:      setup  0.40  10.01 Source O_psram_reset_n_OBUF_O_I_LUT4_F_I2_LUT2_I0_F_LUT4_F_I3_LUT3_F_I2_LUT2_F_I1_LUT2_I1_F_LUT4_F_I3_LUT4_I3_F_LUT2_F_I1_LUT2_I1_F_LUT4_I3_F_LUT4_I3_F_LUT4_I3_I2_LUT2_I1_F_LUT2_F_I0_LUT4_I0_F_LUT4_F_I0_LUT4_F_I2_LUT4_I0_F_DFFCE_D.D
Info: 7.32 ns logic, 2.69 ns routing

Info: Max frequency for clock 'bridge.p3.spi_clk': 160.93 MHz (PASS at 80.00 MHz)
Info: Max frequency for clock 'bridge.p2.spi_clk': 226.40 MHz (PASS at 80.00 MHz)
Info: Max frequency for clock        'bridge.clk': 99.91 MHz (PASS at 99.00 MHz)

Info: Slack histogram:
Info:  legend: * represents 1 endpoint(s)
Info:          + represents [1,1) endpoint(s)
Info: [    92,    648) |*+
Info: [   648,   1204) | 
Info: [  1204,   1760) | 
Info: [  1760,   2316) |****+
Info: [  2316,   2872) |****************+
Info: [  2872,   3428) |**********************+
Info: [  3428,   3984) |**************************+
Info: [  3984,   4540) |***************************************************+
Info: [  4540,   5096) |*********************************************+
Info: [  5096,   5652) |************************************************************ 
Info: [  5652,   6208) |************************************************+
Info: [  6208,   6764) |*******************************+
Info: [  6764,   7320) |************+
Info: [  7320,   7876) |*********************************+
Info: [  7876,   8432) |*******************************************+
Info: [  8432,   8988) |******************************+
Info: [  8988,   9544) |**************************+
Info: [  9544,  10100) |********+
Info: [ 10100,  10656) |********************+
Info: [ 10656,  11212) |******+

Info: Program finished normally.
