Info: Using uarch 'gowin' for device 'GW1NR-LV9QN88PC6/I5'
Info: constraining clock net 'clocking.clk27' to 27.00 MHz
Info: constraining clock net 'bridge.clk' to 99.00 MHz
Info: constraining clock net 'bridge.clk_ck' to 99.00 MHz
Info: constraining clock net 'bridge.p2.spi_clk' to 80.00 MHz
Info: constraining clock net 'bridge.p3.spi_clk' to 80.00 MHz

Info: Reading constraints...
Info: Create constant nets...
Info: Modify LUTs...
Info: Pack IOBs...
Info: Pack I3C IOs...
Info: Pack MIPI IOs...
Info: Pack diff IOBs...
Info: Pack FFs into IO cells...
Info: Pack IODELAY...
Info: Pack Input Edge Monitors...
Info: Pack IO logic...
Info: Pack DESER16 logic...
Info: Pack GSR...
Info: Pack HCLK cells...
Info: Pack DLLDLYs...
Info: Pack wide LUTs...
Info: Packed MUX2_LUT8:0, MUX2_LU7:0, MUX2_LUT6:0, MUX2_LUT5:0
Info: Pack ALUs...
Info: Pack SSRAMs...
Info: Constrained 1679 LUTFF pairs.
Info: Pack PLL...
Info: Pack ADC...
Info: Pack GW JTAG...
Info: Pack BSRAMs...
Info: Pack DSP...
Info: Pack INV...
Info: Pack buffered nets...
Info: Pack EMCU and UserFlash cells...
Info: Pack UserFlash cells...
Info: Pack DQCE cells...
Info: Pack DCS cells...
Info: Checksum: 0x862ff196

Info: Device utilisation:
Info: 	                 VCC:       1/      1   100%
Info: 	                 IOB:      27/    276     9%
Info: 	                LUT4:    6602/   8640    76%
Info: 	              OSER16:       0/     80     0%
Info: 	              IDES16:       0/     80     0%
Info: 	            IOLOGICI:      18/    276     6%
Info: 	            IOLOGICO:      24/    276     8%
Info: 	           MUX2_LUT5:       0/   4320     0%
Info: 	           MUX2_LUT6:       0/   2160     0%
Info: 	           MUX2_LUT7:       0/   1080     0%
Info: 	           MUX2_LUT8:       0/   1080     0%
Info: 	                 ALU:    2010/   6480    31%
Info: 	                 GND:       1/      1   100%
Info: 	                 DFF:    3784/   6480    58%
Info: 	           RAM16SDP4:       0/    270     0%
Info: 	               BSRAM:      12/     26    46%
Info: 	              ALU54D:       0/     10     0%
Info: 	     MULTADDALU18X18:       0/     10     0%
Info: 	        MULTALU18X18:       0/     10     0%
Info: 	        MULTALU36X18:       0/     10     0%
Info: 	           MULT36X36:       0/      5     0%
Info: 	           MULT18X18:       2/     20    10%
Info: 	             MULT9X9:       0/     40     0%
Info: 	              PADD18:       0/     20     0%
Info: 	               PADD9:       0/     40     0%
Info: 	                 GSR:       1/      1   100%
Info: 	                 OSC:       0/      1     0%
Info: 	                rPLL:       1/      2    50%
Info: 	           FLASH608K:       0/      1     0%
Info: 	                BUFG:       2/     22     9%
Info: 	                DQCE:       0/     24     0%
Info: 	                 DCS:       0/      8     0%
Info: 	               DHCEN:       0/     24     0%
Info: 	              CLKDIV:       0/      8     0%
Info: 	             CLKDIV2:       0/     16     0%
Info: 	           MIPI_IBUF:       0/     22     0%
Info: 	           MIPI_OBUF:       0/     20     0%

Info: Running custom HCLK placer...
Info: Placed 0 cells based on constraints.
Info: Creating initial analytic placement for 6879 cells, random placement wirelen = 276490.
Info:     at initial placer iter 0, wirelen = 3250
Info:     at initial placer iter 1, wirelen = 2905
Info:     at initial placer iter 2, wirelen = 2902
Info:     at initial placer iter 3, wirelen = 2897
Info: Running main analytical placer, max placement attempts per cell = 19565640.
Info:     at iteration #1, type ALL: wirelen solved = 2889, spread = 88290, legal = 226807; time = 6.52s
Info:     at iteration #2, type ALL: wirelen solved = 6704, spread = 68672, legal = 179422; time = 142.58s
Info:     at iteration #3, type ALL: wirelen solved = 8803, spread = 71091, legal = 197125; time = 7.20s
Info:     at iteration #4, type ALL: wirelen solved = 11624, spread = 56405, legal = 178777; time = 9.08s
Info:     at iteration #5, type ALL: wirelen solved = 13439, spread = 65066, legal = 178014; time = 4.45s
Info:     at iteration #6, type ALL: wirelen solved = 16426, spread = 53388, legal = 156052; time = 4.31s
Info:     at iteration #7, type ALL: wirelen solved = 17277, spread = 60411, legal = 162953; time = 4.30s
Info:     at iteration #8, type ALL: wirelen solved = 20475, spread = 49192, legal = 142784; time = 5.01s
Info:     at iteration #9, type ALL: wirelen solved = 20949, spread = 49850, legal = 135803; time = 4.44s
Info:     at iteration #10, type ALL: wirelen solved = 22795, spread = 49911, legal = 130893; time = 4.78s
Info:     at iteration #11, type ALL: wirelen solved = 24734, spread = 50187, legal = 115487; time = 12.82s
Info:     at iteration #12, type ALL: wirelen solved = 26508, spread = 47524, legal = 86801; time = 1.83s
Info:     at iteration #13, type ALL: wirelen solved = 26526, spread = 52503, legal = 100976; time = 47.51s
ERROR: Unable to find legal placement for all cells, design is probably at utilisation limit.
0 warnings, 1 error
