Info: Using uarch 'gowin' for device 'GW1NR-LV9QN88PC6/I5'
Info: constraining clock net 'clocking.clk27' to 27.00 MHz
Info: constraining clock net 'bridge.clk' to 90.00 MHz
Info: constraining clock net 'bridge.clk_ck' to 90.00 MHz
Info: constraining clock net 'bridge.p2.spi_clk' to 80.00 MHz
Info: constraining clock net 'bridge.p3.spi_clk' to 80.00 MHz

Info: Reading constraints...
Info: Create constant nets...
Info: Modify LUTs...
Info: Pack IOBs...
Info: Pack I3C IOs...
Info: Pack MIPI IOs...
Info: Pack diff IOBs...
Info: Pack FFs into IO cells...
Info: Pack IODELAY...
Info: Pack Input Edge Monitors...
Info: Pack IO logic...
Info: Pack DESER16 logic...
Info: Pack GSR...
Info: Pack HCLK cells...
Info: Pack DLLDLYs...
Info: Pack wide LUTs...
Info: Packed MUX2_LUT8:0, MUX2_LU7:0, MUX2_LUT6:0, MUX2_LUT5:0
Info: Pack ALUs...
Info: Pack SSRAMs...
Info: Constrained 1576 LUTFF pairs.
Info: Pack PLL...
Info: Pack ADC...
Info: Pack GW JTAG...
Info: Pack BSRAMs...
Info: Pack DSP...
Info: Pack INV...
Info: Pack buffered nets...
Info: Pack EMCU and UserFlash cells...
Info: Pack UserFlash cells...
Info: Pack DQCE cells...
Info: Pack DCS cells...
Info: Checksum: 0x5d56ddd9

Info: Device utilisation:
Info: 	                 VCC:       1/      1   100%
Info: 	                 IOB:      27/    276     9%
Info: 	                LUT4:    6331/   8640    73%
Info: 	              OSER16:       0/     80     0%
Info: 	              IDES16:       0/     80     0%
Info: 	            IOLOGICI:      18/    276     6%
Info: 	            IOLOGICO:      24/    276     8%
Info: 	           MUX2_LUT5:       0/   4320     0%
Info: 	           MUX2_LUT6:       0/   2160     0%
Info: 	           MUX2_LUT7:       0/   1080     0%
Info: 	           MUX2_LUT8:       0/   1080     0%
Info: 	                 ALU:    2226/   6480    34%
Info: 	                 GND:       1/      1   100%
Info: 	                 DFF:    3443/   6480    53%
Info: 	           RAM16SDP4:       0/    270     0%
Info: 	               BSRAM:      10/     26    38%
Info: 	              ALU54D:       0/     10     0%
Info: 	     MULTADDALU18X18:       0/     10     0%
Info: 	        MULTALU18X18:       0/     10     0%
Info: 	        MULTALU36X18:       0/     10     0%
Info: 	           MULT36X36:       0/      5     0%
Info: 	           MULT18X18:       2/     20    10%
Info: 	             MULT9X9:       0/     40     0%
Info: 	              PADD18:       0/     20     0%
Info: 	               PADD9:       0/     40     0%
Info: 	                 GSR:       1/      1   100%
Info: 	                 OSC:       0/      1     0%
Info: 	                rPLL:       1/      2    50%
Info: 	           FLASH608K:       0/      1     0%
Info: 	                BUFG:       2/     22     9%
Info: 	                DQCE:       0/     24     0%
Info: 	                 DCS:       0/      8     0%
Info: 	               DHCEN:       0/     24     0%
Info: 	              CLKDIV:       0/      8     0%
Info: 	             CLKDIV2:       0/     16     0%
Info: 	           MIPI_IBUF:       0/     22     0%
Info: 	           MIPI_OBUF:       0/     20     0%

Info: Running custom HCLK placer...
Info: Placed 0 cells based on constraints.
Info: Creating initial analytic placement for 6178 cells, random placement wirelen = 253491.
Info:     at initial placer iter 0, wirelen = 3353
Info:     at initial placer iter 1, wirelen = 3034
Info:     at initial placer iter 2, wirelen = 3002
Info:     at initial placer iter 3, wirelen = 2947
Info: Running main analytical placer, max placement attempts per cell = 18340596.
Info:     at iteration #1, type ALL: wirelen solved = 2958, spread = 78340, legal = 205703; time = 7.58s
Info:     at iteration #2, type ALL: wirelen solved = 6417, spread = 58048, legal = 168627; time = 5.30s
Info:     at iteration #3, type ALL: wirelen solved = 9210, spread = 52805, legal = 159521; time = 5.46s
Info:     at iteration #4, type ALL: wirelen solved = 10625, spread = 62436, legal = 134304; time = 3.36s
Info:     at iteration #5, type ALL: wirelen solved = 12985, spread = 47403, legal = 113351; time = 2.68s
Info:     at iteration #6, type ALL: wirelen solved = 14347, spread = 50319, legal = 91719; time = 1.48s
Info:     at iteration #7, type ALL: wirelen solved = 16063, spread = 45188, legal = 86284; time = 1.36s
Info:     at iteration #8, type ALL: wirelen solved = 16934, spread = 46999, legal = 74312; time = 0.96s
Info:     at iteration #9, type ALL: wirelen solved = 17612, spread = 45787, legal = 68888; time = 0.92s
Info:     at iteration #10, type ALL: wirelen solved = 18941, spread = 42780, legal = 65695; time = 0.81s
Info:     at iteration #11, type ALL: wirelen solved = 20027, spread = 42304, legal = 60767; time = 0.75s
Info:     at iteration #12, type ALL: wirelen solved = 20685, spread = 41722, legal = 65869; time = 0.96s
Info:     at iteration #13, type ALL: wirelen solved = 20833, spread = 48630, legal = 66023; time = 0.80s
Info:     at iteration #14, type ALL: wirelen solved = 22353, spread = 39846, legal = 67648; time = 0.72s
Info:     at iteration #15, type ALL: wirelen solved = 23032, spread = 45818, legal = 65945; time = 0.88s
Info:     at iteration #16, type ALL: wirelen solved = 23820, spread = 44549, legal = 67196; time = 0.86s
Info: HeAP Placer Time: 35.88s
Info:   of which solving equations: 1.97s
Info:   of which spreading cells: 0.25s
Info:   of which strict legalisation: 33.00s

Info: Running simulated annealing placer for refinement.
Info:   at iteration #1: temp = 0.000000, timing cost = 97, wirelen = 60767
Info:   at iteration #5: temp = 0.000000, timing cost = 72, wirelen = 50295
Info:   at iteration #10: temp = 0.000000, timing cost = 57, wirelen = 47342
Info:   at iteration #15: temp = 0.000000, timing cost = 62, wirelen = 46109
Info:   at iteration #20: temp = 0.000000, timing cost = 55, wirelen = 45058
Info:   at iteration #25: temp = 0.000000, timing cost = 54, wirelen = 44754
Info:   at iteration #30: temp = 0.000000, timing cost = 54, wirelen = 44640
Info:   at iteration #31: temp = 0.000000, timing cost = 55, wirelen = 44636 
Info: SA placement time 15.81s

Info: Max frequency for clock 'bridge.p3.spi_clk': 217.44 MHz (PASS at 80.00 MHz)
Info: Max frequency for clock 'bridge.p2.spi_clk': 281.85 MHz (PASS at 80.00 MHz)
Info: Max frequency for clock        'bridge.clk': 97.29 MHz (PASS at 90.00 MHz)

Info: Max delay posedge bridge.clk        -> posedge bridge.p2.spi_clk: 0.86 ns
Info: Max delay posedge bridge.clk        -> posedge bridge.p3.spi_clk: 0.86 ns
Info: Max delay posedge bridge.p2.spi_clk -> posedge bridge.clk       : 0.86 ns
Info: Max delay posedge bridge.p3.spi_clk -> posedge bridge.clk       : 0.96 ns

Info: Slack histogram:
Info:  legend: * represents 11 endpoint(s)
Info:          + represents [1,11) endpoint(s)
Info: [   832,   1391) |+
Info: [  1391,   1950) |+
Info: [  1950,   2509) |+
Info: [  2509,   3068) |+
Info: [  3068,   3627) |+
Info: [  3627,   4186) |*+
Info: [  4186,   4745) |*******+
Info: [  4745,   5304) |********+
Info: [  5304,   5863) |*************+
Info: [  5863,   6422) |*************+
Info: [  6422,   6981) |******************+
Info: [  6981,   7540) |********************+
Info: [  7540,   8099) |********************** 
Info: [  8099,   8658) |************************************+
Info: [  8658,   9217) |*************************+
Info: [  9217,   9776) |******************************************+
Info: [  9776,  10335) |************************************************************ 
Info: [ 10335,  10894) |***********+
Info: [ 10894,  11453) |***+
Info: [ 11453,  12012) |**+
Info: Checksum: 0x3106a86b
Info: Routing globals...
Info:     'bridge.p3.spi_clk' net was routed.
Info:     'bridge.p2.spi_clk' net was routed.
Info:     'clocking.clk27' net was routed using global resources only.
Info:     'bridge.clk_ck' net was routed using global resources only.
Info:     'bridge.clk' net was routed using global resources only.
Info:     'chien.term[5]_DFFE_Q_5_D_LUT4_F_I2_LUT2_I1_F_ALU_SUM_I1_ALU_I0_SUM_ALU_SUM_COUT_ALU_CIN_SUM_LUT4_I3_F_LUT4_I3_F_LUT2_I1_F_DFFCE_D_CE[0]' is routed using segments.
Info:     'syndrome.rom_odd.0.0_AD_8_DFFCE_D_Q_DFFCE_Q_D_LUT2_I1_F_DFFCE_CE_1_Q[1]' is routed using segments.
Info:     'metric.abs_q_DFFE_Q_6_D_LUT3_F_I2[1]' is routed using segments.
Info:     'bridge.queue.writes.0.0_DI_13_DFF_Q_D_DFFCE_Q_D_LUT3_F_I0_DFFCE_D_Q_DFFCE_Q_1_D_LUT3_F_I1_LUT3_F_I2_LUT3_I2_F_LUT4_I3_F_LUT3_I1_F_DFFCE_D_Q_LUT3_I0_F_LUT3_F_2_I1_LUT2_F_I1_LUT4_I2_F_LUT3_F_I1[2]' is routed using segments.
Info:     'bridge.queue.writes.0.0_DI_13_DFF_Q_D_DFFCE_Q_D_LUT3_F_I0_DFFCE_D_Q_DFFCE_Q_1_D_LUT3_F_I1_LUT3_F_I2_LUT3_I2_F_LUT4_I3_F_LUT3_I1_F_DFFCE_D_Q[3]' is routed using segments.
Info:     'bridge.p3.cs_n_LUT3_I0_F_DFFCE_CE_Q_DFFC_D_Q_DFFC_D_Q_DFFCE_Q_CE_LUT4_F_I2_LUT2_F_1_I0_LUT3_I2_F_LUT2_F_I0[1]' is routed using segments.
Info:     'vit.decoded_mem.0.0_DIA_1_DFFE_D_Q_LUT4_I3_F_LUT4_F_1_I3_LUT4_F_2_I3_DFFCE_Q_1_D_LUT4_F_I3_LUT4_F_1_I3_LUT4_F_2_I3_LUT4_F_I2_LUT2_I0_F[2]' is routed using segments.
Info:     'chien.locator_DFFE_Q_56_CE_LUT3_F_I2_LUT3_I2_F' is routed using segments.
Info:     'vit.branch_choice.0.0_DIA_3_DFF_Q_D_DFFCE_Q_D_DFFCE_Q_CE_LUT3_F_I2_LUT3_F_I0_LUT3_I0_1_F[2]' is routed using segments.
Info:     'chien.term[1]_DFFE_Q_D_LUT3_F_I1_LUT4_I1_F_LUT4_I3_F_LUT4_I3_F_LUT4_F_I3_DFFC_Q_D_LUT2_F_I1_LUT3_I2_F_DFFCE_D_Q_LUT3_F_I1_ALU_COUT_CIN_ALU_COUT_CIN_ALU_COUT_CIN_ALU_COUT_CIN_ALU_COUT_CIN_ALU_COUT_CIN_ALU_COUT_CIN_ALU_COUT_I0_LUT3_I2_F_LUT4_I3_F_LUT2_I1_F[0]' is routed using segments.
Info:     'bridge.queue.writes.0.0_DI_7_DFF_Q_D_DFFCE_Q_D_LUT3_F_I1_LUT2_I1_F_LUT4_I3_F_LUT4_I3_F_LUT2_I1_F_LUT2_I0_F_DFFCE_CE_Q_LUT3_F_1_I2_LUT4_I0_F_LUT3_I2_F_DFFCE_D_Q_LUT3_I1_F_LUT3_I2_F' is routed using segments.
Info:     'bridge.queue.reads.0.0_DI_9_DFF_Q_D_DFFCE_D_Q_LUT4_I2_F_LUT4_I2_F_LUT3_I2_F_LUT4_I3_F_LUT2_I1_1_F_LUT3_F_I2_LUT3_I2_F_LUT2_F_1_I1_LUT2_I1_F_LUT4_I3_F_LUT3_I2_F_LUT3_I2_F_DFFCE_CE_Q_LUT4_I2_F_DFFCE_CE_Q_DFFCE_Q_D_ALU_SUM_COUT_ALU_CIN_SUM_DFFCE_Q_D_LUT4_F_I3_LUT4_I3_F_DFFCE_D_Q[3]' is routed using segments.
Info:     'vit.metrics[4]_DFFE_Q_4_D_LUT4_F_I2_ALU_SUM_I0_LUT3_F_I1_DFFCE_Q_1_D_ALU_SUM_CIN_ALU_COUT_CIN_ALU_COUT_CIN_ALU_COUT_CIN_ALU_COUT_CIN_ALU_COUT_SUM_DFFCE_D_Q_LUT3_I1_F' is routed using segments.
Info:     'vit.branch_choice.0.0_DIA_3_DFF_Q_D_DFFCE_Q_D_DFFCE_Q_CE_LUT3_F_I2_LUT3_F_I0_LUT3_I0_F[1]' is routed using segments.
Info:     'chien.locator_DFFE_Q_CE_LUT3_F_I2_LUT3_I2_2_F' is routed using segments.
Info:     'chien.term[1]_DFFE_Q_D_LUT3_F_I1_LUT4_I1_F_LUT4_I3_F_LUT4_I3_F_LUT4_F_1_I3_DFFCE_Q_2_D_LUT3_F_I1_DFFC_Q_D_LUT3_F_I0_DFFC_Q_D_LUT3_F_I0_DFFC_Q_D_LUT3_F_I0_DFFC_Q_D_LUT3_F_I0_DFFC_Q_D_LUT3_F_I0_DFFC_Q_D_LUT3_F_I0_DFFC_Q_D_LUT3_F_I0_DFFC_Q_D_LUT4_F_I2[1]' is routed using segments.
Info:     'bridge.p3.cs_n_LUT3_I0_I2_LUT4_F_I1[1]' is routed using segments.
Info:     'bridge.queue.writes.0.0_DI_7_DFF_Q_D_DFFCE_Q_D_LUT3_F_I1_LUT2_I1_F_LUT4_I3_F_LUT4_I3_F_LUT2_I1_F_LUT2_I0_F_DFFCE_CE_Q_LUT3_F_1_I2_LUT4_I0_F_LUT2_I1_F[0]' is routed using segments.
Info:     'bridge.p3.cs_n_LUT3_I0_F_DFFCE_CE_Q_DFFC_D_Q_DFFC_D_Q_DFFCE_Q_CE_LUT4_F_I2_LUT2_F_1_I0_LUT3_I2_F_LUT4_I3_F' is routed using segments.
Info:     'chien.locator_DFFE_Q_CE_LUT3_F_I2_LUT3_I2_F' is routed using segments.
Info:     'bridge.queue.reads.0.0_DI_9_DFF_Q_D_DFFCE_D_Q_LUT4_I2_F_LUT4_I2_F_LUT3_I2_F_LUT4_I3_F_LUT2_I1_1_F_LUT3_F_1_I2_LUT3_F_I1_LUT4_I2_F_LUT3_I2_F_LUT3_I1_F[3]' is routed using segments.
Info:     'bridge.controller.head[1][1]' is routed using segments.
Info:     'vit.metrics[4]_DFFE_Q_4_D_LUT4_F_I2_ALU_SUM_I0_LUT3_F_I1_DFFCE_Q_1_D_ALU_SUM_CIN_ALU_COUT_CIN_ALU_COUT_CIN_ALU_COUT_CIN_ALU_COUT_CIN_ALU_COUT_SUM_DFFCE_D_1_Q_LUT3_I1_F' is routed using segments.
Info:     'vit.metrics[4]_DFFE_Q_4_D_LUT4_F_I2_ALU_SUM_1_I0_LUT3_F_I1_DFFCE_Q_1_D_ALU_SUM_CIN_ALU_COUT_CIN_ALU_COUT_CIN_ALU_COUT_SUM_DFFCE_D_1_Q_LUT3_I1_F' is routed using segments.
Info:     'vit.metrics[4]_DFFE_Q_4_D_LUT4_F_I2_ALU_SUM_1_I0_LUT3_F_I1_DFFCE_Q_1_D_ALU_SUM_CIN_ALU_COUT_CIN_ALU_COUT_CIN_ALU_COUT_CIN_ALU_COUT_SUM_DFFCE_D_1_Q_LUT3_I1_F' is routed using segments.
Info:     'vit.metrics[4]_DFFE_Q_4_D_LUT4_F_I2_ALU_SUM_1_I0_LUT3_F_I1_DFFCE_Q_1_D_ALU_SUM_CIN_ALU_COUT_CIN_ALU_COUT_CIN_ALU_COUT_CIN_ALU_COUT_CIN_ALU_COUT_SUM_DFFCE_D_1_Q_LUT3_I1_F' is routed using segments.
Info:     'bridge.phy.dq[0].out_D0_LUT4_F_I1[3]' is routed using segments.
Info:     'vit.decoded_mem.0.0_ADA_LUT4_I1_F_LUT3_I2_F_DFF_Q_D_DFFCE_Q_D_LUT1_F_I0_LUT4_I0_F_LUT4_I2_F_DFFCE_D_Q_LUT3_I1_F_DFFCE_CE_1_Q[0]' is routed using segments.
Info:     'vit.decoded_mem.0.0_ADA_LUT4_I1_F_LUT3_I2_F_DFF_Q_D_DFFCE_Q_D_LUT1_F_I0_DFFCE_Q_D_LUT2_F_I0[1]' is routed using segments.
Info:     'bridge.queue.reads.0.0_DI_9_DFF_Q_D_DFFCE_D_Q_LUT4_I2_F_LUT4_I2_F_LUT3_I2_F_LUT4_I3_F_LUT2_I1_1_F_LUT3_F_1_I2_LUT3_F_I1_LUT4_I2_F_LUT3_I2_F_LUT2_I1_F_LUT4_I3_1_F' is routed using segments.
Info:     'chien.locator_DFFE_Q_56_CE_LUT3_F_I2_LUT3_I2_2_F' is routed using segments.
Info:     'bridge.controller.fifo0[2]_DFFE_Q_D_DFFCE_Q_D_LUT4_F_I0_LUT4_I2_F_LUT3_F_I1_LUT2_I1_F_DFFC_Q_D_LUT2_F_I0[1]' is routed using segments.
Info:     'bridge.queue.writes.0.0_DI_13_DFF_Q_D_DFFCE_Q_D_LUT3_F_I0_DFFCE_D_Q[3]' is routed using segments.
Info:     'bridge.p3.cs_n_LUT3_I0_F_DFFCE_CE_Q_DFFC_D_Q_DFFC_D_Q_DFFCE_Q_CE_LUT4_F_I2_LUT2_F_I0_LUT2_I0_F_DFFCE_CE_Q_LUT3_F_I2_LUT3_I2_F_LUT4_I3_F[0]' is routed using segments.
Info:     'bridge.p3.cs_n_LUT3_I0_F_DFFCE_CE_Q_DFFC_D_Q_DFFC_D_Q_DFFCE_Q_CE_LUT4_F_I2_LUT2_F_I0_LUT2_I0_F_DFFCE_CE_Q_LUT3_F_I2_LUT3_I2_F_LUT3_I2_F_DFFCE_D_Q_LUT3_I1_F_LUT3_I2_F' is routed using segments.
Info:     'bridge.queue.reads.0.0_DI_9_DFF_Q_D_DFFCE_D_Q_LUT4_I2_F_LUT4_I2_F_LUT3_I2_F_LUT4_I3_F_LUT2_I1_1_F_LUT3_F_I2_LUT3_I2_F_LUT2_F_1_I1_LUT2_I1_F_LUT4_I3_F_LUT3_I2_F_LUT3_I2_F_DFFCE_CE_Q_LUT4_I2_F_DFFCE_CE_Q_DFFCE_Q_D_ALU_SUM_COUT_ALU_CIN_SUM[1]' is routed using segments.
Info:     'bridge.queue.writes.0.0_DO[0]' is routed using segments.
Info:     'chien.locator_DFFE_Q_56_CE_LUT3_F_I2_LUT3_I2_1_F' is routed using segments.
Info:     'chien.locator_DFFE_Q_CE' is routed using segments.
Info:     'bridge.p3.cs_n_LUT3_I0_F_DFFCE_CE_Q_DFFC_D_Q_DFFC_D_Q_DFFCE_Q_CE_LUT4_F_I2_LUT2_F_1_I0_LUT4_I2_F_DFFC_D_Q_LUT3_I0_F_DFFCE_CE_Q_LUT3_I2_1_F[1]' is routed using segments.
Info:     'vit.metrics[4]_DFFE_Q_4_D_LUT4_F_I2_ALU_SUM_I0_LUT3_F_I1_DFFCE_Q_1_D_ALU_SUM_CIN_ALU_COUT_SUM_DFFCE_D_1_Q_LUT3_I1_F' is routed using segments.
Info:     'vit.metrics[4]_DFFE_Q_4_D_LUT4_F_I2_ALU_SUM_I0_LUT3_F_I1_DFFCE_Q_1_D_ALU_SUM_CIN_ALU_COUT_CIN_ALU_COUT_CIN_ALU_COUT_CIN_ALU_COUT_SUM_DFFCE_D_1_Q_LUT3_I1_F' is routed using segments.
Info:     'bridge.p3.cs_n_LUT3_I0_F_DFFCE_CE_Q_DFFC_D_Q_DFFC_D_Q_DFFCE_Q_CE_LUT4_F_I2_LUT2_F_1_I0_LUT4_I2_F_DFFC_D_Q[1]' is routed using segments.
Info:     'syndrome.rom_odd.0.0_AD_8_DFFCE_D_Q_DFFCE_Q_D_LUT2_I1_F_DFFCE_CE_D_LUT2_F_I0_ALU_SUM_CIN_ALU_COUT_SUM_LUT2_I0_F_DFFCE_D_Q_LUT3_I1_F[3]' is routed using segments.
Info:     'bridge.controller.head[0][1]' is routed using segments.
Info:     'bridge.controller.fifo0[2]_DFFE_Q_1_D_DFFCE_Q_D_LUT4_F_I3_LUT4_I3_F_DFFCE_D_Q[0]' is routed using segments.
Info:     'bridge.queue.reads.0.0_DO_8_LUT4_I2_F_DFFCE_D_Q_DFFCE_Q_2_D_LUT4_F_I3_LUT4_I0_F_LUT4_F_I2[1]' is routed using segments.
Info:     'chien.locator_DFFE_Q_56_CE' is routed using segments.
Info:     'vit.metrics[4]_DFFE_Q_4_D_LUT4_F_I2_ALU_SUM_I0' is routed using segments.
Info:     'bridge.queue.writes.0.0_DI_13_DFF_Q_D_DFFCE_Q_D_LUT3_F_I0_DFFCE_D_Q_DFFCE_Q_1_D_LUT3_F_I1[0]' is routed using segments.
Info:     'vit.metrics[8]_DFFE_Q_D_LUT4_F_I2_ALU_SUM_CIN_ALU_COUT_I0' is routed using segments.
Info:     'vit.metrics[4]_DFFE_Q_4_D_LUT4_F_I2_ALU_SUM_1_I0_LUT3_F_I1_DFFCE_Q_1_D_ALU_SUM_CIN_ALU_COUT_SUM_DFFCE_D_Q_LUT3_I1_F' is routed using segments.
Info:     'vit.metrics[0]_DFFE_Q_2_D_LUT4_F_I2_ALU_SUM_COUT_ALU_CIN_I0' is routed using segments.
Info:     'vit.metrics[4]_DFFE_Q_4_D_LUT4_F_I2_ALU_SUM_1_I0_LUT3_F_I1_DFFCE_Q_1_D_ALU_SUM_CIN_ALU_COUT_CIN_ALU_COUT_SUM_DFFCE_D_1_Q_LUT3_I1_F' is routed using segments.
Info:     'bridge.queue.reads.0.0_DI_9_DFF_Q_D_DFFCE_D_Q_LUT4_I2_F_LUT4_I2_F_LUT3_I2_F_LUT4_I3_F_LUT2_I1_1_F_LUT3_F_I2_LUT3_I2_F_LUT2_F_1_I1_LUT2_I1_F_LUT4_I3_F_LUT3_I2_F_LUT3_I2_F_DFFCE_CE_Q_LUT4_I2_F_DFFCE_CE_Q_DFFCE_Q_D_ALU_SUM_COUT_ALU_CIN_SUM_DFFCE_Q_D_LUT4_F_I3_LUT4_I3_F_DFFCE_D_Q[2]' is routed using segments.
Info:     'chien.locator_DFFE_Q_1_D_LUT3_F_I1[2]' is routed using segments.

Info: Routing..
Info: Setting up routing queue.
Info: Routing 29016 arcs.
Info:            |   (re-)routed arcs  |   delta    | remaining|       time spent     |
Info:    IterCnt |  w/ripup   wo/ripup |  w/r  wo/r |      arcs| batch(sec) total(sec)|
Info:       1000 |       43        956 |   43   956 |     28066|       0.67       0.67|
Info:       2000 |      109       1890 |   66   934 |     27144|       0.41       1.07|
Info:       3000 |      165       2682 |   56   792 |     26218|       0.25       1.32|
Info:       4000 |      183       3521 |   18   839 |     25237|       0.25       1.57|
Info:       5000 |      188       4436 |    5   915 |     24243|       0.17       1.74|
Info:       6000 |      198       5402 |   10   966 |     23254|       0.27       2.01|
Info:       7000 |      198       6330 |    0   928 |     22254|       0.33       2.35|
Info:       8000 |      200       7274 |    2   944 |     21256|       0.35       2.70|
Info:       9000 |      206       8195 |    6   921 |     20264|       0.32       3.02|
Info:      10000 |      207       9120 |    1   925 |     19265|       0.39       3.41|
Info:      11000 |      210      10034 |    3   914 |     18268|       0.35       3.76|
Info:      12000 |      213      10962 |    3   928 |     17272|       0.38       4.14|
Info:      13000 |      218      11893 |    5   931 |     16277|       0.39       4.54|
Info:      14000 |      230      12823 |   12   930 |     15291|       0.44       4.97|
Info:      15000 |      245      13746 |   15   923 |     14312|       0.44       5.41|
Info:      16000 |      263      14669 |   18   923 |     13335|       0.48       5.89|
Info:      17000 |      274      15603 |   11   934 |     12346|       0.47       6.36|
Info:      18000 |      294      16515 |   20   912 |     11382|       0.50       6.86|
Info:      19000 |      317      17426 |   23   911 |     10412|       0.56       7.42|
Info:      20000 |      344      18344 |   27   918 |      9447|       0.59       8.01|
Info:      21000 |      406      19228 |   62   884 |      8523|       0.65       8.66|
Info:      22000 |      461      20109 |   55   881 |      7588|       0.65       9.31|
Info:      23000 |      514      20995 |   53   886 |      6683|       0.66       9.97|
Info:      24000 |      584      21860 |   70   865 |      5776|       0.73      10.70|
Info:      25000 |      668      22724 |   84   864 |      4919|       0.78      11.48|
Info:      26000 |      762      23576 |   94   852 |      4054|       0.90      12.38|
Info:      27000 |      845      24450 |   83   874 |      3156|       0.91      13.29|
Info:      28000 |     1022      25232 |  177   782 |      2421|       1.28      14.57|
Info:      29000 |     1188      26033 |  166   801 |      1675|       1.20      15.77|
Info:      30000 |     1414      26759 |  226   726 |       996|       1.31      17.08|
Info:      31000 |     1628      27509 |  214   750 |       342|       1.33      18.41|
Info:      31505 |     1742      27874 |  114   365 |         0|       0.63      19.04|
Info: Routing complete.
Info: Router1 time 19.04s
Info: Checksum: 0x868c506a

Info: Critical path report for clock 'bridge.p3.spi_clk' (posedge -> posedge):
Info:       type curr  total name
Info:   clk-to-q  0.46  0.46 Source bridge.p3.fifo.mem.0.0_ADA_1_DFFCE_Q.Q
Info:    routing  2.08  2.54 Net bridge.p3.fifo.mem.0.0_ADA_1 (43,16) -> (38,19)
Info:                          Sink bridge.p3.fifo.mem.0.0_ADA_4_ALU_I1_CIN_ALU_COUT_CIN_ALU_COUT_CIN_ALU_COUT.I1
Info:      logic  1.04  3.58 Source bridge.p3.fifo.mem.0.0_ADA_4_ALU_I1_CIN_ALU_COUT_CIN_ALU_COUT_CIN_ALU_COUT.COUT
Info:    routing  0.00  3.58 Net bridge.p3.fifo.mem.0.0_ADA_4_ALU_I1_CIN_ALU_COUT_CIN_ALU_COUT_CIN (38,19) -> (38,19)
Info:                          Sink bridge.p3.fifo.mem.0.0_ADA_4_ALU_I1_CIN_ALU_COUT_CIN_ALU_COUT.CIN
Info:                          Defined in:
Info:                               rtl/s3_async_fifo.sv:21.17-21.24
Info:                               /workspace/scratch/5bc736d51023/tooling/oss-cad-suite/lib/../share/yosys/gowin/arith_map.v:57.7-63.5
Info:                               /workspace/scratch/5bc736d51023/tooling/oss-cad-suite/lib/../share/yosys/gowin/cells_sim.v:1033.25-1033.29
Info:      logic  0.06  3.64 Source bridge.p3.fifo.mem.0.0_ADA_4_ALU_I1_CIN_ALU_COUT_CIN_ALU_COUT.COUT
Info:    routing  0.00  3.64 Net bridge.p3.fifo.mem.0.0_ADA_4_ALU_I1_CIN_ALU_COUT_CIN (38,19) -> (39,19)
Info:                          Sink bridge.p3.fifo.mem.0.0_ADA_4_ALU_I1_CIN_ALU_COUT.CIN
Info:                          Defined in:
Info:                               rtl/s3_async_fifo.sv:21.17-21.24
Info:                               /workspace/scratch/5bc736d51023/tooling/oss-cad-suite/lib/../share/yosys/gowin/arith_map.v:57.7-63.5
Info:                               /workspace/scratch/5bc736d51023/tooling/oss-cad-suite/lib/../share/yosys/gowin/cells_sim.v:1033.25-1033.29
Info:      logic  0.06  3.70 Source bridge.p3.fifo.mem.0.0_ADA_4_ALU_I1_CIN_ALU_COUT.COUT
Info:    routing  0.00  3.70 Net bridge.p3.fifo.mem.0.0_ADA_4_ALU_I1_CIN (39,19) -> (39,19)
Info:                          Sink bridge.p3.fifo.mem.0.0_ADA_4_ALU_I1.CIN
Info:                          Defined in:
Info:                               rtl/s3_async_fifo.sv:21.17-21.24
Info:                               /workspace/scratch/5bc736d51023/tooling/oss-cad-suite/lib/../share/yosys/gowin/arith_map.v:57.7-63.5
Info:                               /workspace/scratch/5bc736d51023/tooling/oss-cad-suite/lib/../share/yosys/gowin/cells_sim.v:1033.25-1033.29
Info:      logic  0.06  3.75 Source bridge.p3.fifo.mem.0.0_ADA_4_ALU_I1.COUT
Info:    routing  0.00  3.75 Net bridge.p3.fifo.mem.0.0_ADA_4_ALU_I1_COUT (39,19) -> (39,19)
Info:                          Sink bridge.p3.fifo.mem.0.0_ADA_4_ALU_I1_SUM_ALU_SUM.CIN
Info:                          Defined in:
Info:                               rtl/s3_async_fifo.sv:21.17-21.24
Info:                               /workspace/scratch/5bc736d51023/tooling/oss-cad-suite/lib/../share/yosys/gowin/arith_map.v:57.7-63.5
Info:                               /workspace/scratch/5bc736d51023/tooling/oss-cad-suite/lib/../share/yosys/gowin/cells_sim.v:1033.25-1033.29
Info:      logic  0.56  4.32 Source bridge.p3.fifo.mem.0.0_ADA_4_ALU_I1_SUM_ALU_SUM.SUM
Info:    routing  0.00  4.32 Net bridge.p3.fifo.mem.0.0_ADA_4_ALU_I1_SUM[1] (39,19) -> (39,19)
Info:                          Sink bridge.p3.fifo.mem.0.0_ADA_4_ALU_I1_SUM_DFFCE_D.D
Info:                          Defined in:
Info:                               /workspace/scratch/5bc736d51023/tooling/oss-cad-suite/lib/../share/yosys/gowin/cells_map.v:130.20-130.21
Info:      setup  0.40  4.72 Source bridge.p3.fifo.mem.0.0_ADA_4_ALU_I1_SUM_DFFCE_D.D
Info: 2.63 ns logic, 2.08 ns routing

Info: Critical path report for clock 'bridge.p2.spi_clk' (posedge -> posedge):
Info:       type curr  total name
Info:   clk-to-q  0.46  0.46 Source bridge.p2.fifo.mem.0.0_DI_34_LUT3_F_I1_ALU_I1_COUT_ALU_CIN_COUT_ALU_CIN_SUM_DFFCE_D.Q
Info:    routing  0.96  1.42 Net bridge.p2.fifo.mem.0.0_DI_32_LUT2_F_I0_LUT4_F_I2[1] (23,22) -> (23,26)
Info:                          Sink bridge.p2.fifo.mem.0.0_DI_33_LUT3_F_I2_LUT4_I3.I1
Info:                          Defined in:
Info:                               /workspace/scratch/5bc736d51023/tooling/oss-cad-suite/lib/../share/yosys/gowin/cells_map.v:130.20-130.21
Info:      logic  1.10  2.51 Source bridge.p2.fifo.mem.0.0_DI_33_LUT3_F_I2_LUT4_I3.F
Info:    routing  1.60  4.11 Net bridge.p2.fifo.mem.0.0_DI_33_LUT3_F_I2_LUT4_I3_F (23,26) -> (31,26)
Info:                          Sink bridge.p2.fifo.mem.0.0_DI_15_LUT3_F_I1_DFFCE_D_Q_LUT4_I3_F_LUT4_F_2_I3_DFFCE_Q_3.CE
Info:      setup  0.04  4.16 Source bridge.p2.fifo.mem.0.0_DI_15_LUT3_F_I1_DFFCE_D_Q_LUT4_I3_F_LUT4_F_2_I3_DFFCE_Q_3.CE
Info: 1.60 ns logic, 2.56 ns routing

Info: Critical path report for clock 'bridge.clk' (posedge -> posedge):
Info:       type curr  total name
Info:   clk-to-q  0.46  0.46 Source vit.decoded_mem.0.0_DIA_1_DFFE_D_Q_LUT4_I3_F_LUT4_F_1_I3_LUT4_F_2_I3_DFFCE_Q_D_LUT4_F_I3_DFFPE_Q_D_DFFCE_Q_D_DFFCE_Q_D_DFFCE_Q_D_DFFCE_Q_D_DFFPE_Q_D_DFFPE_Q_D_DFFPE_Q_D_DFFCE_D_Q_LUT4_F_I1_LUT2_I1_F_LUT3_F_I2_LUT4_I0_F_LUT4_F_I1_LUT4_I2_F_DFFC_D_Q_DFFP_Q_D_LUT3_F_I2_LUT4_I2_I3_LUT2_I1_F_ALU_SUM_CIN_ALU_COUT_CIN_ALU_COUT_CIN_ALU_COUT_CIN_ALU_COUT_CIN_ALU_COUT_SUM_LUT4_I2_F_DFFC_D_Q_DFFC_Q_1.Q
Info:    routing  0.41  0.87 Net vit.decoded_mem.0.0_DIA_1_DFFE_D_Q_LUT4_I3_F_LUT4_F_1_I3_LUT4_F_2_I3_DFFCE_Q_D_LUT4_F_I3_DFFPE_Q_D_DFFCE_Q_D_DFFCE_Q_D_DFFCE_Q_D_DFFCE_Q_D_DFFPE_Q_D_DFFPE_Q_D_DFFPE_Q_D_DFFCE_D_Q_LUT4_F_I1_LUT2_I1_F_LUT3_F_I2_LUT4_I0_F_LUT4_F_I1_LUT4_I2_F_DFFC_D_Q_DFFP_Q_D_LUT3_F_I2_LUT4_I2_I3_LUT2_I1_F_ALU_SUM_CIN_ALU_COUT_CIN_ALU_COUT_CIN_ALU_COUT_CIN_ALU_COUT_CIN_ALU_COUT_CIN_ALU_COUT_SUM[0] (3,22) -> (3,21)
Info:                          Sink vit.decoded_mem.0.0_DIA_1_DFFE_D_Q_LUT4_I3_F_LUT4_F_1_I3_LUT4_F_2_I3_DFFCE_Q_D_LUT4_F_I3_DFFPE_Q_D_DFFCE_Q_D_DFFCE_Q_D_DFFCE_Q_D_DFFCE_Q_D_DFFPE_Q_D_DFFPE_Q_D_DFFPE_Q_D_DFFCE_D_Q_LUT4_F_I1_LUT2_I1_F_LUT4_I0_I3_LUT4_F_I0_LUT4_F.I1
Info:                          Defined in:
Info:                               /workspace/scratch/5bc736d51023/tooling/oss-cad-suite/lib/../share/yosys/gowin/cells_map.v:130.20-130.21
Info:      logic  1.10  1.97 Source vit.decoded_mem.0.0_DIA_1_DFFE_D_Q_LUT4_I3_F_LUT4_F_1_I3_LUT4_F_2_I3_DFFCE_Q_D_LUT4_F_I3_DFFPE_Q_D_DFFCE_Q_D_DFFCE_Q_D_DFFCE_Q_D_DFFCE_Q_D_DFFPE_Q_D_DFFPE_Q_D_DFFPE_Q_D_DFFCE_D_Q_LUT4_F_I1_LUT2_I1_F_LUT4_I0_I3_LUT4_F_I0_LUT4_F.F
Info:    routing  1.44  3.40 Net vit.decoded_mem.0.0_DIA_1_DFFE_D_Q_LUT4_I3_F_LUT4_F_1_I3_LUT4_F_2_I3_DFFCE_Q_D_LUT4_F_I3_DFFPE_Q_D_DFFCE_Q_D_DFFCE_Q_D_DFFCE_Q_D_DFFCE_Q_D_DFFPE_Q_D_DFFPE_Q_D_DFFPE_Q_D_DFFCE_D_Q_LUT4_F_I1_LUT2_I1_F_LUT4_I0_I3_LUT4_F_I0[3] (3,21) -> (6,19)
Info:                          Sink vit.decoded_mem.0.0_DIA_1_DFFE_D_Q_LUT4_I3_F_LUT4_F_1_I3_LUT4_F_2_I3_DFFCE_Q_D_LUT4_F_I3_DFFPE_Q_D_DFFCE_Q_D_DFFCE_Q_D_DFFCE_Q_D_DFFCE_Q_D_DFFPE_Q_D_DFFPE_Q_D_DFFPE_Q_D_DFFCE_D_Q_LUT4_F_I1_LUT2_I1_F_LUT4_I0_I3_LUT4_F_I0_LUT4_I3.I3
Info:                          Defined in:
Info:                               /workspace/scratch/5bc736d51023/tooling/oss-cad-suite/lib/../share/yosys/gowin/cells_map.v:130.20-130.21
Info:      logic  0.62  4.03 Source vit.decoded_mem.0.0_DIA_1_DFFE_D_Q_LUT4_I3_F_LUT4_F_1_I3_LUT4_F_2_I3_DFFCE_Q_D_LUT4_F_I3_DFFPE_Q_D_DFFCE_Q_D_DFFCE_Q_D_DFFCE_Q_D_DFFCE_Q_D_DFFPE_Q_D_DFFPE_Q_D_DFFPE_Q_D_DFFCE_D_Q_LUT4_F_I1_LUT2_I1_F_LUT4_I0_I3_LUT4_F_I0_LUT4_I3.F
Info:    routing  0.89  4.92 Net vit.decoded_mem.0.0_DIA_1_DFFE_D_Q_LUT4_I3_F_LUT4_F_1_I3_LUT4_F_2_I3_DFFCE_Q_1_D_LUT4_F_I3_LUT4_F_1_I3_LUT4_F_2_I3_LUT4_F_I2_LUT2_I0_I1_LUT2_I1_F_LUT4_I3_F_DFFP_D_Q_LUT2_I0_F_LUT4_I3_F_DFFP_D_Q_LUT3_I2_F_LUT4_I3_F_DFFP_D_Q[3] (6,19) -> (7,17)
Info:                          Sink vit.decoded_mem.0.0_DIA_1_DFFE_D_Q_LUT4_I3_F_LUT4_F_1_I3_LUT4_F_2_I3_DFFCE_Q_1_D_LUT4_F_I3_LUT4_F_1_I3_LUT4_F_2_I3_LUT4_F_I2_LUT2_I0_I1_LUT2_I1_F_LUT4_I3_F_DFFP_D_Q_LUT4_I1_F_LUT2_F_I0_LUT4_I2_F_LUT4_F_I3_LUT4_F_I1_LUT3_I0_F_LUT4_I3_F_DFFP_D_Q_LUT4_I0.I3
Info:                          Defined in:
Info:                               /workspace/scratch/5bc736d51023/tooling/oss-cad-suite/lib/../share/yosys/gowin/cells_map.v:130.20-130.21
Info:      logic  0.62  5.55 Source vit.decoded_mem.0.0_DIA_1_DFFE_D_Q_LUT4_I3_F_LUT4_F_1_I3_LUT4_F_2_I3_DFFCE_Q_1_D_LUT4_F_I3_LUT4_F_1_I3_LUT4_F_2_I3_LUT4_F_I2_LUT2_I0_I1_LUT2_I1_F_LUT4_I3_F_DFFP_D_Q_LUT4_I1_F_LUT2_F_I0_LUT4_I2_F_LUT4_F_I3_LUT4_F_I1_LUT3_I0_F_LUT4_I3_F_DFFP_D_Q_LUT4_I0.F
Info:    routing  1.22  6.76 Net vit.decoded_mem.0.0_DIA_1_DFFE_D_Q_LUT4_I3_F_LUT4_F_1_I3_LUT4_F_2_I3_DFFCE_Q_1_D_LUT4_F_I3_LUT4_F_1_I3_LUT4_F_2_I3_LUT4_F_I2_LUT2_I0_F_LUT4_I3_F_DFFP_D_Q[2] (7,17) -> (6,19)
Info:                          Sink vit.decoded_mem.0.0_DIA_1_DFFE_D_Q_LUT4_I3_F_LUT4_F_1_I3_LUT4_F_2_I3_DFFCE_Q_1_D_LUT4_F_I3_LUT4_F_1_I3_LUT4_F_2_I3_LUT4_F_I2_LUT2_I0_F_LUT4_I3_F_DFFP_D_Q_LUT4_I0.I2
Info:                          Defined in:
Info:                               /workspace/scratch/5bc736d51023/tooling/oss-cad-suite/lib/../share/yosys/gowin/cells_map.v:130.20-130.21
Info:      logic  0.82  7.59 Source vit.decoded_mem.0.0_DIA_1_DFFE_D_Q_LUT4_I3_F_LUT4_F_1_I3_LUT4_F_2_I3_DFFCE_Q_1_D_LUT4_F_I3_LUT4_F_1_I3_LUT4_F_2_I3_LUT4_F_I2_LUT2_I0_F_LUT4_I3_F_DFFP_D_Q_LUT4_I0.F
Info:    routing  0.81  8.39 Net vit.decoded_mem.0.0_DIA_1_DFFE_D_Q_LUT4_I3_F_LUT4_F_1_I3_LUT4_F_2_I3_DFFCE_Q_1_D_LUT4_F_I3_LUT4_F_1_I3_LUT4_F_2_I3_LUT4_F_I2_LUT2_I0_F_LUT4_I3_F_DFFP_D_Q_LUT4_I0_F[3] (6,19) -> (6,17)
Info:                          Sink vit.decoded_mem.0.0_DIA_1_DFFE_D_Q_LUT4_I3_F_LUT4_F_1_I3_LUT4_F_2_I3_DFFCE_Q_1_D_LUT4_F_I3_LUT4_F_1_I3_LUT4_F_2_I3_LUT4_F_I2_LUT2_I0_I1_LUT2_I1_F_LUT4_I3_F_DFFP_D_Q_LUT4_I1_I0_LUT4_I0_F_LUT4_I2_F_LUT4_F_1.I3
Info:                          Defined in:
Info:                               /workspace/scratch/5bc736d51023/tooling/oss-cad-suite/lib/../share/yosys/gowin/cells_map.v:130.20-130.21
Info:      logic  0.62  9.02 Source vit.decoded_mem.0.0_DIA_1_DFFE_D_Q_LUT4_I3_F_LUT4_F_1_I3_LUT4_F_2_I3_DFFCE_Q_1_D_LUT4_F_I3_LUT4_F_1_I3_LUT4_F_2_I3_LUT4_F_I2_LUT2_I0_I1_LUT2_I1_F_LUT4_I3_F_DFFP_D_Q_LUT4_I1_I0_LUT4_I0_F_LUT4_I2_F_LUT4_F_1.F
Info:    routing  0.89  9.91 Net vit.decoded_mem.0.0_DIA_1_DFFE_D_Q_LUT4_I3_F_LUT4_F_1_I3_LUT4_F_2_I3_DFFCE_Q_1_D_LUT4_F_I3_LUT4_F_1_I3_LUT4_F_2_I3_LUT4_F_I2_LUT2_I0_I1_LUT2_I1_F_LUT4_I3_F_DFFP_D_Q_LUT4_I1_I0_LUT4_I0_F_LUT4_I2_F[2] (6,17) -> (7,16)
Info:                          Sink vit.decoded_mem.0.0_DIA_1_DFFE_D_Q_LUT4_I3_F_LUT4_F_1_I3_LUT4_F_2_I3_DFFCE_Q_1_D_LUT4_F_I3_LUT4_F_I3_LUT4_F_2.I2
Info:                          Defined in:
Info:                               /workspace/scratch/5bc736d51023/tooling/oss-cad-suite/lib/../share/yosys/gowin/cells_map.v:130.20-130.21
Info:      logic  0.82  10.73 Source vit.decoded_mem.0.0_DIA_1_DFFE_D_Q_LUT4_I3_F_LUT4_F_1_I3_LUT4_F_2_I3_DFFCE_Q_1_D_LUT4_F_I3_LUT4_F_I3_LUT4_F_2.F
Info:    routing  0.48  11.21 Net vit.decoded_mem.0.0_DIA_1_DFFE_D_Q_LUT4_I3_F_LUT4_F_1_I3_LUT4_F_2_I3_DFFCE_Q_1_D_LUT4_F_I3_LUT4_F_I3[1] (7,16) -> (7,15)
Info:                          Sink vit.decoded_mem.0.0_DIA_1_DFFE_D_Q_LUT4_I3_F_LUT4_F_1_I3_LUT4_F_2_I3_DFFCE_Q_1_D_LUT4_F_I3_LUT4_F.I1
Info:                          Defined in:
Info:                               /workspace/scratch/5bc736d51023/tooling/oss-cad-suite/lib/../share/yosys/gowin/cells_map.v:130.20-130.21
Info:      logic  1.10  12.31 Source vit.decoded_mem.0.0_DIA_1_DFFE_D_Q_LUT4_I3_F_LUT4_F_1_I3_LUT4_F_2_I3_DFFCE_Q_1_D_LUT4_F_I3_LUT4_F.F
Info:    routing  0.41  12.72 Net vit.decoded_mem.0.0_DIA_1_DFFE_D_Q_LUT4_I3_F_LUT4_F_1_I3_LUT4_F_2_I3_DFFCE_Q_1_D_LUT4_F_I3[3] (7,15) -> (7,15)
Info:                          Sink vit.decoded_mem.0.0_DIA_1_DFFE_D_Q_LUT4_I3_F_LUT4_F_1_I3_LUT4_F_2_I3_DFFCE_Q_1_D_LUT4_F.I3
Info:                          Defined in:
Info:                               /workspace/scratch/5bc736d51023/tooling/oss-cad-suite/lib/../share/yosys/gowin/cells_map.v:130.20-130.21
Info:      logic  0.62  13.34 Source vit.decoded_mem.0.0_DIA_1_DFFE_D_Q_LUT4_I3_F_LUT4_F_1_I3_LUT4_F_2_I3_DFFCE_Q_1_D_LUT4_F.F
Info:    routing  0.00  13.34 Net vit.decoded_mem.0.0_DIA_1_DFFE_D_Q_LUT4_I3_F_LUT4_F_1_I3_LUT4_F_2_I3_DFFCE_Q_1_D (7,15) -> (7,15)
Info:                          Sink vit.decoded_mem.0.0_DIA_1_DFFE_D_Q_LUT4_I3_F_LUT4_F_1_I3_LUT4_F_2_I3_DFFCE_Q_1.D
Info:      setup  0.40  13.74 Source vit.decoded_mem.0.0_DIA_1_DFFE_D_Q_LUT4_I3_F_LUT4_F_1_I3_LUT4_F_2_I3_DFFCE_Q_1.D
Info: 7.20 ns logic, 6.54 ns routing

Info: Max frequency for clock 'bridge.p3.spi_clk': 212.09 MHz (PASS at 80.00 MHz)
Info: Max frequency for clock 'bridge.p2.spi_clk': 240.50 MHz (PASS at 80.00 MHz)
ERROR: Max frequency for clock        'bridge.clk': 72.77 MHz (FAIL at 90.00 MHz)

Info: Slack histogram:
Info:  legend: * represents 4 endpoint(s)
Info:          + represents [1,4) endpoint(s)
Info: [ -2630,  -1938) |+
Info: [ -1938,  -1246) |+
Info: [ -1246,   -554) | 
Info: [  -554,    138) | 
Info: [   138,    830) | 
Info: [   830,   1522) |*+
Info: [  1522,   2214) |***+
Info: [  2214,   2906) |***+
Info: [  2906,   3598) |*******+
Info: [  3598,   4290) |********************+
Info: [  4290,   4982) |***************************************************+
Info: [  4982,   5674) |************************************************************ 
Info: [  5674,   6366) |**************************************+
Info: [  6366,   7058) |************************************************+
Info: [  7058,   7750) |***********************************************************+
Info: [  7750,   8442) |*********************************************+
Info: [  8442,   9134) |**************************************************+
Info: [  9134,   9826) |***************************+
Info: [  9826,  10518) |**+
Info: [ 10518,  11210) |*******+

0 warnings, 1 error

Info: Program finished normally.
