Info: Using uarch 'gowin' for device 'GW1NR-LV9QN88PC6/I5'
Info: constraining clock net 'clocking.clk27' to 27.00 MHz
Info: constraining clock net 'bridge.clk' to 90.00 MHz
Info: constraining clock net 'bridge.clk_ck' to 90.00 MHz
Info: constraining clock net 'bridge.p2.spi_clk' to 80.00 MHz
Info: constraining clock net 'bridge.p3.spi_clk' to 80.00 MHz

Info: Reading constraints...
Info: Create constant nets...
Info: Modify LUTs...
Info: Pack IOBs...
Info: Pack I3C IOs...
Info: Pack MIPI IOs...
Info: Pack diff IOBs...
Info: Pack FFs into IO cells...
Info: Pack IODELAY...
Info: Pack Input Edge Monitors...
Info: Pack IO logic...
Info: Pack DESER16 logic...
Info: Pack GSR...
Info: Pack HCLK cells...
Info: Pack DLLDLYs...
Info: Pack wide LUTs...
Info: Packed MUX2_LUT8:0, MUX2_LU7:0, MUX2_LUT6:0, MUX2_LUT5:0
Info: Pack ALUs...
Info: Pack SSRAMs...
Info: Constrained 1548 LUTFF pairs.
Info: Pack PLL...
Info: Pack ADC...
Info: Pack GW JTAG...
Info: Pack BSRAMs...
Info: Pack DSP...
Info: Pack INV...
Info: Pack buffered nets...
Info: Pack EMCU and UserFlash cells...
Info: Pack UserFlash cells...
Info: Pack DQCE cells...
Info: Pack DCS cells...
Info: Checksum: 0xcc305021

Info: Device utilisation:
Info: 	                 VCC:       1/      1   100%
Info: 	                 IOB:      27/    276     9%
Info: 	                LUT4:    6172/   8640    71%
Info: 	              OSER16:       0/     80     0%
Info: 	              IDES16:       0/     80     0%
Info: 	            IOLOGICI:      18/    276     6%
Info: 	            IOLOGICO:      24/    276     8%
Info: 	           MUX2_LUT5:       0/   4320     0%
Info: 	           MUX2_LUT6:       0/   2160     0%
Info: 	           MUX2_LUT7:       0/   1080     0%
Info: 	           MUX2_LUT8:       0/   1080     0%
Info: 	                 ALU:    2356/   6480    36%
Info: 	                 GND:       1/      1   100%
Info: 	                 DFF:    3436/   6480    53%
Info: 	           RAM16SDP4:       0/    270     0%
Info: 	               BSRAM:      12/     26    46%
Info: 	              ALU54D:       0/     10     0%
Info: 	     MULTADDALU18X18:       0/     10     0%
Info: 	        MULTALU18X18:       0/     10     0%
Info: 	        MULTALU36X18:       0/     10     0%
Info: 	           MULT36X36:       0/      5     0%
Info: 	           MULT18X18:       2/     20    10%
Info: 	             MULT9X9:       0/     40     0%
Info: 	              PADD18:       0/     20     0%
Info: 	               PADD9:       0/     40     0%
Info: 	                 GSR:       1/      1   100%
Info: 	                 OSC:       0/      1     0%
Info: 	                rPLL:       1/      2    50%
Info: 	           FLASH608K:       0/      1     0%
Info: 	                BUFG:       2/     22     9%
Info: 	                DQCE:       0/     24     0%
Info: 	                 DCS:       0/      8     0%
Info: 	               DHCEN:       0/     24     0%
Info: 	              CLKDIV:       0/      8     0%
Info: 	             CLKDIV2:       0/     16     0%
Info: 	           MIPI_IBUF:       0/     22     0%
Info: 	           MIPI_OBUF:       0/     20     0%

Info: Running custom HCLK placer...
Info: Placed 0 cells based on constraints.
Info: Creating initial analytic placement for 5904 cells, random placement wirelen = 248159.
Info:     at initial placer iter 0, wirelen = 3425
Info:     at initial placer iter 1, wirelen = 3261
Info:     at initial placer iter 2, wirelen = 3041
Info:     at initial placer iter 3, wirelen = 2973
Info: Running main analytical placer, max placement attempts per cell = 18237780.
Info:     at iteration #1, type ALL: wirelen solved = 2991, spread = 71619, legal = 197469; time = 5.90s
Info:     at iteration #2, type ALL: wirelen solved = 6253, spread = 60349, legal = 138990; time = 3.91s
Info:     at iteration #3, type ALL: wirelen solved = 9735, spread = 49903, legal = 126500; time = 2.77s
Info:     at iteration #4, type ALL: wirelen solved = 10820, spread = 56166, legal = 128603; time = 3.18s
Info:     at iteration #5, type ALL: wirelen solved = 12777, spread = 48211, legal = 117077; time = 3.96s
Info:     at iteration #6, type ALL: wirelen solved = 14493, spread = 57522, legal = 113511; time = 2.78s
Info:     at iteration #7, type ALL: wirelen solved = 16239, spread = 41896, legal = 95536; time = 2.18s
Info:     at iteration #8, type ALL: wirelen solved = 17763, spread = 49507, legal = 109534; time = 2.21s
Info:     at iteration #9, type ALL: wirelen solved = 18991, spread = 40081, legal = 93608; time = 1.75s
Info:     at iteration #10, type ALL: wirelen solved = 19461, spread = 44488, legal = 84334; time = 1.30s
Info:     at iteration #11, type ALL: wirelen solved = 20405, spread = 42101, legal = 88167; time = 1.45s
Info:     at iteration #12, type ALL: wirelen solved = 22328, spread = 51322, legal = 99793; time = 2.89s
Info:     at iteration #13, type ALL: wirelen solved = 25399, spread = 45737, legal = 108486; time = 2.22s
Info:     at iteration #14, type ALL: wirelen solved = 27538, spread = 52055, legal = 104819; time = 2.92s
Info:     at iteration #15, type ALL: wirelen solved = 30516, spread = 46619, legal = 92490; time = 1.97s
Info: HeAP Placer Time: 42.28s
Info:   of which solving equations: 1.65s
Info:   of which spreading cells: 0.23s
Info:   of which strict legalisation: 39.84s

Info: Running simulated annealing placer for refinement.
Info:   at iteration #1: temp = 0.000000, timing cost = 93, wirelen = 84334
Info:   at iteration #5: temp = 0.000000, timing cost = 55, wirelen = 62973
Info:   at iteration #10: temp = 0.000000, timing cost = 48, wirelen = 58862
Info:   at iteration #15: temp = 0.000000, timing cost = 46, wirelen = 57443
Info:   at iteration #20: temp = 0.000000, timing cost = 48, wirelen = 56283
Info:   at iteration #25: temp = 0.000000, timing cost = 51, wirelen = 55901
Info:   at iteration #30: temp = 0.000000, timing cost = 48, wirelen = 55765
Info:   at iteration #33: temp = 0.000000, timing cost = 47, wirelen = 55747 
Info: SA placement time 26.73s

Info: Max frequency for clock 'bridge.p3.spi_clk': 224.92 MHz (PASS at 80.00 MHz)
Info: Max frequency for clock 'bridge.p2.spi_clk': 250.06 MHz (PASS at 80.00 MHz)
Info: Max frequency for clock        'bridge.clk': 103.10 MHz (PASS at 90.00 MHz)

Info: Max delay posedge bridge.clk        -> posedge bridge.p2.spi_clk: 1.83 ns
Info: Max delay posedge bridge.clk        -> posedge bridge.p3.spi_clk: 0.96 ns
Info: Max delay posedge bridge.p2.spi_clk -> posedge bridge.clk       : 1.06 ns
Info: Max delay posedge bridge.p3.spi_clk -> posedge bridge.clk       : 0.86 ns

Info: Slack histogram:
Info:  legend: * represents 8 endpoint(s)
Info:          + represents [1,8) endpoint(s)
Info: [  1412,   1942) |+
Info: [  1942,   2472) |*********+
Info: [  2472,   3002) |*****************+
Info: [  3002,   3532) |*+
Info: [  3532,   4062) |******************+
Info: [  4062,   4592) |****+
Info: [  4592,   5122) |*************+
Info: [  5122,   5652) |*************+
Info: [  5652,   6182) |*************+
Info: [  6182,   6712) |********************+
Info: [  6712,   7242) |*****************************+
Info: [  7242,   7772) |******************************+
Info: [  7772,   8302) |****************************+
Info: [  8302,   8832) |********************************+
Info: [  8832,   9362) |*****************************+
Info: [  9362,   9892) |********************************+
Info: [  9892,  10422) |************************************************************ 
Info: [ 10422,  10952) |***********+
Info: [ 10952,  11482) |**+
Info: [ 11482,  12012) |****+
Info: Checksum: 0x4d236495
Info: Routing globals...
Info:     'bridge.p3.spi_clk' net was routed.
Info:     'bridge.p2.spi_clk' net was routed.
Info:     'clocking.clk27' net was routed using global resources only.
Info:     'bridge.clk_ck' net was routed using global resources only.
Info:     'bridge.clk' net was routed using global resources only.
Info:     'chien.term[4]_DFFE_Q_3_D_LUT3_F_I1_LUT4_I3_F_LUT2_F_I1_LUT4_F_1_I3_DFFCE_Q_D_LUT2_F_I1_ALU_SUM_CIN_ALU_COUT_I1_ALU_I0_SUM_ALU_SUM_2_CIN_ALU_COUT_SUM_LUT4_I3_F_LUT4_I3_F_LUT2_I1_F_DFFCE_D_CE[0]' is routed using segments.
Info:     'syndrome.rom3.0.0_AD_9_LUT2_I1_F[3]' is routed using segments.
Info:     'clocking.locked_LUT2_I1_F_DFFC_CLEAR_Q_DFFC_D_Q_LUT4_I0_I1_LUT2_I0_F[2]' is routed using segments.
Info:     'O_psram_reset_n_OBUF_O_I_LUT4_F_I2_LUT3_I0_F_LUT3_I1_F_LUT2_F_I1_LUT2_F_I1_LUT2_I1_F_LUT3_F_1_I2_LUT2_I1_F_ALU_SUM_CIN_ALU_COUT_CIN_ALU_COUT_CIN_ALU_COUT_CIN_ALU_COUT_CIN_ALU_COUT_CIN_ALU_COUT_CIN_ALU_COUT_CIN_ALU_COUT_CIN_ALU_COUT_CIN_ALU_COUT_CIN_ALU_COUT_SUM_LUT4_F_I3_LUT4_I2_F_LUT4_I3_F_DFFCE_CE_Q[3]' is routed using segments.
Info:     'vit.metrics[6]_DFFE_Q_3_D_LUT4_F_I2_ALU_SUM_I0_LUT3_F_I1_DFFCE_Q_D_LUT2_F_I1_ALU_SUM_CIN_ALU_COUT_CIN_ALU_COUT_SUM_LUT2_I0_F_DFFCE_D_Q_LUT3_I1_F' is routed using segments.
Info:     'vit.metrics[6]_DFFE_Q_3_D_LUT4_F_I2_ALU_SUM_I0_LUT3_F_I1_DFFCE_Q_D_LUT2_F_I1_ALU_SUM_CIN_ALU_COUT_CIN_ALU_COUT_CIN_ALU_COUT_CIN_ALU_COUT_CIN_ALU_COUT_CIN_ALU_COUT_SUM_LUT2_I0_F_DFFCE_D_1_Q_LUT3_I1_F_DFFCE_D_Q_LUT3_I1_F' is routed using segments.
Info:     'bridge.p3.cs_n_LUT2_I0_F_LUT4_I0_F_DFFCE_CE_Q_DFFC_D_Q_DFFC_D_Q_DFFCE_Q_CE_LUT4_F_I3_LUT2_F_1_I1_LUT4_F_I3_LUT3_I2_F_LUT3_F_I2_LUT2_I1_F_LUT2_F_I1_LUT4_I3_F_LUT3_F_I0_LUT2_I0_I1_LUT3_I0_F_LUT4_F_I3_LUT2_I1_F_LUT2_I0_F_DFFCE_CE_Q_LUT3_F_1_I2_LUT3_I2_F_LUT3_I1_F_DFFCE_D_Q_LUT2_F_I1_LUT3_I1_F[2]' is routed using segments.
Info:     'syndrome.rom3.0.0_AD_8_DFFCE_D_Q_LUT4_I3_F' is routed using segments.
Info:     'metric.abs_q_DFFE_Q_6_D_LUT3_F_I2_ALU_SUM_CIN_ALU_COUT_SUM_DFFCE_D_Q_DFFCE_Q_D_LUT2_F_I1_LUT4_F_1_I3[1]' is routed using segments.
Info:     'O_psram_reset_n_OBUF_O_I_LUT4_F_I2_LUT3_I0_F_LUT3_I1_F_LUT2_F_I1_LUT2_F_I1_LUT2_I1_F_LUT3_F_1_I1_LUT4_F_I3_LUT4_I1_F_DFFCE_CE_Q_DFFCE_Q_CE_LUT3_F_I1_LUT3_I1_F' is routed using segments.
Info:     'O_psram_reset_n_OBUF_O_I_LUT4_F_I2_LUT3_I0_F_LUT3_I1_I0_LUT3_I1_F[3]' is routed using segments.
Info:     'bridge.p3.cs_n_LUT2_I0_F_LUT4_I0_F_DFFCE_CE_Q_DFFC_D_Q_DFFC_D_Q_DFFCE_Q_CE_LUT4_F_I3_LUT2_F_1_I1_LUT4_F_I3_LUT3_I2_F_LUT3_F_I2_LUT2_I1_F_LUT2_I0_F_DFFCE_CE_Q_LUT3_F_I2_LUT3_I2_F_LUT4_I3_F[0]' is routed using segments.
Info:     'bridge.p3.cs_n_LUT2_I0_F_LUT4_I0_F_DFFCE_CE_Q_DFFC_D_Q_DFFC_D_Q_DFFCE_Q_CE_LUT4_F_I3_LUT2_F_1_I1_LUT4_F_I3_LUT3_I2_F_LUT3_F_1_I1_LUT4_I3_F_LUT3_I2_F_LUT4_I3_1_F' is routed using segments.
Info:     'bridge.p3.fifo.mem.0.0_DI_34_LUT4_I3_F_LUT3_F_I2[1]' is routed using segments.
Info:     'vit.metrics[6]_DFFE_Q_3_D_LUT4_F_I2_ALU_SUM_1_I0_LUT3_F_I1_DFFCE_Q_D_LUT2_F_I1_ALU_SUM_CIN_ALU_COUT_CIN_ALU_COUT_CIN_ALU_COUT_SUM_LUT2_I0_F_DFFCE_D_1_Q_LUT3_I1_F' is routed using segments.
Info:     'bridge.p3.cs_n_LUT2_I0_I1' is routed using segments.
Info:     'vit.metrics[6]_DFFE_Q_3_D_LUT4_F_I2_ALU_SUM_1_I0_LUT3_F_I1_DFFCE_Q_D_LUT2_F_I1_ALU_SUM_CIN_ALU_COUT_CIN_ALU_COUT_CIN_ALU_COUT_CIN_ALU_COUT_CIN_ALU_COUT_CIN_ALU_COUT_SUM_LUT2_I0_F_DFFCE_D_1_Q_LUT3_I1_F' is routed using segments.
Info:     'bridge.controller.head[0][1]' is routed using segments.
Info:     'bridge.p3.fifo.mem.0.0_DI_10_LUT3_F_I0[3]' is routed using segments.
Info:     'bridge.p3.cs_n_LUT2_I0_F_LUT4_I0_F_DFFCE_CE_Q_DFFC_D_Q_DFFC_D_Q_DFFCE_Q_CE_LUT4_F_I3_LUT2_F_1_I1_LUT4_F_I3_LUT3_I2_F_LUT3_F_I2_LUT2_I1_F_LUT2_F_I1_LUT4_I3_F_LUT3_F_I0_LUT2_I0_I1_LUT3_I0_F_LUT4_F_I3_LUT2_I1_F_LUT2_I0_F_DFFCE_CE_Q_LUT3_F_1_I2_LUT4_I1_F[0]' is routed using segments.
Info:     'bridge.p3.cs_n_LUT2_I0_F_LUT4_I0_F_DFFCE_CE_Q_DFFC_D_Q_DFFC_D_Q_DFFCE_Q_CE_LUT4_F_I3_LUT2_F_1_I1_LUT4_F_I3_LUT3_I2_F_LUT3_F_I2_LUT2_I1_F_LUT2_F_I1_LUT4_I3_F_LUT3_F_I0_LUT2_I0_I1_LUT3_I0_F_LUT4_F_I3_LUT2_I1_F_LUT2_I0_F_DFFCE_CE_Q_LUT3_F_1_I2_LUT3_I2_F_LUT3_I1_F_DFFCE_D_Q_LUT2_F_I1_LUT3_I1_F_LUT3_F_I2_LUT3_F_I2_LUT4_F_1_I1_DFFCE_Q_D_LUT3_F_I2_LUT4_F_I2_LUT3_F_I2_LUT3_I2_F_LUT3_I1_F_DFFCE_D_Q[3]' is routed using segments.
Info:     'bridge.p3.cs_n_LUT2_I0_F_LUT4_I0_F_DFFCE_CE_Q_DFFC_D_Q_DFFC_D_Q_DFFCE_Q_CE_LUT4_F_I3_LUT2_F_1_I1_LUT4_F_I3_LUT3_I2_F_LUT3_F_I2_LUT2_I1_F_LUT2_I0_F_DFFCE_CE_Q_LUT3_F_I2_LUT3_I2_F_LUT3_I2_F_DFFCE_D_Q_LUT3_I1_F_LUT3_I2_F' is routed using segments.
Info:     'O_psram_reset_n_OBUF_O_I_LUT4_F_I2_LUT3_I0_F_LUT3_I1_F_LUT2_F_I1_LUT2_F_I1_LUT2_I1_F_LUT3_F_1_I2_LUT3_F_I1_LUT2_I1_F[0]' is routed using segments.
Info:     'vit.metrics[6]_DFFE_Q_3_D_LUT4_F_I2_ALU_SUM_I0_LUT3_F_I1_DFFCE_Q_D_LUT2_F_I1_ALU_SUM_CIN_ALU_COUT_CIN_ALU_COUT_CIN_ALU_COUT_CIN_ALU_COUT_SUM_LUT2_I0_F_DFFCE_D_Q_LUT3_I1_F_DFFCE_D_Q_LUT3_I1_F' is routed using segments.
Info:     'bridge.p3.cs_n_LUT2_I0_F_LUT4_I0_F_DFFCE_CE_Q_DFFC_D_Q_DFFC_D_Q_DFFCE_Q_CE_LUT4_F_I3_LUT2_F_1_I1_LUT4_F_I3_LUT3_I2_F_LUT3_F_1_I1_LUT4_I0_1_F_DFFC_D_Q[1]' is routed using segments.
Info:     'vit.metrics[6]_DFFE_Q_3_D_LUT4_F_I2_ALU_SUM_I0_LUT3_F_I1_LUT3_I1_F_DFFCE_D_Q_LUT3_I1_F' is routed using segments.
Info:     'vit.branch_choice.0.0_DIA_3_DFF_Q_D_DFFCE_Q_D_DFFCE_Q_CE[1]' is routed using segments.
Info:     'metric.abs_i_DFFE_Q_10_D[2]' is routed using segments.
Info:     'syndrome.rom3.0.0_AD_9_LUT2_I0_F[2]' is routed using segments.
Info:     'chien.locator_DFFE_Q_19_D_LUT3_F_I1[2]' is routed using segments.
Info:     'O_psram_reset_n_OBUF_O_I_LUT4_F_I2[1]' is routed using segments.
Info:     'O_psram_reset_n_OBUF_O_I_LUT4_F_I2_LUT3_I0_F_LUT3_I1_F_LUT2_F_I1_LUT2_F_I1_LUT2_I1_F_LUT3_F_1_I2_LUT3_F_I1_LUT2_I1_F[2]' is routed using segments.
Info:     'bridge.p3.fifo.mem.0.0_DI_10_LUT3_F_I1_DFFCE_D_CE' is routed using segments.
Info:     'bridge.p3.cs_n_LUT2_I0_F_LUT4_I0_F_DFFCE_CE_Q_DFFC_D_Q_DFFC_D_Q_DFFCE_Q_CE_LUT4_F_I3_LUT2_F_1_I1_LUT4_F_I3_LUT3_I2_F_LUT3_F_I2_LUT2_I1_F_LUT2_F_I1_LUT4_I3_F_LUT3_F_I0_LUT2_I0_I1_LUT3_I0_F_LUT4_F_I3_LUT4_F_I2_LUT2_I1_F_LUT4_I3_F_LUT3_I2_F_LUT2_I0_F' is routed using segments.
Info:     'bridge.p3.cs_n_LUT2_I0_F_LUT4_I0_F_DFFCE_CE_Q_DFFC_D_Q_DFFC_D_Q_DFFC_Q_D_DFFC_Q_D_DFFCE_Q_CE_LUT4_F_I2_LUT2_F_I1[1]' is routed using segments.
Info:     'bridge.p3.cs_n_LUT2_I0_F_LUT4_I0_F_DFFCE_CE_Q_DFFC_D_Q_DFFC_D_Q_DFFCE_Q_CE_LUT4_F_I3_LUT2_F_1_I1_LUT4_F_I3_LUT3_I2_F_LUT3_F_1_I1_LUT4_I3_F_LUT3_I2_F_LUT3_F_I1_LUT2_I1_F_LUT2_F_I0_DFFCE_Q_D_DFFCE_D_Q[2]' is routed using segments.
Info:     'O_psram_reset_n_OBUF_O_I_LUT4_F_I2_LUT3_I0_F_LUT3_I1_F_LUT2_F_I0_LUT2_I1_F_LUT3_I2_2_I1_LUT4_I2_1_F' is routed using segments.
Info:     'O_psram_reset_n_OBUF_O_I_LUT4_F_I2_LUT3_I0_F_LUT3_I1_F_LUT2_F_I1_LUT2_F_I1_LUT2_I1_F_LUT3_F_1_I2_LUT3_F_I1_LUT4_I1_F_LUT4_I3_F_LUT4_I3_F_DFFC_D_Q[1]' is routed using segments.
Info:     'vit.metrics[6]_DFFE_Q_3_D_LUT4_F_I2_ALU_SUM_I0_LUT3_F_I1_DFFCE_Q_D_LUT2_F_I1_ALU_SUM_CIN_ALU_COUT_CIN_ALU_COUT_CIN_ALU_COUT_CIN_ALU_COUT_CIN_ALU_COUT_SUM_LUT2_I0_F_DFFCE_D_Q_LUT3_I1_F_DFFCE_D_Q_LUT3_I1_F' is routed using segments.
Info:     'vit.metrics[6]_DFFE_Q_3_D_LUT4_F_I2_ALU_SUM_1_I0_LUT3_F_I1_DFFCE_Q_D_LUT2_F_I1_ALU_SUM_CIN_ALU_COUT_CIN_ALU_COUT_CIN_ALU_COUT_CIN_ALU_COUT_CIN_ALU_COUT_CIN_ALU_COUT_CIN_ALU_COUT_CIN_ALU_COUT_SUM_LUT2_I0_F_DFFCE_D_Q_LUT3_I1_F' is routed using segments.
Info:     'chien.term[2]_DFFE_Q_7_D_LUT4_F_I2_LUT4_I3_F_LUT4_I3_F_LUT4_I3_F_LUT4_F_2_I3_DFFC_Q_D_LUT3_F_I2_LUT3_I2_1_F_DFFCE_D_Q_LUT4_F_I3_LUT4_F_I1_ALU_COUT_CIN_ALU_COUT_CIN_ALU_COUT_CIN_ALU_COUT_CIN_ALU_COUT_CIN_ALU_COUT_CIN_ALU_COUT_CIN_ALU_COUT_I0_LUT3_I2_F_LUT4_I3_F_LUT2_I1_F[0]' is routed using segments.
Info:     'metric.peak_DFFE_Q_28_D_LUT3_F_I1_LUT2_F_I1' is routed using segments.
Info:     'syndrome.rom3.0.0_AD_9_LUT2_I1_F[2]' is routed using segments.
Info:     'bridge.p3.cs_n_LUT2_I0_F_LUT4_I0_F_DFFCE_CE_Q_DFFC_D_Q_DFFC_D_Q_DFFCE_Q_CE_LUT4_F_I3_LUT2_F_1_I1_LUT4_F_I3_LUT3_I2_F_LUT3_F_I2_LUT2_I1_F_LUT2_F_I1_LUT4_I3_F_LUT3_F_I0_LUT2_I0_I1_LUT3_I0_F_LUT4_F_I3_LUT2_I1_F_LUT2_I0_F_DFFCE_CE_Q_LUT3_F_1_I2_LUT3_I2_F_LUT3_I1_F_DFFCE_D_Q_LUT2_F_I1_LUT3_I1_F_LUT3_F_I2_LUT3_F_I2_LUT4_F_1_I1_DFFCE_Q_D_LUT3_F_I2_LUT4_F_I2_LUT3_F_I2_LUT3_I2_F_LUT3_I1_F_DFFCE_D_Q[1]' is routed using segments.
Info:     'bridge.p3.cs_n_LUT2_I0_F_LUT4_I0_F_DFFCE_CE_Q_DFFC_D_Q_DFFC_D_Q_DFFCE_Q_CE_LUT4_F_I3_LUT2_F_1_I1_LUT4_F_I3_LUT3_I2_F_LUT3_F_I2_LUT2_I1_F_LUT2_F_I1_LUT4_I3_F_LUT3_F_I0_LUT2_I0_I1_LUT3_I0_F_LUT4_F_I3_LUT2_I1_F_LUT2_I0_F_DFFCE_CE_Q_LUT3_F_1_I2_LUT3_I2_F_LUT3_I1_F_DFFCE_D_Q_LUT2_F_I1_LUT3_I1_F_LUT3_F_I2_LUT3_F_I2_LUT4_F_I3_DFFCE_Q_1_D_LUT4_F_I3_LUT3_F_I1[0]' is routed using segments.
Info:     'bridge.p3.cs_n_LUT2_I0_F_LUT4_I0_F_DFFCE_CE_Q_DFFC_D_Q_DFFC_D_Q_DFFCE_Q_CE_LUT4_F_I3_LUT2_F_1_I1_LUT4_F_I3_LUT3_I2_F_LUT3_F_I2_LUT2_I1_F_LUT2_F_I1_LUT4_I3_F_LUT3_F_I0_LUT2_I0_I1_LUT3_I0_F_LUT4_F_I3_LUT2_I1_F_LUT2_I0_F_DFFCE_CE_Q_LUT3_F_1_I2_LUT3_I2_F_LUT3_I1_F_DFFCE_D_Q_LUT2_F_I1_LUT3_I1_F_LUT3_F_I2_LUT3_F_I2_LUT4_F_I3_DFFCE_Q_1_D_LUT4_F_I3_LUT3_F_I1_ALU_SUM_CIN_ALU_COUT_SUM[2]' is routed using segments.
Info:     'bridge.p3.cs_n_LUT2_I0_F_LUT4_I0_F_DFFCE_CE_Q_DFFC_D_Q_DFFC_D_Q_DFFCE_Q_CE_LUT4_F_I3_LUT2_F_1_I1_LUT4_F_I3_LUT3_I2_F_LUT3_F_I2_LUT2_I1_F_LUT2_I0_1_F' is routed using segments.
Info:     'syndrome.rom3.0.0_AD_9_LUT2_I0_F[3]' is routed using segments.
Info:     'O_psram_reset_n_OBUF_O_I_LUT4_F_I2_LUT3_I0_F_LUT3_I1_F_LUT2_F_I0_LUT2_I1_F_LUT3_I2_2_I1_LUT4_I2_3_F' is routed using segments.
Info:     'syndrome.rom3.0.0_AD_8_DFFCE_D_Q_LUT4_I3_3_F' is routed using segments.
Info:     'bridge.controller.head[1][1]' is routed using segments.
Info:     'vit.branch_choice.0.0_DIA_3_DFF_Q_D_DFFCE_Q_D_DFFCE_Q_CE_LUT3_F_I2_LUT3_F_I0_LUT3_I0_1_F[1]' is routed using segments.

Info: Routing..
Info: Setting up routing queue.
Info: Routing 28428 arcs.
Info:            |   (re-)routed arcs  |   delta    | remaining|       time spent     |
Info:    IterCnt |  w/ripup   wo/ripup |  w/r  wo/r |      arcs| batch(sec) total(sec)|
Info:       1000 |       88        911 |   88   911 |     27527|       0.81       0.81|
Info:       2000 |      102       1814 |   14   903 |     26546|       0.37       1.18|
Info:       3000 |      113       2651 |   11   837 |     25557|       0.21       1.39|
Info:       4000 |      119       3576 |    6   925 |     24563|       0.15       1.54|
Info:       5000 |      122       4500 |    3   924 |     23568|       0.33       1.87|
Info:       6000 |      122       5416 |    0   916 |     22568|       0.37       2.25|
Info:       7000 |      123       6347 |    1   931 |     21569|       0.39       2.64|
Info:       8000 |      125       7283 |    2   936 |     20571|       0.44       3.08|
Info:       9000 |      127       8212 |    2   929 |     19574|       0.39       3.47|
Info:      10000 |      130       9144 |    3   932 |     18578|       0.42       3.89|
Info:      11000 |      133      10094 |    3   950 |     17581|       0.44       4.33|
Info:      12000 |      133      11032 |    0   938 |     16581|       0.46       4.79|
Info:      13000 |      144      11960 |   11   928 |     15601|       0.50       5.29|
Info:      14000 |      149      12884 |    5   924 |     14607|       0.49       5.78|
Info:      15000 |      151      13813 |    2   929 |     13610|       0.55       6.32|
Info:      16000 |      166      14733 |   15   920 |     12629|       0.61       6.94|
Info:      17000 |      202      15621 |   36   888 |     11671|       0.71       7.65|
Info:      18000 |      240      16521 |   38   900 |     10720|       0.82       8.47|
Info:      19000 |      285      17412 |   45   891 |      9769|       0.80       9.27|
Info:      20000 |      328      18288 |   43   876 |      8829|       0.83      10.10|
Info:      21000 |      379      19167 |   51   879 |      7887|       0.87      10.96|
Info:      22000 |      445      20044 |   66   877 |      6973|       0.85      11.82|
Info:      23000 |      540      20877 |   95   833 |      6162|       1.07      12.89|
Info:      24000 |      670      21687 |  130   810 |      5349|       1.21      14.10|
Info:      25000 |      821      22484 |  151   797 |      4547|       1.17      15.26|
Info:      26000 |      982      23268 |  161   784 |      3838|       1.24      16.51|
Info:      27000 |     1166      24033 |  184   765 |      3082|       1.40      17.91|
Info:      28000 |     1384      24757 |  218   724 |      2374|       1.45      19.35|
Info:      29000 |     1617      25461 |  233   704 |      1693|       1.50      20.85|
Info:      30000 |     1855      26178 |  238   717 |      1069|       1.78      22.63|
Info:      31000 |     2100      26896 |  245   718 |       467|       1.92      24.55|
Info:      31898 |     2336      27530 |  236   634 |         0|       1.73      26.27|
Info: Routing complete.
Info: Router1 time 26.27s
Info: Checksum: 0x5bbbcafe

Info: Critical path report for clock 'bridge.p3.spi_clk' (posedge -> posedge):
Info:       type curr  total name
Info:   clk-to-q  0.46  0.46 Source bridge.p3.fifo.mem.0.0_ADA_4_ALU_I1_CIN_ALU_COUT_CIN_ALU_COUT_SUM_LUT2_I1_F_DFFCE_D_Q_DFFC_Q_1.Q
Info:    routing  0.81  1.26 Net bridge.p3.fifo.mem.0.0_ADA_4_ALU_I1_CIN_ALU_COUT_CIN_ALU_COUT_SUM_LUT2_I1_F_DFFCE_D_Q[2] (31,24) -> (33,24)
Info:                          Sink bridge.p3.fifo.mem.0.0_DI_34_LUT4_I3_F_LUT4_F_I3_LUT4_F.I2
Info:                          Defined in:
Info:                               /workspace/scratch/5bc736d51023/tooling/oss-cad-suite/lib/../share/yosys/gowin/cells_map.v:130.20-130.21
Info:      logic  0.82  2.09 Source bridge.p3.fifo.mem.0.0_DI_34_LUT4_I3_F_LUT4_F_I3_LUT4_F.F
Info:    routing  1.85  3.93 Net bridge.p3.fifo.mem.0.0_DI_34_LUT4_I3_F_LUT4_F_I3[3] (33,24) -> (36,21)
Info:                          Sink bridge.p3.fifo.mem.0.0_DI_34_LUT4_I3_F_LUT4_F.I3
Info:                          Defined in:
Info:                               /workspace/scratch/5bc736d51023/tooling/oss-cad-suite/lib/../share/yosys/gowin/cells_map.v:130.20-130.21
Info:      logic  0.62  4.56 Source bridge.p3.fifo.mem.0.0_DI_34_LUT4_I3_F_LUT4_F.F
Info:    routing  0.41  4.97 Net bridge.p3.fifo.mem.0.0_DI_34_LUT4_I3_F[1] (36,21) -> (36,21)
Info:                          Sink bridge.p3.cs_n_LUT2_I0_F_LUT4_I0.I1
Info:                          Defined in:
Info:                               /workspace/scratch/5bc736d51023/tooling/oss-cad-suite/lib/../share/yosys/gowin/cells_map.v:130.20-130.21
Info:      logic  1.10  6.07 Source bridge.p3.cs_n_LUT2_I0_F_LUT4_I0.F
Info:    routing  0.33  6.39 Net bridge.p3.cs_n_LUT2_I0_F_LUT4_I0_F (36,21) -> (36,21)
Info:                          Sink bridge.p3.cs_n_LUT2_I0_F_LUT4_I0_F_DFFCE_CE.CE
Info:      setup  0.04  6.44 Source bridge.p3.cs_n_LUT2_I0_F_LUT4_I0_F_DFFCE_CE.CE
Info: 3.05 ns logic, 3.39 ns routing

Info: Critical path report for clock 'bridge.p2.spi_clk' (posedge -> posedge):
Info:       type curr  total name
Info:   clk-to-q  0.46  0.46 Source bridge.p2.fifo.mem.0.0_DI_32_LUT2_F_I0_LUT4_I3_I1_ALU_I1_COUT_ALU_CIN_COUT_ALU_CIN_SUM_DFFCE_D_Q_DFFCE_Q.Q
Info:    routing  1.45  1.91 Net bridge.p2.fifo.mem.0.0_DI_32_LUT2_F_I0_LUT4_F_I2[0] (18,19) -> (18,26)
Info:                          Sink bridge.p2.fifo.mem.0.0_DI_33_LUT3_F_I2_LUT4_I3.I0
Info:                          Defined in:
Info:                               /workspace/scratch/5bc736d51023/tooling/oss-cad-suite/lib/../share/yosys/gowin/cells_map.v:130.20-130.21
Info:      logic  1.03  2.94 Source bridge.p2.fifo.mem.0.0_DI_33_LUT3_F_I2_LUT4_I3.F
Info:    routing  1.44  4.37 Net bridge.p2.fifo.mem.0.0_DI_33_LUT3_F_I2_LUT4_I3_F (18,26) -> (23,26)
Info:                          Sink bridge.p2.fifo.mem.0.0_DI_8_LUT3_F_I1_DFFCE_D_Q_DFFCE_Q_1.CE
Info:      setup  0.04  4.42 Source bridge.p2.fifo.mem.0.0_DI_8_LUT3_F_I1_DFFCE_D_Q_DFFCE_Q_1.CE
Info: 1.53 ns logic, 2.88 ns routing

Info: Critical path report for clock 'bridge.clk' (posedge -> posedge):
Info:       type curr  total name
Info:   clk-to-q  0.46  0.46 Source metric.abs_i_DFFE_Q_10_D_DFFCE_Q_1.Q
Info:    routing  4.65  5.11 Net O_psram_reset_n_OBUF_O_I_LUT4_F_I2_LUT3_I0_F_LUT3_I1_F_LUT2_F_I1_LUT2_F_I1_LUT2_I1_F_LUT3_F_1_I2_LUT2_I1_F_ALU_SUM_CIN_ALU_COUT_CIN_ALU_COUT_CIN_ALU_COUT_CIN_ALU_COUT_CIN_ALU_COUT_CIN_ALU_COUT_CIN_ALU_COUT_CIN_ALU_COUT_CIN_ALU_COUT_CIN_ALU_COUT_CIN_ALU_COUT_SUM_LUT4_F_I3_LUT4_I2_F_LUT4_I3_F_DFFCE_CE_Q_LUT2_I0_F_LUT3_F_I2[1] (42,5) -> (5,2)
Info:                          Sink metric.abs_diff_DFFRE_Q_D_ALU_SUM_CIN_ALU_COUT_CIN_ALU_COUT_CIN_ALU_COUT_CIN_ALU_COUT_CIN_ALU_COUT_CIN_ALU_COUT_CIN_ALU_COUT_CIN_ALU_COUT_CIN_ALU_COUT_CIN_ALU_COUT_CIN_ALU_COUT_CIN_ALU_COUT_CIN_ALU_COUT_CIN_ALU_COUT_SUM_ALU_SUM_CIN_ALU_COUT_CIN_ALU_COUT.I1
Info:                          Defined in:
Info:                               /workspace/scratch/5bc736d51023/tooling/oss-cad-suite/lib/../share/yosys/gowin/cells_map.v:130.20-130.21
Info:      logic  1.04  6.15 Source metric.abs_diff_DFFRE_Q_D_ALU_SUM_CIN_ALU_COUT_CIN_ALU_COUT_CIN_ALU_COUT_CIN_ALU_COUT_CIN_ALU_COUT_CIN_ALU_COUT_CIN_ALU_COUT_CIN_ALU_COUT_CIN_ALU_COUT_CIN_ALU_COUT_CIN_ALU_COUT_CIN_ALU_COUT_CIN_ALU_COUT_CIN_ALU_COUT_SUM_ALU_SUM_CIN_ALU_COUT_CIN_ALU_COUT.COUT
Info:    routing  0.00  6.15 Net metric.abs_diff_DFFRE_Q_D_ALU_SUM_CIN_ALU_COUT_CIN_ALU_COUT_CIN_ALU_COUT_CIN_ALU_COUT_CIN_ALU_COUT_CIN_ALU_COUT_CIN_ALU_COUT_CIN_ALU_COUT_CIN_ALU_COUT_CIN_ALU_COUT_CIN_ALU_COUT_CIN_ALU_COUT_CIN_ALU_COUT_CIN_ALU_COUT_SUM_ALU_SUM_CIN_ALU_COUT_CIN (5,2) -> (5,2)
Info:                          Sink metric.abs_diff_DFFRE_Q_D_ALU_SUM_CIN_ALU_COUT_CIN_ALU_COUT_CIN_ALU_COUT_CIN_ALU_COUT_CIN_ALU_COUT_CIN_ALU_COUT_CIN_ALU_COUT_CIN_ALU_COUT_CIN_ALU_COUT_CIN_ALU_COUT_CIN_ALU_COUT_CIN_ALU_COUT_CIN_ALU_COUT_CIN_ALU_COUT_SUM_ALU_SUM_CIN_ALU_COUT.CIN
Info:                          Defined in:
Info:                               rtl/s3_tc8psk_metric_folded.sv:17.27-17.58
Info:                               /workspace/scratch/5bc736d51023/tooling/oss-cad-suite/lib/../share/yosys/gowin/arith_map.v:57.7-63.5
Info:                               /workspace/scratch/5bc736d51023/tooling/oss-cad-suite/lib/../share/yosys/gowin/cells_sim.v:1033.25-1033.29
Info:      logic  0.06  6.21 Source metric.abs_diff_DFFRE_Q_D_ALU_SUM_CIN_ALU_COUT_CIN_ALU_COUT_CIN_ALU_COUT_CIN_ALU_COUT_CIN_ALU_COUT_CIN_ALU_COUT_CIN_ALU_COUT_CIN_ALU_COUT_CIN_ALU_COUT_CIN_ALU_COUT_CIN_ALU_COUT_CIN_ALU_COUT_CIN_ALU_COUT_CIN_ALU_COUT_SUM_ALU_SUM_CIN_ALU_COUT.COUT
Info:    routing  0.00  6.21 Net metric.abs_diff_DFFRE_Q_D_ALU_SUM_CIN_ALU_COUT_CIN_ALU_COUT_CIN_ALU_COUT_CIN_ALU_COUT_CIN_ALU_COUT_CIN_ALU_COUT_CIN_ALU_COUT_CIN_ALU_COUT_CIN_ALU_COUT_CIN_ALU_COUT_CIN_ALU_COUT_CIN_ALU_COUT_CIN_ALU_COUT_CIN_ALU_COUT_SUM_ALU_SUM_CIN (5,2) -> (5,2)
Info:                          Sink metric.abs_diff_DFFRE_Q_D_ALU_SUM_CIN_ALU_COUT_CIN_ALU_COUT_CIN_ALU_COUT_CIN_ALU_COUT_CIN_ALU_COUT_CIN_ALU_COUT_CIN_ALU_COUT_CIN_ALU_COUT_CIN_ALU_COUT_CIN_ALU_COUT_CIN_ALU_COUT_CIN_ALU_COUT_CIN_ALU_COUT_CIN_ALU_COUT_SUM_ALU_SUM.CIN
Info:                          Defined in:
Info:                               rtl/s3_tc8psk_metric_folded.sv:17.27-17.58
Info:                               /workspace/scratch/5bc736d51023/tooling/oss-cad-suite/lib/../share/yosys/gowin/arith_map.v:57.7-63.5
Info:                               /workspace/scratch/5bc736d51023/tooling/oss-cad-suite/lib/../share/yosys/gowin/cells_sim.v:1033.25-1033.29
Info:      logic  0.06  6.27 Source metric.abs_diff_DFFRE_Q_D_ALU_SUM_CIN_ALU_COUT_CIN_ALU_COUT_CIN_ALU_COUT_CIN_ALU_COUT_CIN_ALU_COUT_CIN_ALU_COUT_CIN_ALU_COUT_CIN_ALU_COUT_CIN_ALU_COUT_CIN_ALU_COUT_CIN_ALU_COUT_CIN_ALU_COUT_CIN_ALU_COUT_CIN_ALU_COUT_SUM_ALU_SUM.COUT
Info:    routing  0.00  6.27 Net metric.abs_diff_DFFRE_Q_D_ALU_SUM_CIN_ALU_COUT_CIN_ALU_COUT_CIN_ALU_COUT_CIN_ALU_COUT_CIN_ALU_COUT_CIN_ALU_COUT_CIN_ALU_COUT_CIN_ALU_COUT_CIN_ALU_COUT_CIN_ALU_COUT_CIN_ALU_COUT_CIN_ALU_COUT_CIN_ALU_COUT_CIN_ALU_COUT_SUM_ALU_SUM_COUT (5,2) -> (5,2)
Info:                          Sink metric.abs_diff_DFFRE_Q_D_ALU_SUM_CIN_ALU_COUT_CIN_ALU_COUT_CIN_ALU_COUT_CIN_ALU_COUT_CIN_ALU_COUT_CIN_ALU_COUT_CIN_ALU_COUT_CIN_ALU_COUT_CIN_ALU_COUT_CIN_ALU_COUT_CIN_ALU_COUT_CIN_ALU_COUT_CIN_ALU_COUT_SUM_ALU_SUM.CIN
Info:                          Defined in:
Info:                               rtl/s3_tc8psk_metric_folded.sv:17.27-17.58
Info:                               /workspace/scratch/5bc736d51023/tooling/oss-cad-suite/lib/../share/yosys/gowin/arith_map.v:57.7-63.5
Info:                               /workspace/scratch/5bc736d51023/tooling/oss-cad-suite/lib/../share/yosys/gowin/cells_sim.v:1033.25-1033.29
Info:      logic  0.06  6.32 Source metric.abs_diff_DFFRE_Q_D_ALU_SUM_CIN_ALU_COUT_CIN_ALU_COUT_CIN_ALU_COUT_CIN_ALU_COUT_CIN_ALU_COUT_CIN_ALU_COUT_CIN_ALU_COUT_CIN_ALU_COUT_CIN_ALU_COUT_CIN_ALU_COUT_CIN_ALU_COUT_CIN_ALU_COUT_CIN_ALU_COUT_SUM_ALU_SUM.COUT
Info:    routing  0.00  6.32 Net metric.abs_diff_DFFRE_Q_D_ALU_SUM_CIN_ALU_COUT_CIN_ALU_COUT_CIN_ALU_COUT_CIN_ALU_COUT_CIN_ALU_COUT_CIN_ALU_COUT_CIN_ALU_COUT_CIN_ALU_COUT_CIN_ALU_COUT_CIN_ALU_COUT_CIN_ALU_COUT_CIN_ALU_COUT_CIN_ALU_COUT_SUM_ALU_SUM_COUT (5,2) -> (5,2)
Info:                          Sink metric.abs_diff_DFFRE_Q_D_ALU_SUM_CIN_ALU_COUT_CIN_ALU_COUT_CIN_ALU_COUT_CIN_ALU_COUT_CIN_ALU_COUT_CIN_ALU_COUT_CIN_ALU_COUT_CIN_ALU_COUT_CIN_ALU_COUT_CIN_ALU_COUT_CIN_ALU_COUT_CIN_ALU_COUT_SUM_ALU_SUM.CIN
Info:                          Defined in:
Info:                               rtl/s3_tc8psk_metric_folded.sv:17.27-17.58
Info:                               /workspace/scratch/5bc736d51023/tooling/oss-cad-suite/lib/../share/yosys/gowin/arith_map.v:57.7-63.5
Info:                               /workspace/scratch/5bc736d51023/tooling/oss-cad-suite/lib/../share/yosys/gowin/cells_sim.v:1033.25-1033.29
Info:      logic  0.06  6.38 Source metric.abs_diff_DFFRE_Q_D_ALU_SUM_CIN_ALU_COUT_CIN_ALU_COUT_CIN_ALU_COUT_CIN_ALU_COUT_CIN_ALU_COUT_CIN_ALU_COUT_CIN_ALU_COUT_CIN_ALU_COUT_CIN_ALU_COUT_CIN_ALU_COUT_CIN_ALU_COUT_CIN_ALU_COUT_SUM_ALU_SUM.COUT
Info:    routing  0.00  6.38 Net metric.abs_diff_DFFRE_Q_D_ALU_SUM_CIN_ALU_COUT_CIN_ALU_COUT_CIN_ALU_COUT_CIN_ALU_COUT_CIN_ALU_COUT_CIN_ALU_COUT_CIN_ALU_COUT_CIN_ALU_COUT_CIN_ALU_COUT_CIN_ALU_COUT_CIN_ALU_COUT_CIN_ALU_COUT_SUM_ALU_SUM_COUT (5,2) -> (6,2)
Info:                          Sink metric.abs_diff_DFFRE_Q_D_ALU_SUM_CIN_ALU_COUT_CIN_ALU_COUT_CIN_ALU_COUT_CIN_ALU_COUT_CIN_ALU_COUT_CIN_ALU_COUT_CIN_ALU_COUT_CIN_ALU_COUT_CIN_ALU_COUT_CIN_ALU_COUT_CIN_ALU_COUT_SUM_ALU_SUM.CIN
Info:                          Defined in:
Info:                               rtl/s3_tc8psk_metric_folded.sv:17.27-17.58
Info:                               /workspace/scratch/5bc736d51023/tooling/oss-cad-suite/lib/../share/yosys/gowin/arith_map.v:57.7-63.5
Info:                               /workspace/scratch/5bc736d51023/tooling/oss-cad-suite/lib/../share/yosys/gowin/cells_sim.v:1033.25-1033.29
Info:      logic  0.06  6.44 Source metric.abs_diff_DFFRE_Q_D_ALU_SUM_CIN_ALU_COUT_CIN_ALU_COUT_CIN_ALU_COUT_CIN_ALU_COUT_CIN_ALU_COUT_CIN_ALU_COUT_CIN_ALU_COUT_CIN_ALU_COUT_CIN_ALU_COUT_CIN_ALU_COUT_CIN_ALU_COUT_SUM_ALU_SUM.COUT
Info:    routing  0.00  6.44 Net metric.abs_diff_DFFRE_Q_D_ALU_SUM_CIN_ALU_COUT_CIN_ALU_COUT_CIN_ALU_COUT_CIN_ALU_COUT_CIN_ALU_COUT_CIN_ALU_COUT_CIN_ALU_COUT_CIN_ALU_COUT_CIN_ALU_COUT_CIN_ALU_COUT_CIN_ALU_COUT_SUM_ALU_SUM_COUT (6,2) -> (6,2)
Info:                          Sink metric.abs_diff_DFFRE_Q_D_ALU_SUM_CIN_ALU_COUT_CIN_ALU_COUT_CIN_ALU_COUT_CIN_ALU_COUT_CIN_ALU_COUT_CIN_ALU_COUT_CIN_ALU_COUT_CIN_ALU_COUT_CIN_ALU_COUT_CIN_ALU_COUT_SUM_ALU_SUM.CIN
Info:                          Defined in:
Info:                               rtl/s3_tc8psk_metric_folded.sv:17.27-17.58
Info:                               /workspace/scratch/5bc736d51023/tooling/oss-cad-suite/lib/../share/yosys/gowin/arith_map.v:57.7-63.5
Info:                               /workspace/scratch/5bc736d51023/tooling/oss-cad-suite/lib/../share/yosys/gowin/cells_sim.v:1033.25-1033.29
Info:      logic  0.56  7.00 Source metric.abs_diff_DFFRE_Q_D_ALU_SUM_CIN_ALU_COUT_CIN_ALU_COUT_CIN_ALU_COUT_CIN_ALU_COUT_CIN_ALU_COUT_CIN_ALU_COUT_CIN_ALU_COUT_CIN_ALU_COUT_CIN_ALU_COUT_CIN_ALU_COUT_SUM_ALU_SUM.SUM
Info:    routing  1.70  8.70 Net metric.abs_diff_DFFRE_Q_D_ALU_SUM_CIN_ALU_COUT_CIN_ALU_COUT_CIN_ALU_COUT_CIN_ALU_COUT_CIN_ALU_COUT_CIN_ALU_COUT_CIN_ALU_COUT_CIN_ALU_COUT_CIN_ALU_COUT_CIN_ALU_COUT_SUM[0] (6,2) -> (9,3)
Info:                          Sink metric.abs_diff_DFFRE_Q_D_ALU_SUM_CIN_ALU_COUT_CIN_ALU_COUT_CIN_ALU_COUT_CIN_ALU_COUT_CIN_ALU_COUT_CIN_ALU_COUT_CIN_ALU_COUT_CIN_ALU_COUT_CIN_ALU_COUT_CIN_ALU_COUT.I1
Info:                          Defined in:
Info:                               /workspace/scratch/5bc736d51023/tooling/oss-cad-suite/lib/../share/yosys/gowin/cells_map.v:130.20-130.21
Info:      logic  1.04  9.74 Source metric.abs_diff_DFFRE_Q_D_ALU_SUM_CIN_ALU_COUT_CIN_ALU_COUT_CIN_ALU_COUT_CIN_ALU_COUT_CIN_ALU_COUT_CIN_ALU_COUT_CIN_ALU_COUT_CIN_ALU_COUT_CIN_ALU_COUT_CIN_ALU_COUT.COUT
Info:    routing  0.00  9.74 Net metric.abs_diff_DFFRE_Q_D_ALU_SUM_CIN_ALU_COUT_CIN_ALU_COUT_CIN_ALU_COUT_CIN_ALU_COUT_CIN_ALU_COUT_CIN_ALU_COUT_CIN_ALU_COUT_CIN_ALU_COUT_CIN_ALU_COUT_CIN (9,3) -> (9,3)
Info:                          Sink metric.abs_diff_DFFRE_Q_D_ALU_SUM_CIN_ALU_COUT_CIN_ALU_COUT_CIN_ALU_COUT_CIN_ALU_COUT_CIN_ALU_COUT_CIN_ALU_COUT_CIN_ALU_COUT_CIN_ALU_COUT_CIN_ALU_COUT.CIN
Info:                          Defined in:
Info:                               rtl/s3_tc8psk_metric_folded.sv:49.25-49.31
Info:                               /workspace/scratch/5bc736d51023/tooling/oss-cad-suite/lib/../share/yosys/gowin/arith_map.v:57.7-63.5
Info:                               /workspace/scratch/5bc736d51023/tooling/oss-cad-suite/lib/../share/yosys/gowin/cells_sim.v:1033.25-1033.29
Info:      logic  0.06  9.80 Source metric.abs_diff_DFFRE_Q_D_ALU_SUM_CIN_ALU_COUT_CIN_ALU_COUT_CIN_ALU_COUT_CIN_ALU_COUT_CIN_ALU_COUT_CIN_ALU_COUT_CIN_ALU_COUT_CIN_ALU_COUT_CIN_ALU_COUT.COUT
Info:    routing  0.00  9.80 Net metric.abs_diff_DFFRE_Q_D_ALU_SUM_CIN_ALU_COUT_CIN_ALU_COUT_CIN_ALU_COUT_CIN_ALU_COUT_CIN_ALU_COUT_CIN_ALU_COUT_CIN_ALU_COUT_CIN_ALU_COUT_CIN (9,3) -> (9,3)
Info:                          Sink metric.abs_diff_DFFRE_Q_D_ALU_SUM_CIN_ALU_COUT_CIN_ALU_COUT_CIN_ALU_COUT_CIN_ALU_COUT_CIN_ALU_COUT_CIN_ALU_COUT_CIN_ALU_COUT_CIN_ALU_COUT.CIN
Info:                          Defined in:
Info:                               rtl/s3_tc8psk_metric_folded.sv:49.25-49.31
Info:                               /workspace/scratch/5bc736d51023/tooling/oss-cad-suite/lib/../share/yosys/gowin/arith_map.v:57.7-63.5
Info:                               /workspace/scratch/5bc736d51023/tooling/oss-cad-suite/lib/../share/yosys/gowin/cells_sim.v:1033.25-1033.29
Info:      logic  0.06  9.86 Source metric.abs_diff_DFFRE_Q_D_ALU_SUM_CIN_ALU_COUT_CIN_ALU_COUT_CIN_ALU_COUT_CIN_ALU_COUT_CIN_ALU_COUT_CIN_ALU_COUT_CIN_ALU_COUT_CIN_ALU_COUT.COUT
Info:    routing  0.00  9.86 Net metric.abs_diff_DFFRE_Q_D_ALU_SUM_CIN_ALU_COUT_CIN_ALU_COUT_CIN_ALU_COUT_CIN_ALU_COUT_CIN_ALU_COUT_CIN_ALU_COUT_CIN_ALU_COUT_CIN (9,3) -> (9,3)
Info:                          Sink metric.abs_diff_DFFRE_Q_D_ALU_SUM_CIN_ALU_COUT_CIN_ALU_COUT_CIN_ALU_COUT_CIN_ALU_COUT_CIN_ALU_COUT_CIN_ALU_COUT_CIN_ALU_COUT.CIN
Info:                          Defined in:
Info:                               rtl/s3_tc8psk_metric_folded.sv:49.25-49.31
Info:                               /workspace/scratch/5bc736d51023/tooling/oss-cad-suite/lib/../share/yosys/gowin/arith_map.v:57.7-63.5
Info:                               /workspace/scratch/5bc736d51023/tooling/oss-cad-suite/lib/../share/yosys/gowin/cells_sim.v:1033.25-1033.29
Info:      logic  0.06  9.91 Source metric.abs_diff_DFFRE_Q_D_ALU_SUM_CIN_ALU_COUT_CIN_ALU_COUT_CIN_ALU_COUT_CIN_ALU_COUT_CIN_ALU_COUT_CIN_ALU_COUT_CIN_ALU_COUT.COUT
Info:    routing  0.00  9.91 Net metric.abs_diff_DFFRE_Q_D_ALU_SUM_CIN_ALU_COUT_CIN_ALU_COUT_CIN_ALU_COUT_CIN_ALU_COUT_CIN_ALU_COUT_CIN_ALU_COUT_CIN (9,3) -> (9,3)
Info:                          Sink metric.abs_diff_DFFRE_Q_D_ALU_SUM_CIN_ALU_COUT_CIN_ALU_COUT_CIN_ALU_COUT_CIN_ALU_COUT_CIN_ALU_COUT_CIN_ALU_COUT.CIN
Info:                          Defined in:
Info:                               rtl/s3_tc8psk_metric_folded.sv:49.25-49.31
Info:                               /workspace/scratch/5bc736d51023/tooling/oss-cad-suite/lib/../share/yosys/gowin/arith_map.v:57.7-63.5
Info:                               /workspace/scratch/5bc736d51023/tooling/oss-cad-suite/lib/../share/yosys/gowin/cells_sim.v:1033.25-1033.29
Info:      logic  0.06  9.97 Source metric.abs_diff_DFFRE_Q_D_ALU_SUM_CIN_ALU_COUT_CIN_ALU_COUT_CIN_ALU_COUT_CIN_ALU_COUT_CIN_ALU_COUT_CIN_ALU_COUT.COUT
Info:    routing  0.00  9.97 Net metric.abs_diff_DFFRE_Q_D_ALU_SUM_CIN_ALU_COUT_CIN_ALU_COUT_CIN_ALU_COUT_CIN_ALU_COUT_CIN_ALU_COUT_CIN (9,3) -> (10,3)
Info:                          Sink metric.abs_diff_DFFRE_Q_D_ALU_SUM_CIN_ALU_COUT_CIN_ALU_COUT_CIN_ALU_COUT_CIN_ALU_COUT_CIN_ALU_COUT.CIN
Info:                          Defined in:
Info:                               rtl/s3_tc8psk_metric_folded.sv:49.25-49.31
Info:                               /workspace/scratch/5bc736d51023/tooling/oss-cad-suite/lib/../share/yosys/gowin/arith_map.v:57.7-63.5
Info:                               /workspace/scratch/5bc736d51023/tooling/oss-cad-suite/lib/../share/yosys/gowin/cells_sim.v:1033.25-1033.29
Info:      logic  0.06  10.03 Source metric.abs_diff_DFFRE_Q_D_ALU_SUM_CIN_ALU_COUT_CIN_ALU_COUT_CIN_ALU_COUT_CIN_ALU_COUT_CIN_ALU_COUT.COUT
Info:    routing  0.00  10.03 Net metric.abs_diff_DFFRE_Q_D_ALU_SUM_CIN_ALU_COUT_CIN_ALU_COUT_CIN_ALU_COUT_CIN_ALU_COUT_CIN (10,3) -> (10,3)
Info:                          Sink metric.abs_diff_DFFRE_Q_D_ALU_SUM_CIN_ALU_COUT_CIN_ALU_COUT_CIN_ALU_COUT_CIN_ALU_COUT.CIN
Info:                          Defined in:
Info:                               rtl/s3_tc8psk_metric_folded.sv:49.25-49.31
Info:                               /workspace/scratch/5bc736d51023/tooling/oss-cad-suite/lib/../share/yosys/gowin/arith_map.v:57.7-63.5
Info:                               /workspace/scratch/5bc736d51023/tooling/oss-cad-suite/lib/../share/yosys/gowin/cells_sim.v:1033.25-1033.29
Info:      logic  0.06  10.08 Source metric.abs_diff_DFFRE_Q_D_ALU_SUM_CIN_ALU_COUT_CIN_ALU_COUT_CIN_ALU_COUT_CIN_ALU_COUT.COUT
Info:    routing  0.00  10.08 Net metric.abs_diff_DFFRE_Q_D_ALU_SUM_CIN_ALU_COUT_CIN_ALU_COUT_CIN_ALU_COUT_CIN (10,3) -> (10,3)
Info:                          Sink metric.abs_diff_DFFRE_Q_D_ALU_SUM_CIN_ALU_COUT_CIN_ALU_COUT_CIN_ALU_COUT.CIN
Info:                          Defined in:
Info:                               rtl/s3_tc8psk_metric_folded.sv:49.25-49.31
Info:                               /workspace/scratch/5bc736d51023/tooling/oss-cad-suite/lib/../share/yosys/gowin/arith_map.v:57.7-63.5
Info:                               /workspace/scratch/5bc736d51023/tooling/oss-cad-suite/lib/../share/yosys/gowin/cells_sim.v:1033.25-1033.29
Info:      logic  0.06  10.14 Source metric.abs_diff_DFFRE_Q_D_ALU_SUM_CIN_ALU_COUT_CIN_ALU_COUT_CIN_ALU_COUT.COUT
Info:    routing  0.00  10.14 Net metric.abs_diff_DFFRE_Q_D_ALU_SUM_CIN_ALU_COUT_CIN_ALU_COUT_CIN (10,3) -> (10,3)
Info:                          Sink metric.abs_diff_DFFRE_Q_D_ALU_SUM_CIN_ALU_COUT_CIN_ALU_COUT.CIN
Info:                          Defined in:
Info:                               rtl/s3_tc8psk_metric_folded.sv:49.25-49.31
Info:                               /workspace/scratch/5bc736d51023/tooling/oss-cad-suite/lib/../share/yosys/gowin/arith_map.v:57.7-63.5
Info:                               /workspace/scratch/5bc736d51023/tooling/oss-cad-suite/lib/../share/yosys/gowin/cells_sim.v:1033.25-1033.29
Info:      logic  0.06  10.20 Source metric.abs_diff_DFFRE_Q_D_ALU_SUM_CIN_ALU_COUT_CIN_ALU_COUT.COUT
Info:    routing  0.00  10.20 Net metric.abs_diff_DFFRE_Q_D_ALU_SUM_CIN_ALU_COUT_CIN (10,3) -> (10,3)
Info:                          Sink metric.abs_diff_DFFRE_Q_D_ALU_SUM_CIN_ALU_COUT.CIN
Info:                          Defined in:
Info:                               rtl/s3_tc8psk_metric_folded.sv:49.25-49.31
Info:                               /workspace/scratch/5bc736d51023/tooling/oss-cad-suite/lib/../share/yosys/gowin/arith_map.v:57.7-63.5
Info:                               /workspace/scratch/5bc736d51023/tooling/oss-cad-suite/lib/../share/yosys/gowin/cells_sim.v:1033.25-1033.29
Info:      logic  0.06  10.26 Source metric.abs_diff_DFFRE_Q_D_ALU_SUM_CIN_ALU_COUT.COUT
Info:    routing  0.00  10.26 Net metric.abs_diff_DFFRE_Q_D_ALU_SUM_CIN (10,3) -> (10,3)
Info:                          Sink metric.abs_diff_DFFRE_Q_D_ALU_SUM.CIN
Info:                          Defined in:
Info:                               rtl/s3_tc8psk_metric_folded.sv:49.25-49.31
Info:                               /workspace/scratch/5bc736d51023/tooling/oss-cad-suite/lib/../share/yosys/gowin/arith_map.v:57.7-63.5
Info:                               /workspace/scratch/5bc736d51023/tooling/oss-cad-suite/lib/../share/yosys/gowin/cells_sim.v:1033.25-1033.29
Info:      logic  0.56  10.82 Source metric.abs_diff_DFFRE_Q_D_ALU_SUM.SUM
Info:    routing  0.00  10.82 Net metric.abs_diff_DFFRE_Q_D (10,3) -> (10,3)
Info:                          Sink metric.abs_diff_DFFRE_Q.D
Info:      setup  0.40  11.22 Source metric.abs_diff_DFFRE_Q.D
Info: 4.87 ns logic, 6.35 ns routing

Info: Critical path report for cross-domain path 'posedge bridge.clk' -> 'posedge bridge.p2.spi_clk':
Info:       type curr  total name
Info:   clk-to-q  0.46  0.46 Source clocking.locked_LUT2_I1_F_DFFC_CLEAR_Q_DFFC_D.Q
Info:    routing  0.33  0.78 Net chien.term[4]_DFFE_Q_3_D_LUT3_F_I1_LUT4_I3_F_LUT2_F_I1_LUT4_F_1_I3_DFFCE_Q_D_LUT2_F_I1_ALU_SUM_CIN_ALU_COUT_I1_ALU_I0_SUM_ALU_SUM_2_CIN_ALU_COUT_SUM_LUT4_I3_F_LUT4_I3_F_LUT2_I1_F_DFFCE_D_CE[0] (25,26) -> (25,26)
Info:                          Sink bridge.p2.cs_n_LUT4_I0.I1
Info:                          Defined in:
Info:                               /workspace/scratch/5bc736d51023/tooling/oss-cad-suite/lib/../share/yosys/gowin/cells_map.v:130.20-130.21
Info:      logic  1.10  1.88 Source bridge.p2.cs_n_LUT4_I0.F
Info:    routing  0.81  2.69 Net bridge.p2.cs_n_LUT4_I0_F (25,26) -> (25,27)
Info:                          Sink bridge.p2.fifo.mem.0.0.CEA
Info:      setup  0.17  2.86 Source bridge.p2.fifo.mem.0.0.CEA
Info: 1.73 ns logic, 1.13 ns routing

Info: Max frequency for clock 'bridge.p3.spi_clk': 155.33 MHz (PASS at 80.00 MHz)
Info: Max frequency for clock 'bridge.p2.spi_clk': 226.40 MHz (PASS at 80.00 MHz)
ERROR: Max frequency for clock        'bridge.clk': 89.15 MHz (FAIL at 90.00 MHz)

Info: Max delay posedge bridge.clk -> posedge bridge.p2.spi_clk: 2.86 ns

Info: Slack histogram:
Info:  legend: * represents 4 endpoint(s)
Info:          + represents [1,4) endpoint(s)
Info: [  -106,    447) |+
Info: [   447,   1000) |+
Info: [  1000,   1553) |+
Info: [  1553,   2106) |***+
Info: [  2106,   2659) |*+
Info: [  2659,   3212) |***+
Info: [  3212,   3765) |*******+
Info: [  3765,   4318) |****************************************+
Info: [  4318,   4871) |*********************************************************+
Info: [  4871,   5424) |************************************************************ 
Info: [  5424,   5977) |****************************+
Info: [  5977,   6530) |***************************+
Info: [  6530,   7083) |*******************************************+
Info: [  7083,   7636) |*******************************************+
Info: [  7636,   8189) |*************************+
Info: [  8189,   8742) |******************************+
Info: [  8742,   9295) |********************************+
Info: [  9295,   9848) |**********+
Info: [  9848,  10401) |*******+
Info: [ 10401,  10954) |*+

0 warnings, 1 error

Info: Program finished normally.
