Info: Using uarch 'gowin' for device 'GW1NR-LV9QN88PC6/I5'
Info: constraining clock net 'clocking.clk27' to 27.00 MHz
Info: constraining clock net 'bridge.clk' to 90.00 MHz
Info: constraining clock net 'clk_ck' to 90.00 MHz
Info: constraining clock net 'bridge.octal.spi_clk' to 80.00 MHz
Info: constraining clock net 'bridge.lcd.wr_clk' to 40.00 MHz

Info: Cell O_psram_ck[0] not found
Info: Cell O_psram_ck[1] not found
Info: Cell O_psram_ck_n[0] not found
Info: Cell O_psram_ck_n[1] not found
Info: Cell O_psram_cs_n[0] not found
Info: Cell O_psram_cs_n[1] not found
Info: Cell O_psram_reset_n[0] not found
Info: Cell O_psram_reset_n[1] not found
Info: Cell IO_psram_dq[0] not found
Info: Cell IO_psram_dq[1] not found
Info: Cell IO_psram_dq[2] not found
Info: Cell IO_psram_dq[3] not found
Info: Cell IO_psram_dq[4] not found
Info: Cell IO_psram_dq[5] not found
Info: Cell IO_psram_dq[6] not found
Info: Cell IO_psram_dq[7] not found
Info: Cell IO_psram_dq[8] not found
Info: Cell IO_psram_dq[9] not found
Info: Cell IO_psram_dq[10] not found
Info: Cell IO_psram_dq[11] not found
Info: Cell IO_psram_dq[12] not found
Info: Cell IO_psram_dq[13] not found
Info: Cell IO_psram_dq[14] not found
Info: Cell IO_psram_dq[15] not found
Info: Cell IO_psram_rwds[0] not found
Info: Cell IO_psram_rwds[1] not found
Info: Reading constraints...
Info: Create constant nets...
Info: Modify LUTs...
Info: Pack IOBs...
Info: Pack I3C IOs...
Info: Pack MIPI IOs...
Info: Pack diff IOBs...
Info: Pack FFs into IO cells...
Info: Pack IODELAY...
Info: Pack Input Edge Monitors...
Info: Pack IO logic...
Info: Pack DESER16 logic...
Info: Pack GSR...
Info: Pack HCLK cells...
Info: Pack DLLDLYs...
Info: Pack wide LUTs...
Info: Packed MUX2_LUT8:0, MUX2_LU7:0, MUX2_LUT6:0, MUX2_LUT5:0
Info: Pack ALUs...
Info: Pack SSRAMs...
Info: Constrained 1397 LUTFF pairs.
Info: Pack PLL...
Info: Pack ADC...
Info: Pack GW JTAG...
Info: Pack BSRAMs...
Info: Pack DSP...
Info: Pack INV...
Info: Pack buffered nets...
Info: Pack EMCU and UserFlash cells...
Info: Pack UserFlash cells...
Info: Pack DQCE cells...
Info: Pack DCS cells...
Info: Checksum: 0xb573fc17

Info: Device utilisation:
Info: 	                 VCC:       1/      1   100%
Info: 	                 IOB:      24/    276     8%
Info: 	                LUT4:    5517/   8640    63%
Info: 	              OSER16:       0/     80     0%
Info: 	              IDES16:       0/     80     0%
Info: 	            IOLOGICI:       0/    276     0%
Info: 	            IOLOGICO:       0/    276     0%
Info: 	           MUX2_LUT5:       0/   4320     0%
Info: 	           MUX2_LUT6:       0/   2160     0%
Info: 	           MUX2_LUT7:       0/   1080     0%
Info: 	           MUX2_LUT8:       0/   1080     0%
Info: 	                 ALU:    2230/   6480    34%
Info: 	                 GND:       1/      1   100%
Info: 	                 DFF:    3255/   6480    50%
Info: 	           RAM16SDP4:       0/    270     0%
Info: 	               BSRAM:      24/     26    92%
Info: 	              ALU54D:       0/     10     0%
Info: 	     MULTADDALU18X18:       0/     10     0%
Info: 	        MULTALU18X18:       0/     10     0%
Info: 	        MULTALU36X18:       0/     10     0%
Info: 	           MULT36X36:       0/      5     0%
Info: 	           MULT18X18:       2/     20    10%
Info: 	             MULT9X9:       0/     40     0%
Info: 	              PADD18:       0/     20     0%
Info: 	               PADD9:       0/     40     0%
Info: 	                 GSR:       1/      1   100%
Info: 	                 OSC:       0/      1     0%
Info: 	                rPLL:       1/      2    50%
Info: 	           FLASH608K:       0/      1     0%
Info: 	                BUFG:       2/     22     9%
Info: 	                DQCE:       0/     24     0%
Info: 	                 DCS:       0/      8     0%
Info: 	               DHCEN:       0/     24     0%
Info: 	              CLKDIV:       0/      8     0%
Info: 	             CLKDIV2:       0/     16     0%
Info: 	           MIPI_IBUF:       0/     22     0%
Info: 	           MIPI_OBUF:       0/     20     0%

Info: Running custom HCLK placer...
Info: Placed 0 cells based on constraints.
Info: Creating initial analytic placement for 5339 cells, random placement wirelen = 225393.
Info:     at initial placer iter 0, wirelen = 3012
Info:     at initial placer iter 1, wirelen = 2545
Info:     at initial placer iter 2, wirelen = 2622
Info:     at initial placer iter 3, wirelen = 2491
Info: Running main analytical placer.
Info:     at iteration #1, type ALL: wirelen solved = 2474, spread = 65109, legal = 123446; time = 1.16s
Info:     at iteration #2, type ALL: wirelen solved = 6148, spread = 51915, legal = 92956; time = 3.10s
Info:     at iteration #3, type ALL: wirelen solved = 8032, spread = 51248, legal = 97679; time = 1.84s
Info:     at iteration #4, type ALL: wirelen solved = 9639, spread = 53116, legal = 85031; time = 1.45s
Info:     at iteration #5, type ALL: wirelen solved = 11756, spread = 39164, legal = 79548; time = 1.10s
Info:     at iteration #6, type ALL: wirelen solved = 12325, spread = 45461, legal = 84869; time = 2.39s
Info:     at iteration #7, type ALL: wirelen solved = 13764, spread = 44517, legal = 75569; time = 1.03s
Info:     at iteration #8, type ALL: wirelen solved = 14534, spread = 47521, legal = 77523; time = 1.43s
Info:     at iteration #9, type ALL: wirelen solved = 15455, spread = 41532, legal = 69261; time = 1.08s
Info:     at iteration #10, type ALL: wirelen solved = 16123, spread = 40548, legal = 70244; time = 0.96s
Info:     at iteration #11, type ALL: wirelen solved = 17107, spread = 38479, legal = 71426; time = 0.77s
Info:     at iteration #12, type ALL: wirelen solved = 17873, spread = 42766, legal = 77212; time = 1.28s
Info:     at iteration #13, type ALL: wirelen solved = 18907, spread = 41550, legal = 76786; time = 1.60s
Info:     at iteration #14, type ALL: wirelen solved = 20704, spread = 39652, legal = 69290; time = 0.99s
Info: HeAP Placer Time: 21.00s
Info:   of which solving equations: 1.64s
Info:   of which spreading cells: 0.19s
Info:   of which strict legalisation: 18.68s

Info: Running simulated annealing placer for refinement.
Info:   at iteration #1: temp = 0.000000, timing cost = 171, wirelen = 69261
Info:   at iteration #5: temp = 0.000000, timing cost = 497, wirelen = 54540
Info:   at iteration #10: temp = 0.000000, timing cost = 213, wirelen = 51439
Info:   at iteration #15: temp = 0.000000, timing cost = 140, wirelen = 50055
Info:   at iteration #20: temp = 0.000000, timing cost = 177, wirelen = 48976
Info:   at iteration #24: temp = 0.000000, timing cost = 134, wirelen = 48694 
Info: SA placement time 18.70s

Info: Max frequency for clock 'bridge.octal.spi_clk': 165.32 MHz (PASS at 80.00 MHz)
Info: Max frequency for clock    'bridge.lcd.wr_clk': 139.26 MHz (PASS at 40.00 MHz)
Info: Max frequency for clock           'bridge.clk': 118.08 MHz (PASS at 90.00 MHz)

Info: Max delay posedge bridge.clk           -> posedge bridge.lcd.wr_clk   : 2.63 ns
Info: Max delay posedge bridge.clk           -> posedge bridge.octal.spi_clk: 1.06 ns
Info: Max delay posedge bridge.lcd.wr_clk    -> posedge bridge.clk          : 0.86 ns
Info: Max delay posedge bridge.octal.spi_clk -> posedge bridge.clk          : 1.36 ns

Info: Slack histogram:
Info:  legend: * represents 8 endpoint(s)
Info:          + represents [1,8) endpoint(s)
Info: [  2642,   3718) |**************+
Info: [  3718,   4794) |***********************+
Info: [  4794,   5870) |************************************** 
Info: [  5870,   6946) |**********************************************************+
Info: [  6946,   8022) |********************************************+
Info: [  8022,   9098) |***********************************************************+
Info: [  9098,  10174) |************************************************************ 
Info: [ 10174,  11250) |***************************************************+
Info: [ 11250,  12326) |*******+
Info: [ 12326,  13402) | 
Info: [ 13402,  14478) | 
Info: [ 14478,  15554) | 
Info: [ 15554,  16630) | 
Info: [ 16630,  17706) | 
Info: [ 17706,  18782) |+
Info: [ 18782,  19858) | 
Info: [ 19858,  20934) | 
Info: [ 20934,  22010) |** 
Info: [ 22010,  23086) |**+
Info: [ 23086,  24162) |*+
Info: Checksum: 0x3d74f61c
Info: Routing globals...
Info:     'bridge.octal.spi_clk' net was routed.
Info:     'bridge.lcd.wr_clk' net was routed.
Info:     'clocking.clk27' net was routed using global resources only.
Info:     'bridge.clk' net was routed using global resources only.
Info:     'clocking.locked_LUT2_I1_F_DFFC_CLEAR_Q_DFFC_D_Q_LUT4_I0_1_I3_LUT3_F_I0_LUT3_I0_1_F[1]' is routed using segments.
Info:     'bridge.lcd.dc_LUT3_I0_F_LUT4_I2_F_DFFCE_CE_Q_DFFC_D_Q_DFFC_D_Q_DFFCE_Q_1_CE_LUT4_F_I0_LUT3_I0_F_DFFCE_CE_Q_DFFCE_Q_2_D_LUT2_F_I0_ALU_SUM_CIN_ALU_COUT_SUM_LUT2_I0_F_DFFCE_D_Q[2]' is routed using segments.
Info:     'bridge.lcd.dc_LUT3_I0_F_LUT4_I2_F_DFFCE_CE_Q_DFFC_D_Q_DFFC_D_Q_DFFCE_Q_1_CE_LUT4_F_I0_LUT3_I0_F_DFFCE_CE_Q_DFFCE_Q_2_D_LUT2_F_I0_ALU_SUM_CIN_ALU_COUT_CIN_ALU_COUT_CIN_ALU_COUT_CIN_ALU_COUT_CIN_ALU_COUT_SUM_LUT2_I0_F_DFFCE_D_Q[1]' is routed using segments.
Info:     'bridge.lcd.dc_LUT3_I0_F_LUT4_I2_F_DFFCE_CE_Q_DFFC_D_Q_DFFC_D_Q_DFFCE_Q_1_CE_LUT4_F_I0_LUT3_I0_F_DFFCE_CE_Q[0]' is routed using segments.
Info:     'bridge.lcd.dc_LUT3_I0_F_LUT4_I2_F_DFFCE_CE_Q_DFFC_D_Q_DFFC_D_Q_DFFCE_Q_1_CE_LUT4_F_I0_LUT3_I0_F_DFFCE_CE_Q[1]' is routed using segments.
Info:     'bridge.lcd.dc_LUT3_I0_F_LUT4_I2_F_DFFCE_CE_Q_DFFC_D_Q_DFFC_D_Q_DFFCE_Q_1_CE_LUT4_F_I0_LUT3_I0_F_DFFCE_CE_Q_DFFCE_Q_2_D_LUT2_F_I0_ALU_SUM_CIN_ALU_COUT_SUM_LUT2_I0_F_DFFCE_D_Q[0]' is routed using segments.
Info:     'spi2_d_IOBUF_IO_1_I_DFFNC_Q_D_DFFCE_Q_D_LUT3_F_I1[0]' is routed using segments.
Info:     'chien.term[1]_DFFE_Q_2_D_LUT3_F_I1_LUT3_F_I2_LUT4_I3_F_LUT4_F_I0_LUT3_I2_F_DFFCE_Q_CE[0]' is routed using segments.
Info:     'chien.term[0]_DFFE_Q_7_D_LUT4_F_I2_LUT3_F_I2_LUT4_I3_F_DFFC_Q_D_LUT4_F_I2_DFFCE_D_Q_DFFCE_Q_D_LUT3_F_I2[0]' is routed using segments.
Info:     'bridge.mem.0.0_DIA_DFF_Q_D_LUT3_F_I1_LUT3_I1_F_LUT3_I0_F_LUT4_I3_F_LUT4_F_I1_LUT3_I1_F_DFFCE_CE_Q_LUT2_I1_F_LUT3_F_1_I2_LUT2_I1_F_LUT4_I3_F[0]' is routed using segments.
Info:     'bridge.octal.fifo.mem.0.0_ADB_4_ALU_I1_CIN_ALU_COUT_SUM_LUT2_I1_F_DFFCE_D_Q_LUT4_I3_F_LUT2_I1_F_DFFCE_D_Q_LUT3_I2_F' is routed using segments.
Info:     'bridge.lcd.dc_LUT3_I0_F_LUT4_I2_F_DFFCE_CE_Q_DFFC_D_Q_DFFC_D_Q_DFFCE_Q_1_CE_LUT4_F_I3_LUT2_F_I1_LUT2_I0_F_LUT3_F_I1_LUT4_I2_F_DFFCE_Q_CE_LUT4_F_I1_LUT4_I1_1_F_DFFCE_D_Q_LUT3_I1_F[0]' is routed using segments.
Info:     'bridge.lcd.dc_LUT3_I0_F_LUT4_I2_F_DFFCE_CE_Q_DFFC_D_Q_DFFC_D_Q_DFFCE_Q_1_CE_LUT4_F_I0_LUT3_I0_F_DFFCE_CE_Q_DFFCE_Q_2_D_LUT2_F_I0_ALU_SUM_CIN_ALU_COUT_CIN_ALU_COUT_CIN_ALU_COUT_CIN_ALU_COUT_CIN_ALU_COUT_SUM_LUT2_I0_F_DFFCE_D_Q[0]' is routed using segments.
Info:     'vit.decoded_mem.0.0_ADA_DFF_Q_D_DFFCE_Q_D_LUT1_F_I0_DFFCE_Q_D_LUT2_F_I0[1]' is routed using segments.
Info:     'vit.metrics[13]_DFFE_Q_2_D_LUT4_F_I2_ALU_SUM_I0_LUT3_F_I0_DFFCE_Q_D_LUT2_F_I0_ALU_SUM_COUT_ALU_CIN_COUT_ALU_CIN_SUM_LUT2_I1_F_DFFCE_D_Q_LUT3_I1_F' is routed using segments.
Info:     'bridge.lcd.dc_LUT3_I0_F_LUT4_I2_F_DFFCE_CE_Q_DFFC_D_Q_DFFC_D_Q_DFFCE_Q_1_CE_LUT4_F_I0_LUT3_I0_F_DFFCE_CE_Q_DFFCE_Q_2_D_LUT2_F_I0_ALU_SUM_CIN_ALU_COUT_SUM_LUT2_I0_F_DFFCE_D_Q[3]' is routed using segments.
Info:     'bridge.octal.fifo.mem.0.0_ADB_4_ALU_I1_CIN_ALU_COUT_SUM_LUT2_I1_F_DFFCE_D_Q_LUT4_I3_F_LUT2_I1_F_LUT3_I1_F[1]' is routed using segments.
Info:     'chien.locator_DFFE_Q_3_CE_LUT3_F_I2_LUT3_I2_F' is routed using segments.
Info:     'vit.metrics[13]_DFFE_Q_2_D_LUT4_F_I2_ALU_SUM_I0_LUT3_F_I0_DFFCE_Q_D_LUT2_F_I0_ALU_SUM_CIN_ALU_COUT_CIN_ALU_COUT_CIN_ALU_COUT_CIN_ALU_COUT_CIN_ALU_COUT_SUM_LUT2_I0_F_DFFCE_D_Q_LUT3_I1_F' is routed using segments.
Info:     'vit.metrics[13]_DFFE_Q_2_D_LUT4_F_I2_ALU_SUM_1_I0_LUT3_F_I0_DFFCE_Q_D_LUT2_F_I0_ALU_SUM_CIN_ALU_COUT_CIN_ALU_COUT_CIN_ALU_COUT_CIN_ALU_COUT_CIN_ALU_COUT_SUM_LUT2_I0_F_DFFCE_D_1_Q_LUT3_I1_F' is routed using segments.
Info:     'vit.metrics[13]_DFFE_Q_2_D_LUT4_F_I2_ALU_SUM_1_I0' is routed using segments.
Info:     'vit.metrics[13]_DFFE_Q_2_D_LUT4_F_I2_ALU_SUM_1_I0_LUT3_F_I0_DFFCE_Q_D_LUT2_F_I0_ALU_SUM_CIN_ALU_COUT_SUM_LUT2_I0_F_DFFCE_D_Q_LUT3_I0_F' is routed using segments.
Info:     'vit.metrics[13]_DFFE_Q_2_D_LUT4_F_I2_ALU_SUM_1_I0_LUT3_F_I0_DFFCE_Q_D_LUT2_F_I0_ALU_SUM_CIN_ALU_COUT_CIN_ALU_COUT_CIN_ALU_COUT_CIN_ALU_COUT_SUM_LUT2_I0_F_DFFCE_D_Q_LUT3_I0_F' is routed using segments.
Info:     'metric.peak_DFFE_Q_26_D_LUT3_F_I1_LUT3_F_I2[1]' is routed using segments.
Info:     'metric.abs_q_DFFE_Q_14_D[2]' is routed using segments.
Info:     'chien.locator_DFFE_Q_3_CE_LUT3_F_I2_LUT3_I2_1_F' is routed using segments.
Info:     'chien.term[0]_DFFE_Q_7_D_LUT4_F_I2_LUT3_F_I2_LUT4_I3_F_DFFC_Q_D_LUT4_F_I2_LUT2_I1_F' is routed using segments.
Info:     'metric.abs_q_DFFE_Q_1_D_LUT3_F_I0_DFFC_Q_D_LUT3_F_I0_DFFC_Q_D_LUT3_F_I0_DFFC_Q_D_LUT3_F_I0_DFFC_Q_D_LUT3_F_I0_DFFC_Q_D_LUT3_F_I0_DFFC_Q_D_LUT3_F_I0_DFFC_Q_D_LUT3_F_I0_DFFC_Q_D_LUT4_F_I2[1]' is routed using segments.
Info:     'bridge.octal.cs_n_LUT4_I0_F_LUT2_I0_F_LUT2_I1_F_LUT4_F_1_I3_LUT2_F_I1_LUT2_F_I1_DFFC_D_Q_DFFC_D_Q_LUT2_I1_F' is routed using segments.
Info:     'chien.term[0]_DFFE_Q_7_D_LUT4_F_I2_LUT3_F_I2_LUT4_I3_F_DFFC_Q_D_LUT4_F_I2_DFFCE_D_Q_LUT3_I1_F[2]' is routed using segments.
Info:     'vit.metrics[13]_DFFE_Q_2_D_LUT4_F_I2_ALU_SUM_1_I0_LUT3_F_I0_DFFCE_Q_D_LUT2_F_I0_ALU_SUM_COUT_ALU_CIN_COUT_ALU_CIN_SUM_LUT2_I1_F_DFFCE_D_Q_LUT3_I0_F' is routed using segments.
Info:     'metric.peak_DFFE_Q_4_D_LUT3_F_I1_LUT2_F_I1[1]' is routed using segments.
Info:     'clocking.locked_LUT2_I1_F_DFFC_CLEAR_Q_DFFC_D_Q_LUT4_I0_1_I3_LUT3_F_I0_LUT3_I0_F[1]' is routed using segments.
Info:     'bridge.mem.0.0_DIA_DFF_Q_D_LUT3_F_I1_LUT3_I1_F_LUT3_I0_F_LUT4_I3_F_LUT4_I3_F_DFFCE_CE_Q_LUT2_F_I1_DFFCE_Q_CE_LUT4_F_I2_LUT4_F_I2_DFFCE_Q_CE_LUT3_F_I0_DFFC_Q_D_LUT2_F_I0_LUT4_F_I1_LUT2_I1_F_LUT2_F_I0_LUT3_I1_F_LUT3_I2_F' is routed using segments.
Info:     'bridge.octal.fifo.mem.0.0_DI_32_LUT2_F_I0_LUT4_I0_F_LUT2_I1_F' is routed using segments.
Info:     'bridge.mem.0.0_DIA_DFF_Q_D_LUT3_F_I1_LUT3_I1_F_LUT3_I0_F_LUT4_I3_F_LUT4_F_I1_LUT3_I1_F_DFFCE_CE_Q_LUT2_I1_F_LUT2_F_I1_DFFCE_Q_CE_LUT3_F_I1_LUT4_I1_I3_LUT2_I1_F' is routed using segments.
Info:     'vit.metrics[13]_DFFE_Q_2_D_LUT4_F_I2_ALU_SUM_I0_LUT3_F_I0_LUT3_I1_F_DFFCE_D_Q_LUT3_I1_F' is routed using segments.
Info:     'vit.metrics[13]_DFFE_Q_2_D_LUT4_F_I2_ALU_SUM_I0_LUT3_F_I0_DFFCE_Q_D_LUT2_F_I0_ALU_SUM_COUT_ALU_CIN_SUM_LUT2_I0_F_DFFCE_D_Q_LUT3_I1_F' is routed using segments.
Info:     'chien.locator_DFFE_Q_1_D_LUT3_F_I1[2]' is routed using segments.
Info:     'clocking.locked_LUT2_I1_F_DFFC_CLEAR_Q_DFFC_D_Q_LUT4_I0_1_I3_LUT3_I2_1_F[1]' is routed using segments.

Info: Routing..
Info: Setting up routing queue.
Info: Routing 26818 arcs.
Info:            |   (re-)routed arcs  |   delta    | remaining|       time spent     |
Info:    IterCnt |  w/ripup   wo/ripup |  w/r  wo/r |      arcs| batch(sec) total(sec)|
Info:       1000 |        6        993 |    6   993 |     25826|       0.65       0.65|
Info:       2000 |       44       1908 |   38   915 |     24865|       0.35       1.00|
Info:       3000 |       52       2723 |    8   815 |     23874|       0.16       1.16|
Info:       4000 |       55       3646 |    3   923 |     22877|       0.16       1.32|
Info:       5000 |       56       4571 |    1   925 |     21878|       0.33       1.65|
Info:       6000 |       56       5501 |    0   930 |     20878|       0.32       1.97|
Info:       7000 |       60       6419 |    4   918 |     19882|       0.35       2.32|
Info:       8000 |       61       7348 |    1   929 |     18883|       0.33       2.65|
Info:       9000 |       63       8279 |    2   931 |     17885|       0.37       3.02|
Info:      10000 |       66       9208 |    3   929 |     16889|       0.37       3.40|
Info:      11000 |       67      10136 |    1   928 |     15890|       0.39       3.79|
Info:      12000 |       72      11065 |    5   929 |     14895|       0.43       4.22|
Info:      13000 |       77      11980 |    5   915 |     13901|       0.45       4.67|
Info:      14000 |       96      12888 |   19   908 |     12925|       0.53       5.20|
Info:      15000 |      119      13809 |   23   921 |     11948|       0.51       5.70|
Info:      16000 |      140      14718 |   21   909 |     10982|       0.53       6.24|
Info:      17000 |      169      15625 |   29   907 |     10019|       0.52       6.76|
Info:      18000 |      187      16529 |   18   904 |      9039|       0.53       7.29|
Info:      19000 |      224      17431 |   37   902 |      8083|       0.62       7.91|
Info:      20000 |      278      18322 |   54   891 |      7155|       0.68       8.59|
Info:      21000 |      337      19185 |   59   863 |      6219|       0.75       9.34|
Info:      22000 |      426      20039 |   89   854 |      5332|       0.88      10.22|
Info:      23000 |      536      20877 |  110   838 |      4499|       0.90      11.12|
Info:      24000 |      679      21670 |  143   793 |      3696|       0.99      12.11|
Info:      25000 |      794      22485 |  115   815 |      2848|       0.95      13.07|
Info:      26000 |      957      23271 |  163   786 |      2075|       1.19      14.25|
Info:      27000 |     1215      23967 |  258   696 |      1478|       1.39      15.64|
Info:      28000 |     1431      24695 |  216   728 |       751|       1.40      17.05|
Info:      29000 |     1697      25388 |  266   693 |       174|       1.47      18.52|
Info:      29263 |     1769      25568 |   72   180 |         0|       0.44      18.96|
Info: Routing complete.
Info: Router1 time 18.96s
Info: Checksum: 0xecbaac6a

Info: Critical path report for clock 'bridge.octal.spi_clk' (posedge -> posedge):
Info:       type curr  total name
Info:   clk-to-q  0.46  0.46 Source bridge.octal.cs_n_LUT4_I0_F_LUT2_I0_F_LUT2_I1_F_LUT4_F_I3_LUT4_F_I3_LUT4_F_2_I3_DFFCE_Q_1.Q
Info:    routing  0.41  0.87 Net bridge.octal.cs_n_LUT4_I0_F_LUT2_I0_F_LUT2_I1_F_LUT4_F_I3_LUT4_F_I3_LUT4_F_2_I3[1] (12,24) -> (12,24)
Info:                          Sink bridge.octal.cs_n_LUT4_I0_F_LUT2_I0_F_LUT2_I1_F_LUT4_F_I3_LUT4_F_I3_LUT4_F_2.I1
Info:                          Defined in:
Info:                               /workspace/scratch/855136e48ca2/tools/oss-cad-suite/lib/../share/yosys/gowin/cells_map.v:130.20-130.21
Info:      logic  1.10  1.97 Source bridge.octal.cs_n_LUT4_I0_F_LUT2_I0_F_LUT2_I1_F_LUT4_F_I3_LUT4_F_I3_LUT4_F_2.F
Info:    routing  0.41  2.38 Net bridge.octal.cs_n_LUT4_I0_F_LUT2_I0_F_LUT2_I1_F_LUT4_F_I3_LUT4_F_I3[1] (12,24) -> (12,25)
Info:                          Sink bridge.octal.cs_n_LUT4_I0_F_LUT2_I0_F_LUT2_I1_F_LUT4_F_I3_LUT4_F.I1
Info:                          Defined in:
Info:                               /workspace/scratch/855136e48ca2/tools/oss-cad-suite/lib/../share/yosys/gowin/cells_map.v:130.20-130.21
Info:      logic  1.10  3.48 Source bridge.octal.cs_n_LUT4_I0_F_LUT2_I0_F_LUT2_I1_F_LUT4_F_I3_LUT4_F.F
Info:    routing  0.89  4.37 Net bridge.octal.cs_n_LUT4_I0_F_LUT2_I0_F_LUT2_I1_F_LUT4_F_I3[2] (12,25) -> (11,24)
Info:                          Sink bridge.octal.cs_n_LUT4_I0_F_LUT2_I0_F_LUT2_I1_F_LUT4_F.I2
Info:                          Defined in:
Info:                               /workspace/scratch/855136e48ca2/tools/oss-cad-suite/lib/../share/yosys/gowin/cells_map.v:130.20-130.21
Info:      logic  0.82  5.19 Source bridge.octal.cs_n_LUT4_I0_F_LUT2_I0_F_LUT2_I1_F_LUT4_F.F
Info:    routing  1.60  6.79 Net bridge.octal.cs_n_LUT4_I0_F_LUT2_I0_F_LUT2_I1_F[3] (11,24) -> (6,22)
Info:                          Sink bridge.octal.cs_n_LUT4_I0_F_LUT2_I0_F_LUT2_I1_F_LUT4_F_1_I3_LUT4_I1_F_DFFCE_D_Q_LUT2_I1_F_DFFNC_D_Q_DFFCE_Q_CE_LUT4_F.I3
Info:                          Defined in:
Info:                               /workspace/scratch/855136e48ca2/tools/oss-cad-suite/lib/../share/yosys/gowin/cells_map.v:130.20-130.21
Info:      logic  0.62  7.42 Source bridge.octal.cs_n_LUT4_I0_F_LUT2_I0_F_LUT2_I1_F_LUT4_F_1_I3_LUT4_I1_F_DFFCE_D_Q_LUT2_I1_F_DFFNC_D_Q_DFFCE_Q_CE_LUT4_F.F
Info:    routing  0.33  7.74 Net bridge.octal.cs_n_LUT4_I0_F_LUT2_I0_F_LUT2_I1_F_LUT4_F_1_I3_LUT4_I1_F_DFFCE_D_Q_LUT2_I1_F_DFFNC_D_Q_DFFCE_Q_CE (6,22) -> (6,22)
Info:                          Sink bridge.octal.cs_n_LUT4_I0_F_LUT2_I0_F_LUT2_I1_F_LUT4_F_1_I3_LUT4_I1_F_DFFCE_D_Q_LUT2_I1_F_DFFNC_D_Q_DFFCE_Q.CE
Info:      setup  0.04  7.79 Source bridge.octal.cs_n_LUT4_I0_F_LUT2_I0_F_LUT2_I1_F_LUT4_F_1_I3_LUT4_I1_F_DFFCE_D_Q_LUT2_I1_F_DFFNC_D_Q_DFFCE_Q.CE
Info: 4.14 ns logic, 3.64 ns routing

Info: Critical path report for clock 'bridge.lcd.wr_clk' (posedge -> posedge):
Info:       type curr  total name
Info:   clk-to-q  0.46  0.46 Source bridge.lcd.fifo.mem.0.0_DI_34_LUT4_F_I0_DFFCE_Q_D_ALU_SUM_COUT_ALU_CIN_COUT_ALU_CIN_COUT_ALU_CIN_SUM_DFFCE_D_Q_DFFCE_Q.Q
Info:    routing  1.37  1.83 Net bridge.lcd.fifo.mem.0.0_DI_34_LUT4_F_I0_DFFCE_Q_D_ALU_SUM_COUT_ALU_CIN_COUT_ALU_CIN_COUT_ALU_CIN_SUM_DFFCE_D_Q[0] (34,20) -> (37,19)
Info:                          Sink bridge.lcd.dc_LUT3_I0_I2_LUT4_F_I1_ALU_COUT_CIN_ALU_COUT_CIN_ALU_COUT_CIN_ALU_COUT_CIN_ALU_COUT.I0
Info:                          Defined in:
Info:                               /workspace/scratch/855136e48ca2/tools/oss-cad-suite/lib/../share/yosys/gowin/cells_map.v:130.20-130.21
Info:      logic  0.96  2.79 Source bridge.lcd.dc_LUT3_I0_I2_LUT4_F_I1_ALU_COUT_CIN_ALU_COUT_CIN_ALU_COUT_CIN_ALU_COUT_CIN_ALU_COUT.COUT
Info:    routing  0.00  2.79 Net bridge.lcd.dc_LUT3_I0_I2_LUT4_F_I1_ALU_COUT_CIN_ALU_COUT_CIN_ALU_COUT_CIN_ALU_COUT_CIN (37,19) -> (38,19)
Info:                          Sink bridge.lcd.dc_LUT3_I0_I2_LUT4_F_I1_ALU_COUT_CIN_ALU_COUT_CIN_ALU_COUT_CIN_ALU_COUT.CIN
Info:                          Defined in:
Info:                               rtl/s3_lcd16_rx.sv:27.38-27.49
Info:                               /workspace/scratch/855136e48ca2/tools/oss-cad-suite/lib/../share/yosys/gowin/arith_map.v:57.7-63.5
Info:                               /workspace/scratch/855136e48ca2/tools/oss-cad-suite/lib/../share/yosys/gowin/cells_sim.v:1033.25-1033.29
Info:      logic  0.06  2.84 Source bridge.lcd.dc_LUT3_I0_I2_LUT4_F_I1_ALU_COUT_CIN_ALU_COUT_CIN_ALU_COUT_CIN_ALU_COUT.COUT
Info:    routing  0.00  2.84 Net bridge.lcd.dc_LUT3_I0_I2_LUT4_F_I1_ALU_COUT_CIN_ALU_COUT_CIN_ALU_COUT_CIN (38,19) -> (38,19)
Info:                          Sink bridge.lcd.dc_LUT3_I0_I2_LUT4_F_I1_ALU_COUT_CIN_ALU_COUT_CIN_ALU_COUT.CIN
Info:                          Defined in:
Info:                               rtl/s3_lcd16_rx.sv:27.38-27.49
Info:                               /workspace/scratch/855136e48ca2/tools/oss-cad-suite/lib/../share/yosys/gowin/arith_map.v:57.7-63.5
Info:                               /workspace/scratch/855136e48ca2/tools/oss-cad-suite/lib/../share/yosys/gowin/cells_sim.v:1033.25-1033.29
Info:      logic  0.06  2.90 Source bridge.lcd.dc_LUT3_I0_I2_LUT4_F_I1_ALU_COUT_CIN_ALU_COUT_CIN_ALU_COUT.COUT
Info:    routing  0.00  2.90 Net bridge.lcd.dc_LUT3_I0_I2_LUT4_F_I1_ALU_COUT_CIN_ALU_COUT_CIN (38,19) -> (38,19)
Info:                          Sink bridge.lcd.dc_LUT3_I0_I2_LUT4_F_I1_ALU_COUT_CIN_ALU_COUT.CIN
Info:                          Defined in:
Info:                               rtl/s3_lcd16_rx.sv:27.38-27.49
Info:                               /workspace/scratch/855136e48ca2/tools/oss-cad-suite/lib/../share/yosys/gowin/arith_map.v:57.7-63.5
Info:                               /workspace/scratch/855136e48ca2/tools/oss-cad-suite/lib/../share/yosys/gowin/cells_sim.v:1033.25-1033.29
Info:      logic  0.06  2.96 Source bridge.lcd.dc_LUT3_I0_I2_LUT4_F_I1_ALU_COUT_CIN_ALU_COUT.COUT
Info:    routing  0.00  2.96 Net bridge.lcd.dc_LUT3_I0_I2_LUT4_F_I1_ALU_COUT_CIN (38,19) -> (38,19)
Info:                          Sink bridge.lcd.dc_LUT3_I0_I2_LUT4_F_I1_ALU_COUT.CIN
Info:                          Defined in:
Info:                               rtl/s3_lcd16_rx.sv:27.38-27.49
Info:                               /workspace/scratch/855136e48ca2/tools/oss-cad-suite/lib/../share/yosys/gowin/arith_map.v:57.7-63.5
Info:                               /workspace/scratch/855136e48ca2/tools/oss-cad-suite/lib/../share/yosys/gowin/cells_sim.v:1033.25-1033.29
Info:      logic  0.06  3.01 Source bridge.lcd.dc_LUT3_I0_I2_LUT4_F_I1_ALU_COUT.COUT
Info:    routing  0.00  3.01 Net bridge.lcd.dc_LUT3_I0_I2_LUT4_F_I1_ALU_COUT_TAIL_ALULC (38,19) -> (38,19)
Info:                          Sink bridge.lcd.dc_LUT3_I0_I2_LUT4_F_I1_ALU_COUT_TAIL_ALULC.CIN
Info:      logic  0.56  3.58 Source bridge.lcd.dc_LUT3_I0_I2_LUT4_F_I1_ALU_COUT_TAIL_ALULC.SUM
Info:    routing  0.48  4.06 Net bridge.lcd.dc_LUT3_I0_I2_LUT4_F_I0[1] (38,19) -> (38,21)
Info:                          Sink bridge.lcd.dc_LUT3_I0_I2_LUT4_F_I1_LUT4_I3.I3
Info:                          Defined in:
Info:                               rtl/s3_lcd16_rx.sv:27.38-27.49
Info:                               /workspace/scratch/855136e48ca2/tools/oss-cad-suite/lib/../share/yosys/gowin/arith_map.v:57.7-63.5
Info:                               /workspace/scratch/855136e48ca2/tools/oss-cad-suite/lib/../share/yosys/gowin/cells_sim.v:1033.25-1033.29
Info:      logic  0.62  4.68 Source bridge.lcd.dc_LUT3_I0_I2_LUT4_F_I1_LUT4_I3.F
Info:    routing  0.41  5.09 Net bridge.lcd.dc_LUT3_I0_I2_LUT4_F_I1_LUT4_I3_F[1] (38,21) -> (38,22)
Info:                          Sink bridge.lcd.cs_n_LUT4_I0_I3_LUT4_F_1_I3_LUT4_F.I1
Info:                          Defined in:
Info:                               /workspace/scratch/855136e48ca2/tools/oss-cad-suite/lib/../share/yosys/gowin/cells_map.v:130.20-130.21
Info:      logic  1.10  6.19 Source bridge.lcd.cs_n_LUT4_I0_I3_LUT4_F_1_I3_LUT4_F.F
Info:    routing  0.48  6.67 Net bridge.lcd.cs_n_LUT4_I0_I3_LUT4_F_1_I3[3] (38,22) -> (38,24)
Info:                          Sink bridge.lcd.cs_n_LUT4_I0_I3_LUT4_F_1.I3
Info:                          Defined in:
Info:                               /workspace/scratch/855136e48ca2/tools/oss-cad-suite/lib/../share/yosys/gowin/cells_map.v:130.20-130.21
Info:      logic  0.62  7.30 Source bridge.lcd.cs_n_LUT4_I0_I3_LUT4_F_1.F
Info:    routing  1.28  8.58 Net bridge.lcd.cs_n_LUT4_I0_I3[3] (38,24) -> (40,26)
Info:                          Sink bridge.lcd.cs_n_LUT4_I0.I3
Info:                          Defined in:
Info:                               /workspace/scratch/855136e48ca2/tools/oss-cad-suite/lib/../share/yosys/gowin/cells_map.v:130.20-130.21
Info:      logic  0.62  9.20 Source bridge.lcd.cs_n_LUT4_I0.F
Info:    routing  0.81  10.01 Net bridge.lcd.cs_n_LUT4_I0_F (40,26) -> (40,27)
Info:                          Sink bridge.lcd.fifo.mem.0.0.CEA
Info:      setup  0.17  10.18 Source bridge.lcd.fifo.mem.0.0.CEA
Info: 5.35 ns logic, 4.83 ns routing

Info: Critical path report for clock 'bridge.clk' (posedge -> posedge):
Info:       type curr  total name
Info:   clk-to-q  0.46  0.46 Source bridge.lcd.dc_LUT3_I0_F_LUT4_I2_F_DFFCE_CE_Q_DFFC_D_Q_DFFC_D_Q_DFFCE_Q_1_CE_LUT4_F_I0_LUT3_I0_F_DFFCE_CE_Q_DFFCE_Q.Q
Info:    routing  2.08  2.54 Net bridge.lcd.dc_LUT3_I0_F_LUT4_I2_F_DFFCE_CE_Q_DFFC_D_Q_DFFC_D_Q_DFFCE_Q_1_CE_LUT4_F_I0_LUT3_I0_F_DFFCE_CE_Q[1] (21,22) -> (21,22)
Info:                          Sink bridge.lcd.dc_LUT3_I0_F_LUT4_I2_F_DFFCE_CE_Q_DFFC_D_Q_DFFC_D_Q_DFFCE_Q_1_CE_LUT4_F_I0_LUT3_I0_F_DFFCE_CE_Q_DFFCE_Q_2_D_LUT2_F_I0_ALU_SUM_CIN_ALU_COUT_CIN_ALU_COUT_CIN_ALU_COUT_CIN_ALU_COUT_CIN_ALU_COUT_SUM_LUT2_I0_F_DFFCE_D_Q_LUT4_F.I1
Info:                          Defined in:
Info:                               /workspace/scratch/855136e48ca2/tools/oss-cad-suite/lib/../share/yosys/gowin/cells_map.v:130.20-130.21
Info:      logic  1.10  3.64 Source bridge.lcd.dc_LUT3_I0_F_LUT4_I2_F_DFFCE_CE_Q_DFFC_D_Q_DFFC_D_Q_DFFCE_Q_1_CE_LUT4_F_I0_LUT3_I0_F_DFFCE_CE_Q_DFFCE_Q_2_D_LUT2_F_I0_ALU_SUM_CIN_ALU_COUT_CIN_ALU_COUT_CIN_ALU_COUT_CIN_ALU_COUT_CIN_ALU_COUT_SUM_LUT2_I0_F_DFFCE_D_Q_LUT4_F.F
Info:    routing  0.89  4.53 Net bridge.lcd.dc_LUT3_I0_F_LUT4_I2_F_DFFCE_CE_Q_DFFC_D_Q_DFFC_D_Q_DFFCE_Q_1_CE_LUT4_F_I0_LUT3_I0_F_DFFCE_CE_Q_DFFCE_Q_2_D_LUT2_F_I0_ALU_SUM_CIN_ALU_COUT_CIN_ALU_COUT_CIN_ALU_COUT_CIN_ALU_COUT_CIN_ALU_COUT_SUM_LUT2_I0_F_DFFCE_D_Q[3] (21,22) -> (20,21)
Info:                          Sink bridge.lcd.dc_LUT3_I0_F_LUT4_I2_F_DFFCE_CE_Q_DFFC_D_Q_DFFC_D_Q_DFFCE_Q_1_CE_LUT4_F_I3_LUT3_I2_F_LUT2_F_I0_LUT4_F.I3
Info:                          Defined in:
Info:                               /workspace/scratch/855136e48ca2/tools/oss-cad-suite/lib/../share/yosys/gowin/cells_map.v:130.20-130.21
Info:      logic  0.62  5.15 Source bridge.lcd.dc_LUT3_I0_F_LUT4_I2_F_DFFCE_CE_Q_DFFC_D_Q_DFFC_D_Q_DFFCE_Q_1_CE_LUT4_F_I3_LUT3_I2_F_LUT2_F_I0_LUT4_F.F
Info:    routing  1.37  6.52 Net bridge.lcd.dc_LUT3_I0_F_LUT4_I2_F_DFFCE_CE_Q_DFFC_D_Q_DFFC_D_Q_DFFCE_Q_1_CE_LUT4_F_I3_LUT3_I2_F_LUT2_F_I0[3] (20,21) -> (17,20)
Info:                          Sink bridge.lcd.dc_LUT3_I0_F_LUT4_I2_F_DFFCE_CE_Q_DFFC_D_Q_DFFC_D_Q_DFFCE_Q_1_CE_LUT4_F_I3_LUT3_I2_F_LUT2_F_I0_LUT4_I3.I3
Info:                          Defined in:
Info:                               /workspace/scratch/855136e48ca2/tools/oss-cad-suite/lib/../share/yosys/gowin/cells_map.v:130.20-130.21
Info:      logic  0.62  7.15 Source bridge.lcd.dc_LUT3_I0_F_LUT4_I2_F_DFFCE_CE_Q_DFFC_D_Q_DFFC_D_Q_DFFCE_Q_1_CE_LUT4_F_I3_LUT3_I2_F_LUT2_F_I0_LUT4_I3.F
Info:    routing  0.96  8.10 Net bridge.lcd.dc_LUT3_I0_F_LUT4_I2_F_DFFCE_CE_Q_DFFC_D_Q_DFFC_D_Q_DFFCE_Q_1_CE_LUT4_F_I3_LUT2_F_I1[1] (17,20) -> (14,20)
Info:                          Sink bridge.lcd.dc_LUT3_I0_F_LUT4_I2_F_DFFCE_CE_Q_DFFC_D_Q_DFFC_D_Q_DFFCE_Q_1_CE_LUT4_F_I3_LUT2_F_I1_LUT4_F_I3_LUT4_F_I3_DFFCE_Q_1_D_LUT4_F_I0_LUT2_I1_F_LUT4_I2_F_LUT4_I3_F_DFFCE_D_Q_LUT3_I0_F_LUT4_F_2.I3
Info:                          Defined in:
Info:                               /workspace/scratch/855136e48ca2/tools/oss-cad-suite/lib/../share/yosys/gowin/cells_map.v:130.20-130.21
Info:      logic  0.62  8.73 Source bridge.lcd.dc_LUT3_I0_F_LUT4_I2_F_DFFCE_CE_Q_DFFC_D_Q_DFFC_D_Q_DFFCE_Q_1_CE_LUT4_F_I3_LUT2_F_I1_LUT4_F_I3_LUT4_F_I3_DFFCE_Q_1_D_LUT4_F_I0_LUT2_I1_F_LUT4_I2_F_LUT4_I3_F_DFFCE_D_Q_LUT3_I0_F_LUT4_F_2.F
Info:    routing  0.41  9.14 Net bridge.lcd.dc_LUT3_I0_F_LUT4_I2_F_DFFCE_CE_Q_DFFC_D_Q_DFFC_D_Q_DFFCE_Q_1_CE_LUT4_F_I3_LUT2_F_I1_LUT4_F_I3_LUT4_F_I3_DFFCE_Q_1_D_LUT4_F_I0_LUT2_I1_F_LUT4_I2_F_LUT4_I3_F_DFFCE_D_Q_LUT3_I0_F[1] (14,20) -> (14,20)
Info:                          Sink bridge.lcd.dc_LUT3_I0_F_LUT4_I2_F_DFFCE_CE_Q_DFFC_D_Q_DFFC_D_Q_DFFCE_Q_1_CE_LUT4_F_I3_LUT2_F_I1_LUT4_F_I3_LUT4_F_I3_DFFCE_Q_1_D_LUT4_F_I0_LUT2_I1_F_LUT4_I2_F_LUT4_I3_F_DFFCE_D_Q_DFFCE_Q_D_LUT4_F.I1
Info:                          Defined in:
Info:                               /workspace/scratch/855136e48ca2/tools/oss-cad-suite/lib/../share/yosys/gowin/cells_map.v:130.20-130.21
Info:      logic  1.10  10.24 Source bridge.lcd.dc_LUT3_I0_F_LUT4_I2_F_DFFCE_CE_Q_DFFC_D_Q_DFFC_D_Q_DFFCE_Q_1_CE_LUT4_F_I3_LUT2_F_I1_LUT4_F_I3_LUT4_F_I3_DFFCE_Q_1_D_LUT4_F_I0_LUT2_I1_F_LUT4_I2_F_LUT4_I3_F_DFFCE_D_Q_DFFCE_Q_D_LUT4_F.F
Info:    routing  0.00  10.24 Net bridge.lcd.dc_LUT3_I0_F_LUT4_I2_F_DFFCE_CE_Q_DFFC_D_Q_DFFC_D_Q_DFFCE_Q_1_CE_LUT4_F_I3_LUT2_F_I1_LUT4_F_I3_LUT4_F_I3_DFFCE_Q_1_D_LUT4_F_I0_LUT2_I1_F_LUT4_I2_F_LUT4_I3_F_DFFCE_D_Q_DFFCE_Q_D (14,20) -> (14,20)
Info:                          Sink bridge.lcd.dc_LUT3_I0_F_LUT4_I2_F_DFFCE_CE_Q_DFFC_D_Q_DFFC_D_Q_DFFCE_Q_1_CE_LUT4_F_I3_LUT2_F_I1_LUT4_F_I3_LUT4_F_I3_DFFCE_Q_1_D_LUT4_F_I0_LUT2_I1_F_LUT4_I2_F_LUT4_I3_F_DFFCE_D_Q_DFFCE_Q.D
Info:      setup  0.40  10.64 Source bridge.lcd.dc_LUT3_I0_F_LUT4_I2_F_DFFCE_CE_Q_DFFC_D_Q_DFFC_D_Q_DFFCE_Q_1_CE_LUT4_F_I3_LUT2_F_I1_LUT4_F_I3_LUT4_F_I3_DFFCE_Q_1_D_LUT4_F_I0_LUT2_I1_F_LUT4_I2_F_LUT4_I3_F_DFFCE_D_Q_DFFCE_Q.D
Info: 4.93 ns logic, 5.71 ns routing

Info: Critical path report for cross-domain path 'posedge bridge.clk' -> 'posedge bridge.lcd.wr_clk':
Info:       type curr  total name
Info:   clk-to-q  0.46  0.46 Source clocking.locked_LUT2_I1_F_DFFC_CLEAR_Q_DFFC_D.Q
Info:    routing  2.90  3.35 Net chien.term[1]_DFFE_Q_2_D_LUT3_F_I1_LUT3_F_I2_LUT4_I3_F_LUT4_F_I0_LUT3_I2_F_DFFCE_Q_CE[0] (35,23) -> (40,26)
Info:                          Sink bridge.lcd.cs_n_LUT4_I0.I1
Info:                          Defined in:
Info:                               /workspace/scratch/855136e48ca2/tools/oss-cad-suite/lib/../share/yosys/gowin/cells_map.v:130.20-130.21
Info:      logic  1.10  4.45 Source bridge.lcd.cs_n_LUT4_I0.F
Info:    routing  0.81  5.26 Net bridge.lcd.cs_n_LUT4_I0_F (40,26) -> (40,27)
Info:                          Sink bridge.lcd.fifo.mem.0.0.CEA
Info:      setup  0.17  5.43 Source bridge.lcd.fifo.mem.0.0.CEA
Info: 1.73 ns logic, 3.70 ns routing

Info: Max frequency for clock 'bridge.octal.spi_clk': 128.44 MHz (PASS at 80.00 MHz)
Info: Max frequency for clock    'bridge.lcd.wr_clk': 98.21 MHz (PASS at 40.00 MHz)
Info: Max frequency for clock           'bridge.clk': 93.99 MHz (PASS at 90.00 MHz)

Info: Max delay posedge bridge.clk -> posedge bridge.lcd.wr_clk: 5.43 ns

Info: Slack histogram:
Info:  legend: * represents 7 endpoint(s)
Info:          + represents [1,7) endpoint(s)
Info: [   472,   1570) |*+
Info: [  1570,   2668) |****+
Info: [  2668,   3766) |*********************************+
Info: [  3766,   4864) |********************+
Info: [  4864,   5962) |*****************+
Info: [  5962,   7060) |*************************************+
Info: [  7060,   8158) |************************************************************ 
Info: [  8158,   9256) |***********************************+
Info: [  9256,  10354) |****+
Info: [ 10354,  11452) |+
Info: [ 11452,  12550) | 
Info: [ 12550,  13648) | 
Info: [ 13648,  14746) | 
Info: [ 14746,  15844) |+
Info: [ 15844,  16942) |+
Info: [ 16942,  18040) | 
Info: [ 18040,  19138) |+
Info: [ 19138,  20236) |*+
Info: [ 20236,  21334) |+
Info: [ 21334,  22432) |*+

Info: Program finished normally.
