Info: Using uarch 'gowin' for device 'GW1NR-LV9QN88PC6/I5'
Info: constraining clock net 'clocking.clk27' to 27.00 MHz
Warning: net 'clk' does not exist in design, ignoring clock constraint
Warning: net 'clk_ck' does not exist in design, ignoring clock constraint
Warning: net 'bridge.spi2_clock' does not exist in design, ignoring clock constraint
Warning: net 'bridge.spi3_clock' does not exist in design, ignoring clock constraint

Info: Reading constraints...
Info: Create constant nets...
Info: Modify LUTs...
Info: Pack IOBs...
Info: Pack I3C IOs...
Info: Pack MIPI IOs...
Info: Pack diff IOBs...
Info: Pack FFs into IO cells...
Info: Pack IODELAY...
Info: Pack Input Edge Monitors...
Info: Pack IO logic...
Info: Pack DESER16 logic...
Info: Pack GSR...
Info: Pack HCLK cells...
Info: Pack DLLDLYs...
Info: Pack wide LUTs...
Info: Packed MUX2_LUT8:0, MUX2_LU7:0, MUX2_LUT6:0, MUX2_LUT5:0
Info: Pack ALUs...
Info: Pack SSRAMs...
Info: Constrained 590 LUTFF pairs.
Info: Pack PLL...
Info: Pack ADC...
Info: Pack GW JTAG...
Info: Pack BSRAMs...
Info: Pack DSP...
Info: Pack INV...
Info: Pack buffered nets...
Info: Pack EMCU and UserFlash cells...
Info: Pack UserFlash cells...
Info: Pack DQCE cells...
Info: Pack DCS cells...
Info: Checksum: 0x7abcaa1e

Info: Device utilisation:
Info: 	                 VCC:       1/      1   100%
Info: 	                 IOB:      27/    276     9%
Info: 	                LUT4:    2345/   8640    27%
Info: 	              OSER16:       0/     80     0%
Info: 	              IDES16:       0/     80     0%
Info: 	            IOLOGICI:      18/    276     6%
Info: 	            IOLOGICO:      24/    276     8%
Info: 	           MUX2_LUT5:       0/   4320     0%
Info: 	           MUX2_LUT6:       0/   2160     0%
Info: 	           MUX2_LUT7:       0/   1080     0%
Info: 	           MUX2_LUT8:       0/   1080     0%
Info: 	                 ALU:     634/   6480     9%
Info: 	                 GND:       1/      1   100%
Info: 	                 DFF:    1271/   6480    19%
Info: 	           RAM16SDP4:       0/    270     0%
Info: 	               BSRAM:       4/     26    15%
Info: 	              ALU54D:       0/     10     0%
Info: 	     MULTADDALU18X18:       0/     10     0%
Info: 	        MULTALU18X18:       0/     10     0%
Info: 	        MULTALU36X18:       0/     10     0%
Info: 	           MULT36X36:       0/      5     0%
Info: 	           MULT18X18:       0/     20     0%
Info: 	             MULT9X9:       0/     40     0%
Info: 	              PADD18:       0/     20     0%
Info: 	               PADD9:       0/     40     0%
Info: 	                 GSR:       1/      1   100%
Info: 	                 OSC:       0/      1     0%
Info: 	                rPLL:       1/      2    50%
Info: 	           FLASH608K:       0/      1     0%
Info: 	                BUFG:       2/     22     9%
Info: 	                DQCE:       0/     24     0%
Info: 	                 DCS:       0/      8     0%
Info: 	               DHCEN:       0/     24     0%
Info: 	              CLKDIV:       0/      8     0%
Info: 	             CLKDIV2:       0/     16     0%
Info: 	           MIPI_IBUF:       0/     22     0%
Info: 	           MIPI_OBUF:       0/     20     0%

Info: Running custom HCLK placer...
Info: Placed 0 cells based on constraints.
Info: Creating initial analytic placement for 2463 cells, random placement wirelen = 99549.
Info:     at initial placer iter 0, wirelen = 2029
Info:     at initial placer iter 1, wirelen = 1890
Info:     at initial placer iter 2, wirelen = 1925
Info:     at initial placer iter 3, wirelen = 1879
Info: Running main analytical placer, max placement attempts per cell = 2362051.
Info:     at iteration #1, type ALL: wirelen solved = 1897, spread = 20898, legal = 31728; time = 0.22s
Info:     at iteration #2, type ALL: wirelen solved = 3351, spread = 18057, legal = 28715; time = 0.18s
Info:     at iteration #3, type ALL: wirelen solved = 4499, spread = 16418, legal = 26527; time = 0.22s
Info:     at iteration #4, type ALL: wirelen solved = 4818, spread = 14515, legal = 25563; time = 0.23s
Info:     at iteration #5, type ALL: wirelen solved = 5305, spread = 13295, legal = 26481; time = 0.25s
Info:     at iteration #6, type ALL: wirelen solved = 5569, spread = 13410, legal = 26104; time = 0.25s
Info:     at iteration #7, type ALL: wirelen solved = 5781, spread = 11627, legal = 24055; time = 0.24s
Info:     at iteration #8, type ALL: wirelen solved = 6015, spread = 11914, legal = 23987; time = 0.22s
Info:     at iteration #9, type ALL: wirelen solved = 6322, spread = 12477, legal = 21894; time = 0.20s
Info:     at iteration #10, type ALL: wirelen solved = 6507, spread = 12333, legal = 21447; time = 0.20s
Info:     at iteration #11, type ALL: wirelen solved = 6661, spread = 11881, legal = 21450; time = 0.19s
Info:     at iteration #12, type ALL: wirelen solved = 6945, spread = 11108, legal = 20227; time = 0.17s
Info:     at iteration #13, type ALL: wirelen solved = 7137, spread = 11680, legal = 20867; time = 0.17s
Info:     at iteration #14, type ALL: wirelen solved = 7398, spread = 11241, legal = 20489; time = 0.17s
Info:     at iteration #15, type ALL: wirelen solved = 7420, spread = 11866, legal = 20861; time = 0.18s
Info:     at iteration #16, type ALL: wirelen solved = 7681, spread = 11374, legal = 20126; time = 0.15s
Info:     at iteration #17, type ALL: wirelen solved = 8021, spread = 12859, legal = 17827; time = 0.19s
Info:     at iteration #18, type ALL: wirelen solved = 8122, spread = 12157, legal = 18090; time = 0.17s
Info:     at iteration #19, type ALL: wirelen solved = 8457, spread = 13220, legal = 18569; time = 0.21s
Info:     at iteration #20, type ALL: wirelen solved = 8619, spread = 11427, legal = 18803; time = 0.16s
Info:     at iteration #21, type ALL: wirelen solved = 8874, spread = 13226, legal = 17895; time = 0.19s
Info:     at iteration #22, type ALL: wirelen solved = 9157, spread = 12186, legal = 17905; time = 0.16s
Info: HeAP Placer Time: 4.68s
Info:   of which solving equations: 0.73s
Info:   of which spreading cells: 0.10s
Info:   of which strict legalisation: 3.60s

Info: Running simulated annealing placer for refinement.
Info:   at iteration #1: temp = 0.000000, timing cost = 81, wirelen = 17827
Info:   at iteration #5: temp = 0.000000, timing cost = 30, wirelen = 14714
Info:   at iteration #10: temp = 0.000000, timing cost = 19, wirelen = 13667
Info:   at iteration #15: temp = 0.000000, timing cost = 19, wirelen = 13092
Info:   at iteration #20: temp = 0.000000, timing cost = 17, wirelen = 12680
Info:   at iteration #25: temp = 0.000000, timing cost = 17, wirelen = 12456
Info:   at iteration #30: temp = 0.000000, timing cost = 17, wirelen = 12385
Info:   at iteration #35: temp = 0.000000, timing cost = 17, wirelen = 12329
Info:   at iteration #37: temp = 0.000000, timing cost = 17, wirelen = 12311 
Info: SA placement time 4.36s

Info: Max frequency for clock 'bridge.p3.spi_clk': 266.81 MHz (PASS at 99.00 MHz)
Info: Max frequency for clock 'bridge.p2.spi_clk': 281.85 MHz (PASS at 99.00 MHz)
Info: Max frequency for clock        'bridge.clk': 82.28 MHz (FAIL at 99.00 MHz)

Info: Max delay posedge bridge.clk        -> posedge bridge.p2.spi_clk: 0.86 ns
Info: Max delay posedge bridge.clk        -> posedge bridge.p3.spi_clk: 0.86 ns
Info: Max delay posedge bridge.p2.spi_clk -> posedge bridge.clk       : 0.86 ns
Info: Max delay posedge bridge.p3.spi_clk -> posedge bridge.clk       : 0.86 ns

Info: Slack histogram:
Info:  legend: * represents 3 endpoint(s)
Info:          + represents [1,3) endpoint(s)
Info: [ -2052,  -1469) |+
Info: [ -1469,   -886) | 
Info: [  -886,   -303) | 
Info: [  -303,    280) |+
Info: [   280,    863) |+
Info: [   863,   1446) |***+
Info: [  1446,   2029) |+
Info: [  2029,   2612) |+
Info: [  2612,   3195) |**+
Info: [  3195,   3778) |**+
Info: [  3778,   4361) |*****+
Info: [  4361,   4944) |***+
Info: [  4944,   5527) |**************+
Info: [  5527,   6110) |**************+
Info: [  6110,   6693) |*********************************+
Info: [  6693,   7276) |***********************************+
Info: [  7276,   7859) |*************************+
Info: [  7859,   8442) |**********************************+
Info: [  8442,   9025) |*******************************************************+
Info: [  9025,   9608) |************************************************************ 
Info: Checksum: 0x4f3baf39
Info: Routing globals...
Info:     'bridge.p3.spi_clk' net was routed.
Info:     'bridge.p2.spi_clk' net was routed.
Info:     'bridge.clk_ck' net was routed using global resources only.
Info:     'bridge.clk' net was routed using global resources only.
Info:     'clocking.clk27' net was routed using global resources only.
Info:     'bridge.p2.cs_n_LUT2_I0_F_DFFCE_CE_Q_DFFC_D_Q_DFFC_D_Q_DFFCE_Q_CE_LUT4_F_I2_LUT2_F_I0_LUT4_I1_F_LUT3_I2_F_LUT3_I2_F_DFFC_D_Q_LUT3_I1_F[0]' is routed using segments.
Info:     'bridge.queue.writes.0.0_ADA[1]' is routed using segments.
Info:     'bridge.queue.writes.0.0_DO_24_LUT4_I2_F_LUT3_F_I0_DFFCE_Q_D_LUT4_F_I0_LUT4_I3_F_LUT4_I3_F_LUT3_F_I2_LUT4_I2_I3_LUT4_F_I2_LUT3_F_I1_LUT4_F_I3_LUT2_F_I1_ALU_COUT_CIN_ALU_COUT_SUM_LUT2_I0_F_DFFCE_D_CE_LUT4_F_I0_LUT2_I1_F_LUT2_F_I1_LUT3_I2_F_LUT3_I2_1_F_LUT3_F_I1_LUT2_F_I1_LUT3_I1_F_LUT3_I2_F' is routed using segments.
Info:     'bridge.queue.writes.0.0_DO_24_LUT4_I2_F_LUT3_F_I0_DFFCE_Q_D_LUT4_F_I0_LUT4_I3_F_LUT4_I3_F_LUT3_F_I2_LUT4_I2_I3_LUT4_F_I2_LUT3_F_I1_LUT4_F_I3_LUT2_F_I1_ALU_COUT_CIN_ALU_COUT_SUM_LUT2_I0_F_DFFCE_D_CE_LUT4_F_I0_LUT2_I1_F_LUT2_F_I1_LUT3_I2_F_LUT3_I2_1_F_LUT3_F_I1_LUT2_F_I1_LUT3_I1_I2_LUT2_F_I0_DFFCE_D_Q_LUT3_I0_F_LUT3_I2_1_F' is routed using segments.
Info:     'clocking.locked_LUT2_I1_F_DFFC_CLEAR_Q_DFFC_D_Q' is routed using segments.
Info:     'bridge.queue.writes.0.0_DO_24_LUT4_I2_F_LUT3_F_I0_DFFCE_Q_D_LUT4_F_I0_LUT4_I3_F_LUT4_I3_F_LUT3_F_I2_LUT4_I2_I3_LUT4_F_I2_LUT3_F_I1_LUT4_F_I3_LUT2_F_I1_ALU_COUT_CIN_ALU_COUT_SUM_LUT2_I0_F_DFFCE_D_CE_LUT4_F_I0_LUT2_I1_F_LUT2_F_I1_LUT3_I2_F_LUT3_I2_1_F_LUT3_F_I1_LUT2_F_I1_LUT2_I1_F_LUT3_I2_F_LUT3_I2_F' is routed using segments.
Info:     'bridge.queue.writes.0.0_DO_24_LUT4_I2_F_LUT3_F_I0_DFFCE_Q_D_LUT4_F_I0_LUT4_I3_F_LUT4_I3_F_LUT3_F_I2_LUT4_I2_F_DFFCE_CE_Q_DFFCE_Q_D' is routed using segments.
Info:     'bridge.p2.cs_n_LUT2_I0_F_DFFCE_CE_Q_DFFC_D_Q_DFFC_D_Q_DFFCE_Q_CE_LUT4_F_I2_LUT2_F_I0_LUT4_I2_F_DFFC_D_Q_LUT3_F_I2_LUT4_I0_F_LUT2_I1_F_DFFCE_CE_Q_DFFCE_Q_1_CE_LUT4_F_I1_LUT2_F_I1_LUT4_I3_F_LUT3_F_I2_LUT3_F_I2_LUT4_I0_F_DFFC_D_Q_LUT3_I0_F_DFFCE_CE_Q_LUT3_I2_F_LUT3_F_I0_LUT4_I1_F[3]' is routed using segments.
Info:     'bridge.queue.writes.0.0_ADA_1_LUT2_F_I0_DFFCE_Q_CE_LUT4_F_I1_LUT3_F_I0_LUT4_I0_I2_LUT3_I1_F_LUT4_I3_F_DFFCE_D_Q[3]' is routed using segments.
Info:     'bridge.queue.writes.0.0_DO_24_LUT4_I2_F_LUT3_F_I0_DFFCE_Q_D_LUT4_F_I0_LUT4_I3_F_LUT4_I3_F_LUT3_F_I2_LUT4_I2_I3_LUT4_F_I2_LUT3_F_I1_LUT4_F_I3_LUT2_F_I1_ALU_COUT_CIN_ALU_COUT_SUM_LUT2_I0_F_DFFCE_D_CE_LUT4_F_I0_LUT2_I1_F_LUT2_F_I1_LUT3_I2_F_LUT3_I2_1_F_LUT3_F_I1_LUT2_F_I1_LUT3_I1_I2_LUT2_F_I0_DFFCE_D_Q_LUT3_I0_F_LUT3_I2_F' is routed using segments.
Info:     'bridge.queue.writes.0.0_ADA_1_LUT2_F_I0_DFFCE_Q_CE_LUT4_F_I1_LUT4_I1_I2_LUT2_F_I1_LUT2_F_1_I0[1]' is routed using segments.
Info:     'bridge.queue.writes.0.0_DO_24_LUT4_I2_F_LUT3_F_I0_DFFCE_Q_D_LUT4_F_I0_LUT4_I3_F_LUT4_I3_F_LUT3_F_I2_LUT4_I2_I3_LUT4_F_I2_LUT3_F_I1_LUT4_F_I3_LUT2_F_I1_ALU_COUT_CIN_ALU_COUT_SUM_LUT2_I0_F_DFFCE_D_CE_LUT4_F_I0_LUT2_I1_F_LUT2_F_I1_LUT3_I2_F_LUT3_I2_1_F_LUT3_F_I1_LUT2_F_I1_LUT3_I1_F_LUT3_I2_1_F' is routed using segments.
Info:     'bridge.queue.reads.0.0_DI_17_DFF_Q_D_LUT4_F_1_I3[1]' is routed using segments.
Info:     'bridge.controller.fifo1[0]_DFFE_Q_5_D_DFFCE_Q_D_LUT4_F_I0_LUT4_I2_F_LUT3_F_I1_LUT2_I1_F_DFFC_Q_D_LUT2_F_I0[1]' is routed using segments.
Info:     'bridge.p3.fifo.mem.0.0_DI_8_LUT3_F_I1_DFFCE_D_CE' is routed using segments.
Info:     'bridge.p2.cs_n_LUT2_I0_I1_LUT4_F_I1[1]' is routed using segments.
Info:     'bridge.p2.cs_n_LUT2_I0_F_DFFCE_CE_Q_DFFC_D_Q_DFFC_D_Q_DFFCE_Q_CE_LUT4_F_I2_LUT2_F_I1_LUT4_F_I3_LUT2_F_I1_LUT4_I3_F_LUT4_F_I3[0]' is routed using segments.
Info:     'bridge.p2.cs_n_LUT2_I0_F_DFFCE_CE_Q_DFFC_D_Q_DFFC_D_Q_DFFCE_Q_CE_LUT4_F_I2_LUT2_F_I0_LUT4_I2_F_DFFC_D_Q_LUT3_F_I2_LUT4_I0_F_LUT2_I1_F_DFFCE_CE_Q_DFFCE_Q_1_CE_LUT4_F_I3_LUT3_F_I0_LUT4_I1_F_LUT3_I2_F_LUT2_I1_F[0]' is routed using segments.
Info:     'bridge.queue.writes.0.0_DI_13_DFF_Q_D_LUT3_F_I0_DFFCE_D_Q[3]' is routed using segments.
Info:     'bridge.p2.cs_n_LUT2_I0_F_DFFCE_CE_Q_DFFC_D_Q_DFFC_D_Q_DFFCE_Q_CE_LUT4_F_I2_LUT3_F_I2_LUT2_I0_F' is routed using segments.
Info:     'bridge.queue.writes.0.0_DO_10_LUT4_I2_F_LUT3_F_I0_DFFCE_Q_D_LUT4_F_I3_LUT4_F_I2[3]' is routed using segments.
Info:     'bridge.queue.writes.0.0_DO_24_LUT4_I2_F_LUT3_F_I0_DFFCE_Q_D_LUT4_F_I0_LUT4_I3_F_LUT4_I3_F_LUT3_F_I2_LUT4_I2_I3_LUT4_F_I2_LUT3_F_I1_LUT4_F_I3_LUT2_F_I1_ALU_COUT_CIN_ALU_COUT_SUM_LUT2_I0_F_DFFCE_D_CE_LUT4_F_I0_LUT2_I1_F_LUT2_F_I1_LUT3_I2_F_LUT3_I2_1_F_LUT3_F_I1_LUT2_F_I1_LUT3_I1_F_DFFCE_Q_D_LUT2_F_I1_ALU_SUM_COUT_ALU_CIN_SUM_LUT2_I1_F_DFFCE_D_Q_ALU_I0_SUM_LUT3_F_I1_ALU_COUT_I1_ALU_I1_COUT_LUT3_I1_F_ALU_SUM_I0_DFFCE_Q_D_LUT2_F_I1_ALU_SUM_CIN_ALU_COUT_SUM_LUT2_I1_F_DFFCE_D_Q_LUT3_I2_F' is routed using segments.
Info:     'bridge.queue.writes.0.0_DO_24_LUT4_I2_F_LUT3_F_I0_DFFCE_Q_D_LUT4_F_I0_LUT4_I3_F_LUT4_I3_F_LUT3_F_I2_LUT4_I2_F_DFFCE_CE_Q_LUT2_F_I1_LUT4_I1_I3_LUT3_F_I2_LUT4_F_I3_LUT3_I2_F[1]' is routed using segments.
Info:     'bridge.p2.cs_n_LUT2_I0_F_DFFCE_CE_Q_DFFC_D_Q_DFFC_D_Q_DFFCE_Q_CE_LUT4_F_I2_LUT2_F_I0_LUT4_I2_F_DFFC_D_Q_LUT3_F_I2_LUT4_I0_F_LUT2_I1_F_DFFCE_CE_Q_DFFCE_Q_1_CE_LUT4_F_I1_LUT2_F_I1[0]' is routed using segments.
Info:     'bridge.p2.cs_n_LUT2_I0_F_DFFCE_CE_Q_DFFC_D_Q_DFFC_D_Q_DFFCE_Q_CE_LUT4_F_I2_LUT2_F_I0_LUT4_I1_F_LUT3_I2_F_LUT3_I2_F_DFFC_D_Q_LUT3_I1_F[1]' is routed using segments.
Info:     'bridge.queue.writes.0.0_DO_24_LUT4_I2_F_LUT3_F_I0_DFFCE_Q_D_LUT4_F_I0_LUT4_I3_F_LUT4_I3_F_LUT3_F_I2_LUT4_I2_I3_LUT4_F_I2_LUT3_F_I1_LUT4_F_I3_LUT2_F_I1_ALU_COUT_CIN_ALU_COUT_SUM_LUT2_I0_F_DFFCE_D_CE_LUT4_F_I0_LUT2_I1_F_LUT2_F_I1_LUT3_I2_F_LUT3_I2_1_F_LUT3_F_I1_LUT2_F_I1_LUT3_I1_F_DFFCE_Q_D_LUT2_F_I1_ALU_SUM_COUT_ALU_CIN_SUM_LUT2_I1_F_DFFCE_D_Q_ALU_I0_SUM_LUT3_F_I1_ALU_COUT_I1_ALU_I1_COUT_LUT3_I1_F_ALU_SUM_I0_DFFCE_Q_D_LUT2_F_I1_ALU_SUM_CIN_ALU_COUT_SUM_LUT2_I1_F_DFFCE_D_Q_LUT3_I2_1_F' is routed using segments.

Info: Routing..
Info: Setting up routing queue.
Info: Routing 10289 arcs.
Info:            |   (re-)routed arcs  |   delta    | remaining|       time spent     |
Info:    IterCnt |  w/ripup   wo/ripup |  w/r  wo/r |      arcs| batch(sec) total(sec)|
Info:       1000 |       28        932 |   28   932 |      9319|       0.39       0.39|
Info:       2000 |       44       1800 |   16   868 |      8335|       0.20       0.58|
Info:       3000 |       46       2760 |    2   960 |      7337|       0.29       0.87|
Info:       4000 |       50       3716 |    4   956 |      6363|       0.33       1.20|
Info:       5000 |       60       4651 |   10   935 |      5374|       0.34       1.53|
Info:       6000 |       76       5584 |   16   933 |      4389|       0.40       1.94|
Info:       7000 |       97       6509 |   21   925 |      3412|       0.43       2.36|
Info:       8000 |      135       7429 |   38   920 |      2460|       0.48       2.85|
Info:       9000 |      214       8313 |   79   884 |      1562|       0.67       3.51|
Info:      10000 |      318       9177 |  104   864 |       743|       0.71       4.22|
Info:      10933 |      443       9958 |  125   781 |         0|       0.74       4.96|
Info: Routing complete.
Info: Router1 time 4.96s
Info: Checksum: 0x14a012f3

Info: Critical path report for clock 'bridge.p3.spi_clk' (posedge -> posedge):
Info:       type curr  total name
Info:   clk-to-q  0.46  0.46 Source bridge.p3.fifo.mem.0.0_DI_32_LUT2_F_I0_LUT4_I3_I1_ALU_I1_COUT_ALU_CIN_COUT_ALU_CIN_SUM_DFFCE_D.Q
Info:    routing  0.41  0.87 Net bridge.p3.fifo.mem.0.0_DI_32_LUT2_F_I0_LUT4_I3_I1_ALU_I1_COUT_ALU_CIN_COUT_ALU_CIN_SUM_DFFCE_D_Q[1] (13,2) -> (13,2)
Info:                          Sink bridge.p3.fifo.mem.0.0_DI_32_LUT2_F_I0_LUT4_I3_I1_LUT4_I3.I1
Info:                          Defined in:
Info:                               /workspace/scratch/5bc736d51023/tooling/oss-cad-suite/lib/../share/yosys/gowin/cells_map.v:130.20-130.21
Info:      logic  1.10  1.97 Source bridge.p3.fifo.mem.0.0_DI_32_LUT2_F_I0_LUT4_I3_I1_LUT4_I3.F
Info:    routing  0.41  2.38 Net bridge.p3.fifo.mem.0.0_DI_32_LUT2_F_I0_LUT4_I3_I1_LUT4_I3_F[1] (13,2) -> (14,2)
Info:                          Sink bridge.p3.fifo.mem.0.0_DI_32_LUT2_F_I0_LUT4_I3_I1_LUT4_I3_F_LUT4_I3.I1
Info:                          Defined in:
Info:                               /workspace/scratch/5bc736d51023/tooling/oss-cad-suite/lib/../share/yosys/gowin/cells_map.v:130.20-130.21
Info:      logic  1.10  3.48 Source bridge.p3.fifo.mem.0.0_DI_32_LUT2_F_I0_LUT4_I3_I1_LUT4_I3_F_LUT4_I3.F
Info:    routing  0.89  4.37 Net bridge.p3.fifo.mem.0.0_DI_32_LUT2_F_I0_LUT4_I3_I1_LUT4_I3_F_LUT4_I3_F (14,2) -> (13,1)
Info:                          Sink bridge.p3.fifo.mem.0.0_DI_32_LUT2_F_I0_LUT4_I3_I1_DFFCE_Q.CE
Info:      setup  0.04  4.41 Source bridge.p3.fifo.mem.0.0_DI_32_LUT2_F_I0_LUT4_I3_I1_DFFCE_Q.CE
Info: 2.70 ns logic, 1.72 ns routing

Info: Critical path report for clock 'bridge.p2.spi_clk' (posedge -> posedge):
Info:       type curr  total name
Info:   clk-to-q  0.46  0.46 Source bridge.p2.fifo.mem.0.0_DI_30_LUT4_F_I1_DFFC_Q.Q
Info:    routing  0.81  1.26 Net bridge.p2.fifo.mem.0.0_DI_14_LUT3_F_I1[0] (19,15) -> (19,13)
Info:                          Sink bridge.p2.fifo.mem.0.0_DI_30_LUT4_F.I1
Info:                          Defined in:
Info:                               /workspace/scratch/5bc736d51023/tooling/oss-cad-suite/lib/../share/yosys/gowin/cells_map.v:130.20-130.21
Info:      logic  1.10  2.36 Source bridge.p2.fifo.mem.0.0_DI_30_LUT4_F.F
Info:    routing  2.08  4.44 Net bridge.p2.fifo.mem.0.0_DI_30 (19,13) -> (22,9)
Info:                          Sink bridge.p2.fifo.mem.0.0.DI30
Info:      setup  0.04  4.48 Source bridge.p2.fifo.mem.0.0.DI30
Info: 1.60 ns logic, 2.88 ns routing

Info: Critical path report for clock 'bridge.clk' (posedge -> posedge):
Info:       type curr  total name
Info:   clk-to-q  0.46  0.46 Source bridge.queue.writes.0.0_DO_24_LUT4_I2_F_LUT3_F_I0_DFFCE_Q_D_LUT4_F_I0_LUT4_I3_F_LUT4_I3_F_LUT3_F_I2_LUT4_I2_I3_LUT4_F_I2_LUT3_F_I1_LUT4_F_I3_LUT2_F_I1_ALU_COUT_CIN_ALU_COUT_SUM_LUT2_I0_F_DFFCE_D_CE_LUT4_F_I0_LUT2_I1_F_LUT2_F_I1_LUT3_I2_F_LUT3_I2_1_F_LUT3_F_I1_LUT2_F_I1_LUT3_I1_F_DFFCE_Q_D_LUT2_F_I1_ALU_SUM_COUT_ALU_CIN_SUM_LUT2_I1_F_DFFCE_D_Q_ALU_I0_I1_DFFCE_Q_D_LUT2_F_I1_ALU_SUM_CIN_ALU_COUT_SUM_LUT2_I1_F_DFFCE_D.Q
Info:    routing  2.72  3.18 Net bridge.queue.reads.0.0_DI_17_DFF_Q_D_LUT4_F_1_I3[1] (2,14) -> (2,14)
Info:                          Sink bridge.queue.reads.0.0_DI_19_DFF_Q_D_LUT4_F_1_I3_LUT4_F_I3_LUT4_F.I2
Info:                          Defined in:
Info:                               /workspace/scratch/5bc736d51023/tooling/oss-cad-suite/lib/../share/yosys/gowin/cells_map.v:130.20-130.21
Info:      logic  0.82  4.00 Source bridge.queue.reads.0.0_DI_19_DFF_Q_D_LUT4_F_1_I3_LUT4_F_I3_LUT4_F.F
Info:    routing  0.41  4.41 Net bridge.queue.reads.0.0_DI_19_DFF_Q_D_LUT4_F_1_I3_LUT4_F_I3[3] (2,14) -> (2,14)
Info:                          Sink bridge.queue.reads.0.0_DI_19_DFF_Q_D_LUT4_F_1_I3_LUT4_F.I3
Info:                          Defined in:
Info:                               /workspace/scratch/5bc736d51023/tooling/oss-cad-suite/lib/../share/yosys/gowin/cells_map.v:130.20-130.21
Info:      logic  0.62  5.04 Source bridge.queue.reads.0.0_DI_19_DFF_Q_D_LUT4_F_1_I3_LUT4_F.F
Info:    routing  1.22  6.26 Net bridge.queue.reads.0.0_DI_19_DFF_Q_D_LUT4_F_1_I3[3] (2,14) -> (2,11)
Info:                          Sink bridge.queue.reads.0.0_DI_19_DFF_Q_D_LUT4_F_1.I3
Info:                          Defined in:
Info:                               /workspace/scratch/5bc736d51023/tooling/oss-cad-suite/lib/../share/yosys/gowin/cells_map.v:130.20-130.21
Info:      logic  0.62  6.88 Source bridge.queue.reads.0.0_DI_19_DFF_Q_D_LUT4_F_1.F
Info:    routing  0.41  7.29 Net bridge.queue.reads.0.0_DI_19_DFF_Q_D[3] (2,11) -> (2,11)
Info:                          Sink bridge.queue.writes.0.0_DO_24_LUT4_I2_F_LUT3_F_I0_DFFCE_Q_D_LUT4_F_I0_LUT4_I3_F_LUT4_I3_F_LUT3_F_I2_LUT4_I2_I3_LUT4_F_I2_LUT3_F_I1_LUT4_F_I3_LUT2_F_I1_ALU_COUT_CIN_ALU_COUT_SUM_LUT2_I0_F_DFFCE_D_CE_DFFCE_CE_Q_LUT4_F.I3
Info:                          Defined in:
Info:                               /workspace/scratch/5bc736d51023/tooling/oss-cad-suite/lib/../share/yosys/gowin/cells_map.v:130.20-130.21
Info:      logic  0.62  7.92 Source bridge.queue.writes.0.0_DO_24_LUT4_I2_F_LUT3_F_I0_DFFCE_Q_D_LUT4_F_I0_LUT4_I3_F_LUT4_I3_F_LUT3_F_I2_LUT4_I2_I3_LUT4_F_I2_LUT3_F_I1_LUT4_F_I3_LUT2_F_I1_ALU_COUT_CIN_ALU_COUT_SUM_LUT2_I0_F_DFFCE_D_CE_DFFCE_CE_Q_LUT4_F.F
Info:    routing  0.89  8.81 Net bridge.queue.reads.0.0_DI_23_DFF_Q_D_LUT4_I3_F_LUT2_I1_F_LUT4_F_I2[3] (2,11) -> (3,10)
Info:                          Sink bridge.queue.reads.0.0_DI_23_DFF_Q_D_LUT4_I3_F_LUT2_I1_F_LUT4_F.I3
Info:                          Defined in:
Info:                               /workspace/scratch/5bc736d51023/tooling/oss-cad-suite/lib/../share/yosys/gowin/cells_map.v:130.20-130.21
Info:      logic  0.62  9.44 Source bridge.queue.reads.0.0_DI_23_DFF_Q_D_LUT4_I3_F_LUT2_I1_F_LUT4_F.F
Info:    routing  0.41  9.85 Net bridge.queue.reads.0.0_DI_23_DFF_Q_D_LUT4_I3_F_LUT2_I1_F[3] (3,10) -> (4,10)
Info:                          Sink bridge.queue.writes.0.0_DO_24_LUT4_I2_F_LUT3_F_I0_DFFCE_Q_D_LUT4_F_I0_LUT4_F.I3
Info:                          Defined in:
Info:                               /workspace/scratch/5bc736d51023/tooling/oss-cad-suite/lib/../share/yosys/gowin/cells_map.v:130.20-130.21
Info:      logic  0.62  10.47 Source bridge.queue.writes.0.0_DO_24_LUT4_I2_F_LUT3_F_I0_DFFCE_Q_D_LUT4_F_I0_LUT4_F.F
Info:    routing  1.93  12.40 Net bridge.queue.writes.0.0_DO_24_LUT4_I2_F_LUT3_F_I0_DFFCE_Q_D_LUT4_F_I0[2] (4,10) -> (6,5)
Info:                          Sink bridge.queue.writes.0.0_DO_24_LUT4_I2_F_LUT3_F_I0_DFFCE_Q_D_LUT4_F_I0_LUT4_I3.I2
Info:                          Defined in:
Info:                               /workspace/scratch/5bc736d51023/tooling/oss-cad-suite/lib/../share/yosys/gowin/cells_map.v:130.20-130.21
Info:      logic  0.82  13.22 Source bridge.queue.writes.0.0_DO_24_LUT4_I2_F_LUT3_F_I0_DFFCE_Q_D_LUT4_F_I0_LUT4_I3.F
Info:    routing  0.41  13.63 Net bridge.queue.writes.0.0_DO_24_LUT4_I2_F_LUT3_F_I0_DFFCE_Q_D_LUT4_F_I0_LUT4_I3_F[1] (6,5) -> (6,4)
Info:                          Sink bridge.queue.writes.0.0_DO_24_LUT4_I2_F_LUT3_F_I0_DFFCE_Q_D_LUT4_F_I0_LUT4_I3_F_LUT4_I3.I3
Info:                          Defined in:
Info:                               /workspace/scratch/5bc736d51023/tooling/oss-cad-suite/lib/../share/yosys/gowin/cells_map.v:130.20-130.21
Info:      logic  0.62  14.26 Source bridge.queue.writes.0.0_DO_24_LUT4_I2_F_LUT3_F_I0_DFFCE_Q_D_LUT4_F_I0_LUT4_I3_F_LUT4_I3.F
Info:    routing  0.33  14.58 Net bridge.queue.writes.0.0_DO_24_LUT4_I2_F_LUT3_F_I0_DFFCE_Q_D_LUT4_F_I0_LUT4_I3_F_LUT4_I3_F[3] (6,4) -> (6,4)
Info:                          Sink bridge.queue.writes.0.0_DO_24_LUT4_I2_F_LUT3_F_I0_DFFCE_Q_D_LUT4_F_I0_LUT4_I3_F_LUT4_I3_F_LUT4_I3.I3
Info:                          Defined in:
Info:                               /workspace/scratch/5bc736d51023/tooling/oss-cad-suite/lib/../share/yosys/gowin/cells_map.v:130.20-130.21
Info:      logic  0.62  15.21 Source bridge.queue.writes.0.0_DO_24_LUT4_I2_F_LUT3_F_I0_DFFCE_Q_D_LUT4_F_I0_LUT4_I3_F_LUT4_I3_F_LUT4_I3.F
Info:    routing  0.00  15.21 Net bridge.queue.writes.0.0_DO_24_LUT4_I2_F_LUT3_F_I0_DFFCE_Q_D_LUT4_F_I0_LUT4_I3_F_LUT4_I3_F_LUT4_I3_F (6,4) -> (6,4)
Info:                          Sink bridge.queue.writes.0.0_DO_24_LUT4_I2_F_LUT3_F_I0_DFFCE_Q_D_LUT4_F_I0_LUT4_I3_F_LUT4_I3_F_LUT4_I3_F_DFFC_D.D
Info:      setup  0.40  15.61 Source bridge.queue.writes.0.0_DO_24_LUT4_I2_F_LUT3_F_I0_DFFCE_Q_D_LUT4_F_I0_LUT4_I3_F_LUT4_I3_F_LUT4_I3_F_DFFC_D.D
Info: 6.88 ns logic, 8.73 ns routing

Info: Max frequency for clock 'bridge.p3.spi_clk': 226.65 MHz (PASS at 99.00 MHz)
Info: Max frequency for clock 'bridge.p2.spi_clk': 223.02 MHz (PASS at 99.00 MHz)
ERROR: Max frequency for clock        'bridge.clk': 64.07 MHz (FAIL at 99.00 MHz)

Info: Slack histogram:
Info:  legend: * represents 1 endpoint(s)
Info:          + represents [1,1) endpoint(s)
Info: [ -5507,  -4772) |*******+
Info: [ -4772,  -4037) |***+
Info: [ -4037,  -3302) | 
Info: [ -3302,  -2567) |+
Info: [ -2567,  -1832) | 
Info: [ -1832,  -1097) | 
Info: [ -1097,   -362) |*+
Info: [  -362,    373) |***+
Info: [   373,   1108) |**********+
Info: [  1108,   1843) |*****+
Info: [  1843,   2578) |************+
Info: [  2578,   3313) |**********+
Info: [  3313,   4048) |***************+
Info: [  4048,   4783) |*************************************************+
Info: [  4783,   5518) |***********************************************+
Info: [  5518,   6253) |*************************************+
Info: [  6253,   6988) |***********************************************+
Info: [  6988,   7723) |*****************************************+
Info: [  7723,   8458) |************************************************************ 
Info: [  8458,   9193) |**************+

4 warnings, 1 error

Info: Program finished normally.
