Info: Using uarch 'gowin' for device 'GW1NR-LV9QN88PC6/I5'
Info: constraining clock net 'clocking.clk27' to 27.00 MHz
Info: constraining clock net 'bridge.clk' to 99.00 MHz
Info: constraining clock net 'bridge.clk_ck' to 99.00 MHz
Info: constraining clock net 'bridge.p2.spi_clk' to 80.00 MHz
Info: constraining clock net 'bridge.p3.spi_clk' to 80.00 MHz

Info: Reading constraints...
Info: Create constant nets...
Info: Modify LUTs...
Info: Pack IOBs...
Info: Pack I3C IOs...
Info: Pack MIPI IOs...
Info: Pack diff IOBs...
Info: Pack FFs into IO cells...
Info: Pack IODELAY...
Info: Pack Input Edge Monitors...
Info: Pack IO logic...
Info: Pack DESER16 logic...
Info: Pack GSR...
Info: Pack HCLK cells...
Info: Pack DLLDLYs...
Info: Pack wide LUTs...
Info: Packed MUX2_LUT8:0, MUX2_LU7:0, MUX2_LUT6:0, MUX2_LUT5:0
Info: Pack ALUs...
Info: Pack SSRAMs...
Info: Constrained 1362 LUTFF pairs.
Info: Pack PLL...
Info: Pack ADC...
Info: Pack GW JTAG...
Info: Pack BSRAMs...
Info: Pack DSP...
Info: Pack INV...
Info: Pack buffered nets...
Info: Pack EMCU and UserFlash cells...
Info: Pack UserFlash cells...
Info: Pack DQCE cells...
Info: Pack DCS cells...
Info: Checksum: 0x5f9d8e2f

Info: Device utilisation:
Info: 	                 VCC:       1/      1   100%
Info: 	                 IOB:      27/    276     9%
Info: 	                LUT4:    5796/   8640    67%
Info: 	              OSER16:       0/     80     0%
Info: 	              IDES16:       0/     80     0%
Info: 	            IOLOGICI:      18/    276     6%
Info: 	            IOLOGICO:      24/    276     8%
Info: 	           MUX2_LUT5:       0/   4320     0%
Info: 	           MUX2_LUT6:       0/   2160     0%
Info: 	           MUX2_LUT7:       0/   1080     0%
Info: 	           MUX2_LUT8:       0/   1080     0%
Info: 	                 ALU:    2324/   6480    35%
Info: 	                 GND:       1/      1   100%
Info: 	                 DFF:    3265/   6480    50%
Info: 	           RAM16SDP4:       0/    270     0%
Info: 	               BSRAM:      10/     26    38%
Info: 	              ALU54D:       0/     10     0%
Info: 	     MULTADDALU18X18:       0/     10     0%
Info: 	        MULTALU18X18:       0/     10     0%
Info: 	        MULTALU36X18:       0/     10     0%
Info: 	           MULT36X36:       0/      5     0%
Info: 	           MULT18X18:       2/     20    10%
Info: 	             MULT9X9:       0/     40     0%
Info: 	              PADD18:       0/     20     0%
Info: 	               PADD9:       0/     40     0%
Info: 	                 GSR:       1/      1   100%
Info: 	                 OSC:       0/      1     0%
Info: 	                rPLL:       1/      2    50%
Info: 	           FLASH608K:       0/      1     0%
Info: 	                BUFG:       2/     22     9%
Info: 	                DQCE:       0/     24     0%
Info: 	                 DCS:       0/      8     0%
Info: 	               DHCEN:       0/     24     0%
Info: 	              CLKDIV:       0/      8     0%
Info: 	             CLKDIV2:       0/     16     0%
Info: 	           MIPI_IBUF:       0/     22     0%
Info: 	           MIPI_OBUF:       0/     20     0%

Info: Running custom HCLK placer...
Info: Placed 0 cells based on constraints.
Info: Creating initial analytic placement for 5569 cells, random placement wirelen = 239558.
Info:     at initial placer iter 0, wirelen = 3182
Info:     at initial placer iter 1, wirelen = 2935
Info:     at initial placer iter 2, wirelen = 2961
Info:     at initial placer iter 3, wirelen = 2946
Info: Running main analytical placer, max placement attempts per cell = 16525500.
Info:     at iteration #1, type ALL: wirelen solved = 2933, spread = 63071, legal = 184882; time = 5.78s
Info:     at iteration #2, type ALL: wirelen solved = 5699, spread = 53961, legal = 133619; time = 4.89s
Info:     at iteration #3, type ALL: wirelen solved = 8785, spread = 44085, legal = 141770; time = 5.91s
Info:     at iteration #4, type ALL: wirelen solved = 9564, spread = 63145, legal = 139763; time = 3.43s
Info:     at iteration #5, type ALL: wirelen solved = 11542, spread = 50077, legal = 121741; time = 2.70s
Info:     at iteration #6, type ALL: wirelen solved = 12466, spread = 53644, legal = 115561; time = 2.61s
Info:     at iteration #7, type ALL: wirelen solved = 14881, spread = 49625, legal = 96478; time = 1.54s
Info:     at iteration #8, type ALL: wirelen solved = 15894, spread = 45423, legal = 96725; time = 2.17s
Info:     at iteration #9, type ALL: wirelen solved = 17249, spread = 36166, legal = 83281; time = 1.12s
Info:     at iteration #10, type ALL: wirelen solved = 17298, spread = 46628, legal = 98079; time = 1.99s
Info:     at iteration #11, type ALL: wirelen solved = 19839, spread = 41938, legal = 81987; time = 1.57s
Info:     at iteration #12, type ALL: wirelen solved = 20915, spread = 38115, legal = 75157; time = 0.75s
Info:     at iteration #13, type ALL: wirelen solved = 20397, spread = 43907, legal = 83306; time = 1.76s
Info:     at iteration #14, type ALL: wirelen solved = 22370, spread = 41830, legal = 72854; time = 1.02s
Info:     at iteration #15, type ALL: wirelen solved = 22252, spread = 37817, legal = 69799; time = 1.22s
Info:     at iteration #16, type ALL: wirelen solved = 22980, spread = 40528, legal = 67461; time = 0.92s
Info:     at iteration #17, type ALL: wirelen solved = 23447, spread = 39336, legal = 64767; time = 0.87s
Info:     at iteration #18, type ALL: wirelen solved = 24084, spread = 38725, legal = 65651; time = 0.67s
Info:     at iteration #19, type ALL: wirelen solved = 26072, spread = 40929, legal = 66773; time = 1.02s
Info:     at iteration #20, type ALL: wirelen solved = 27160, spread = 41074, legal = 64426; time = 0.89s
Info:     at iteration #21, type ALL: wirelen solved = 27582, spread = 42383, legal = 65278; time = 0.78s
Info:     at iteration #22, type ALL: wirelen solved = 27990, spread = 42836, legal = 65928; time = 0.82s
Info:     at iteration #23, type ALL: wirelen solved = 28786, spread = 43258, legal = 63114; time = 0.72s
Info:     at iteration #24, type ALL: wirelen solved = 30191, spread = 44774, legal = 71439; time = 1.14s
Info:     at iteration #25, type ALL: wirelen solved = 32985, spread = 52013, legal = 75133; time = 0.98s
Info:     at iteration #26, type ALL: wirelen solved = 34027, spread = 44038, legal = 65050; time = 0.91s
Info:     at iteration #27, type ALL: wirelen solved = 33097, spread = 43557, legal = 62734; time = 0.77s
Info:     at iteration #28, type ALL: wirelen solved = 33931, spread = 47622, legal = 69174; time = 0.87s
Info:     at iteration #29, type ALL: wirelen solved = 35582, spread = 45889, legal = 64375; time = 1.00s
Info:     at iteration #30, type ALL: wirelen solved = 35930, spread = 47554, legal = 64601; time = 0.67s
Info:     at iteration #31, type ALL: wirelen solved = 36152, spread = 45689, legal = 61067; time = 0.58s
Info:     at iteration #32, type ALL: wirelen solved = 36479, spread = 45324, legal = 62319; time = 0.54s
Info:     at iteration #33, type ALL: wirelen solved = 37998, spread = 48036, legal = 62576; time = 0.57s
Info:     at iteration #34, type ALL: wirelen solved = 37928, spread = 53700, legal = 70968; time = 0.58s
Info:     at iteration #35, type ALL: wirelen solved = 43358, spread = 53669, legal = 66186; time = 0.35s
Info:     at iteration #36, type ALL: wirelen solved = 41689, spread = 51155, legal = 62515; time = 0.33s
Info: HeAP Placer Time: 55.78s
Info:   of which solving equations: 2.87s
Info:   of which spreading cells: 0.50s
Info:   of which strict legalisation: 51.28s

Info: Running simulated annealing placer for refinement.
Info:   at iteration #1: temp = 0.000000, timing cost = 180, wirelen = 61067
Info:   at iteration #5: temp = 0.000000, timing cost = 57, wirelen = 51451
Info:   at iteration #10: temp = 0.000000, timing cost = 53, wirelen = 48270
Info:   at iteration #15: temp = 0.000000, timing cost = 47, wirelen = 46757
Info:   at iteration #20: temp = 0.000000, timing cost = 48, wirelen = 45633
Info:   at iteration #25: temp = 0.000000, timing cost = 47, wirelen = 45308
Info:   at iteration #30: temp = 0.000000, timing cost = 46, wirelen = 45100
Info:   at iteration #31: temp = 0.000000, timing cost = 40, wirelen = 45101 
Info: SA placement time 19.32s

Info: Max frequency for clock 'bridge.p3.spi_clk': 266.81 MHz (PASS at 80.00 MHz)
Info: Max frequency for clock 'bridge.p2.spi_clk': 206.36 MHz (PASS at 80.00 MHz)
Info: Max frequency for clock        'bridge.clk': 116.99 MHz (PASS at 99.00 MHz)

Info: Max delay posedge bridge.clk        -> posedge bridge.p2.spi_clk: 0.86 ns
Info: Max delay posedge bridge.clk        -> posedge bridge.p3.spi_clk: 0.86 ns
Info: Max delay posedge bridge.p2.spi_clk -> posedge bridge.clk       : 1.06 ns
Info: Max delay posedge bridge.p3.spi_clk -> posedge bridge.clk       : 0.86 ns

Info: Slack histogram:
Info:  legend: * represents 10 endpoint(s)
Info:          + represents [1,10) endpoint(s)
Info: [  1553,   2076) |+
Info: [  2076,   2599) |+
Info: [  2599,   3122) |+
Info: [  3122,   3645) |********+
Info: [  3645,   4168) |*****+
Info: [  4168,   4691) |********+
Info: [  4691,   5214) |***********+
Info: [  5214,   5737) |********+
Info: [  5737,   6260) |***********************************+
Info: [  6260,   6783) |***************+
Info: [  6783,   7306) |********************+
Info: [  7306,   7829) |*****************************************+
Info: [  7829,   8352) |************************************+
Info: [  8352,   8875) |***********************+
Info: [  8875,   9398) |************************************************************ 
Info: [  9398,   9921) |***********+
Info: [  9921,  10444) |**+
Info: [ 10444,  10967) |+
Info: [ 10967,  11490) |**+
Info: [ 11490,  12013) |***+
Info: Checksum: 0x0bc1ba04
Info: Routing globals...
Info:     'bridge.p3.spi_clk' net was routed.
Info:     'bridge.p2.spi_clk' net was routed.
Info:     'clocking.clk27' net was routed using global resources only.
Info:     'bridge.clk_ck' net was routed using global resources only.
Info:     'bridge.clk' net was routed using global resources only.
Info:     'metric.abs_q_DFFE_Q_3_D[2]' is routed using segments.
Info:     'clocking.locked_LUT2_I1_F_DFFC_CLEAR_Q_DFFC_D_Q_LUT4_I0_I1_LUT2_I0_F[2]' is routed using segments.
Info:     'chien.term[1]_DFFE_Q_6_D_LUT4_F_I2_LUT4_I3_F_LUT4_I3_F_DFFCE_Q_1_D_LUT2_F_I1_ALU_SUM_CIN_ALU_COUT_I1_ALU_I0_SUM_ALU_SUM_I1_LUT4_I2_F_LUT2_I1_F_DFFCE_D_CE[0]' is routed using segments.
Info:     'bridge.p2.cs_n_LUT4_I0_1_F_DFFCE_CE_Q_DFFC_D_Q_DFFC_D_Q_DFFCE_Q_CE_LUT4_F_I3_LUT3_F_I1_LUT3_I2_F_LUT4_I3_F' is routed using segments.
Info:     'vit.metrics[2]_DFFE_Q_9_D_LUT4_F_I2_ALU_SUM_1_I0_LUT3_F_I1_DFFCE_Q_1_D_LUT2_F_I0_ALU_SUM_CIN_ALU_COUT_CIN_ALU_COUT_SUM_LUT2_I0_F_DFFCE_D_Q_LUT3_I1_F' is routed using segments.
Info:     'vit.metrics[2]_DFFE_Q_9_D_LUT4_F_I2_ALU_SUM_I0_LUT3_F_I1_DFFCE_Q_D_LUT2_F_I0_ALU_SUM_COUT_ALU_CIN_COUT_ALU_CIN_SUM_LUT2_I0_F_DFFCE_D_Q_LUT3_I1_F' is routed using segments.
Info:     'syndrome.rom_odd.0.0_CE_DFFC_D_Q_LUT3_I2_1_F_LUT3_I2_1_F' is routed using segments.
Info:     'vit.metrics[2]_DFFE_Q_9_D_LUT4_F_I2_ALU_SUM_I0_LUT3_F_I1_DFFCE_Q_D_LUT2_F_I0_ALU_SUM_COUT_ALU_CIN_COUT_ALU_CIN_COUT_ALU_CIN_COUT_ALU_CIN_COUT_ALU_CIN_COUT_ALU_CIN_SUM_LUT2_I1_F_DFFCE_D_Q_LUT3_I1_F' is routed using segments.
Info:     'vit.metrics[2]_DFFE_Q_9_D_LUT4_F_I2_ALU_SUM_I0_LUT3_F_I1_DFFCE_Q_D_LUT2_F_I0_ALU_SUM_CIN_ALU_COUT_CIN_ALU_COUT_SUM_LUT2_I0_F_DFFCE_D_Q_LUT3_I1_F' is routed using segments.
Info:     'vit.metrics[2]_DFFE_Q_9_D_LUT4_F_I2_ALU_SUM_I0_LUT3_F_I1_DFFCE_Q_D_LUT2_F_I0_ALU_SUM_COUT_ALU_CIN_SUM_LUT2_I0_F_DFFCE_D_1_Q_LUT3_I1_F' is routed using segments.
Info:     'vit.metrics[2]_DFFE_Q_9_D_LUT4_F_I2_ALU_SUM_I0_LUT3_F_I1_DFFCE_Q_D_LUT2_F_I0_ALU_SUM_COUT_ALU_CIN_COUT_ALU_CIN_SUM_LUT2_I0_F_DFFCE_D_1_Q_LUT3_I1_F' is routed using segments.
Info:     'bridge.queue.writes.0.0_DI_1_DFF_Q_D_DFFCE_Q_D_LUT3_F_I1_LUT4_I3_F_LUT2_I0_F_LUT4_I3_F_LUT2_I0_I1_LUT3_F_I2_LUT3_F_1_I2_LUT3_F_I2[0]' is routed using segments.
Info:     'chien.term[1]_DFFE_Q_6_D_LUT4_F_I2_LUT4_I3_F_LUT4_F_I3_LUT4_I2_F[1]' is routed using segments.
Info:     'metric.abs_i_DFFE_Q_14_D_LUT3_F_I1[2]' is routed using segments.
Info:     'vit.metrics[2]_DFFE_Q_9_D_LUT4_F_I2_ALU_SUM_I0_LUT3_F_I1_DFFCE_Q_D_LUT2_F_I0_ALU_SUM_COUT_ALU_CIN_COUT_ALU_CIN_COUT_ALU_CIN_COUT_ALU_CIN_COUT_ALU_CIN_SUM_LUT2_I0_F_DFFCE_D_1_Q_LUT3_I1_F' is routed using segments.
Info:     'vit.metrics[2]_DFFE_Q_9_D_LUT4_F_I2_ALU_SUM_1_I0_LUT3_F_I1_DFFCE_Q_1_D_LUT2_F_I0_ALU_SUM_CIN_ALU_COUT_SUM_LUT2_I0_F_DFFCE_D_Q_LUT3_I1_F' is routed using segments.
Info:     'bridge.p2.cs_n_LUT4_I0_1_F_DFFCE_CE_Q_DFFC_D_Q_DFFC_D_Q_DFFCE_Q_CE_LUT4_F_I0_LUT4_I1_F_DFFC_D_Q_LUT3_I0_F_DFFCE_CE_Q_LUT2_F_I1_LUT4_F_I2_ALU_I0_COUT_ALU_CIN_SUM_ALU_SUM_COUT_ALU_CIN_COUT_ALU_CIN_COUT_ALU_CIN_COUT_ALU_CIN_COUT_ALU_CIN_COUT_ALU_CIN_COUT_ALU_CIN_COUT_ALU_CIN_SUM_LUT4_F_I0_LUT3_I0_F[1]' is routed using segments.
Info:     'bridge.p2.cs_n_LUT4_I0_1_F_DFFCE_CE_Q_DFFC_D_Q_DFFC_D_Q_DFFCE_Q_CE_LUT4_F_I3_LUT2_F_I0_LUT2_I0_F_DFFCE_CE_Q_LUT3_F_I2_LUT3_I2_F_LUT4_I3_F[0]' is routed using segments.
Info:     'O_psram_reset_n_OBUF_O_I_LUT4_F_I2_LUT3_I0_F_LUT3_I1_F_LUT3_I2_I1_LUT4_F_I3_LUT2_I1_F_LUT4_I3_F_LUT3_F_I2_LUT3_I2_F_LUT2_F_I1_LUT4_I3_F_LUT4_I3_F_LUT4_I3_F_DFFCE_CE_Q_LUT2_I0_F_LUT3_F_1_I2_LUT4_F_1_I3_LUT4_F_I1_DFFCE_Q_D_LUT2_F_I1_LUT4_F_I1[2]' is routed using segments.
Info:     'O_psram_reset_n_OBUF_O_I_LUT4_F_I2_LUT3_I0_F_LUT3_I1_I0_LUT2_I0_I1_LUT2_I1_F_LUT4_F_I2_LUT3_I1_F_LUT4_I2_F_LUT2_F_I0_LUT3_I0_F_LUT2_F_I0_DFFC_Q_D_LUT4_F_I3_LUT4_F_I3_LUT3_I2_F[1]' is routed using segments.
Info:     'O_psram_reset_n_OBUF_O_I_LUT4_F_I2_LUT3_I0_F_LUT3_I1_I0_LUT3_I1_F[3]' is routed using segments.
Info:     'bridge.controller.head[0][1]' is routed using segments.
Info:     'bridge.p3.cs_n_LUT2_I0_F_LUT3_F_I1_ALU_I1_COUT_ALU_CIN_COUT_ALU_CIN_COUT_ALU_CIN_COUT_ALU_CIN_SUM_DFFCE_D_Q_DFFCE_Q_D_ALU_SUM_COUT_ALU_CIN_COUT_ALU_CIN_COUT_ALU_CIN_COUT_ALU_CIN_COUT_ALU_CIN_SUM_DFFCE_D_Q_ALU_I0_COUT_ALU_CIN_COUT' is routed using segments.
Info:     'bridge.p2.cs_n_LUT4_I0_1_F_DFFCE_CE_Q_DFFC_D_Q_DFFC_D_Q_DFFCE_Q_CE_LUT4_F_I3_LUT3_F_I1_LUT3_I2_F_LUT3_F_I1_LUT2_I1_F_LUT2_F_I0_DFFCE_Q_D_DFFCE_D_Q[2]' is routed using segments.
Info:     'O_psram_reset_n_OBUF_O_I_LUT4_F_I2_LUT3_I0_F_LUT3_I1_F_LUT3_I2_I1_LUT4_F_I3_LUT2_I1_F_LUT4_I3_F_LUT3_F_I2_LUT3_I2_F_LUT2_F_I1_LUT4_I3_F_LUT4_I3_F_LUT4_I3_F_DFFCE_CE_Q_LUT3_I1_F_DFFCE_CE_D_LUT2_F_I0[1]' is routed using segments.
Info:     'vit.branch_choice.0.0_DIA_3_DFF_Q_D_DFFCE_Q_D_DFFCE_Q_CE[1]' is routed using segments.
Info:     'bridge.controller.fifo1[0]_DFFE_Q_1_D_DFFCE_Q_D_LUT4_F_I3_LUT4_I3_F_DFFCE_D_Q[0]' is routed using segments.
Info:     'bridge.queue.writes.0.0_DI_1_DFF_Q_D_DFFCE_Q_D_LUT3_F_I1_LUT4_I3_F_LUT2_I0_F_LUT4_I3_F_LUT2_I0_F_LUT2_I1_I0_LUT2_I0_F_DFFCE_CE_Q_LUT3_F_1_I2_LUT3_I2_F_LUT3_I1_F_DFFCE_D_Q_DFFCE_Q_D_LUT3_I2_F' is routed using segments.
Info:     'bridge.p3.cs_n_LUT2_I0_F_LUT3_F_I1_LUT3_I1_F[2]' is routed using segments.
Info:     'bridge.p2.cs_n_LUT4_I0_1_I3_LUT2_F_I1[1]' is routed using segments.
Info:     'bridge.queue.writes.0.0_DI_1_DFF_Q_D_DFFCE_Q_D_LUT3_F_I1_LUT4_I3_F_LUT2_I0_F_LUT4_I3_F_LUT2_I0_F_LUT2_I0_F' is routed using segments.
Info:     'bridge.p2.cs_n_LUT4_I0_1_F_DFFCE_CE_Q_DFFC_D_Q_DFFC_D_Q_DFFCE_Q_CE_LUT4_F_I0_LUT4_I1_F_DFFC_D_Q[1]' is routed using segments.
Info:     'bridge.p2.cs_n_LUT4_I0_1_F_DFFCE_CE_Q_DFFC_D_Q_DFFC_D_Q_DFFCE_Q_CE_LUT4_F_I3_LUT2_F_I0_LUT2_I0_F_DFFCE_CE_Q_LUT3_F_I2_LUT3_I2_F_LUT3_I2_F_DFFCE_D_Q_LUT3_I1_F_LUT3_I2_F' is routed using segments.
Info:     'O_psram_reset_n_OBUF_O_I_LUT4_F_I2_LUT3_I0_F_LUT3_I1_I0_LUT2_I0_I1_LUT2_I1_F_LUT4_F_I2_LUT3_I1_F_LUT2_I1_F[2]' is routed using segments.
Info:     'syndrome.rom_odd.0.0_CE_DFFC_D_Q_LUT3_I2_1_F_LUT3_I2_3_F' is routed using segments.
Info:     'bridge.controller.head[1][1]' is routed using segments.
Info:     'bridge.p3.fifo.mem.0.0_DI_8_LUT3_F_I1_DFFCE_D_CE' is routed using segments.
Info:     'O_psram_reset_n_OBUF_O_I_LUT4_F_I2_LUT3_I0_F_LUT3_I1_F_LUT3_I2_I1_LUT4_F_I3_LUT2_I1_F_LUT4_I3_F_LUT3_F_I2_LUT3_I2_F_LUT2_F_I1_LUT4_I3_F_LUT4_I3_F_LUT4_I3_F_DFFCE_CE_Q_LUT3_I1_F_DFFCE_CE_Q_DFFCE_Q_D_ALU_SUM_COUT_ALU_CIN_SUM_DFFCE_Q_D_LUT4_F_I3_LUT4_I3_F_DFFCE_D_Q[3]' is routed using segments.
Info:     'O_psram_reset_n_OBUF_O_I_LUT4_F_I2_LUT3_I0_F_LUT3_I1_F_LUT3_I2_I1_LUT4_F_I3_LUT2_I1_F_LUT4_I3_F_LUT3_F_I2_LUT3_I2_F_LUT2_F_I1_LUT4_I3_F_LUT4_I3_F_LUT4_I3_F_DFFCE_CE_Q_LUT3_I1_F_DFFCE_CE_Q_DFFCE_Q_D_ALU_SUM_COUT_ALU_CIN_SUM_DFFCE_Q_D_LUT4_F_I3_LUT4_I3_F_DFFCE_D_Q[2]' is routed using segments.
Info:     'syndrome.rom_odd.0.0_AD_8_DFFCE_D_Q_DFFCE_Q_D_LUT2_I1_F_DFFCE_CE_1_Q[1]' is routed using segments.
Info:     'chien.locator_DFFE_Q_1_D_LUT3_F_I1[2]' is routed using segments.
Info:     'bridge.queue.writes.0.0_DO_15_LUT4_I2_F_LUT3_F_I1_DFFCE_D_Q_LUT2_F_I1_DFFCE_Q_D_LUT2_F_I1_ALU_SUM_COUT_ALU_CIN_COUT_ALU_CIN_COUT_ALU_CIN_COUT_ALU_CIN_COUT_ALU_CIN_COUT_ALU_CIN_COUT_LUT4_I1_F' is routed using segments.
Info:     'O_psram_reset_n_OBUF_O_I_LUT4_F_I2_LUT3_I0_F_LUT3_I1_F_LUT3_I2_I1_LUT4_F_I3_LUT2_I1_F_LUT4_I3_F_LUT3_F_I2_LUT3_I2_F_LUT2_F_I1_LUT4_I3_F_LUT4_I3_F_LUT4_I3_F_DFFCE_CE_Q_LUT2_I0_F_LUT3_F_1_I2_LUT3_F_I2_LUT4_F_1_I1[2]' is routed using segments.
Info:     'bridge.p2.cs_n_LUT4_I0_1_F_DFFCE_CE_Q_DFFC_D_Q_DFFC_D_Q_DFFCE_Q_CE_LUT4_F_I3_LUT2_F_I1_LUT2_I0_F' is routed using segments.
Info:     'O_psram_reset_n_OBUF_O_I_LUT4_F_I2_LUT3_I0_F_LUT3_I1_F_LUT3_I2_I1_LUT4_F_I3_LUT2_I1_F_LUT4_I3_F_LUT3_F_I2_LUT3_I2_F_LUT2_F_I1_LUT4_I3_F_LUT4_I3_F_LUT4_I3_F_DFFCE_CE_Q_LUT3_I1_F_DFFCE_CE_Q_DFFCE_Q_D_ALU_SUM_COUT_ALU_CIN_SUM[1]' is routed using segments.
Info:     'O_psram_reset_n_OBUF_O_I_LUT4_F_I2_LUT3_I0_F_LUT3_I1_I0_LUT3_I1_I2_LUT3_I2_I1_LUT3_I2_I1_LUT4_I2_F' is routed using segments.
Info:     'syndrome.rom_odd.0.0_CE_DFFC_D_Q_LUT3_I2_1_F_LUT3_I2_F' is routed using segments.
Info:     'O_psram_reset_n_OBUF_O_I_LUT4_F_I2_LUT3_I0_F_LUT3_I1_I0_LUT2_I0_F_LUT4_I3_F_LUT4_I3_F_DFFC_D_Q[1]' is routed using segments.
Info:     'syndrome.rom_odd.0.0_CE_DFFC_D_Q_LUT3_I2_F_LUT3_I2_3_F' is routed using segments.
Info:     'syndrome.rom_even.0.0_AD_1_LUT4_F_I3_LUT4_F_1_I3[1]' is routed using segments.
Info:     'vit.metrics[2]_DFFE_Q_9_D_LUT4_F_I2_ALU_SUM_I0_LUT3_F_I1_DFFCE_Q_D_LUT2_F_I0_ALU_SUM_COUT_ALU_CIN_COUT_ALU_CIN_COUT_ALU_CIN_SUM_LUT2_I0_F_DFFCE_D_1_Q_LUT3_I1_F' is routed using segments.
Info:     'vit.metrics[2]_DFFE_Q_9_D_LUT4_F_I2_ALU_SUM_I0_LUT3_F_I1_DFFCE_Q_D_LUT2_F_I0_ALU_SUM_COUT_ALU_CIN_COUT_ALU_CIN_COUT_ALU_CIN_COUT_ALU_CIN_SUM_LUT2_I0_F_DFFCE_D_Q_LUT3_I1_F' is routed using segments.
Info:     'syndrome.rom_odd.0.0_AD_8_DFFCE_D_Q_DFFCE_Q_D_LUT2_I1_F_DFFCE_CE_D_LUT2_F_I0_ALU_SUM_CIN_ALU_COUT_SUM_LUT2_I0_F_DFFCE_D_Q_LUT3_I1_F[2]' is routed using segments.
Info:     'syndrome.rom_odd.0.0_AD_8_DFFCE_D_Q_DFFCE_Q_D_LUT2_I1_F_DFFCE_CE_D_LUT2_F_I0_ALU_SUM_CIN_ALU_COUT_SUM_LUT2_I0_F_DFFCE_D_Q_LUT3_I1_F[3]' is routed using segments.

Info: Routing..
Info: Setting up routing queue.
Info: Routing 27161 arcs.
Info:            |   (re-)routed arcs  |   delta    | remaining|       time spent     |
Info:    IterCnt |  w/ripup   wo/ripup |  w/r  wo/r |      arcs| batch(sec) total(sec)|
Info:       1000 |       20        979 |   20   979 |     26183|       0.67       0.67|
Info:       2000 |       47       1877 |   27   898 |     25213|       0.31       0.99|
Info:       3000 |       59       2697 |   12   820 |     24231|       0.21       1.19|
Info:       4000 |       67       3654 |    8   957 |     23247|       0.16       1.35|
Info:       5000 |       69       4591 |    2   937 |     22249|       0.33       1.68|
Info:       6000 |       69       5512 |    0   921 |     21249|       0.35       2.04|
Info:       7000 |       71       6430 |    2   918 |     20252|       0.32       2.36|
Info:       8000 |       73       7348 |    2   918 |     19254|       0.33       2.69|
Info:       9000 |       75       8288 |    2   940 |     18256|       0.41       3.10|
Info:      10000 |       79       9219 |    4   931 |     17262|       0.39       3.49|
Info:      11000 |       84      10138 |    5   919 |     16273|       0.38       3.87|
Info:      12000 |       87      11054 |    3   916 |     15278|       0.38       4.25|
Info:      13000 |       90      11962 |    3   908 |     14281|       0.40       4.65|
Info:      14000 |      101      12883 |   11   921 |     13297|       0.40       5.05|
Info:      15000 |      116      13799 |   15   916 |     12317|       0.49       5.54|
Info:      16000 |      140      14690 |   24   891 |     11344|       0.50       6.04|
Info:      17000 |      160      15596 |   20   906 |     10366|       0.52       6.56|
Info:      18000 |      194      16484 |   34   888 |      9405|       0.56       7.12|
Info:      19000 |      227      17370 |   33   886 |      8447|       0.58       7.69|
Info:      20000 |      266      18278 |   39   908 |      7490|       0.63       8.32|
Info:      21000 |      316      19161 |   50   883 |      6573|       0.71       9.03|
Info:      22000 |      382      20027 |   66   866 |      5687|       0.71       9.74|
Info:      23000 |      454      20893 |   72   866 |      4781|       0.74      10.48|
Info:      24000 |      546      21737 |   92   844 |      3918|       0.87      11.34|
Info:      25000 |      651      22572 |  105   835 |      3056|       0.88      12.22|
Info:      26000 |      781      23366 |  130   794 |      2236|       1.09      13.31|
Info:      27000 |      907      24173 |  126   807 |      1420|       0.96      14.27|
Info:      28000 |     1078      24956 |  171   783 |       677|       1.15      15.41|
Info:      29000 |     1281      25713 |  203   757 |        16|       1.33      16.74|
Info:      29015 |     1281      25728 |    0    15 |         0|       0.08      16.82|
Info: Routing complete.
Info: Router1 time 16.82s
Info: Checksum: 0x7bfca5ff

Info: Critical path report for clock 'bridge.p3.spi_clk' (posedge -> posedge):
Info:       type curr  total name
Info:   clk-to-q  0.46  0.46 Source bridge.p3.cs_n_LUT2_I0_I1_DFFC_Q.Q
Info:    routing  2.41  2.87 Net bridge.p3.cs_n_LUT2_I0_F_LUT3_F_I1_LUT3_I1_1_F[0] (37,17) -> (17,16)
Info:                          Sink bridge.p3.cs_n_LUT2_I0_F_LUT3_F_I1_LUT3_I1_1_F_LUT4_I3.I0
Info:                          Defined in:
Info:                               /workspace/scratch/5bc736d51023/tooling/oss-cad-suite/lib/../share/yosys/gowin/cells_map.v:130.20-130.21
Info:      logic  1.03  3.90 Source bridge.p3.cs_n_LUT2_I0_F_LUT3_F_I1_LUT3_I1_1_F_LUT4_I3.F
Info:    routing  0.81  4.70 Net bridge.p3.cs_n_LUT2_I0_F_LUT3_F_I1_LUT3_I1_1_F_LUT4_I3_F (17,16) -> (17,15)
Info:                          Sink bridge.p3.cs_n_LUT2_I0_F_LUT3_F_I1_DFFCE_Q.CE
Info:      setup  0.04  4.74 Source bridge.p3.cs_n_LUT2_I0_F_LUT3_F_I1_DFFCE_Q.CE
Info: 1.53 ns logic, 3.21 ns routing

Info: Critical path report for clock 'bridge.p2.spi_clk' (posedge -> posedge):
Info:       type curr  total name
Info:   clk-to-q  0.46  0.46 Source bridge.p2.fifo.mem.0.0_DI_32_LUT2_F_I0_LUT4_I3_I1_ALU_I1_COUT_ALU_CIN_COUT_ALU_CIN_SUM_DFFCE_D.Q
Info:    routing  0.41  0.87 Net bridge.p2.fifo.mem.0.0_DI_32_LUT2_F_I0_LUT4_F_I2[1] (28,16) -> (28,16)
Info:                          Sink bridge.p2.fifo.mem.0.0_DI_32_LUT2_F_I0_LUT4_F.I1
Info:                          Defined in:
Info:                               /workspace/scratch/5bc736d51023/tooling/oss-cad-suite/lib/../share/yosys/gowin/cells_map.v:130.20-130.21
Info:      logic  1.10  1.97 Source bridge.p2.fifo.mem.0.0_DI_32_LUT2_F_I0_LUT4_F.F
Info:    routing  0.89  2.86 Net bridge.p2.fifo.mem.0.0_DI_32_LUT2_F_I0[0] (28,16) -> (29,17)
Info:                          Sink bridge.p2.fifo.mem.0.0_DI_32_LUT2_F_I0_LUT4_I3.I3
Info:                          Defined in:
Info:                               /workspace/scratch/5bc736d51023/tooling/oss-cad-suite/lib/../share/yosys/gowin/cells_map.v:130.20-130.21
Info:      logic  0.62  3.48 Source bridge.p2.fifo.mem.0.0_DI_32_LUT2_F_I0_LUT4_I3.F
Info:    routing  1.76  5.25 Net bridge.p2.fifo.mem.0.0_DI_32_LUT2_F_I0_LUT4_I3_F[2] (29,17) -> (37,23)
Info:                          Sink bridge.p2.cs_n_LUT4_I0.I2
Info:                          Defined in:
Info:                               /workspace/scratch/5bc736d51023/tooling/oss-cad-suite/lib/../share/yosys/gowin/cells_map.v:130.20-130.21
Info:      logic  0.82  6.07 Source bridge.p2.cs_n_LUT4_I0.F
Info:    routing  0.81  6.88 Net bridge.p2.cs_n_LUT4_I0_F[1] (37,23) -> (36,23)
Info:                          Sink bridge.p2.fifo.mem.0.0_ADA_DFFCE_Q.CE
Info:                          Defined in:
Info:                               /workspace/scratch/5bc736d51023/tooling/oss-cad-suite/lib/../share/yosys/gowin/cells_map.v:130.20-130.21
Info:      setup  0.04  6.92 Source bridge.p2.fifo.mem.0.0_ADA_DFFCE_Q.CE
Info: 3.05 ns logic, 3.87 ns routing

Info: Critical path report for clock 'bridge.clk' (posedge -> posedge):
Info:       type curr  total name
Info:   clk-to-q  0.46  0.46 Source vit.decoded_mem.0.0_ADA_2_DFF_Q_1_D_DFFCE_Q_D_LUT1_F_I0_ALU_I1_COUT_ALU_CIN_SUM_LUT2_I0_F_DFFCE_D_Q_LUT4_I0_F_LUT4_I2_F_DFFCE_D_Q_LUT3_I1_F_DFFCE_CE_1.Q
Info:    routing  1.28  1.74 Net vit.decoded_mem.0.0_ADA_2_DFF_Q_1_D_DFFCE_Q_D_LUT1_F_I0_ALU_I1_COUT_ALU_CIN_SUM_LUT2_I0_F_DFFCE_D_Q_LUT4_I0_F_LUT4_I2_F_DFFCE_D_Q_LUT3_I1_F_DFFCE_CE_1_Q[2] (16,10) -> (14,8)
Info:                          Sink vit.decoded_mem.0.0_DIA_1_DFF_Q_D_DFFCE_Q_D_LUT4_F_I1_LUT4_F_I0_LUT4_I1_I3_LUT4_F_I3_LUT4_F_I3_LUT4_F.I2
Info:                          Defined in:
Info:                               /workspace/scratch/5bc736d51023/tooling/oss-cad-suite/lib/../share/yosys/gowin/cells_map.v:130.20-130.21
Info:      logic  0.82  2.56 Source vit.decoded_mem.0.0_DIA_1_DFF_Q_D_DFFCE_Q_D_LUT4_F_I1_LUT4_F_I0_LUT4_I1_I3_LUT4_F_I3_LUT4_F_I3_LUT4_F.F
Info:    routing  1.22  3.78 Net vit.decoded_mem.0.0_DIA_1_DFF_Q_D_DFFCE_Q_D_LUT4_F_I1_LUT4_F_I0_LUT4_I1_I3_LUT4_F_I3_LUT4_F_I3[1] (14,8) -> (13,10)
Info:                          Sink vit.decoded_mem.0.0_DIA_1_DFF_Q_D_DFFCE_Q_D_LUT4_F_I1_LUT4_F_I0_LUT4_I1_I3_LUT4_F_I3_LUT4_F.I1
Info:                          Defined in:
Info:                               /workspace/scratch/5bc736d51023/tooling/oss-cad-suite/lib/../share/yosys/gowin/cells_map.v:130.20-130.21
Info:      logic  1.10  4.88 Source vit.decoded_mem.0.0_DIA_1_DFF_Q_D_DFFCE_Q_D_LUT4_F_I1_LUT4_F_I0_LUT4_I1_I3_LUT4_F_I3_LUT4_F.F
Info:    routing  0.33  5.20 Net vit.decoded_mem.0.0_DIA_1_DFF_Q_D_DFFCE_Q_D_LUT4_F_I1_LUT4_F_I0_LUT4_I1_I3_LUT4_F_I3[3] (13,10) -> (13,10)
Info:                          Sink vit.decoded_mem.0.0_DIA_1_DFF_Q_D_DFFCE_Q_D_LUT4_F_I1_LUT4_F_I0_LUT4_I1_I3_LUT4_F.I3
Info:                          Defined in:
Info:                               /workspace/scratch/5bc736d51023/tooling/oss-cad-suite/lib/../share/yosys/gowin/cells_map.v:130.20-130.21
Info:      logic  0.62  5.83 Source vit.decoded_mem.0.0_DIA_1_DFF_Q_D_DFFCE_Q_D_LUT4_F_I1_LUT4_F_I0_LUT4_I1_I3_LUT4_F.F
Info:    routing  0.41  6.24 Net vit.decoded_mem.0.0_DIA_1_DFF_Q_D_DFFCE_Q_D_LUT4_F_I1_LUT4_F_I0_LUT4_I1_I3[3] (13,10) -> (14,10)
Info:                          Sink vit.decoded_mem.0.0_DIA_1_DFF_Q_D_DFFCE_Q_D_LUT4_F_I1_LUT4_F_I0_LUT4_I1.I3
Info:                          Defined in:
Info:                               /workspace/scratch/5bc736d51023/tooling/oss-cad-suite/lib/../share/yosys/gowin/cells_map.v:130.20-130.21
Info:      logic  0.62  6.87 Source vit.decoded_mem.0.0_DIA_1_DFF_Q_D_DFFCE_Q_D_LUT4_F_I1_LUT4_F_I0_LUT4_I1.F
Info:    routing  0.41  7.28 Net vit.decoded_mem.0.0_DIA_1_DFF_Q_D_DFFCE_Q_D_LUT4_F_I1_LUT4_F_I0_LUT4_I1_F[2] (14,10) -> (14,10)
Info:                          Sink vit.decoded_mem.0.0_DIA_1_DFF_Q_D_DFFCE_Q_D_LUT4_F_I3_LUT4_F_I2_LUT4_F.I2
Info:                          Defined in:
Info:                               /workspace/scratch/5bc736d51023/tooling/oss-cad-suite/lib/../share/yosys/gowin/cells_map.v:130.20-130.21
Info:      logic  0.82  8.10 Source vit.decoded_mem.0.0_DIA_1_DFF_Q_D_DFFCE_Q_D_LUT4_F_I3_LUT4_F_I2_LUT4_F.F
Info:    routing  0.81  8.91 Net vit.decoded_mem.0.0_DIA_1_DFF_Q_D_DFFCE_Q_D_LUT4_F_I3_LUT4_F_I2[2] (14,10) -> (14,12)
Info:                          Sink vit.decoded_mem.0.0_DIA_1_DFF_Q_D_DFFCE_Q_D_LUT4_F_I3_LUT4_F.I2
Info:                          Defined in:
Info:                               /workspace/scratch/5bc736d51023/tooling/oss-cad-suite/lib/../share/yosys/gowin/cells_map.v:130.20-130.21
Info:      logic  0.82  9.73 Source vit.decoded_mem.0.0_DIA_1_DFF_Q_D_DFFCE_Q_D_LUT4_F_I3_LUT4_F.F
Info:    routing  0.41  10.14 Net vit.decoded_mem.0.0_DIA_1_DFF_Q_D_DFFCE_Q_D_LUT4_F_I3[3] (14,12) -> (14,11)
Info:                          Sink vit.decoded_mem.0.0_DIA_1_DFF_Q_D_DFFCE_Q_D_LUT4_F.I3
Info:                          Defined in:
Info:                               /workspace/scratch/5bc736d51023/tooling/oss-cad-suite/lib/../share/yosys/gowin/cells_map.v:130.20-130.21
Info:      logic  0.62  10.77 Source vit.decoded_mem.0.0_DIA_1_DFF_Q_D_DFFCE_Q_D_LUT4_F.F
Info:    routing  0.00  10.77 Net vit.decoded_mem.0.0_DIA_1_DFF_Q_D_DFFCE_Q_D (14,11) -> (14,11)
Info:                          Sink vit.decoded_mem.0.0_DIA_1_DFF_Q_D_DFFCE_Q.D
Info:      setup  0.40  11.16 Source vit.decoded_mem.0.0_DIA_1_DFF_Q_D_DFFCE_Q.D
Info: 6.30 ns logic, 4.87 ns routing

Info: Max frequency for clock 'bridge.p3.spi_clk': 210.75 MHz (PASS at 80.00 MHz)
Info: Max frequency for clock 'bridge.p2.spi_clk': 144.53 MHz (PASS at 80.00 MHz)
ERROR: Max frequency for clock        'bridge.clk': 89.57 MHz (FAIL at 99.00 MHz)

Info: Slack histogram:
Info:  legend: * represents 4 endpoint(s)
Info:          + represents [1,4) endpoint(s)
Info: [ -1063,   -450) |+
Info: [  -450,    163) |+
Info: [   163,    776) |+
Info: [   776,   1389) |+
Info: [  1389,   2002) |*+
Info: [  2002,   2615) |***+
Info: [  2615,   3228) |***+
Info: [  3228,   3841) |**********************************+
Info: [  3841,   4454) |***********************************************************+
Info: [  4454,   5067) |***********************+
Info: [  5067,   5680) |******************************************************+
Info: [  5680,   6293) |************************************************************ 
Info: [  6293,   6906) |*************************************+
Info: [  6906,   7519) |**************************+
Info: [  7519,   8132) |******************************+
Info: [  8132,   8745) |****************+
Info: [  8745,   9358) |********+
Info: [  9358,   9971) |****+
Info: [  9971,  10584) |***+
Info: [ 10584,  11197) |**+

0 warnings, 1 error

Info: Program finished normally.
