Info: Using uarch 'gowin' for device 'GW1NR-LV9QN88PC6/I5'
Info: constraining clock net 'clocking.clk27' to 27.00 MHz
Info: constraining clock net 'bridge.clk' to 90.00 MHz
Info: constraining clock net 'bridge.clk_ck' to 90.00 MHz
Info: constraining clock net 'bridge.p2.spi_clk' to 80.00 MHz
Info: constraining clock net 'bridge.p3.spi_clk' to 80.00 MHz

Info: Reading constraints...
Info: Create constant nets...
Info: Modify LUTs...
Info: Pack IOBs...
Info: Pack I3C IOs...
Info: Pack MIPI IOs...
Info: Pack diff IOBs...
Info: Pack FFs into IO cells...
Info: Pack IODELAY...
Info: Pack Input Edge Monitors...
Info: Pack IO logic...
Info: Pack DESER16 logic...
Info: Pack GSR...
Info: Pack HCLK cells...
Info: Pack DLLDLYs...
Info: Pack wide LUTs...
Info: Packed MUX2_LUT8:0, MUX2_LU7:0, MUX2_LUT6:0, MUX2_LUT5:0
Info: Pack ALUs...
Info: Pack SSRAMs...
Info: Constrained 1575 LUTFF pairs.
Info: Pack PLL...
Info: Pack ADC...
Info: Pack GW JTAG...
Info: Pack BSRAMs...
Info: Pack DSP...
Info: Pack INV...
Info: Pack buffered nets...
Info: Pack EMCU and UserFlash cells...
Info: Pack UserFlash cells...
Info: Pack DQCE cells...
Info: Pack DCS cells...
Info: Checksum: 0x8dbaa046

Info: Device utilisation:
Info: 	                 VCC:       1/      1   100%
Info: 	                 IOB:      27/    276     9%
Info: 	                LUT4:    6349/   8640    73%
Info: 	              OSER16:       0/     80     0%
Info: 	              IDES16:       0/     80     0%
Info: 	            IOLOGICI:      18/    276     6%
Info: 	            IOLOGICO:      24/    276     8%
Info: 	           MUX2_LUT5:       0/   4320     0%
Info: 	           MUX2_LUT6:       0/   2160     0%
Info: 	           MUX2_LUT7:       0/   1080     0%
Info: 	           MUX2_LUT8:       0/   1080     0%
Info: 	                 ALU:    2270/   6480    35%
Info: 	                 GND:       1/      1   100%
Info: 	                 DFF:    3442/   6480    53%
Info: 	           RAM16SDP4:       0/    270     0%
Info: 	               BSRAM:      10/     26    38%
Info: 	              ALU54D:       0/     10     0%
Info: 	     MULTADDALU18X18:       0/     10     0%
Info: 	        MULTALU18X18:       0/     10     0%
Info: 	        MULTALU36X18:       0/     10     0%
Info: 	           MULT36X36:       0/      5     0%
Info: 	           MULT18X18:       2/     20    10%
Info: 	             MULT9X9:       0/     40     0%
Info: 	              PADD18:       0/     20     0%
Info: 	               PADD9:       0/     40     0%
Info: 	                 GSR:       1/      1   100%
Info: 	                 OSC:       0/      1     0%
Info: 	                rPLL:       1/      2    50%
Info: 	           FLASH608K:       0/      1     0%
Info: 	                BUFG:       2/     22     9%
Info: 	                DQCE:       0/     24     0%
Info: 	                 DCS:       0/      8     0%
Info: 	               DHCEN:       0/     24     0%
Info: 	              CLKDIV:       0/      8     0%
Info: 	             CLKDIV2:       0/     16     0%
Info: 	           MIPI_IBUF:       0/     22     0%
Info: 	           MIPI_OBUF:       0/     20     0%

Info: Running custom HCLK placer...
Info: Placed 0 cells based on constraints.
Info: Creating initial analytic placement for 6156 cells, random placement wirelen = 255341.
Info:     at initial placer iter 0, wirelen = 3588
Info:     at initial placer iter 1, wirelen = 2955
Info:     at initial placer iter 2, wirelen = 3150
Info:     at initial placer iter 3, wirelen = 2993
Info: Running main analytical placer, max placement attempts per cell = 18525784.
Info:     at iteration #1, type ALL: wirelen solved = 3164, spread = 75519, legal = 201360; time = 5.88s
Info:     at iteration #2, type ALL: wirelen solved = 5941, spread = 59948, legal = 154352; time = 5.95s
Info:     at iteration #3, type ALL: wirelen solved = 9139, spread = 55528, legal = 162570; time = 4.49s
Info:     at iteration #4, type ALL: wirelen solved = 10279, spread = 57810, legal = 157913; time = 3.85s
Info:     at iteration #5, type ALL: wirelen solved = 12444, spread = 48015, legal = 139071; time = 3.06s
Info:     at iteration #6, type ALL: wirelen solved = 13344, spread = 53543, legal = 135618; time = 2.69s
Info:     at iteration #7, type ALL: wirelen solved = 15713, spread = 43834, legal = 123900; time = 2.93s
Info:     at iteration #8, type ALL: wirelen solved = 17596, spread = 51864, legal = 108222; time = 1.65s
Info:     at iteration #9, type ALL: wirelen solved = 18677, spread = 44414, legal = 87688; time = 2.33s
Info:     at iteration #10, type ALL: wirelen solved = 19943, spread = 43000, legal = 99320; time = 2.23s
Info:     at iteration #11, type ALL: wirelen solved = 21298, spread = 50919, legal = 104785; time = 2.37s
Info:     at iteration #12, type ALL: wirelen solved = 22956, spread = 44851, legal = 92724; time = 2.41s
Info:     at iteration #13, type ALL: wirelen solved = 23102, spread = 46656, legal = 98259; time = 2.09s
Info:     at iteration #14, type ALL: wirelen solved = 25491, spread = 47114, legal = 96214; time = 2.02s
Info: HeAP Placer Time: 44.92s
Info:   of which solving equations: 1.82s
Info:   of which spreading cells: 0.23s
Info:   of which strict legalisation: 42.29s

Info: Running simulated annealing placer for refinement.
Info:   at iteration #1: temp = 0.000000, timing cost = 127, wirelen = 87688
Info:   at iteration #5: temp = 0.000000, timing cost = 82, wirelen = 63441
Info:   at iteration #10: temp = 0.000000, timing cost = 104, wirelen = 58548
Info:   at iteration #15: temp = 0.000000, timing cost = 71, wirelen = 56402
Info:   at iteration #20: temp = 0.000000, timing cost = 65, wirelen = 55189
Info:   at iteration #25: temp = 0.000000, timing cost = 71, wirelen = 54586
Info:   at iteration #30: temp = 0.000000, timing cost = 69, wirelen = 54395
Info:   at iteration #35: temp = 0.000000, timing cost = 73, wirelen = 54336
Info:   at iteration #35: temp = 0.000000, timing cost = 73, wirelen = 54342 
Info: SA placement time 21.71s

Info: Max frequency for clock 'bridge.p3.spi_clk': 177.02 MHz (PASS at 80.00 MHz)
Info: Max frequency for clock 'bridge.p2.spi_clk': 166.69 MHz (PASS at 80.00 MHz)
Info: Max frequency for clock        'bridge.clk': 91.37 MHz (PASS at 90.00 MHz)

Info: Max delay posedge bridge.clk        -> posedge bridge.p2.spi_clk: 3.43 ns
Info: Max delay posedge bridge.clk        -> posedge bridge.p3.spi_clk: 2.16 ns
Info: Max delay posedge bridge.p2.spi_clk -> posedge bridge.clk       : 1.66 ns
Info: Max delay posedge bridge.p3.spi_clk -> posedge bridge.clk       : 1.06 ns

Info: Slack histogram:
Info:  legend: * represents 8 endpoint(s)
Info:          + represents [1,8) endpoint(s)
Info: [   167,    741) |+
Info: [   741,   1315) | 
Info: [  1315,   1889) |+
Info: [  1889,   2463) |+
Info: [  2463,   3037) |+
Info: [  3037,   3611) |*******+
Info: [  3611,   4185) |**************+
Info: [  4185,   4759) |**********+
Info: [  4759,   5333) |**********+
Info: [  5333,   5907) |**********************+
Info: [  5907,   6481) |***************************+
Info: [  6481,   7055) |********************************************+
Info: [  7055,   7629) |************************ 
Info: [  7629,   8203) |*********************************+
Info: [  8203,   8777) |**********************************+
Info: [  8777,   9351) |************************************************************ 
Info: [  9351,   9925) |*************************************+
Info: [  9925,  10499) |***********************************************************+
Info: [ 10499,  11073) |*************+
Info: [ 11073,  11647) |*****+
Info: Checksum: 0xdb6b0c1d
Info: Routing globals...
Info:     'bridge.p3.spi_clk' net was routed.
Info:     'bridge.p2.spi_clk' net was routed.
Info:     'clocking.clk27' net was routed using global resources only.
Info:     'bridge.clk_ck' net was routed using global resources only.
Info:     'bridge.clk' net was routed using global resources only.
Info:     'metric.abs_q_DFFE_Q_14_D[2]' is routed using segments.
Info:     'O_psram_reset_n_OBUF_O_I_LUT4_F_I2_DFFC_Q_D_LUT3_F_I0_LUT3_I0_F_LUT4_F_I1_LUT3_I1_F_LUT3_I2_F_LUT3_F_I2_LUT3_I2_F_LUT2_F_1_I1_LUT2_I1_F_LUT3_I2_F_LUT4_I3_F_LUT3_I2_F_DFFCE_CE_Q_LUT3_I1_F_DFFCE_CE_Q_DFFCE_Q_D_ALU_SUM_COUT_ALU_CIN_SUM_DFFCE_Q_D_LUT4_F_I3_LUT4_I3_F_DFFCE_D_Q[2]' is routed using segments.
Info:     'vit.metrics[5]_DFFE_Q_4_D_LUT4_F_I2_ALU_SUM_I0_LUT3_F_I1_DFFCE_Q_D_LUT3_F_I1_DFFCE_Q_D_ALU_SUM_COUT_ALU_CIN_SUM_DFFCE_D_Q_LUT3_I0_F' is routed using segments.
Info:     'vit.metrics[5]_DFFE_Q_4_D_LUT4_F_I2_ALU_SUM_I0_LUT3_F_I1_DFFCE_Q_D_LUT3_F_I1_DFFCE_Q_D_ALU_SUM_CIN_ALU_COUT_CIN_ALU_COUT_CIN_ALU_COUT_CIN_ALU_COUT_CIN_ALU_COUT_SUM_DFFCE_D_1_Q_LUT3_I1_1_F' is routed using segments.
Info:     'vit.metrics[5]_DFFE_Q_4_D_LUT4_F_I2_ALU_SUM_I0_LUT3_F_I1_DFFCE_Q_D_LUT3_F_I1_DFFCE_Q_D_ALU_SUM_CIN_ALU_COUT_CIN_ALU_COUT_CIN_ALU_COUT_SUM_DFFCE_D_1_Q_LUT3_I1_1_F' is routed using segments.
Info:     'bridge.queue.writes.0.0_DI_17_DFF_Q_D_DFFCE_Q_D_LUT3_F_I0_DFFCE_D_CE_LUT2_F_I0_LUT2_I0_F_LUT2_F_I0[0]' is routed using segments.
Info:     'bridge.queue.reads.0.0_DO_26_LUT4_I2_F_DFFCE_D_Q_DFFCE_Q_D_LUT3_F_I2_LUT4_F_I3_LUT4_F_I3_LUT4_F_I1_DFFCE_Q_D_DFFCE_Q_D_DFFCE_D_Q_LUT4_I1_F_LUT3_F_I1_LUT3_I1_I0_LUT2_I1_F_LUT4_I0_1_I1_LUT4_I2_F_DFFC_D_Q_DFFP_Q_D_LUT3_F_I2_LUT3_I2_F_LUT3_I2_1_I1[0]' is routed using segments.
Info:     'vit.metrics[5]_DFFE_Q_4_D_LUT4_F_I2_ALU_SUM_1_I0_LUT3_F_I0_DFFCE_Q_1_D_ALU_SUM_CIN_ALU_COUT_SUM_DFFCE_D_1_Q_LUT3_I1_F' is routed using segments.
Info:     'vit.metrics[5]_DFFE_Q_4_D_LUT4_F_I2_ALU_SUM_I0_LUT3_F_I1_DFFCE_Q_D_LUT3_F_I1_DFFCE_Q_D_ALU_SUM_CIN_ALU_COUT_CIN_ALU_COUT_SUM_DFFCE_D_1_Q_LUT3_I1_1_F' is routed using segments.
Info:     'bridge.queue.reads.0.0_DO_8_LUT4_I2_F_DFFCE_D_Q_DFFCE_Q_1_D_LUT4_F_I3_LUT4_I0_I3_DFFCE_D_Q_LUT3_F_I2_LUT4_F_I3_LUT4_F_I0[1]' is routed using segments.
Info:     'chien.term[6]_DFFE_Q_D_LUT4_F_I1_LUT4_I2_F_LUT4_F_1_I3_LUT3_F_1_I2_LUT3_F_I2_LUT4_F_2_I3_DFFC_Q_D_LUT2_F_I1_LUT2_F_I1_LUT3_F_I1_ALU_COUT_CIN_ALU_COUT_I1_DFFCE_Q_D_LUT3_I2_F[2]' is routed using segments.
Info:     'chien.term[1]_DFFE_Q_D_LUT3_F_I1_LUT4_I1_F_LUT4_I3_F_ALU_SUM_CIN_ALU_COUT_I1[1]' is routed using segments.
Info:     'vit.branch_choice.0.0_DIA_3_DFF_Q_D_DFFCE_Q_D_DFFCE_Q_CE[1]' is routed using segments.
Info:     'chien.term[1]_DFFE_Q_D_LUT3_F_I1_LUT4_I1_F_LUT4_I3_F_ALU_SUM_I1_ALU_I0_SUM_ALU_SUM_1_CIN_ALU_COUT_SUM_LUT4_I3_F_LUT4_I3_F_LUT2_I1_F_DFFCE_D_CE[0]' is routed using segments.
Info:     'clocking.locked_LUT2_I1_F_DFFC_CLEAR_Q_LUT4_I0_I1_LUT2_I0_F[2]' is routed using segments.
Info:     'bridge.queue.writes.0.0_DI_14_DFF_Q_D_DFFCE_Q_D_LUT3_F_I1_DFFCE_D_Q_LUT4_F_I3_DFFCE_Q_1_D_LUT4_F_I2_LUT3_F_1_I2[0]' is routed using segments.
Info:     'bridge.p2.fifo.mem.0.0_DI_8_LUT3_F_I1_LUT3_I1_F_DFFC_D_Q_LUT3_F_I2_LUT2_I1_F_LUT4_I2_F_DFFCE_CE_Q_DFFC_D_Q_DFFC_D_Q_DFFCE_Q_CE_LUT4_F_I0_LUT4_I1_I3_LUT4_I2_F_LUT4_I3_I1_LUT3_I0_F_DFFCE_D_Q_LUT3_I1_F_LUT3_I2_F' is routed using segments.
Info:     'bridge.controller.head[0][1]' is routed using segments.
Info:     'bridge.p2.fifo.mem.0.0_DI_8_LUT3_F_I1_LUT3_I1_F_DFFC_D_Q_LUT3_F_I2_LUT2_I1_F_LUT4_I2_F_DFFCE_CE_Q_DFFC_D_Q_DFFC_D_Q_DFFCE_Q_CE_LUT4_F_I0_LUT4_I1_I3_LUT3_I2_F_LUT4_I3_F' is routed using segments.
Info:     'vit.metrics[5]_DFFE_Q_4_D_LUT4_F_I2_ALU_SUM_1_I0_LUT3_F_I0_DFFCE_Q_1_D_ALU_SUM_CIN_ALU_COUT_CIN_ALU_COUT_CIN_ALU_COUT_CIN_ALU_COUT_CIN_ALU_COUT_SUM_DFFCE_D_1_Q_LUT3_I1_F' is routed using segments.
Info:     'vit.metrics[5]_DFFE_Q_4_D_LUT4_F_I2_ALU_SUM_1_I0_LUT3_F_I0_DFFCE_Q_1_D_ALU_SUM_COUT_ALU_CIN_SUM_DFFCE_D_Q_LUT3_I1_1_F' is routed using segments.
Info:     'bridge.queue.writes.0.0_DI_14_DFF_Q_D_DFFCE_Q_D_LUT3_F_I1_DFFCE_D_Q_LUT4_F_I3_DFFCE_Q_1_D_LUT4_F_I2_LUT3_I2_F_LUT3_F_I1[2]' is routed using segments.
Info:     'O_psram_reset_n_OBUF_O_I_LUT4_F_I2_DFFC_Q_D_LUT3_F_I0_LUT3_I0_F_LUT4_F_I1_LUT3_I1_F_LUT3_I2_F_LUT3_F_I2_LUT3_I2_F_LUT2_F_1_I1_LUT2_I1_F_LUT3_I2_F_LUT4_I3_F_LUT3_I2_F_DFFCE_CE_Q_LUT3_I1_F_DFFCE_CE_Q_DFFCE_Q_D_ALU_SUM_COUT_ALU_CIN_SUM_DFFCE_Q_D_LUT4_F_I3_LUT4_I3_F_DFFCE_D_Q[3]' is routed using segments.
Info:     'O_psram_reset_n_OBUF_O_I_LUT4_F_I2_DFFC_Q_D_LUT3_F_I0_LUT3_I0_F_LUT4_F_I1_LUT3_I1_F_LUT3_I2_F_LUT3_F_I2_LUT3_I2_F_LUT2_F_1_I1_LUT2_I1_F_LUT3_I2_F_LUT4_I3_F_LUT3_I2_F_DFFCE_CE_Q[3]' is routed using segments.
Info:     'chien.locator_DFFE_Q_CE' is routed using segments.
Info:     'bridge.p3.fifo.mem.0.0_DI_32_LUT2_F_I0_LUT3_I0_F_LUT3_F_I2[1]' is routed using segments.
Info:     'bridge.p2.fifo.mem.0.0_DI_8_LUT3_F_I1_LUT3_I1_F_DFFC_D_Q_LUT3_F_I2_LUT2_I1_F_LUT4_I2_F_DFFCE_CE_Q_DFFC_D_Q_DFFC_D_Q_DFFCE_Q_CE_LUT4_F_I2_LUT2_F_I1_LUT2_I0_F' is routed using segments.
Info:     'bridge.p2.fifo.mem.0.0_DI_32_LUT2_F_I0_LUT4_I3_I1_ALU_I1_COUT_ALU_CIN_COUT_ALU_CIN_COUT_ALU_CIN_COUT_ALU_CIN_SUM_DFFCE_D_Q_DFFCE_Q_D_ALU_SUM_COUT_ALU_CIN_COUT_ALU_CIN_COUT_ALU_CIN_COUT_ALU_CIN_COUT_ALU_CIN_SUM_DFFCE_D_Q_ALU_I0_COUT_ALU_CIN_COUT' is routed using segments.
Info:     'chien.locator_DFFE_Q_56_CE' is routed using segments.
Info:     'O_psram_reset_n_OBUF_O_I_LUT4_F_I2_DFFC_Q_D_LUT3_F_I0_LUT3_I1_F[3]' is routed using segments.
Info:     'bridge.queue.reads.0.0_DO_26_LUT4_I2_F_DFFCE_D_Q_DFFCE_Q_D_LUT3_F_I2_LUT4_F_I3_LUT4_F_I3_LUT4_F_I1_DFFCE_Q_D_DFFCE_Q_D_DFFCE_D_Q_LUT4_I1_F_LUT3_F_I1_LUT3_I1_F_LUT3_F_2_I0[1]' is routed using segments.
Info:     'bridge.queue.reads.0.0_DO_26_LUT4_I2_F_DFFCE_D_Q_DFFCE_Q_D_LUT3_F_I2_LUT4_F_I3_LUT4_F_I3_LUT4_F_I1_DFFCE_Q_D_DFFCE_Q_D_DFFCE_Q_D_DFFCE_D_Q_LUT3_F_1_I0[1]' is routed using segments.
Info:     'metric.abs_i_DFFE_Q_12_D_LUT3_F_I1[1]' is routed using segments.
Info:     'vit.branch_choice.0.0_DIA_3_DFF_Q_D_DFFCE_Q_D_DFFCE_Q_CE_LUT3_F_I2_LUT3_F_I0_LUT3_I0_F[1]' is routed using segments.
Info:     'metric.peak_DFFE_Q_13_D_LUT3_F_I1_LUT3_F_I2[1]' is routed using segments.
Info:     'syndrome.rom_odd.0.0_AD_8_DFFCE_D_Q_DFFCE_Q_D_LUT2_I1_F_DFFCE_CE_1_Q[1]' is routed using segments.
Info:     'bridge.queue.writes.0.0_DI_14_DFF_Q_D_DFFCE_Q_D_LUT3_F_I1_DFFCE_D_Q_LUT4_F_I3_DFFCE_Q_1_D_LUT4_F_I2_LUT3_I2_F_LUT4_F_I2[3]' is routed using segments.
Info:     'chien.locator_DFFE_Q_56_CE_LUT3_F_I2_LUT3_I2_1_F' is routed using segments.
Info:     'O_psram_reset_n_OBUF_O_I_LUT4_F_I2_DFFC_Q_D_LUT3_F_I0_LUT3_I0_F_LUT4_I3_F_LUT2_I1_F_LUT4_I3_F_DFFC_D_Q[1]' is routed using segments.
Info:     'bridge.queue.reads.0.0_DO_26_LUT4_I2_F_DFFCE_D_Q_DFFCE_Q_D_LUT3_F_I2_LUT4_F_I3_LUT4_F_I3_LUT4_F_I1_DFFCE_Q_D_DFFCE_Q_D_DFFCE_D_Q_LUT4_I1_F_LUT3_F_I1_LUT3_I1_F_LUT3_F_2_I0[2]' is routed using segments.
Info:     'syndrome.rom_odd.0.0_AD_8_DFFCE_D_Q_DFFCE_Q_D_LUT2_I1_F_DFFCE_CE_D_LUT2_F_I0_ALU_SUM_CIN_ALU_COUT_SUM_LUT2_I0_F_DFFCE_D_Q_LUT3_I1_F[3]' is routed using segments.
Info:     'bridge.controller.head[1][1]' is routed using segments.
Info:     'bridge.controller.fifo0[2]_DFFE_Q_5_D_DFFCE_Q_D_LUT4_F_I0_LUT4_I2_F_LUT3_F_I1_LUT2_I1_F_DFFC_Q_D_LUT2_F_I0[1]' is routed using segments.
Info:     'bridge.queue.writes.0.0_DO_24_LUT4_I2_F_LUT2_F_I0_DFFCE_Q_D_LUT2_F_I1_LUT4_F_I0_DFFCE_Q_CE_LUT2_F_I1_LUT3_I2_1_F' is routed using segments.
Info:     'metric.abs_i_DFFE_Q_11_D_LUT3_F_I2[1]' is routed using segments.
Info:     'bridge.queue.writes.0.0_DI_14_DFF_Q_D_DFFCE_Q_D_LUT3_F_I1_DFFCE_D_Q_LUT4_F_I3_DFFCE_Q_1_D_LUT4_F_I2_LUT3_F_I2[0]' is routed using segments.
Info:     'bridge.p3.cs_n_LUT2_I0_1_I1' is routed using segments.
Info:     'bridge.queue.writes.0.0_DI_17_DFF_Q_D_DFFCE_Q_D_LUT3_F_I0_DFFCE_D_CE_LUT2_F_I0_LUT2_I0_F_LUT2_F_I0_LUT4_I2_F_LUT4_I3_F_DFFCE_D_Q_DFFCE_Q_D_LUT3_I2_F' is routed using segments.
Info:     'bridge.queue.writes.0.0_DI_17_DFF_Q_D_DFFCE_Q_D_LUT3_F_I0_DFFCE_D_CE_LUT2_F_I0_LUT2_I0_F_LUT2_F_I0_LUT4_I2_F_LUT3_I2_F[0]' is routed using segments.
Info:     'bridge.p2.fifo.mem.0.0_DI_8_LUT3_F_I1_LUT3_I1_F_DFFC_D_Q_LUT3_F_I2_LUT2_I1_F_LUT4_I2_F_DFFCE_CE_Q_DFFC_D_Q_DFFC_D_Q_DFFCE_Q_CE_LUT4_F_I0_LUT4_I1_I3_LUT4_I2_F_LUT4_I3_F[0]' is routed using segments.
Info:     'syndrome.rom_even.0.0_AD_3_LUT4_F_I3_LUT4_F_1_I3[1]' is routed using segments.
Info:     'syndrome.rom_even.0.0_AD_2_LUT4_F_I3_LUT4_F_1_I3[1]' is routed using segments.
Info:     'chien.locator_DFFE_Q_1_D_LUT3_F_I1[2]' is routed using segments.

Info: Routing..
Info: Setting up routing queue.
Info: Routing 29022 arcs.
Info:            |   (re-)routed arcs  |   delta    | remaining|       time spent     |
Info:    IterCnt |  w/ripup   wo/ripup |  w/r  wo/r |      arcs| batch(sec) total(sec)|
Info:       1000 |       33        966 |   33   966 |     28061|       0.73       0.73|
Info:       2000 |       90       1909 |   57   943 |     27129|       0.45       1.18|
Info:       3000 |      113       2760 |   23   851 |     26154|       0.32       1.50|
Info:       4000 |      123       3548 |   10   788 |     25164|       0.19       1.69|
Info:       5000 |      125       4476 |    2   928 |     24166|       0.14       1.84|
Info:       6000 |      132       5410 |    7   934 |     23174|       0.30       2.14|
Info:       7000 |      133       6347 |    1   937 |     22175|       0.36       2.50|
Info:       8000 |      136       7288 |    3   941 |     21178|       0.40       2.89|
Info:       9000 |      139       8226 |    3   938 |     20181|       0.37       3.27|
Info:      10000 |      142       9158 |    3   932 |     19185|       0.39       3.65|
Info:      11000 |      148      10084 |    6   926 |     18192|       0.45       4.10|
Info:      12000 |      154      11011 |    6   927 |     17198|       0.43       4.53|
Info:      13000 |      159      11939 |    5   928 |     16204|       0.43       4.97|
Info:      14000 |      170      12862 |   11   923 |     15218|       0.50       5.47|
Info:      15000 |      178      13797 |    8   935 |     14229|       0.51       5.98|
Info:      16000 |      188      14711 |   10   914 |     13244|       0.52       6.49|
Info:      17000 |      202      15628 |   14   917 |     12259|       0.55       7.04|
Info:      18000 |      246      16525 |   44   897 |     11312|       0.63       7.67|
Info:      19000 |      279      17424 |   33   899 |     10348|       0.69       8.37|
Info:      20000 |      313      18321 |   34   897 |      9391|       0.66       9.03|
Info:      21000 |      372      19203 |   59   882 |      8473|       0.76       9.79|
Info:      22000 |      431      20093 |   59   890 |      7543|       0.78      10.57|
Info:      23000 |      533      20938 |  102   845 |      6693|       0.93      11.50|
Info:      24000 |      623      21803 |   90   865 |      5797|       0.91      12.41|
Info:      25000 |      744      22644 |  121   841 |      4951|       1.11      13.52|
Info:      26000 |      869      23467 |  125   823 |      4159|       1.10      14.62|
Info:      27000 |     1035      24241 |  166   774 |      3409|       1.22      15.84|
Info:      28000 |     1231      24992 |  196   751 |      2665|       1.30      17.14|
Info:      29000 |     1445      25741 |  214   749 |      2000|       1.45      18.59|
Info:      30000 |     1682      26469 |  237   728 |      1330|       1.55      20.13|
Info:      31000 |     1961      27156 |  279   687 |       706|       1.71      21.84|
Info:      32000 |     2253      27823 |  292   667 |       115|       1.75      23.59|
Info:      32184 |     2310      27945 |   57   122 |         0|       0.41      24.00|
Info: Routing complete.
Info: Router1 time 24.00s
Info: Checksum: 0xe6efb30e

Info: Critical path report for clock 'bridge.p3.spi_clk' (posedge -> posedge):
Info:       type curr  total name
Info:   clk-to-q  0.46  0.46 Source bridge.p3.fifo.mem.0.0_ADA_3_ALU_I1_CIN_ALU_COUT_CIN_ALU_COUT_CIN_ALU_COUT_CIN_ALU_COUT_SUM_LUT2_I0_F_DFFCE_D_Q_DFFC_Q.Q
Info:    routing  0.48  0.94 Net bridge.p3.fifo.mem.0.0_ADA_3_ALU_I1_CIN_ALU_COUT_CIN_ALU_COUT_CIN_ALU_COUT_CIN_ALU_COUT_SUM_LUT2_I0_F_DFFCE_D_Q[0] (41,24) -> (41,24)
Info:                          Sink bridge.p3.fifo.mem.0.0_DI_32_LUT2_F_I0_LUT3_I0_F_LUT4_F_I3_LUT4_F_2.I0
Info:                          Defined in:
Info:                               /workspace/scratch/5bc736d51023/tooling/oss-cad-suite/lib/../share/yosys/gowin/cells_map.v:130.20-130.21
Info:      logic  1.03  1.97 Source bridge.p3.fifo.mem.0.0_DI_32_LUT2_F_I0_LUT3_I0_F_LUT4_F_I3_LUT4_F_2.F
Info:    routing  0.81  2.77 Net bridge.p3.fifo.mem.0.0_DI_32_LUT2_F_I0_LUT3_I0_F_LUT4_F_I3[1] (41,24) -> (39,24)
Info:                          Sink bridge.p3.fifo.mem.0.0_DI_32_LUT2_F_I0_LUT3_I0_F_LUT4_F.I1
Info:                          Defined in:
Info:                               /workspace/scratch/5bc736d51023/tooling/oss-cad-suite/lib/../share/yosys/gowin/cells_map.v:130.20-130.21
Info:      logic  1.10  3.87 Source bridge.p3.fifo.mem.0.0_DI_32_LUT2_F_I0_LUT3_I0_F_LUT4_F.F
Info:    routing  1.93  5.80 Net bridge.p3.fifo.mem.0.0_DI_32_LUT2_F_I0_LUT3_I0_F[1] (39,24) -> (34,26)
Info:                          Sink bridge.p3.cs_n_LUT2_I0_1_F_LUT4_I1.I2
Info:                          Defined in:
Info:                               /workspace/scratch/5bc736d51023/tooling/oss-cad-suite/lib/../share/yosys/gowin/cells_map.v:130.20-130.21
Info:      logic  0.82  6.62 Source bridge.p3.cs_n_LUT2_I0_1_F_LUT4_I1.F
Info:    routing  0.81  7.43 Net bridge.p3.cs_n_LUT2_I0_1_F_LUT4_I1_F (34,26) -> (34,27)
Info:                          Sink bridge.p3.fifo.mem.0.0.CEA
Info:      setup  0.17  7.60 Source bridge.p3.fifo.mem.0.0.CEA
Info: 3.58 ns logic, 4.02 ns routing

Info: Critical path report for clock 'bridge.p2.spi_clk' (posedge -> posedge):
Info:       type curr  total name
Info:   clk-to-q  0.46  0.46 Source bridge.p2.fifo.mem.0.0_ADA_4_ALU_I1_CIN_ALU_COUT_CIN_ALU_COUT_SUM_LUT2_I1_F_DFFCE_D_Q_DFFC_Q_1.Q
Info:    routing  0.89  1.35 Net bridge.p2.fifo.mem.0.0_ADA_4_ALU_I1_CIN_ALU_COUT_CIN_ALU_COUT_SUM_LUT2_I1_F_DFFCE_D_Q[0] (36,25) -> (34,25)
Info:                          Sink bridge.p2.fifo.mem.0.0_DI_32_LUT2_F_I0_LUT4_I3_F_LUT2_I1_F_LUT4_F_I3_LUT4_F_3.I0
Info:                          Defined in:
Info:                               /workspace/scratch/5bc736d51023/tooling/oss-cad-suite/lib/../share/yosys/gowin/cells_map.v:130.20-130.21
Info:      logic  1.03  2.38 Source bridge.p2.fifo.mem.0.0_DI_32_LUT2_F_I0_LUT4_I3_F_LUT2_I1_F_LUT4_F_I3_LUT4_F_3.F
Info:    routing  1.37  3.75 Net bridge.p2.fifo.mem.0.0_DI_32_LUT2_F_I0_LUT4_I3_F_LUT2_I1_F_LUT4_F_I3[0] (34,25) -> (31,26)
Info:                          Sink bridge.p2.fifo.mem.0.0_DI_32_LUT2_F_I0_LUT4_I3_F_LUT2_I1_F_LUT4_F.I0
Info:                          Defined in:
Info:                               /workspace/scratch/5bc736d51023/tooling/oss-cad-suite/lib/../share/yosys/gowin/cells_map.v:130.20-130.21
Info:      logic  1.03  4.78 Source bridge.p2.fifo.mem.0.0_DI_32_LUT2_F_I0_LUT4_I3_F_LUT2_I1_F_LUT4_F.F
Info:    routing  1.60  6.38 Net bridge.p2.fifo.mem.0.0_DI_32_LUT2_F_I0_LUT4_I3_F_LUT2_I1_F[2] (31,26) -> (22,26)
Info:                          Sink bridge.p2.cs_n_LUT4_I0.I2
Info:                          Defined in:
Info:                               /workspace/scratch/5bc736d51023/tooling/oss-cad-suite/lib/../share/yosys/gowin/cells_map.v:130.20-130.21
Info:      logic  0.82  7.20 Source bridge.p2.cs_n_LUT4_I0.F
Info:    routing  0.81  8.01 Net bridge.p2.cs_n_LUT4_I0_F (22,26) -> (22,27)
Info:                          Sink bridge.p2.fifo.mem.0.0.CEA
Info:      setup  0.17  8.18 Source bridge.p2.fifo.mem.0.0.CEA
Info: 3.52 ns logic, 4.67 ns routing

Info: Critical path report for clock 'bridge.clk' (posedge -> posedge):
Info:       type curr  total name
Info:   clk-to-q  0.46  0.46 Source bridge.queue.reads.0.0_DO_26_LUT4_I2_F_DFFCE_D_Q_DFFCE_Q_D_LUT3_F_I2_LUT4_F_I3_LUT4_F_I3_LUT4_F_I1_DFFCE_Q_D_DFFCE_Q_D_DFFCE_D_Q_LUT4_I1_F_LUT3_F_I1_LUT3_I1_I0_LUT2_I1_F_LUT4_I0_1_I1_LUT4_I2_F_DFFC_D_Q_DFFP_Q_D_LUT3_F_I2_LUT3_I2_F_LUT3_I2_1_I1_LUT2_I1_F_ALU_SUM_CIN_ALU_COUT_CIN_ALU_COUT_CIN_ALU_COUT_CIN_ALU_COUT_CIN_ALU_COUT_CIN_ALU_COUT_SUM_LUT4_I2_F_DFFC_D.Q
Info:    routing  0.89  1.35 Net bridge.queue.reads.0.0_DO_26_LUT4_I2_F_DFFCE_D_Q_DFFCE_Q_D_LUT3_F_I2_LUT4_F_I3_LUT4_F_I3_LUT4_F_I1_DFFCE_Q_D_DFFCE_Q_D_DFFCE_D_Q_LUT4_I1_F_LUT3_F_I1_LUT3_I1_I0_LUT2_I1_F_LUT4_I0_1_I1_LUT4_I2_F_DFFC_D_Q_DFFP_Q_D_LUT3_F_I2_LUT3_I2_F_LUT3_I2_1_I1_LUT2_I1_F_ALU_SUM_CIN_ALU_COUT_CIN_ALU_COUT_CIN_ALU_COUT_CIN_ALU_COUT_CIN_ALU_COUT_CIN_ALU_COUT_SUM[0] (35,13) -> (36,12)
Info:                          Sink bridge.queue.reads.0.0_DO_26_LUT4_I2_F_DFFCE_D_Q_DFFCE_Q_D_LUT3_F_I2_LUT4_F_I3_LUT4_F_I3_LUT4_F_I1_DFFCE_Q_D_DFFCE_Q_D_DFFCE_D_Q_LUT4_I1_F_LUT3_F_I1_LUT3_I1_I0_LUT2_I1_F_LUT4_I0_I2_ALU_COUT_CIN_ALU_COUT_CIN_ALU_COUT_CIN_ALU_COUT_CIN_ALU_COUT_CIN_ALU_COUT_CIN_ALU_COUT.I0
Info:                          Defined in:
Info:                               /workspace/scratch/5bc736d51023/tooling/oss-cad-suite/lib/../share/yosys/gowin/cells_map.v:130.20-130.21
Info:      logic  0.96  2.31 Source bridge.queue.reads.0.0_DO_26_LUT4_I2_F_DFFCE_D_Q_DFFCE_Q_D_LUT3_F_I2_LUT4_F_I3_LUT4_F_I3_LUT4_F_I1_DFFCE_Q_D_DFFCE_Q_D_DFFCE_D_Q_LUT4_I1_F_LUT3_F_I1_LUT3_I1_I0_LUT2_I1_F_LUT4_I0_I2_ALU_COUT_CIN_ALU_COUT_CIN_ALU_COUT_CIN_ALU_COUT_CIN_ALU_COUT_CIN_ALU_COUT_CIN_ALU_COUT.COUT
Info:    routing  0.00  2.31 Net bridge.queue.reads.0.0_DO_26_LUT4_I2_F_DFFCE_D_Q_DFFCE_Q_D_LUT3_F_I2_LUT4_F_I3_LUT4_F_I3_LUT4_F_I1_DFFCE_Q_D_DFFCE_Q_D_DFFCE_D_Q_LUT4_I1_F_LUT3_F_I1_LUT3_I1_I0_LUT2_I1_F_LUT4_I0_I2_ALU_COUT_CIN_ALU_COUT_CIN_ALU_COUT_CIN_ALU_COUT_CIN_ALU_COUT_CIN_ALU_COUT_CIN (36,12) -> (36,12)
Info:                          Sink bridge.queue.reads.0.0_DO_26_LUT4_I2_F_DFFCE_D_Q_DFFCE_Q_D_LUT3_F_I2_LUT4_F_I3_LUT4_F_I3_LUT4_F_I1_DFFCE_Q_D_DFFCE_Q_D_DFFCE_D_Q_LUT4_I1_F_LUT3_F_I1_LUT3_I1_I0_LUT2_I1_F_LUT4_I0_I2_ALU_COUT_CIN_ALU_COUT_CIN_ALU_COUT_CIN_ALU_COUT_CIN_ALU_COUT_CIN_ALU_COUT.CIN
Info:                          Defined in:
Info:                               rtl/s3_rs_rpc_guard.sv:31.35-31.44
Info:                               /workspace/scratch/5bc736d51023/tooling/oss-cad-suite/lib/../share/yosys/gowin/arith_map.v:57.7-63.5
Info:                               /workspace/scratch/5bc736d51023/tooling/oss-cad-suite/lib/../share/yosys/gowin/cells_sim.v:1033.25-1033.29
Info:      logic  0.06  2.36 Source bridge.queue.reads.0.0_DO_26_LUT4_I2_F_DFFCE_D_Q_DFFCE_Q_D_LUT3_F_I2_LUT4_F_I3_LUT4_F_I3_LUT4_F_I1_DFFCE_Q_D_DFFCE_Q_D_DFFCE_D_Q_LUT4_I1_F_LUT3_F_I1_LUT3_I1_I0_LUT2_I1_F_LUT4_I0_I2_ALU_COUT_CIN_ALU_COUT_CIN_ALU_COUT_CIN_ALU_COUT_CIN_ALU_COUT_CIN_ALU_COUT.COUT
Info:    routing  0.00  2.36 Net bridge.queue.reads.0.0_DO_26_LUT4_I2_F_DFFCE_D_Q_DFFCE_Q_D_LUT3_F_I2_LUT4_F_I3_LUT4_F_I3_LUT4_F_I1_DFFCE_Q_D_DFFCE_Q_D_DFFCE_D_Q_LUT4_I1_F_LUT3_F_I1_LUT3_I1_I0_LUT2_I1_F_LUT4_I0_I2_ALU_COUT_CIN_ALU_COUT_CIN_ALU_COUT_CIN_ALU_COUT_CIN_ALU_COUT_CIN (36,12) -> (36,12)
Info:                          Sink bridge.queue.reads.0.0_DO_26_LUT4_I2_F_DFFCE_D_Q_DFFCE_Q_D_LUT3_F_I2_LUT4_F_I3_LUT4_F_I3_LUT4_F_I1_DFFCE_Q_D_DFFCE_Q_D_DFFCE_D_Q_LUT4_I1_F_LUT3_F_I1_LUT3_I1_I0_LUT2_I1_F_LUT4_I0_I2_ALU_COUT_CIN_ALU_COUT_CIN_ALU_COUT_CIN_ALU_COUT_CIN_ALU_COUT.CIN
Info:                          Defined in:
Info:                               rtl/s3_rs_rpc_guard.sv:31.35-31.44
Info:                               /workspace/scratch/5bc736d51023/tooling/oss-cad-suite/lib/../share/yosys/gowin/arith_map.v:57.7-63.5
Info:                               /workspace/scratch/5bc736d51023/tooling/oss-cad-suite/lib/../share/yosys/gowin/cells_sim.v:1033.25-1033.29
Info:      logic  0.06  2.42 Source bridge.queue.reads.0.0_DO_26_LUT4_I2_F_DFFCE_D_Q_DFFCE_Q_D_LUT3_F_I2_LUT4_F_I3_LUT4_F_I3_LUT4_F_I1_DFFCE_Q_D_DFFCE_Q_D_DFFCE_D_Q_LUT4_I1_F_LUT3_F_I1_LUT3_I1_I0_LUT2_I1_F_LUT4_I0_I2_ALU_COUT_CIN_ALU_COUT_CIN_ALU_COUT_CIN_ALU_COUT_CIN_ALU_COUT.COUT
Info:    routing  0.00  2.42 Net bridge.queue.reads.0.0_DO_26_LUT4_I2_F_DFFCE_D_Q_DFFCE_Q_D_LUT3_F_I2_LUT4_F_I3_LUT4_F_I3_LUT4_F_I1_DFFCE_Q_D_DFFCE_Q_D_DFFCE_D_Q_LUT4_I1_F_LUT3_F_I1_LUT3_I1_I0_LUT2_I1_F_LUT4_I0_I2_ALU_COUT_CIN_ALU_COUT_CIN_ALU_COUT_CIN_ALU_COUT_CIN (36,12) -> (36,12)
Info:                          Sink bridge.queue.reads.0.0_DO_26_LUT4_I2_F_DFFCE_D_Q_DFFCE_Q_D_LUT3_F_I2_LUT4_F_I3_LUT4_F_I3_LUT4_F_I1_DFFCE_Q_D_DFFCE_Q_D_DFFCE_D_Q_LUT4_I1_F_LUT3_F_I1_LUT3_I1_I0_LUT2_I1_F_LUT4_I0_I2_ALU_COUT_CIN_ALU_COUT_CIN_ALU_COUT_CIN_ALU_COUT.CIN
Info:                          Defined in:
Info:                               rtl/s3_rs_rpc_guard.sv:31.35-31.44
Info:                               /workspace/scratch/5bc736d51023/tooling/oss-cad-suite/lib/../share/yosys/gowin/arith_map.v:57.7-63.5
Info:                               /workspace/scratch/5bc736d51023/tooling/oss-cad-suite/lib/../share/yosys/gowin/cells_sim.v:1033.25-1033.29
Info:      logic  0.06  2.48 Source bridge.queue.reads.0.0_DO_26_LUT4_I2_F_DFFCE_D_Q_DFFCE_Q_D_LUT3_F_I2_LUT4_F_I3_LUT4_F_I3_LUT4_F_I1_DFFCE_Q_D_DFFCE_Q_D_DFFCE_D_Q_LUT4_I1_F_LUT3_F_I1_LUT3_I1_I0_LUT2_I1_F_LUT4_I0_I2_ALU_COUT_CIN_ALU_COUT_CIN_ALU_COUT_CIN_ALU_COUT.COUT
Info:    routing  0.00  2.48 Net bridge.queue.reads.0.0_DO_26_LUT4_I2_F_DFFCE_D_Q_DFFCE_Q_D_LUT3_F_I2_LUT4_F_I3_LUT4_F_I3_LUT4_F_I1_DFFCE_Q_D_DFFCE_Q_D_DFFCE_D_Q_LUT4_I1_F_LUT3_F_I1_LUT3_I1_I0_LUT2_I1_F_LUT4_I0_I2_ALU_COUT_CIN_ALU_COUT_CIN_ALU_COUT_CIN (36,12) -> (37,12)
Info:                          Sink bridge.queue.reads.0.0_DO_26_LUT4_I2_F_DFFCE_D_Q_DFFCE_Q_D_LUT3_F_I2_LUT4_F_I3_LUT4_F_I3_LUT4_F_I1_DFFCE_Q_D_DFFCE_Q_D_DFFCE_D_Q_LUT4_I1_F_LUT3_F_I1_LUT3_I1_I0_LUT2_I1_F_LUT4_I0_I2_ALU_COUT_CIN_ALU_COUT_CIN_ALU_COUT.CIN
Info:                          Defined in:
Info:                               rtl/s3_rs_rpc_guard.sv:31.35-31.44
Info:                               /workspace/scratch/5bc736d51023/tooling/oss-cad-suite/lib/../share/yosys/gowin/arith_map.v:57.7-63.5
Info:                               /workspace/scratch/5bc736d51023/tooling/oss-cad-suite/lib/../share/yosys/gowin/cells_sim.v:1033.25-1033.29
Info:      logic  0.06  2.54 Source bridge.queue.reads.0.0_DO_26_LUT4_I2_F_DFFCE_D_Q_DFFCE_Q_D_LUT3_F_I2_LUT4_F_I3_LUT4_F_I3_LUT4_F_I1_DFFCE_Q_D_DFFCE_Q_D_DFFCE_D_Q_LUT4_I1_F_LUT3_F_I1_LUT3_I1_I0_LUT2_I1_F_LUT4_I0_I2_ALU_COUT_CIN_ALU_COUT_CIN_ALU_COUT.COUT
Info:    routing  0.00  2.54 Net bridge.queue.reads.0.0_DO_26_LUT4_I2_F_DFFCE_D_Q_DFFCE_Q_D_LUT3_F_I2_LUT4_F_I3_LUT4_F_I3_LUT4_F_I1_DFFCE_Q_D_DFFCE_Q_D_DFFCE_D_Q_LUT4_I1_F_LUT3_F_I1_LUT3_I1_I0_LUT2_I1_F_LUT4_I0_I2_ALU_COUT_CIN_ALU_COUT_CIN (37,12) -> (37,12)
Info:                          Sink bridge.queue.reads.0.0_DO_26_LUT4_I2_F_DFFCE_D_Q_DFFCE_Q_D_LUT3_F_I2_LUT4_F_I3_LUT4_F_I3_LUT4_F_I1_DFFCE_Q_D_DFFCE_Q_D_DFFCE_D_Q_LUT4_I1_F_LUT3_F_I1_LUT3_I1_I0_LUT2_I1_F_LUT4_I0_I2_ALU_COUT_CIN_ALU_COUT.CIN
Info:                          Defined in:
Info:                               rtl/s3_rs_rpc_guard.sv:31.35-31.44
Info:                               /workspace/scratch/5bc736d51023/tooling/oss-cad-suite/lib/../share/yosys/gowin/arith_map.v:57.7-63.5
Info:                               /workspace/scratch/5bc736d51023/tooling/oss-cad-suite/lib/../share/yosys/gowin/cells_sim.v:1033.25-1033.29
Info:      logic  0.06  2.59 Source bridge.queue.reads.0.0_DO_26_LUT4_I2_F_DFFCE_D_Q_DFFCE_Q_D_LUT3_F_I2_LUT4_F_I3_LUT4_F_I3_LUT4_F_I1_DFFCE_Q_D_DFFCE_Q_D_DFFCE_D_Q_LUT4_I1_F_LUT3_F_I1_LUT3_I1_I0_LUT2_I1_F_LUT4_I0_I2_ALU_COUT_CIN_ALU_COUT.COUT
Info:    routing  0.00  2.59 Net bridge.queue.reads.0.0_DO_26_LUT4_I2_F_DFFCE_D_Q_DFFCE_Q_D_LUT3_F_I2_LUT4_F_I3_LUT4_F_I3_LUT4_F_I1_DFFCE_Q_D_DFFCE_Q_D_DFFCE_D_Q_LUT4_I1_F_LUT3_F_I1_LUT3_I1_I0_LUT2_I1_F_LUT4_I0_I2_ALU_COUT_CIN (37,12) -> (37,12)
Info:                          Sink bridge.queue.reads.0.0_DO_26_LUT4_I2_F_DFFCE_D_Q_DFFCE_Q_D_LUT3_F_I2_LUT4_F_I3_LUT4_F_I3_LUT4_F_I1_DFFCE_Q_D_DFFCE_Q_D_DFFCE_D_Q_LUT4_I1_F_LUT3_F_I1_LUT3_I1_I0_LUT2_I1_F_LUT4_I0_I2_ALU_COUT.CIN
Info:                          Defined in:
Info:                               rtl/s3_rs_rpc_guard.sv:31.35-31.44
Info:                               /workspace/scratch/5bc736d51023/tooling/oss-cad-suite/lib/../share/yosys/gowin/arith_map.v:57.7-63.5
Info:                               /workspace/scratch/5bc736d51023/tooling/oss-cad-suite/lib/../share/yosys/gowin/cells_sim.v:1033.25-1033.29
Info:      logic  0.06  2.65 Source bridge.queue.reads.0.0_DO_26_LUT4_I2_F_DFFCE_D_Q_DFFCE_Q_D_LUT3_F_I2_LUT4_F_I3_LUT4_F_I3_LUT4_F_I1_DFFCE_Q_D_DFFCE_Q_D_DFFCE_D_Q_LUT4_I1_F_LUT3_F_I1_LUT3_I1_I0_LUT2_I1_F_LUT4_I0_I2_ALU_COUT.COUT
Info:    routing  0.00  2.65 Net bridge.queue.reads.0.0_DO_26_LUT4_I2_F_DFFCE_D_Q_DFFCE_Q_D_LUT3_F_I2_LUT4_F_I3_LUT4_F_I3_LUT4_F_I1_DFFCE_Q_D_DFFCE_Q_D_DFFCE_D_Q_LUT4_I1_F_LUT3_F_I1_LUT3_I1_I0_LUT2_I1_F_LUT4_I0_I2_ALU_COUT_TAIL_ALULC (37,12) -> (37,12)
Info:                          Sink bridge.queue.reads.0.0_DO_26_LUT4_I2_F_DFFCE_D_Q_DFFCE_Q_D_LUT3_F_I2_LUT4_F_I3_LUT4_F_I3_LUT4_F_I1_DFFCE_Q_D_DFFCE_Q_D_DFFCE_D_Q_LUT4_I1_F_LUT3_F_I1_LUT3_I1_I0_LUT2_I1_F_LUT4_I0_I2_ALU_COUT_TAIL_ALULC.CIN
Info:      logic  0.56  3.21 Source bridge.queue.reads.0.0_DO_26_LUT4_I2_F_DFFCE_D_Q_DFFCE_Q_D_LUT3_F_I2_LUT4_F_I3_LUT4_F_I3_LUT4_F_I1_DFFCE_Q_D_DFFCE_Q_D_DFFCE_D_Q_LUT4_I1_F_LUT3_F_I1_LUT3_I1_I0_LUT2_I1_F_LUT4_I0_I2_ALU_COUT_TAIL_ALULC.SUM
Info:    routing  0.89  4.10 Net bridge.queue.reads.0.0_DO_26_LUT4_I2_F_DFFCE_D_Q_DFFCE_Q_D_LUT3_F_I2_LUT4_F_I3_LUT4_F_I3_LUT4_F_I1_DFFCE_Q_D_DFFCE_Q_D_DFFCE_D_Q_LUT4_I1_F_LUT3_F_I1_LUT3_I1_I0_LUT2_I1_F[2] (37,12) -> (38,13)
Info:                          Sink bridge.queue.reads.0.0_DO_26_LUT4_I2_F_DFFCE_D_Q_DFFCE_Q_D_LUT3_F_I2_LUT4_F_I3_LUT4_F_I3_LUT4_F_I1_DFFCE_Q_D_DFFCE_Q_D_DFFCE_D_Q_LUT4_I1_F_LUT3_F_I1_LUT3_I1_I0_LUT2_I1_F_LUT4_I0_2_F_LUT3_I2_F_LUT4_I3_F_DFFCE_D_Q_DFFCE_Q_2_D_LUT4_F_I3_LUT4_F_I3_LUT4_F_3_I3_LUT4_I3_F_DFFP_D_Q_LUT2_I0_F_LUT4_I3_F_DFFP_D_Q_LUT4_I0.I2
Info:                          Defined in:
Info:                               rtl/s3_rs_rpc_guard.sv:31.35-31.44
Info:                               /workspace/scratch/5bc736d51023/tooling/oss-cad-suite/lib/../share/yosys/gowin/arith_map.v:57.7-63.5
Info:                               /workspace/scratch/5bc736d51023/tooling/oss-cad-suite/lib/../share/yosys/gowin/cells_sim.v:1033.25-1033.29
Info:      logic  0.82  4.93 Source bridge.queue.reads.0.0_DO_26_LUT4_I2_F_DFFCE_D_Q_DFFCE_Q_D_LUT3_F_I2_LUT4_F_I3_LUT4_F_I3_LUT4_F_I1_DFFCE_Q_D_DFFCE_Q_D_DFFCE_D_Q_LUT4_I1_F_LUT3_F_I1_LUT3_I1_I0_LUT2_I1_F_LUT4_I0_2_F_LUT3_I2_F_LUT4_I3_F_DFFCE_D_Q_DFFCE_Q_2_D_LUT4_F_I3_LUT4_F_I3_LUT4_F_3_I3_LUT4_I3_F_DFFP_D_Q_LUT2_I0_F_LUT4_I3_F_DFFP_D_Q_LUT4_I0.F
Info:    routing  0.41  5.34 Net bridge.queue.reads.0.0_DO_26_LUT4_I2_F_DFFCE_D_Q_DFFCE_Q_D_LUT3_F_I2_LUT4_F_I3_LUT4_F_I3_LUT4_F_I1_DFFCE_Q_D_DFFCE_Q_D_DFFCE_D_Q_LUT4_I1_F_LUT3_F_I1_LUT3_I1_I0_LUT2_I1_F_LUT4_I0_2_F_LUT3_I2_F_LUT4_I3_F_DFFCE_D_Q_DFFCE_Q_2_D_LUT4_F_I3_LUT4_F_I3_LUT4_F_3_I3_LUT3_F_I0[1] (38,13) -> (39,13)
Info:                          Sink bridge.queue.reads.0.0_DO_26_LUT4_I2_F_DFFCE_D_Q_DFFCE_Q_D_LUT3_F_I2_LUT4_F_I3_LUT4_F_I3_LUT4_F_I1_DFFCE_Q_D_DFFCE_Q_D_DFFCE_D_Q_LUT4_I1_F_LUT3_F_I1_LUT3_I1_I0_LUT2_I1_F_LUT4_I0_2_F_LUT3_I2_F_LUT4_I3_F_DFFCE_D_Q_DFFCE_Q_2_D_LUT4_F_I3_LUT4_F_I3_LUT4_F_I1_LUT2_I0_F_LUT4_I3_F_DFFP_D_Q_LUT4_I0_F_LUT4_F_I1_LUT4_I1_F_LUT4_F_I1_LUT4_I1_F_LUT4_F.I1
Info:                          Defined in:
Info:                               /workspace/scratch/5bc736d51023/tooling/oss-cad-suite/lib/../share/yosys/gowin/cells_map.v:130.20-130.21
Info:      logic  1.10  6.43 Source bridge.queue.reads.0.0_DO_26_LUT4_I2_F_DFFCE_D_Q_DFFCE_Q_D_LUT3_F_I2_LUT4_F_I3_LUT4_F_I3_LUT4_F_I1_DFFCE_Q_D_DFFCE_Q_D_DFFCE_D_Q_LUT4_I1_F_LUT3_F_I1_LUT3_I1_I0_LUT2_I1_F_LUT4_I0_2_F_LUT3_I2_F_LUT4_I3_F_DFFCE_D_Q_DFFCE_Q_2_D_LUT4_F_I3_LUT4_F_I3_LUT4_F_I1_LUT2_I0_F_LUT4_I3_F_DFFP_D_Q_LUT4_I0_F_LUT4_F_I1_LUT4_I1_F_LUT4_F_I1_LUT4_I1_F_LUT4_F.F
Info:    routing  0.41  6.85 Net bridge.queue.reads.0.0_DO_26_LUT4_I2_F_DFFCE_D_Q_DFFCE_Q_D_LUT3_F_I2_LUT4_F_I3_LUT4_F_I3_LUT4_F_I1_DFFCE_Q_D_DFFCE_Q_D_DFFCE_D_Q_LUT4_I1_F_LUT3_F_I1_LUT3_I1_I0_LUT2_I1_F_LUT4_I0_2_F_LUT3_I2_F_LUT4_I3_F_DFFCE_D_Q_DFFCE_Q_2_D_LUT4_F_I3_LUT4_F_I3_LUT4_F_3_I3_LUT3_F_I0[2] (39,13) -> (40,13)
Info:                          Sink bridge.queue.reads.0.0_DO_26_LUT4_I2_F_DFFCE_D_Q_DFFCE_Q_D_LUT3_F_I2_LUT4_F_I3_LUT4_F_I3_LUT4_F_I1_DFFCE_Q_D_DFFCE_Q_D_DFFCE_D_Q_LUT4_I1_F_LUT3_F_I1_LUT3_I1_I0_LUT2_I1_F_LUT4_I0_2_F_LUT3_I2_F_LUT4_I3_F_DFFCE_D_Q_DFFCE_Q_2_D_LUT4_F_I3_LUT4_F_I3_LUT4_F_I1_LUT2_I0_F_LUT4_I3_F_DFFP_D_Q_LUT4_I0_F_LUT4_F_I0_DFFP_Q_D_LUT4_F_I3_LUT2_F_I0_LUT4_I2_F_LUT4_F_1.I3
Info:                          Defined in:
Info:                               /workspace/scratch/5bc736d51023/tooling/oss-cad-suite/lib/../share/yosys/gowin/cells_map.v:130.20-130.21
Info:      logic  0.62  7.47 Source bridge.queue.reads.0.0_DO_26_LUT4_I2_F_DFFCE_D_Q_DFFCE_Q_D_LUT3_F_I2_LUT4_F_I3_LUT4_F_I3_LUT4_F_I1_DFFCE_Q_D_DFFCE_Q_D_DFFCE_D_Q_LUT4_I1_F_LUT3_F_I1_LUT3_I1_I0_LUT2_I1_F_LUT4_I0_2_F_LUT3_I2_F_LUT4_I3_F_DFFCE_D_Q_DFFCE_Q_2_D_LUT4_F_I3_LUT4_F_I3_LUT4_F_I1_LUT2_I0_F_LUT4_I3_F_DFFP_D_Q_LUT4_I0_F_LUT4_F_I0_DFFP_Q_D_LUT4_F_I3_LUT2_F_I0_LUT4_I2_F_LUT4_F_1.F
Info:    routing  0.41  7.88 Net bridge.queue.reads.0.0_DO_26_LUT4_I2_F_DFFCE_D_Q_DFFCE_Q_D_LUT3_F_I2_LUT4_F_I3_LUT4_F_I3_LUT4_F_I1_DFFCE_Q_D_DFFCE_Q_D_DFFCE_D_Q_LUT4_I1_F_LUT3_F_I1_LUT3_I1_I0_LUT2_I1_F_LUT4_I0_2_F_LUT3_I2_F_LUT4_I3_F_DFFCE_D_Q_DFFCE_Q_2_D_LUT4_F_I3_LUT4_F_I3_LUT4_F_I1_LUT2_I0_F_LUT4_I3_F_DFFP_D_Q_LUT4_I0_F_LUT4_F_I0_DFFP_Q_D_LUT4_F_I3_LUT2_F_I0_LUT4_I2_F[0] (40,13) -> (40,13)
Info:                          Sink bridge.queue.reads.0.0_DO_26_LUT4_I2_F_DFFCE_D_Q_DFFCE_Q_D_LUT3_F_I2_LUT4_F_I3_LUT4_F_I3_LUT4_F_I1_DFFCE_Q_D_DFFCE_Q_D_DFFCE_D_Q_LUT4_I1_F_LUT3_F_I1_LUT3_I1_I0_LUT2_I1_F_LUT4_I0_2_F_LUT3_I2_F_LUT4_I3_F_DFFCE_D_Q_DFFCE_Q_2_D_LUT4_F_I3_LUT4_F_I3_LUT4_F_3_I3_LUT4_F_I3_LUT3_I2_F_LUT4_I3_2_F_LUT4_F_2.I0
Info:                          Defined in:
Info:                               /workspace/scratch/5bc736d51023/tooling/oss-cad-suite/lib/../share/yosys/gowin/cells_map.v:130.20-130.21
Info:      logic  1.03  8.91 Source bridge.queue.reads.0.0_DO_26_LUT4_I2_F_DFFCE_D_Q_DFFCE_Q_D_LUT3_F_I2_LUT4_F_I3_LUT4_F_I3_LUT4_F_I1_DFFCE_Q_D_DFFCE_Q_D_DFFCE_D_Q_LUT4_I1_F_LUT3_F_I1_LUT3_I1_I0_LUT2_I1_F_LUT4_I0_2_F_LUT3_I2_F_LUT4_I3_F_DFFCE_D_Q_DFFCE_Q_2_D_LUT4_F_I3_LUT4_F_I3_LUT4_F_3_I3_LUT4_F_I3_LUT3_I2_F_LUT4_I3_2_F_LUT4_F_2.F
Info:    routing  0.41  9.33 Net bridge.queue.reads.0.0_DO_26_LUT4_I2_F_DFFCE_D_Q_DFFCE_Q_D_LUT3_F_I2_LUT4_F_I3_LUT4_F_I3_LUT4_F_I1_DFFCE_Q_D_DFFCE_Q_D_DFFCE_D_Q_LUT4_I1_F_LUT3_F_I1_LUT3_I1_I0_LUT2_I1_F_LUT4_I0_2_F_LUT3_I2_F_LUT4_I3_F_DFFCE_D_Q_DFFCE_Q_2_D_LUT4_F_I3_LUT4_F_I3_LUT4_F_3_I3_LUT4_F_I3_LUT3_I2_F_LUT4_I3_2_F[1] (40,13) -> (39,13)
Info:                          Sink bridge.queue.reads.0.0_DO_26_LUT4_I2_F_DFFCE_D_Q_DFFCE_Q_D_LUT3_F_I2_LUT4_F_I3_LUT4_F_I3_LUT4_F_I1_DFFCE_Q_D_DFFCE_Q_D_DFFCE_D_Q_LUT4_I1_F_LUT3_F_I1_LUT3_I1_I0_LUT2_I1_F_LUT4_I0_2_F_LUT3_I2_F_LUT4_I3_F_DFFCE_D_Q_DFFCE_Q_2_D_LUT4_F_I3_LUT4_F_1.I1
Info:                          Defined in:
Info:                               /workspace/scratch/5bc736d51023/tooling/oss-cad-suite/lib/../share/yosys/gowin/cells_map.v:130.20-130.21
Info:      logic  1.10  10.43 Source bridge.queue.reads.0.0_DO_26_LUT4_I2_F_DFFCE_D_Q_DFFCE_Q_D_LUT3_F_I2_LUT4_F_I3_LUT4_F_I3_LUT4_F_I1_DFFCE_Q_D_DFFCE_Q_D_DFFCE_D_Q_LUT4_I1_F_LUT3_F_I1_LUT3_I1_I0_LUT2_I1_F_LUT4_I0_2_F_LUT3_I2_F_LUT4_I3_F_DFFCE_D_Q_DFFCE_Q_2_D_LUT4_F_I3_LUT4_F_1.F
Info:    routing  1.44  11.86 Net bridge.queue.reads.0.0_DO_26_LUT4_I2_F_DFFCE_D_Q_DFFCE_Q_D_LUT3_F_I2_LUT4_F_I3_LUT4_F_I3_LUT4_F_I1_DFFCE_Q_D_DFFCE_Q_D_DFFCE_D_Q_LUT4_I1_F_LUT3_F_I1_LUT3_I1_I0_LUT2_I1_F_LUT4_I0_2_F_LUT3_I2_F_LUT4_I3_F_DFFCE_D_Q_DFFCE_Q_2_D_LUT4_F_I3[3] (39,13) -> (36,11)
Info:                          Sink bridge.queue.reads.0.0_DO_26_LUT4_I2_F_DFFCE_D_Q_DFFCE_Q_D_LUT3_F_I2_LUT4_F_I3_LUT4_F_I3_LUT4_F_I1_DFFCE_Q_D_DFFCE_Q_D_DFFCE_D_Q_LUT4_I1_F_LUT3_F_I1_LUT3_I1_I0_LUT2_I1_F_LUT4_I0_2_F_LUT3_I2_F_LUT4_I3_F_DFFCE_D_Q_DFFCE_Q_2_D_LUT4_F.I3
Info:                          Defined in:
Info:                               /workspace/scratch/5bc736d51023/tooling/oss-cad-suite/lib/../share/yosys/gowin/cells_map.v:130.20-130.21
Info:      logic  0.62  12.49 Source bridge.queue.reads.0.0_DO_26_LUT4_I2_F_DFFCE_D_Q_DFFCE_Q_D_LUT3_F_I2_LUT4_F_I3_LUT4_F_I3_LUT4_F_I1_DFFCE_Q_D_DFFCE_Q_D_DFFCE_D_Q_LUT4_I1_F_LUT3_F_I1_LUT3_I1_I0_LUT2_I1_F_LUT4_I0_2_F_LUT3_I2_F_LUT4_I3_F_DFFCE_D_Q_DFFCE_Q_2_D_LUT4_F.F
Info:    routing  0.00  12.49 Net bridge.queue.reads.0.0_DO_26_LUT4_I2_F_DFFCE_D_Q_DFFCE_Q_D_LUT3_F_I2_LUT4_F_I3_LUT4_F_I3_LUT4_F_I1_DFFCE_Q_D_DFFCE_Q_D_DFFCE_D_Q_LUT4_I1_F_LUT3_F_I1_LUT3_I1_I0_LUT2_I1_F_LUT4_I0_2_F_LUT3_I2_F_LUT4_I3_F_DFFCE_D_Q_DFFCE_Q_2_D (36,11) -> (36,11)
Info:                          Sink bridge.queue.reads.0.0_DO_26_LUT4_I2_F_DFFCE_D_Q_DFFCE_Q_D_LUT3_F_I2_LUT4_F_I3_LUT4_F_I3_LUT4_F_I1_DFFCE_Q_D_DFFCE_Q_D_DFFCE_D_Q_LUT4_I1_F_LUT3_F_I1_LUT3_I1_I0_LUT2_I1_F_LUT4_I0_2_F_LUT3_I2_F_LUT4_I3_F_DFFCE_D_Q_DFFCE_Q_2.D
Info:      setup  0.40  12.89 Source bridge.queue.reads.0.0_DO_26_LUT4_I2_F_DFFCE_D_Q_DFFCE_Q_D_LUT3_F_I2_LUT4_F_I3_LUT4_F_I3_LUT4_F_I1_DFFCE_Q_D_DFFCE_Q_D_DFFCE_D_Q_LUT4_I1_F_LUT3_F_I1_LUT3_I1_I0_LUT2_I1_F_LUT4_I0_2_F_LUT3_I2_F_LUT4_I3_F_DFFCE_D_Q_DFFCE_Q_2.D
Info: 8.02 ns logic, 4.87 ns routing

Info: Critical path report for cross-domain path 'posedge bridge.clk' -> 'posedge bridge.p2.spi_clk':
Info:       type curr  total name
Info:   clk-to-q  0.46  0.46 Source clocking.locked_LUT2_I1_F_DFFC_CLEAR.Q
Info:    routing  2.24  2.70 Net chien.term[1]_DFFE_Q_D_LUT3_F_I1_LUT4_I1_F_LUT4_I3_F_ALU_SUM_I1_ALU_I0_SUM_ALU_SUM_1_CIN_ALU_COUT_SUM_LUT4_I3_F_LUT4_I3_F_LUT2_I1_F_DFFCE_D_CE[0] (36,24) -> (22,26)
Info:                          Sink bridge.p2.cs_n_LUT4_I0.I1
Info:                          Defined in:
Info:                               /workspace/scratch/5bc736d51023/tooling/oss-cad-suite/lib/../share/yosys/gowin/cells_map.v:130.20-130.21
Info:      logic  1.10  3.80 Source bridge.p2.cs_n_LUT4_I0.F
Info:    routing  0.81  4.61 Net bridge.p2.cs_n_LUT4_I0_F (22,26) -> (22,27)
Info:                          Sink bridge.p2.fifo.mem.0.0.CEA
Info:      setup  0.17  4.78 Source bridge.p2.fifo.mem.0.0.CEA
Info: 1.73 ns logic, 3.05 ns routing

Info: Critical path report for cross-domain path 'posedge bridge.clk' -> 'posedge bridge.p3.spi_clk':
Info:       type curr  total name
Info:   clk-to-q  0.46  0.46 Source clocking.locked_LUT2_I1_F_DFFC_CLEAR.Q
Info:    routing  1.28  1.74 Net chien.term[1]_DFFE_Q_D_LUT3_F_I1_LUT4_I1_F_LUT4_I3_F_ALU_SUM_I1_ALU_I0_SUM_ALU_SUM_1_CIN_ALU_COUT_SUM_LUT4_I3_F_LUT4_I3_F_LUT2_I1_F_DFFCE_D_CE[0] (36,24) -> (34,26)
Info:                          Sink bridge.p3.cs_n_LUT2_I0_1_F_LUT4_I1.I0
Info:                          Defined in:
Info:                               /workspace/scratch/5bc736d51023/tooling/oss-cad-suite/lib/../share/yosys/gowin/cells_map.v:130.20-130.21
Info:      logic  1.03  2.77 Source bridge.p3.cs_n_LUT2_I0_1_F_LUT4_I1.F
Info:    routing  0.81  3.58 Net bridge.p3.cs_n_LUT2_I0_1_F_LUT4_I1_F (34,26) -> (34,27)
Info:                          Sink bridge.p3.fifo.mem.0.0.CEA
Info:      setup  0.17  3.75 Source bridge.p3.fifo.mem.0.0.CEA
Info: 1.66 ns logic, 2.09 ns routing

Info: Max frequency for clock 'bridge.p3.spi_clk': 131.61 MHz (PASS at 80.00 MHz)
Info: Max frequency for clock 'bridge.p2.spi_clk': 122.22 MHz (PASS at 80.00 MHz)
ERROR: Max frequency for clock        'bridge.clk': 77.60 MHz (FAIL at 90.00 MHz)

Info: Max delay posedge bridge.clk -> posedge bridge.p2.spi_clk: 4.78 ns
Info: Max delay posedge bridge.clk -> posedge bridge.p3.spi_clk: 3.75 ns

Info: Slack histogram:
Info:  legend: * represents 3 endpoint(s)
Info:          + represents [1,3) endpoint(s)
Info: [ -1775,  -1158) |+
Info: [ -1158,   -541) |+
Info: [  -541,     76) |*+
Info: [    76,    693) |*+
Info: [   693,   1310) |+
Info: [  1310,   1927) |**+
Info: [  1927,   2544) |*********+
Info: [  2544,   3161) |*********************************************+
Info: [  3161,   3778) |******************************+
Info: [  3778,   4395) |*******************************+
Info: [  4395,   5012) |************************************************+
Info: [  5012,   5629) |*********************************+
Info: [  5629,   6246) |***********************+
Info: [  6246,   6863) |*************************************+
Info: [  6863,   7480) |************************************************************ 
Info: [  7480,   8097) |*************************************************+
Info: [  8097,   8714) |********************************************+
Info: [  8714,   9331) |*************************************+
Info: [  9331,   9948) |**********+
Info: [  9948,  10565) |*******+

0 warnings, 1 error

Info: Program finished normally.
