Info: Using uarch 'gowin' for device 'GW1NR-LV9QN88PC6/I5'
Info: constraining clock net 'clocking.clk27' to 27.00 MHz
Info: constraining clock net 'bridge.clk' to 90.00 MHz
Info: constraining clock net 'bridge.clk_ck' to 90.00 MHz
Info: constraining clock net 'bridge.p2.spi_clk' to 80.00 MHz
Info: constraining clock net 'bridge.p3.spi_clk' to 80.00 MHz

Info: Reading constraints...
Info: Create constant nets...
Info: Modify LUTs...
Info: Pack IOBs...
Info: Pack I3C IOs...
Info: Pack MIPI IOs...
Info: Pack diff IOBs...
Info: Pack FFs into IO cells...
Info: Pack IODELAY...
Info: Pack Input Edge Monitors...
Info: Pack IO logic...
Info: Pack DESER16 logic...
Info: Pack GSR...
Info: Pack HCLK cells...
Info: Pack DLLDLYs...
Info: Pack wide LUTs...
Info: Packed MUX2_LUT8:0, MUX2_LU7:0, MUX2_LUT6:0, MUX2_LUT5:0
Info: Pack ALUs...
Info: Pack SSRAMs...
Info: Constrained 1575 LUTFF pairs.
Info: Pack PLL...
Info: Pack ADC...
Info: Pack GW JTAG...
Info: Pack BSRAMs...
Info: Pack DSP...
Info: Pack INV...
Info: Pack buffered nets...
Info: Pack EMCU and UserFlash cells...
Info: Pack UserFlash cells...
Info: Pack DQCE cells...
Info: Pack DCS cells...
Info: Checksum: 0x8dbaa046

Info: Device utilisation:
Info: 	                 VCC:       1/      1   100%
Info: 	                 IOB:      27/    276     9%
Info: 	                LUT4:    6349/   8640    73%
Info: 	              OSER16:       0/     80     0%
Info: 	              IDES16:       0/     80     0%
Info: 	            IOLOGICI:      18/    276     6%
Info: 	            IOLOGICO:      24/    276     8%
Info: 	           MUX2_LUT5:       0/   4320     0%
Info: 	           MUX2_LUT6:       0/   2160     0%
Info: 	           MUX2_LUT7:       0/   1080     0%
Info: 	           MUX2_LUT8:       0/   1080     0%
Info: 	                 ALU:    2270/   6480    35%
Info: 	                 GND:       1/      1   100%
Info: 	                 DFF:    3442/   6480    53%
Info: 	           RAM16SDP4:       0/    270     0%
Info: 	               BSRAM:      10/     26    38%
Info: 	              ALU54D:       0/     10     0%
Info: 	     MULTADDALU18X18:       0/     10     0%
Info: 	        MULTALU18X18:       0/     10     0%
Info: 	        MULTALU36X18:       0/     10     0%
Info: 	           MULT36X36:       0/      5     0%
Info: 	           MULT18X18:       2/     20    10%
Info: 	             MULT9X9:       0/     40     0%
Info: 	              PADD18:       0/     20     0%
Info: 	               PADD9:       0/     40     0%
Info: 	                 GSR:       1/      1   100%
Info: 	                 OSC:       0/      1     0%
Info: 	                rPLL:       1/      2    50%
Info: 	           FLASH608K:       0/      1     0%
Info: 	                BUFG:       2/     22     9%
Info: 	                DQCE:       0/     24     0%
Info: 	                 DCS:       0/      8     0%
Info: 	               DHCEN:       0/     24     0%
Info: 	              CLKDIV:       0/      8     0%
Info: 	             CLKDIV2:       0/     16     0%
Info: 	           MIPI_IBUF:       0/     22     0%
Info: 	           MIPI_OBUF:       0/     20     0%

Info: Running custom HCLK placer...
Info: Placed 0 cells based on constraints.
Info: Creating initial analytic placement for 6156 cells, random placement wirelen = 252375.
Info:     at initial placer iter 0, wirelen = 3828
Info:     at initial placer iter 1, wirelen = 3066
Info:     at initial placer iter 2, wirelen = 3154
Info:     at initial placer iter 3, wirelen = 3133
Info: Running main analytical placer, max placement attempts per cell = 18525784.
Info:     at iteration #1, type ALL: wirelen solved = 2981, spread = 73047, legal = 201845; time = 5.92s
Info:     at iteration #2, type ALL: wirelen solved = 6340, spread = 57815, legal = 169193; time = 6.00s
Info:     at iteration #3, type ALL: wirelen solved = 9343, spread = 59897, legal = 165618; time = 4.14s
Info:     at iteration #4, type ALL: wirelen solved = 10851, spread = 53698, legal = 158592; time = 5.23s
Info:     at iteration #5, type ALL: wirelen solved = 12247, spread = 44941, legal = 139714; time = 3.46s
Info:     at iteration #6, type ALL: wirelen solved = 13562, spread = 46953, legal = 125766; time = 2.51s
Info:     at iteration #7, type ALL: wirelen solved = 15392, spread = 54871, legal = 122711; time = 2.30s
Info:     at iteration #8, type ALL: wirelen solved = 17280, spread = 51022, legal = 113779; time = 1.84s
Info:     at iteration #9, type ALL: wirelen solved = 18896, spread = 48561, legal = 92302; time = 1.28s
Info:     at iteration #10, type ALL: wirelen solved = 19427, spread = 42431, legal = 80398; time = 0.81s
Info:     at iteration #11, type ALL: wirelen solved = 20876, spread = 52213, legal = 83125; time = 1.24s
Info:     at iteration #12, type ALL: wirelen solved = 21808, spread = 48199, legal = 79640; time = 0.95s
Info:     at iteration #13, type ALL: wirelen solved = 23785, spread = 42736, legal = 70129; time = 0.67s
Info:     at iteration #14, type ALL: wirelen solved = 23783, spread = 41482, legal = 64966; time = 0.50s
Info:     at iteration #15, type ALL: wirelen solved = 24492, spread = 40996, legal = 69256; time = 0.68s
Info:     at iteration #16, type ALL: wirelen solved = 25971, spread = 47750, legal = 68418; time = 0.71s
Info:     at iteration #17, type ALL: wirelen solved = 26611, spread = 41056, legal = 65865; time = 0.49s
Info:     at iteration #18, type ALL: wirelen solved = 28032, spread = 43530, legal = 67476; time = 0.59s
Info:     at iteration #19, type ALL: wirelen solved = 29314, spread = 44138, legal = 66300; time = 0.57s
Info: HeAP Placer Time: 41.01s
Info:   of which solving equations: 2.21s
Info:   of which spreading cells: 0.31s
Info:   of which strict legalisation: 37.68s

Info: Running simulated annealing placer for refinement.
Info:   at iteration #1: temp = 0.000000, timing cost = 80, wirelen = 64966
Info:   at iteration #5: temp = 0.000000, timing cost = 95, wirelen = 52729
Info:   at iteration #10: temp = 0.000000, timing cost = 100, wirelen = 49716
Info:   at iteration #15: temp = 0.000000, timing cost = 121, wirelen = 48353
Info:   at iteration #20: temp = 0.000000, timing cost = 116, wirelen = 47308
Info:   at iteration #25: temp = 0.000000, timing cost = 114, wirelen = 46982
Info:   at iteration #30: temp = 0.000000, timing cost = 112, wirelen = 46843
Info:   at iteration #33: temp = 0.000000, timing cost = 113, wirelen = 46820 
Info: SA placement time 21.76s

Info: Max frequency for clock 'bridge.p3.spi_clk': 200.72 MHz (PASS at 80.00 MHz)
Info: Max frequency for clock 'bridge.p2.spi_clk': 179.44 MHz (PASS at 80.00 MHz)
Info: Max frequency for clock        'bridge.clk': 113.68 MHz (PASS at 90.00 MHz)

Info: Max delay posedge bridge.clk        -> posedge bridge.p2.spi_clk: 3.93 ns
Info: Max delay posedge bridge.clk        -> posedge bridge.p3.spi_clk: 2.66 ns
Info: Max delay posedge bridge.p2.spi_clk -> posedge bridge.clk       : 0.86 ns
Info: Max delay posedge bridge.p3.spi_clk -> posedge bridge.clk       : 0.96 ns

Info: Slack histogram:
Info:  legend: * represents 10 endpoint(s)
Info:          + represents [1,10) endpoint(s)
Info: [  2314,   2789) |+
Info: [  2789,   3264) |+
Info: [  3264,   3739) |*+
Info: [  3739,   4214) |*+
Info: [  4214,   4689) |********+
Info: [  4689,   5164) |***+
Info: [  5164,   5639) |*******+
Info: [  5639,   6114) |********+
Info: [  6114,   6589) |*********+
Info: [  6589,   7064) |******************+
Info: [  7064,   7539) |****************************** 
Info: [  7539,   8014) |********************+
Info: [  8014,   8489) |**********************+
Info: [  8489,   8964) |***********************+
Info: [  8964,   9439) |*****************************************************+
Info: [  9439,   9914) |**************************+
Info: [  9914,  10389) |************************************************************ 
Info: [ 10389,  10864) |***********+
Info: [ 10864,  11339) |*+
Info: [ 11339,  11814) |**+
Info: Checksum: 0xcb17a9ee
Info: Routing globals...
Info:     'bridge.p3.spi_clk' net was routed.
Info:     'bridge.p2.spi_clk' net was routed.
Info:     'clocking.clk27' net was routed using global resources only.
Info:     'bridge.clk_ck' net was routed using global resources only.
Info:     'bridge.clk' net was routed using global resources only.
Info:     'chien.term[1]_DFFE_Q_D_LUT3_F_I1_LUT4_I1_F_LUT4_I3_F_ALU_SUM_I1_ALU_I0_SUM_ALU_SUM_1_CIN_ALU_COUT_SUM_LUT4_I3_F_LUT4_I3_F_LUT2_I1_F_DFFCE_D_CE[0]' is routed using segments.
Info:     'clocking.locked_LUT2_I1_F_DFFC_CLEAR_Q_LUT4_I0_I1_LUT2_I0_F[2]' is routed using segments.
Info:     'bridge.p2.fifo.mem.0.0_DI_8_LUT3_F_I1_LUT3_I1_F_DFFC_D_Q_LUT3_F_I2_LUT2_I1_F_LUT4_I2_F_DFFCE_CE_Q_DFFC_D_Q_DFFC_D_Q_DFFCE_Q_CE_LUT4_F_I0_LUT4_I1_I3_LUT3_I2_F_LUT4_I3_F' is routed using segments.
Info:     'vit.metrics[5]_DFFE_Q_4_D_LUT4_F_I2_ALU_SUM_1_I0' is routed using segments.
Info:     'vit.metrics[44]_DFFE_Q_3_D_LUT4_F_I2_ALU_SUM_I1_ALU_I1_COUT_ALU_CIN_I0' is routed using segments.
Info:     'vit.metrics[48]_DFFE_Q_D_LUT4_F_I2_ALU_SUM_I1_ALU_I1_CIN_ALU_COUT_I0' is routed using segments.
Info:     'vit.metrics[5]_DFFE_Q_4_D_LUT4_F_I2_ALU_SUM_1_I0_LUT3_F_I0_DFFCE_Q_1_D_ALU_SUM_CIN_ALU_COUT_CIN_ALU_COUT_SUM_DFFCE_D_1_Q_LUT3_I1_F' is routed using segments.
Info:     'vit.metrics[5]_DFFE_Q_4_D_LUT4_F_I2_ALU_SUM_1_I0_LUT3_F_I0_DFFCE_Q_1_D_ALU_SUM_CIN_ALU_COUT_CIN_ALU_COUT_CIN_ALU_COUT_SUM_DFFCE_D_1_Q_LUT3_I1_F' is routed using segments.
Info:     'chien.locator_DFFE_Q_CE_LUT3_F_I2_LUT3_I2_2_F' is routed using segments.
Info:     'chien.term[6]_DFFE_Q_D_LUT4_F_I1_LUT4_I2_F_LUT4_F_1_I3_LUT3_F_1_I2_LUT3_F_I2_LUT4_F_2_I3_DFFC_Q_D_LUT2_F_I1_LUT2_F_I1_LUT3_F_I1_ALU_COUT_CIN_ALU_COUT_I1_DFFCE_Q_D_LUT3_I2_F[2]' is routed using segments.
Info:     'syndrome.rom_odd.0.0_AD_8_DFFCE_D_Q_DFFCE_Q_D_LUT2_I1_F_DFFCE_CE_1_Q[1]' is routed using segments.
Info:     'bridge.queue.writes.0.0_DI_17_DFF_Q_D_DFFCE_Q_D_LUT3_F_I0_DFFCE_D_CE_LUT2_F_I0_LUT2_F_I0[1]' is routed using segments.
Info:     'O_psram_reset_n_OBUF_O_I_LUT4_F_I2_DFFC_Q_D_LUT3_F_I0_LUT3_I0_F_LUT4_F_I1_LUT3_I1_F_LUT3_I2_F_LUT3_F_I2_LUT3_I2_F_LUT2_F_1_I1_LUT2_I1_F_LUT3_I2_F_LUT4_I3_F_LUT3_I2_F_DFFCE_CE_Q[3]' is routed using segments.
Info:     'bridge.queue.writes.0.0_DI_14_DFF_Q_D_DFFCE_Q_D_LUT3_F_I1_DFFCE_D_Q_LUT4_F_I3_DFFCE_Q_1_D_LUT4_F_I2_LUT3_I2_F_LUT3_F_I1[2]' is routed using segments.
Info:     'chien.term[6]_DFFE_Q_D_LUT4_F_I1_LUT4_I2_F_LUT4_F_1_I3_LUT3_F_1_I2_LUT3_F_I2_LUT4_F_1_I3_DFFCE_Q_D_LUT2_F_I0[1]' is routed using segments.
Info:     'vit.branch_choice.0.0_DIA_3_DFF_Q_D_DFFCE_Q_D_DFFCE_Q_CE[1]' is routed using segments.
Info:     'chien.term[6]_DFFE_Q_D_LUT4_F_I1_LUT4_I2_F_LUT4_F_1_I3_LUT3_F_1_I2_LUT3_F_I2_LUT4_F_2_I3_DFFC_Q_D_LUT2_F_I0[1]' is routed using segments.
Info:     'bridge.p3.cs_n_LUT2_I0_1_I1' is routed using segments.
Info:     'bridge.p2.fifo.mem.0.0_DI_8_LUT3_F_I1_LUT3_I1_F_DFFC_D_Q_LUT3_F_I2_LUT2_I1_F_LUT4_I2_F_DFFCE_CE_Q_DFFC_D_Q_DFFC_D_Q_DFFCE_Q_CE_LUT4_F_I2_LUT2_F_I1_LUT2_I0_F' is routed using segments.
Info:     'bridge.queue.writes.0.0_DI_17_DFF_Q_D_DFFCE_Q_D_LUT3_F_I0_DFFCE_D_CE_LUT2_F_I0_LUT2_I0_F_LUT4_I2_F_DFFCE_CE_Q_LUT2_I0_F' is routed using segments.
Info:     'O_psram_reset_n_OBUF_O_I_LUT4_F_I2_DFFC_Q_D_LUT3_F_I0_LUT3_I0_F_LUT4_F_I1_LUT3_I1_F_LUT3_I2_F_LUT3_F_I2_LUT3_I2_F_LUT2_F_1_I1_LUT2_I1_F_LUT3_I2_F_LUT4_I3_F_LUT3_I2_F_DFFCE_CE_Q_LUT3_I1_F_DFFCE_CE_Q_DFFCE_Q_D_ALU_SUM_COUT_ALU_CIN_SUM_DFFCE_Q_D_LUT4_F_I3_LUT4_I3_F_DFFCE_D_Q[3]' is routed using segments.
Info:     'bridge.controller.head[0][1]' is routed using segments.
Info:     'bridge.p3.fifo.mem.0.0_DI_32_LUT2_F_I0_LUT3_I0_F_LUT3_F_I2[1]' is routed using segments.
Info:     'bridge.queue.reads.0.0_DO_26_LUT4_I2_F_DFFCE_D_Q_DFFCE_Q_D_LUT3_F_I2_LUT4_F_I3_LUT4_F_I3_LUT4_F_I1_DFFCE_Q_D_DFFCE_Q_D_DFFCE_D_Q_LUT4_I1_F_LUT3_F_I1_LUT3_I1_I0_LUT2_I1_F_LUT4_I0_1_I1_LUT4_I2_F_DFFC_D_Q_DFFP_Q_D_LUT3_F_I2_LUT3_I2_F_LUT3_I2_1_I1[0]' is routed using segments.
Info:     'bridge.queue.reads.0.0_DO_8_LUT4_I2_F_DFFCE_D_Q_DFFCE_Q_1_D_LUT4_F_I3_LUT4_I0_I1_LUT4_I3_F[0]' is routed using segments.
Info:     'vit.branch_choice.0.0_DIA_3_DFF_Q_D_DFFCE_Q_D_DFFCE_Q_CE_LUT3_F_I2_LUT3_F_I0_LUT3_I0_F[1]' is routed using segments.
Info:     'metric.abs_i_DFFE_Q_10_D_LUT3_F_I2[0]' is routed using segments.
Info:     'metric.abs_q_DFFE_Q_14_D[2]' is routed using segments.
Info:     'chien.locator_DFFE_Q_56_CE_LUT3_F_I2_LUT3_I2_F' is routed using segments.
Info:     'bridge.p2.fifo.mem.0.0_DI_32_LUT2_F_I0_LUT4_I3_I1_ALU_I1_COUT_ALU_CIN_COUT_ALU_CIN_COUT_ALU_CIN_COUT_ALU_CIN_SUM_DFFCE_D_Q_DFFCE_Q_D_ALU_SUM_COUT_ALU_CIN_COUT_ALU_CIN_COUT_ALU_CIN_COUT_ALU_CIN_COUT_ALU_CIN_SUM_DFFCE_D_Q_ALU_I0_COUT_ALU_CIN_COUT' is routed using segments.
Info:     'bridge.p2.fifo.mem.0.0_DI_8_LUT3_F_I1_LUT3_I1_F_DFFC_D_Q_LUT3_F_I2_LUT2_I1_F_LUT4_I2_F_DFFCE_CE_Q_DFFC_D_Q_DFFC_D_Q_DFFCE_Q_CE_LUT4_F_I0_LUT4_I1_I3_LUT4_I2_F_LUT4_I3_F[0]' is routed using segments.
Info:     'bridge.queue.writes.0.0_DI_13_DFF_Q_D_DFFCE_Q_D_LUT3_F_I1_DFFCE_D_Q[1]' is routed using segments.
Info:     'chien.term[1]_DFFE_Q_D_LUT3_F_I1_LUT4_I1_F_LUT4_I3_F_ALU_SUM_CIN_ALU_COUT_I1[1]' is routed using segments.
Info:     'O_psram_reset_n_OBUF_O_I_LUT4_F_I2_DFFC_Q_D_LUT3_F_I0_LUT3_I0_F_LUT4_F_I1_LUT3_I1_F_LUT3_I2_F_LUT3_F_I2_LUT3_I2_F_LUT2_F_1_I1_LUT2_I1_F_LUT3_I2_F_LUT4_I3_F_LUT3_I2_F_DFFCE_CE_Q_LUT3_I1_F_DFFCE_CE_Q_DFFCE_Q_D_ALU_SUM_COUT_ALU_CIN_SUM_DFFCE_Q_D_LUT4_F_I3_LUT4_I3_F_DFFCE_D_Q[2]' is routed using segments.
Info:     'chien.locator_DFFE_Q_CE' is routed using segments.
Info:     'O_psram_reset_n_OBUF_O_I_LUT4_F_I2_DFFC_Q_D_LUT3_F_I0_LUT2_I1_F_LUT4_I3_F' is routed using segments.
Info:     'bridge.controller.head[1][1]' is routed using segments.
Info:     'metric.abs_i_DFFE_Q_13_D_LUT3_F_I2[1]' is routed using segments.
Info:     'vit.metrics[48]_DFFE_Q_D_LUT4_F_I2_ALU_SUM_CIN_ALU_COUT_I0' is routed using segments.
Info:     'bridge.queue.writes.0.0_DI_17_DFF_Q_D_DFFCE_Q_D_LUT3_F_I0_DFFCE_D_CE_LUT2_F_I0_LUT2_I0_F_LUT2_F_I0_LUT4_I2_F_LUT4_I3_F_DFFCE_D_Q_LUT3_F_I2_DFFCE_Q_1_CE_LUT2_F_I1_LUT4_F_I2[3]' is routed using segments.
Info:     'bridge.queue.writes.0.0_DI_17_DFF_Q_D_DFFCE_Q_D_LUT3_F_I0_DFFCE_D_CE_LUT2_F_I0_LUT2_I0_F_LUT2_F_I0_LUT4_I2_F_LUT3_I2_F[0]' is routed using segments.
Info:     'vit.decoded_mem.0.0_ADA_LUT4_I1_F_DFF_Q_D_DFFCE_Q_D_ALU_SUM_COUT_ALU_CIN_SUM_DFFCE_D_Q_DFF_D_Q_DFF_Q_D_DFFCE_Q_D_LUT1_F_I0_LUT4_I0_F_LUT4_I2_F_DFFCE_D_Q_LUT3_I1_F_DFFCE_CE_1_Q[1]' is routed using segments.
Info:     'chien.locator_DFFE_Q_56_CE_LUT3_F_I2_LUT3_I2_2_F' is routed using segments.
Info:     'chien.term[6]_DFFE_Q_D_LUT4_F_I1_LUT4_I2_F_LUT4_F_1_I3_LUT3_F_I2[1]' is routed using segments.
Info:     'bridge.queue.writes.0.0_DI_17_DFF_Q_D_DFFCE_Q_D_LUT3_F_I0_DFFCE_D_CE_LUT2_F_I0_LUT2_I0_F_LUT2_F_I0_LUT4_I2_F_LUT4_I3_F_DFFCE_D_Q_DFFCE_Q_D_LUT3_I2_F' is routed using segments.
Info:     'bridge.queue.writes.0.0_DI_14_DFF_Q_D_DFFCE_Q_D_LUT3_F_I1_DFFCE_D_Q_LUT4_F_I3_DFFCE_Q_1_D_LUT4_F_I2_LUT3_F_1_I2[0]' is routed using segments.
Info:     'bridge.p2.fifo.mem.0.0_DI_8_LUT3_F_I1_LUT3_I1_F_DFFC_D_Q_LUT3_F_I2_LUT2_I1_F_LUT4_I2_F_DFFCE_CE_Q_DFFC_D_Q_DFFC_D_Q_DFFCE_Q_CE_LUT4_F_I0_LUT4_I1_I3_LUT4_I2_F_LUT4_I3_I1_LUT3_I0_F_DFFCE_D_Q_LUT3_I1_F_LUT3_I2_F' is routed using segments.
Info:     'metric.abs_i_DFFE_Q_7_D_LUT3_F_I2[1]' is routed using segments.
Info:     'O_psram_reset_n_OBUF_O_I_LUT4_F_I2_DFFC_Q_D_LUT3_F_I0_LUT3_I0_F_LUT4_F_I1_LUT3_I1_F_LUT3_I2_F_LUT2_F_I1_LUT2_I1_F_DFFP_Q_D_LUT4_F_I3_LUT3_I1_F_LUT4_I3_F_DFFC_D_Q[2]' is routed using segments.
Info:     'O_psram_reset_n_OBUF_O_I_LUT4_F_I2_DFFC_Q_D_LUT3_F_I0_LUT3_I0_F_LUT4_F_I1_LUT2_I1_F[2]' is routed using segments.
Info:     'O_psram_reset_n_OBUF_O_I_LUT4_F_I2_DFFC_Q_D_LUT3_F_I0_LUT3_I0_F_LUT4_I3_F_LUT2_I1_F_LUT4_I3_F_DFFC_D_Q[1]' is routed using segments.
Info:     'O_psram_reset_n_OBUF_O_I_LUT4_F_I2_DFFC_Q_D_LUT3_F_I0_LUT2_I1_F_LUT4_I3_2_F' is routed using segments.
Info:     'chien.locator_DFFE_Q_CE_LUT3_F_I2_LUT3_I2_1_F' is routed using segments.
Info:     'O_psram_reset_n_OBUF_O_I_LUT4_F_I2_DFFC_Q_D_LUT3_F_I0_LUT2_I1_F_LUT4_I3_1_F' is routed using segments.
Info:     'O_psram_reset_n_OBUF_O_I_LUT4_F_I2_DFFC_Q_D_LUT3_F_I0_LUT2_I1_F_LUT4_I3_3_F' is routed using segments.
Info:     'bridge.queue.writes.0.0_DO_14_LUT3_I2_F_LUT3_F_I1_DFFCE_D_CE_DFFCE_CE_Q_DFFCE_Q_2_D_LUT2_F_I1_ALU_SUM_CIN_ALU_COUT_SUM_LUT2_I1_F_DFFCE_D_Q_DFFCE_Q_1_D_LUT2_F_I1_ALU_SUM_COUT_ALU_CIN_COUT_ALU_CIN_COUT_ALU_CIN_COUT_ALU_CIN_COUT_ALU_CIN_COUT_ALU_CIN_COUT_LUT4_I1_F' is routed using segments.
Info:     'metric.abs_i_DFFE_Q_8_D_LUT3_F_I1[1]' is routed using segments.
Info:     'vit.metrics[5]_DFFE_Q_4_D_LUT4_F_I2_ALU_SUM_1_I0_LUT3_F_I0_DFFCE_Q_1_D_ALU_SUM_COUT_ALU_CIN_SUM_DFFCE_D_Q_LUT3_I1_1_F' is routed using segments.
Info:     'vit.metrics[44]_DFFE_Q_3_D_LUT4_F_I2_ALU_SUM_COUT_ALU_CIN_I0' is routed using segments.
Info:     'clocking.locked_LUT2_I1_F_DFFC_CLEAR_Q_LUT2_I0_F[0]' is routed using segments.

Info: Routing..
Info: Setting up routing queue.
Info: Routing 28940 arcs.
Info:            |   (re-)routed arcs  |   delta    | remaining|       time spent     |
Info:    IterCnt |  w/ripup   wo/ripup |  w/r  wo/r |      arcs| batch(sec) total(sec)|
Info:       1000 |       15        984 |   15   984 |     27957|       0.67       0.67|
Info:       2000 |       50       1886 |   35   902 |     27002|       0.38       1.04|
Info:       3000 |       70       2705 |   20   819 |     26026|       0.24       1.28|
Info:       4000 |       83       3563 |   13   858 |     25042|       0.19       1.47|
Info:       5000 |      103       4508 |   20   945 |     24070|       0.21       1.68|
Info:       6000 |      106       5444 |    3   936 |     23074|       0.40       2.08|
Info:       7000 |      106       6380 |    0   936 |     22074|       0.41       2.49|
Info:       8000 |      107       7305 |    1   925 |     21075|       0.38       2.87|
Info:       9000 |      107       8239 |    0   934 |     20075|       0.36       3.24|
Info:      10000 |      108       9177 |    1   938 |     19076|       0.40       3.64|
Info:      11000 |      112      10112 |    4   935 |     18080|       0.42       4.06|
Info:      12000 |      116      11029 |    4   917 |     17085|       0.40       4.46|
Info:      13000 |      124      11965 |    8   936 |     16094|       0.44       4.90|
Info:      14000 |      135      12884 |   11   919 |     15105|       0.46       5.36|
Info:      15000 |      141      13810 |    6   926 |     14111|       0.51       5.87|
Info:      16000 |      149      14757 |    8   947 |     13119|       0.47       6.34|
Info:      17000 |      163      15665 |   14   908 |     12135|       0.54       6.87|
Info:      18000 |      184      16570 |   21   905 |     11168|       0.56       7.43|
Info:      19000 |      209      17485 |   25   915 |     10215|       0.64       8.07|
Info:      20000 |      251      18381 |   42   896 |      9266|       0.67       8.74|
Info:      21000 |      294      19276 |   43   895 |      8316|       0.78       9.52|
Info:      22000 |      350      20168 |   56   892 |      7383|       0.88      10.39|
Info:      23000 |      405      21052 |   55   884 |      6450|       0.75      11.14|
Info:      24000 |      494      21895 |   89   843 |      5580|       0.84      11.99|
Info:      25000 |      589      22752 |   95   857 |      4716|       0.88      12.86|
Info:      26000 |      713      23586 |  124   834 |      3878|       1.13      13.99|
Info:      27000 |      840      24405 |  127   819 |      3052|       1.13      15.12|
Info:      28000 |      992      25213 |  152   808 |      2276|       1.25      16.37|
Info:      29000 |     1166      25993 |  174   780 |      1518|       1.17      17.53|
Info:      30000 |     1342      26774 |  176   781 |       785|       1.30      18.83|
Info:      31000 |     1548      27529 |  206   755 |        86|       1.38      20.21|
Info:      31123 |     1577      27617 |   29    88 |         0|       0.20      20.41|
Info: Routing complete.
Info: Router1 time 20.41s
Info: Checksum: 0x6761a9a6

Info: Critical path report for clock 'bridge.p3.spi_clk' (posedge -> posedge):
Info:       type curr  total name
Info:   clk-to-q  0.46  0.46 Source bridge.p3.fifo.mem.0.0_ADA_3_ALU_I1_CIN_ALU_COUT_SUM_LUT2_I1_F_DFFCE_D.Q
Info:    routing  0.96  1.42 Net bridge.p3.fifo.mem.0.0_ADA_3_ALU_I1_CIN_ALU_COUT_SUM_LUT2_I1_F_DFFCE_D_Q[1] (40,20) -> (40,23)
Info:                          Sink bridge.p3.fifo.mem.0.0_DI_32_LUT2_F_I0_LUT3_I0_F_LUT4_F_I3_LUT4_F_3.I1
Info:                          Defined in:
Info:                               /workspace/scratch/5bc736d51023/tooling/oss-cad-suite/lib/../share/yosys/gowin/cells_map.v:130.20-130.21
Info:      logic  1.10  2.51 Source bridge.p3.fifo.mem.0.0_DI_32_LUT2_F_I0_LUT3_I0_F_LUT4_F_I3_LUT4_F_3.F
Info:    routing  0.81  3.32 Net bridge.p3.fifo.mem.0.0_DI_32_LUT2_F_I0_LUT3_I0_F_LUT4_F_I3[0] (40,23) -> (42,23)
Info:                          Sink bridge.p3.fifo.mem.0.0_DI_32_LUT2_F_I0_LUT3_I0_F_LUT4_F.I0
Info:                          Defined in:
Info:                               /workspace/scratch/5bc736d51023/tooling/oss-cad-suite/lib/../share/yosys/gowin/cells_map.v:130.20-130.21
Info:      logic  1.03  4.35 Source bridge.p3.fifo.mem.0.0_DI_32_LUT2_F_I0_LUT3_I0_F_LUT4_F.F
Info:    routing  0.81  5.16 Net bridge.p3.fifo.mem.0.0_DI_32_LUT2_F_I0_LUT3_I0_F[1] (42,23) -> (42,25)
Info:                          Sink bridge.p2.fifo.mem.0.0_DI_8_LUT3_F_I1_LUT3_I1_F_DFFC_D_Q_LUT3_F_I2_LUT2_I1_F_LUT4_I2_F_DFFCE_CE_Q_DFFC_D_Q_DFFC_D_Q_DFFC_Q_D_DFFC_Q_D_DFFCE_Q_CE_LUT4_F.I1
Info:                          Defined in:
Info:                               /workspace/scratch/5bc736d51023/tooling/oss-cad-suite/lib/../share/yosys/gowin/cells_map.v:130.20-130.21
Info:      logic  1.10  6.25 Source bridge.p2.fifo.mem.0.0_DI_8_LUT3_F_I1_LUT3_I1_F_DFFC_D_Q_LUT3_F_I2_LUT2_I1_F_LUT4_I2_F_DFFCE_CE_Q_DFFC_D_Q_DFFC_D_Q_DFFC_Q_D_DFFC_Q_D_DFFCE_Q_CE_LUT4_F.F
Info:    routing  1.45  7.70 Net bridge.p2.fifo.mem.0.0_DI_8_LUT3_F_I1_LUT3_I1_F_DFFC_D_Q_LUT3_F_I2_LUT2_I1_F_LUT4_I2_F_DFFCE_CE_Q_DFFC_D_Q_DFFC_D_Q_DFFC_Q_D_DFFC_Q_D_DFFCE_Q_CE (42,25) -> (42,25)
Info:                          Sink bridge.p2.fifo.mem.0.0_DI_8_LUT3_F_I1_LUT3_I1_F_DFFC_D_Q_LUT3_F_I2_LUT2_I1_F_LUT4_I2_F_DFFCE_CE_Q_DFFC_D_Q_DFFC_D_Q_DFFC_Q_D_DFFC_Q_D_DFFCE_Q.CE
Info:      setup  0.04  7.74 Source bridge.p2.fifo.mem.0.0_DI_8_LUT3_F_I1_LUT3_I1_F_DFFC_D_Q_LUT3_F_I2_LUT2_I1_F_LUT4_I2_F_DFFCE_CE_Q_DFFC_D_Q_DFFC_D_Q_DFFC_Q_D_DFFC_Q_D_DFFCE_Q.CE
Info: 3.73 ns logic, 4.02 ns routing

Info: Critical path report for clock 'bridge.p2.spi_clk' (posedge -> posedge):
Info:       type curr  total name
Info:   clk-to-q  0.46  0.46 Source bridge.p2.fifo.mem.0.0_ADA_4_ALU_I1_CIN_ALU_COUT_CIN_ALU_COUT_SUM_LUT2_I1_F_DFFCE_D.Q
Info:    routing  0.41  0.87 Net bridge.p2.fifo.mem.0.0_ADA_4_ALU_I1_CIN_ALU_COUT_CIN_ALU_COUT_SUM_LUT2_I1_F_DFFCE_D_Q[1] (37,24) -> (37,24)
Info:                          Sink bridge.p2.fifo.mem.0.0_DI_32_LUT2_F_I0_LUT4_I3_F_LUT2_I1_F_LUT4_F_I3_LUT4_F_3.I1
Info:                          Defined in:
Info:                               /workspace/scratch/5bc736d51023/tooling/oss-cad-suite/lib/../share/yosys/gowin/cells_map.v:130.20-130.21
Info:      logic  1.10  1.97 Source bridge.p2.fifo.mem.0.0_DI_32_LUT2_F_I0_LUT4_I3_F_LUT2_I1_F_LUT4_F_I3_LUT4_F_3.F
Info:    routing  0.89  2.86 Net bridge.p2.fifo.mem.0.0_DI_32_LUT2_F_I0_LUT4_I3_F_LUT2_I1_F_LUT4_F_I3[0] (37,24) -> (36,24)
Info:                          Sink bridge.p2.fifo.mem.0.0_DI_32_LUT2_F_I0_LUT4_I3_F_LUT2_I1_F_LUT4_F.I0
Info:                          Defined in:
Info:                               /workspace/scratch/5bc736d51023/tooling/oss-cad-suite/lib/../share/yosys/gowin/cells_map.v:130.20-130.21
Info:      logic  1.03  3.89 Source bridge.p2.fifo.mem.0.0_DI_32_LUT2_F_I0_LUT4_I3_F_LUT2_I1_F_LUT4_F.F
Info:    routing  1.60  5.49 Net bridge.p2.fifo.mem.0.0_DI_32_LUT2_F_I0_LUT4_I3_F_LUT2_I1_F[2] (36,24) -> (31,26)
Info:                          Sink bridge.p2.cs_n_LUT4_I0.I2
Info:                          Defined in:
Info:                               /workspace/scratch/5bc736d51023/tooling/oss-cad-suite/lib/../share/yosys/gowin/cells_map.v:130.20-130.21
Info:      logic  0.82  6.31 Source bridge.p2.cs_n_LUT4_I0.F
Info:    routing  0.81  7.12 Net bridge.p2.cs_n_LUT4_I0_F (31,26) -> (31,27)
Info:                          Sink bridge.p2.fifo.mem.0.0.CEA
Info:      setup  0.17  7.29 Source bridge.p2.fifo.mem.0.0.CEA
Info: 3.58 ns logic, 3.71 ns routing

Info: Critical path report for clock 'bridge.clk' (posedge -> posedge):
Info:       type curr  total name
Info:   clk-to-q  0.46  0.46 Source bridge.queue.reads.0.0_DO_26_LUT4_I2_F_DFFCE_D_Q_DFFCE_Q_D_LUT3_F_I2_LUT4_F_I3_LUT4_F_I3_LUT4_F_I1_DFFCE_Q_D_DFFCE_Q_D_DFFCE_D_Q_LUT4_I1_F_LUT3_F_I1_LUT3_I1_I0_LUT2_I1_F_LUT4_I0_1_I1_LUT4_I2_F_DFFC_D_Q_DFFP_Q_D_LUT3_F_I2_LUT3_I2_F_LUT3_I2_1_I1_LUT2_I1_F_ALU_SUM_CIN_ALU_COUT_SUM_LUT4_I2_F_DFFC_D_Q_DFFC_Q_1.Q
Info:    routing  0.89  1.35 Net bridge.queue.reads.0.0_DO_26_LUT4_I2_F_DFFCE_D_Q_DFFCE_Q_D_LUT3_F_I2_LUT4_F_I3_LUT4_F_I3_LUT4_F_I1_DFFCE_Q_D_DFFCE_Q_D_DFFCE_D_Q_LUT4_I1_F_LUT3_F_I1_LUT3_I1_I0_LUT2_I1_F_LUT4_I0_1_I1_LUT4_I2_F_DFFC_D_Q_DFFP_Q_D_LUT3_F_I2_LUT3_I2_F_LUT3_I2_1_I1_LUT2_I1_F_ALU_SUM_CIN_ALU_COUT_CIN_ALU_COUT_SUM[0] (41,11) -> (40,11)
Info:                          Sink bridge.queue.reads.0.0_DO_26_LUT4_I2_F_DFFCE_D_Q_DFFCE_Q_D_LUT3_F_I2_LUT4_F_I3_LUT4_F_I3_LUT4_F_I1_DFFCE_Q_D_DFFCE_Q_D_DFFCE_D_Q_LUT4_I1_F_LUT3_F_I1_LUT3_I1_I0_LUT2_I1_F_LUT4_I0_I2_ALU_COUT_CIN_ALU_COUT_CIN_ALU_COUT.I0
Info:                          Defined in:
Info:                               /workspace/scratch/5bc736d51023/tooling/oss-cad-suite/lib/../share/yosys/gowin/cells_map.v:130.20-130.21
Info:      logic  0.96  2.31 Source bridge.queue.reads.0.0_DO_26_LUT4_I2_F_DFFCE_D_Q_DFFCE_Q_D_LUT3_F_I2_LUT4_F_I3_LUT4_F_I3_LUT4_F_I1_DFFCE_Q_D_DFFCE_Q_D_DFFCE_D_Q_LUT4_I1_F_LUT3_F_I1_LUT3_I1_I0_LUT2_I1_F_LUT4_I0_I2_ALU_COUT_CIN_ALU_COUT_CIN_ALU_COUT.COUT
Info:    routing  0.00  2.31 Net bridge.queue.reads.0.0_DO_26_LUT4_I2_F_DFFCE_D_Q_DFFCE_Q_D_LUT3_F_I2_LUT4_F_I3_LUT4_F_I3_LUT4_F_I1_DFFCE_Q_D_DFFCE_Q_D_DFFCE_D_Q_LUT4_I1_F_LUT3_F_I1_LUT3_I1_I0_LUT2_I1_F_LUT4_I0_I2_ALU_COUT_CIN_ALU_COUT_CIN (40,11) -> (40,11)
Info:                          Sink bridge.queue.reads.0.0_DO_26_LUT4_I2_F_DFFCE_D_Q_DFFCE_Q_D_LUT3_F_I2_LUT4_F_I3_LUT4_F_I3_LUT4_F_I1_DFFCE_Q_D_DFFCE_Q_D_DFFCE_D_Q_LUT4_I1_F_LUT3_F_I1_LUT3_I1_I0_LUT2_I1_F_LUT4_I0_I2_ALU_COUT_CIN_ALU_COUT.CIN
Info:                          Defined in:
Info:                               rtl/s3_rs_rpc_guard.sv:31.35-31.44
Info:                               /workspace/scratch/5bc736d51023/tooling/oss-cad-suite/lib/../share/yosys/gowin/arith_map.v:57.7-63.5
Info:                               /workspace/scratch/5bc736d51023/tooling/oss-cad-suite/lib/../share/yosys/gowin/cells_sim.v:1033.25-1033.29
Info:      logic  0.06  2.36 Source bridge.queue.reads.0.0_DO_26_LUT4_I2_F_DFFCE_D_Q_DFFCE_Q_D_LUT3_F_I2_LUT4_F_I3_LUT4_F_I3_LUT4_F_I1_DFFCE_Q_D_DFFCE_Q_D_DFFCE_D_Q_LUT4_I1_F_LUT3_F_I1_LUT3_I1_I0_LUT2_I1_F_LUT4_I0_I2_ALU_COUT_CIN_ALU_COUT.COUT
Info:    routing  0.00  2.36 Net bridge.queue.reads.0.0_DO_26_LUT4_I2_F_DFFCE_D_Q_DFFCE_Q_D_LUT3_F_I2_LUT4_F_I3_LUT4_F_I3_LUT4_F_I1_DFFCE_Q_D_DFFCE_Q_D_DFFCE_D_Q_LUT4_I1_F_LUT3_F_I1_LUT3_I1_I0_LUT2_I1_F_LUT4_I0_I2_ALU_COUT_CIN (40,11) -> (40,11)
Info:                          Sink bridge.queue.reads.0.0_DO_26_LUT4_I2_F_DFFCE_D_Q_DFFCE_Q_D_LUT3_F_I2_LUT4_F_I3_LUT4_F_I3_LUT4_F_I1_DFFCE_Q_D_DFFCE_Q_D_DFFCE_D_Q_LUT4_I1_F_LUT3_F_I1_LUT3_I1_I0_LUT2_I1_F_LUT4_I0_I2_ALU_COUT.CIN
Info:                          Defined in:
Info:                               rtl/s3_rs_rpc_guard.sv:31.35-31.44
Info:                               /workspace/scratch/5bc736d51023/tooling/oss-cad-suite/lib/../share/yosys/gowin/arith_map.v:57.7-63.5
Info:                               /workspace/scratch/5bc736d51023/tooling/oss-cad-suite/lib/../share/yosys/gowin/cells_sim.v:1033.25-1033.29
Info:      logic  0.06  2.42 Source bridge.queue.reads.0.0_DO_26_LUT4_I2_F_DFFCE_D_Q_DFFCE_Q_D_LUT3_F_I2_LUT4_F_I3_LUT4_F_I3_LUT4_F_I1_DFFCE_Q_D_DFFCE_Q_D_DFFCE_D_Q_LUT4_I1_F_LUT3_F_I1_LUT3_I1_I0_LUT2_I1_F_LUT4_I0_I2_ALU_COUT.COUT
Info:    routing  0.00  2.42 Net bridge.queue.reads.0.0_DO_26_LUT4_I2_F_DFFCE_D_Q_DFFCE_Q_D_LUT3_F_I2_LUT4_F_I3_LUT4_F_I3_LUT4_F_I1_DFFCE_Q_D_DFFCE_Q_D_DFFCE_D_Q_LUT4_I1_F_LUT3_F_I1_LUT3_I1_I0_LUT2_I1_F_LUT4_I0_I2_ALU_COUT_TAIL_ALULC (40,11) -> (40,11)
Info:                          Sink bridge.queue.reads.0.0_DO_26_LUT4_I2_F_DFFCE_D_Q_DFFCE_Q_D_LUT3_F_I2_LUT4_F_I3_LUT4_F_I3_LUT4_F_I1_DFFCE_Q_D_DFFCE_Q_D_DFFCE_D_Q_LUT4_I1_F_LUT3_F_I1_LUT3_I1_I0_LUT2_I1_F_LUT4_I0_I2_ALU_COUT_TAIL_ALULC.CIN
Info:      logic  0.56  2.98 Source bridge.queue.reads.0.0_DO_26_LUT4_I2_F_DFFCE_D_Q_DFFCE_Q_D_LUT3_F_I2_LUT4_F_I3_LUT4_F_I3_LUT4_F_I1_DFFCE_Q_D_DFFCE_Q_D_DFFCE_D_Q_LUT4_I1_F_LUT3_F_I1_LUT3_I1_I0_LUT2_I1_F_LUT4_I0_I2_ALU_COUT_TAIL_ALULC.SUM
Info:    routing  1.28  4.27 Net bridge.queue.reads.0.0_DO_26_LUT4_I2_F_DFFCE_D_Q_DFFCE_Q_D_LUT3_F_I2_LUT4_F_I3_LUT4_F_I3_LUT4_F_I1_DFFCE_Q_D_DFFCE_Q_D_DFFCE_D_Q_LUT4_I1_F_LUT3_F_I1_LUT3_I1_I0_LUT2_I1_F[2] (40,11) -> (38,10)
Info:                          Sink bridge.queue.reads.0.0_DO_26_LUT4_I2_F_DFFCE_D_Q_DFFCE_Q_D_LUT3_F_I2_LUT4_F_I3_LUT4_F_I3_LUT4_F_I1_DFFCE_Q_D_DFFCE_Q_D_DFFCE_D_Q_LUT4_I1_F_LUT3_F_I1_LUT3_I1_I0_LUT2_I1_F_LUT4_I0_2_F_LUT3_I2_F_LUT4_I3_F_DFFCE_D_Q_DFFCE_Q_2_D_LUT4_F_I3_LUT4_F_I3_LUT4_F_I1_LUT2_I0_F_LUT4_I3_F_DFFP_D_Q_LUT4_I0_F_LUT4_F_1_I1_LUT4_I1_F_LUT4_F_I0_LUT3_I0_F_LUT4_I3_F_DFFP_D_Q_LUT4_I0.I2
Info:                          Defined in:
Info:                               rtl/s3_rs_rpc_guard.sv:31.35-31.44
Info:                               /workspace/scratch/5bc736d51023/tooling/oss-cad-suite/lib/../share/yosys/gowin/arith_map.v:57.7-63.5
Info:                               /workspace/scratch/5bc736d51023/tooling/oss-cad-suite/lib/../share/yosys/gowin/cells_sim.v:1033.25-1033.29
Info:      logic  0.82  5.09 Source bridge.queue.reads.0.0_DO_26_LUT4_I2_F_DFFCE_D_Q_DFFCE_Q_D_LUT3_F_I2_LUT4_F_I3_LUT4_F_I3_LUT4_F_I1_DFFCE_Q_D_DFFCE_Q_D_DFFCE_D_Q_LUT4_I1_F_LUT3_F_I1_LUT3_I1_I0_LUT2_I1_F_LUT4_I0_2_F_LUT3_I2_F_LUT4_I3_F_DFFCE_D_Q_DFFCE_Q_2_D_LUT4_F_I3_LUT4_F_I3_LUT4_F_I1_LUT2_I0_F_LUT4_I3_F_DFFP_D_Q_LUT4_I0_F_LUT4_F_1_I1_LUT4_I1_F_LUT4_F_I0_LUT3_I0_F_LUT4_I3_F_DFFP_D_Q_LUT4_I0.F
Info:    routing  0.96  6.05 Net bridge.queue.reads.0.0_DO_26_LUT4_I2_F_DFFCE_D_Q_DFFCE_Q_D_LUT3_F_I2_LUT4_F_I3_LUT4_F_I3_LUT4_F_I1_DFFCE_Q_D_DFFCE_Q_D_DFFCE_D_Q_LUT4_I1_F_LUT3_F_I1_LUT3_I1_I0_LUT2_I1_F_LUT4_I0_2_F_LUT3_I2_F_LUT4_I3_F_DFFCE_D_Q_DFFCE_Q_2_D_LUT4_F_I3_LUT4_F_I3_LUT4_F_3_I3_LUT4_F_I0[1] (38,10) -> (41,10)
Info:                          Sink bridge.queue.reads.0.0_DO_26_LUT4_I2_F_DFFCE_D_Q_DFFCE_Q_D_LUT3_F_I2_LUT4_F_I3_LUT4_F_I3_LUT4_F_I1_DFFCE_Q_D_DFFCE_Q_D_DFFCE_D_Q_LUT4_I1_F_LUT3_F_I1_LUT3_I1_I0_LUT2_I1_F_LUT4_I0_2_F_LUT3_I2_F_LUT4_I3_F_DFFCE_D_Q_DFFCE_Q_2_D_LUT4_F_I3_LUT4_F_I3_LUT4_F_I1_LUT2_I0_F_LUT4_I3_F_DFFP_D_Q_LUT4_I0_F_LUT4_F_1_I1_LUT4_I1_F_LUT4_I2_F_LUT4_F_1_I2_LUT4_F.I3
Info:                          Defined in:
Info:                               /workspace/scratch/5bc736d51023/tooling/oss-cad-suite/lib/../share/yosys/gowin/cells_map.v:130.20-130.21
Info:      logic  0.62  6.67 Source bridge.queue.reads.0.0_DO_26_LUT4_I2_F_DFFCE_D_Q_DFFCE_Q_D_LUT3_F_I2_LUT4_F_I3_LUT4_F_I3_LUT4_F_I1_DFFCE_Q_D_DFFCE_Q_D_DFFCE_D_Q_LUT4_I1_F_LUT3_F_I1_LUT3_I1_I0_LUT2_I1_F_LUT4_I0_2_F_LUT3_I2_F_LUT4_I3_F_DFFCE_D_Q_DFFCE_Q_2_D_LUT4_F_I3_LUT4_F_I3_LUT4_F_I1_LUT2_I0_F_LUT4_I3_F_DFFP_D_Q_LUT4_I0_F_LUT4_F_1_I1_LUT4_I1_F_LUT4_I2_F_LUT4_F_1_I2_LUT4_F.F
Info:    routing  0.81  7.48 Net bridge.queue.reads.0.0_DO_26_LUT4_I2_F_DFFCE_D_Q_DFFCE_Q_D_LUT3_F_I2_LUT4_F_I3_LUT4_F_I3_LUT4_F_I1_DFFCE_Q_D_DFFCE_Q_D_DFFCE_D_Q_LUT4_I1_F_LUT3_F_I1_LUT3_I1_I0_LUT2_I1_F_LUT4_I0_2_F_LUT3_I2_F_LUT4_I3_F_DFFCE_D_Q_DFFCE_Q_2_D_LUT4_F_I3_LUT4_F_I3_LUT4_F_I1_LUT2_I0_F_LUT4_I3_F_DFFP_D_Q_LUT4_I0_F_LUT4_F_1_I1_LUT4_I1_F_LUT4_I2_F_LUT4_F_1_I2[1] (41,10) -> (39,10)
Info:                          Sink bridge.queue.reads.0.0_DO_26_LUT4_I2_F_DFFCE_D_Q_DFFCE_Q_D_LUT3_F_I2_LUT4_F_I3_LUT4_F_I3_LUT4_F_I1_DFFCE_Q_D_DFFCE_Q_D_DFFCE_D_Q_LUT4_I1_F_LUT3_F_I1_LUT3_I1_I0_LUT2_I1_F_LUT4_I0_2_F_LUT3_I2_F_LUT4_I3_F_DFFCE_D_Q_DFFCE_Q_2_D_LUT4_F_I3_LUT4_F_I3_LUT4_F_I1_LUT2_I0_F_LUT4_I3_F_DFFP_D_Q_LUT4_I0_F_LUT4_F_1_I1_LUT4_I1_F_LUT4_I2_F_LUT4_F_1.I2
Info:                          Defined in:
Info:                               /workspace/scratch/5bc736d51023/tooling/oss-cad-suite/lib/../share/yosys/gowin/cells_map.v:130.20-130.21
Info:      logic  0.82  8.30 Source bridge.queue.reads.0.0_DO_26_LUT4_I2_F_DFFCE_D_Q_DFFCE_Q_D_LUT3_F_I2_LUT4_F_I3_LUT4_F_I3_LUT4_F_I1_DFFCE_Q_D_DFFCE_Q_D_DFFCE_D_Q_LUT4_I1_F_LUT3_F_I1_LUT3_I1_I0_LUT2_I1_F_LUT4_I0_2_F_LUT3_I2_F_LUT4_I3_F_DFFCE_D_Q_DFFCE_Q_2_D_LUT4_F_I3_LUT4_F_I3_LUT4_F_I1_LUT2_I0_F_LUT4_I3_F_DFFP_D_Q_LUT4_I0_F_LUT4_F_1_I1_LUT4_I1_F_LUT4_I2_F_LUT4_F_1.F
Info:    routing  0.89  9.19 Net bridge.queue.reads.0.0_DO_26_LUT4_I2_F_DFFCE_D_Q_DFFCE_Q_D_LUT3_F_I2_LUT4_F_I3_LUT4_F_I3_LUT4_F_I1_DFFCE_Q_D_DFFCE_Q_D_DFFCE_D_Q_LUT4_I1_F_LUT3_F_I1_LUT3_I1_I0_LUT2_I1_F_LUT4_I0_2_F_LUT3_I2_F_LUT4_I3_F_DFFCE_D_Q_DFFCE_Q_2_D_LUT4_F_I3_LUT4_F_I3_LUT4_F_I1_LUT2_I0_F_LUT4_I3_F_DFFP_D_Q_LUT4_I0_F_LUT4_F_1_I1_LUT4_I1_F_LUT4_I2_F[3] (39,10) -> (40,12)
Info:                          Sink bridge.queue.reads.0.0_DO_26_LUT4_I2_F_DFFCE_D_Q_DFFCE_Q_D_LUT3_F_I2_LUT4_F_I3_LUT4_F_I3_LUT4_F_I1_DFFCE_Q_D_DFFCE_Q_D_DFFCE_D_Q_LUT4_I1_F_LUT3_F_I1_LUT3_I1_I0_LUT2_I1_F_LUT4_I0_2_F_LUT3_I2_F_LUT4_I3_F_DFFCE_D_Q_DFFCE_Q_2_D_LUT4_F_I3_LUT4_F_I3_LUT4_F_1.I3
Info:                          Defined in:
Info:                               /workspace/scratch/5bc736d51023/tooling/oss-cad-suite/lib/../share/yosys/gowin/cells_map.v:130.20-130.21
Info:      logic  0.62  9.82 Source bridge.queue.reads.0.0_DO_26_LUT4_I2_F_DFFCE_D_Q_DFFCE_Q_D_LUT3_F_I2_LUT4_F_I3_LUT4_F_I3_LUT4_F_I1_DFFCE_Q_D_DFFCE_Q_D_DFFCE_D_Q_LUT4_I1_F_LUT3_F_I1_LUT3_I1_I0_LUT2_I1_F_LUT4_I0_2_F_LUT3_I2_F_LUT4_I3_F_DFFCE_D_Q_DFFCE_Q_2_D_LUT4_F_I3_LUT4_F_I3_LUT4_F_1.F
Info:    routing  0.81  10.62 Net bridge.queue.reads.0.0_DO_26_LUT4_I2_F_DFFCE_D_Q_DFFCE_Q_D_LUT3_F_I2_LUT4_F_I3_LUT4_F_I3_LUT4_F_I1_DFFCE_Q_D_DFFCE_Q_D_DFFCE_D_Q_LUT4_I1_F_LUT3_F_I1_LUT3_I1_I0_LUT2_I1_F_LUT4_I0_2_F_LUT3_I2_F_LUT4_I3_F_DFFCE_D_Q_DFFCE_Q_2_D_LUT4_F_I3_LUT4_F_I3[2] (40,12) -> (38,12)
Info:                          Sink bridge.queue.reads.0.0_DO_26_LUT4_I2_F_DFFCE_D_Q_DFFCE_Q_D_LUT3_F_I2_LUT4_F_I3_LUT4_F_I3_LUT4_F_I1_DFFCE_Q_D_DFFCE_Q_D_DFFCE_D_Q_LUT4_I1_F_LUT3_F_I1_LUT3_I1_I0_LUT2_I1_F_LUT4_I0_2_F_LUT3_I2_F_LUT4_I3_F_DFFCE_D_Q_DFFCE_Q_2_D_LUT4_F_I3_LUT4_F.I2
Info:                          Defined in:
Info:                               /workspace/scratch/5bc736d51023/tooling/oss-cad-suite/lib/../share/yosys/gowin/cells_map.v:130.20-130.21
Info:      logic  0.82  11.44 Source bridge.queue.reads.0.0_DO_26_LUT4_I2_F_DFFCE_D_Q_DFFCE_Q_D_LUT3_F_I2_LUT4_F_I3_LUT4_F_I3_LUT4_F_I1_DFFCE_Q_D_DFFCE_Q_D_DFFCE_D_Q_LUT4_I1_F_LUT3_F_I1_LUT3_I1_I0_LUT2_I1_F_LUT4_I0_2_F_LUT3_I2_F_LUT4_I3_F_DFFCE_D_Q_DFFCE_Q_2_D_LUT4_F_I3_LUT4_F.F
Info:    routing  0.41  11.85 Net bridge.queue.reads.0.0_DO_26_LUT4_I2_F_DFFCE_D_Q_DFFCE_Q_D_LUT3_F_I2_LUT4_F_I3_LUT4_F_I3_LUT4_F_I1_DFFCE_Q_D_DFFCE_Q_D_DFFCE_D_Q_LUT4_I1_F_LUT3_F_I1_LUT3_I1_I0_LUT2_I1_F_LUT4_I0_2_F_LUT3_I2_F_LUT4_I3_F_DFFCE_D_Q_DFFCE_Q_2_D_LUT4_F_I3[2] (38,12) -> (38,12)
Info:                          Sink bridge.queue.reads.0.0_DO_26_LUT4_I2_F_DFFCE_D_Q_DFFCE_Q_D_LUT3_F_I2_LUT4_F_I3_LUT4_F_I3_LUT4_F_I1_DFFCE_Q_D_DFFCE_Q_D_DFFCE_D_Q_LUT4_I1_F_LUT3_F_I1_LUT3_I1_I0_LUT2_I1_F_LUT4_I0_2_F_LUT3_I2_F_LUT4_I3_F_DFFCE_D_Q_DFFCE_Q_2_D_LUT4_F.I2
Info:                          Defined in:
Info:                               /workspace/scratch/5bc736d51023/tooling/oss-cad-suite/lib/../share/yosys/gowin/cells_map.v:130.20-130.21
Info:      logic  0.82  12.68 Source bridge.queue.reads.0.0_DO_26_LUT4_I2_F_DFFCE_D_Q_DFFCE_Q_D_LUT3_F_I2_LUT4_F_I3_LUT4_F_I3_LUT4_F_I1_DFFCE_Q_D_DFFCE_Q_D_DFFCE_D_Q_LUT4_I1_F_LUT3_F_I1_LUT3_I1_I0_LUT2_I1_F_LUT4_I0_2_F_LUT3_I2_F_LUT4_I3_F_DFFCE_D_Q_DFFCE_Q_2_D_LUT4_F.F
Info:    routing  0.00  12.68 Net bridge.queue.reads.0.0_DO_26_LUT4_I2_F_DFFCE_D_Q_DFFCE_Q_D_LUT3_F_I2_LUT4_F_I3_LUT4_F_I3_LUT4_F_I1_DFFCE_Q_D_DFFCE_Q_D_DFFCE_D_Q_LUT4_I1_F_LUT3_F_I1_LUT3_I1_I0_LUT2_I1_F_LUT4_I0_2_F_LUT3_I2_F_LUT4_I3_F_DFFCE_D_Q_DFFCE_Q_2_D (38,12) -> (38,12)
Info:                          Sink bridge.queue.reads.0.0_DO_26_LUT4_I2_F_DFFCE_D_Q_DFFCE_Q_D_LUT3_F_I2_LUT4_F_I3_LUT4_F_I3_LUT4_F_I1_DFFCE_Q_D_DFFCE_Q_D_DFFCE_D_Q_LUT4_I1_F_LUT3_F_I1_LUT3_I1_I0_LUT2_I1_F_LUT4_I0_2_F_LUT3_I2_F_LUT4_I3_F_DFFCE_D_Q_DFFCE_Q_2.D
Info:      setup  0.40  13.08 Source bridge.queue.reads.0.0_DO_26_LUT4_I2_F_DFFCE_D_Q_DFFCE_Q_D_LUT3_F_I2_LUT4_F_I3_LUT4_F_I3_LUT4_F_I1_DFFCE_Q_D_DFFCE_Q_D_DFFCE_D_Q_LUT4_I1_F_LUT3_F_I1_LUT3_I1_I0_LUT2_I1_F_LUT4_I0_2_F_LUT3_I2_F_LUT4_I3_F_DFFCE_D_Q_DFFCE_Q_2.D
Info: 7.03 ns logic, 6.05 ns routing

Info: Critical path report for cross-domain path 'posedge bridge.clk' -> 'posedge bridge.p2.spi_clk':
Info:       type curr  total name
Info:   clk-to-q  0.46  0.46 Source clocking.locked_LUT2_I1_F_DFFC_CLEAR.Q
Info:    routing  2.41  2.87 Net chien.term[1]_DFFE_Q_D_LUT3_F_I1_LUT4_I1_F_LUT4_I3_F_ALU_SUM_I1_ALU_I0_SUM_ALU_SUM_1_CIN_ALU_COUT_SUM_LUT4_I3_F_LUT4_I3_F_LUT2_I1_F_DFFCE_D_CE[0] (43,17) -> (31,26)
Info:                          Sink bridge.p2.cs_n_LUT4_I0.I1
Info:                          Defined in:
Info:                               /workspace/scratch/5bc736d51023/tooling/oss-cad-suite/lib/../share/yosys/gowin/cells_map.v:130.20-130.21
Info:      logic  1.10  3.96 Source bridge.p2.cs_n_LUT4_I0.F
Info:    routing  0.81  4.77 Net bridge.p2.cs_n_LUT4_I0_F (31,26) -> (31,27)
Info:                          Sink bridge.p2.fifo.mem.0.0.CEA
Info:      setup  0.17  4.94 Source bridge.p2.fifo.mem.0.0.CEA
Info: 1.73 ns logic, 3.21 ns routing

Info: Critical path report for cross-domain path 'posedge bridge.clk' -> 'posedge bridge.p3.spi_clk':
Info:       type curr  total name
Info:   clk-to-q  0.46  0.46 Source clocking.locked_LUT2_I1_F_DFFC_CLEAR.Q
Info:    routing  2.09  2.55 Net chien.term[1]_DFFE_Q_D_LUT3_F_I1_LUT4_I1_F_LUT4_I3_F_ALU_SUM_I1_ALU_I0_SUM_ALU_SUM_1_CIN_ALU_COUT_SUM_LUT4_I3_F_LUT4_I3_F_LUT2_I1_F_DFFCE_D_CE[0] (43,17) -> (43,26)
Info:                          Sink bridge.p3.cs_n_LUT2_I0_1_F_LUT4_I1.I0
Info:                          Defined in:
Info:                               /workspace/scratch/5bc736d51023/tooling/oss-cad-suite/lib/../share/yosys/gowin/cells_map.v:130.20-130.21
Info:      logic  1.03  3.58 Source bridge.p3.cs_n_LUT2_I0_1_F_LUT4_I1.F
Info:    routing  0.81  4.39 Net bridge.p3.cs_n_LUT2_I0_1_F_LUT4_I1_F (43,26) -> (43,27)
Info:                          Sink bridge.p3.fifo.mem.0.0.CEA
Info:      setup  0.17  4.56 Source bridge.p3.fifo.mem.0.0.CEA
Info: 1.66 ns logic, 2.90 ns routing

Info: Max frequency for clock 'bridge.p3.spi_clk': 129.13 MHz (PASS at 80.00 MHz)
Info: Max frequency for clock 'bridge.p2.spi_clk': 137.16 MHz (PASS at 80.00 MHz)
ERROR: Max frequency for clock        'bridge.clk': 76.48 MHz (FAIL at 90.00 MHz)

Info: Max delay posedge bridge.clk -> posedge bridge.p2.spi_clk: 4.94 ns
Info: Max delay posedge bridge.clk -> posedge bridge.p3.spi_clk: 4.56 ns

Info: Slack histogram:
Info:  legend: * represents 4 endpoint(s)
Info:          + represents [1,4) endpoint(s)
Info: [ -1965,  -1311) |+
Info: [ -1311,   -657) | 
Info: [  -657,     -3) | 
Info: [    -3,    651) |+
Info: [   651,   1305) |+
Info: [  1305,   1959) |+
Info: [  1959,   2613) |**+
Info: [  2613,   3267) |******+
Info: [  3267,   3921) |*************+
Info: [  3921,   4575) |***********************************+
Info: [  4575,   5229) |************************************************************ 
Info: [  5229,   5883) |***********************************+
Info: [  5883,   6537) |*********************************************+
Info: [  6537,   7191) |*************************************************+
Info: [  7191,   7845) |*********************************************+
Info: [  7845,   8499) |*********************************************+
Info: [  8499,   9153) |***************************************+
Info: [  9153,   9807) |*********************+
Info: [  9807,  10461) |*****+
Info: [ 10461,  11115) |**+

0 warnings, 1 error

Info: Program finished normally.
