Info: Using uarch 'gowin' for device 'GW1NR-LV9QN88PC6/I5'
Info: constraining clock net 'clocking.clk27' to 27.00 MHz
Info: constraining clock net 'bridge.clk' to 90.00 MHz
Info: constraining clock net 'bridge.clk_ck' to 90.00 MHz
Info: constraining clock net 'bridge.p2.spi_clk' to 80.00 MHz
Info: constraining clock net 'bridge.p3.spi_clk' to 80.00 MHz

Info: Reading constraints...
Info: Create constant nets...
Info: Modify LUTs...
Info: Pack IOBs...
Info: Pack I3C IOs...
Info: Pack MIPI IOs...
Info: Pack diff IOBs...
Info: Pack FFs into IO cells...
Info: Pack IODELAY...
Info: Pack Input Edge Monitors...
Info: Pack IO logic...
Info: Pack DESER16 logic...
Info: Pack GSR...
Info: Pack HCLK cells...
Info: Pack DLLDLYs...
Info: Pack wide LUTs...
Info: Packed MUX2_LUT8:0, MUX2_LU7:0, MUX2_LUT6:0, MUX2_LUT5:0
Info: Pack ALUs...
Info: Pack SSRAMs...
Info: Constrained 1500 LUTFF pairs.
Info: Pack PLL...
Info: Pack ADC...
Info: Pack GW JTAG...
Info: Pack BSRAMs...
Info: Pack DSP...
Info: Pack INV...
Info: Pack buffered nets...
Info: Pack EMCU and UserFlash cells...
Info: Pack UserFlash cells...
Info: Pack DQCE cells...
Info: Pack DCS cells...
Info: Checksum: 0x86c02ca3

Info: Device utilisation:
Info: 	                 VCC:       1/      1   100%
Info: 	                 IOB:      27/    276     9%
Info: 	                LUT4:    5907/   8640    68%
Info: 	              OSER16:       0/     80     0%
Info: 	              IDES16:       0/     80     0%
Info: 	            IOLOGICI:      18/    276     6%
Info: 	            IOLOGICO:      24/    276     8%
Info: 	           MUX2_LUT5:       0/   4320     0%
Info: 	           MUX2_LUT6:       0/   2160     0%
Info: 	           MUX2_LUT7:       0/   1080     0%
Info: 	           MUX2_LUT8:       0/   1080     0%
Info: 	                 ALU:    1940/   6480    29%
Info: 	                 GND:       1/      1   100%
Info: 	                 DFF:    3392/   6480    52%
Info: 	           RAM16SDP4:       0/    270     0%
Info: 	               BSRAM:      10/     26    38%
Info: 	              ALU54D:       0/     10     0%
Info: 	     MULTADDALU18X18:       0/     10     0%
Info: 	        MULTALU18X18:       0/     10     0%
Info: 	        MULTALU36X18:       0/     10     0%
Info: 	           MULT36X36:       0/      5     0%
Info: 	           MULT18X18:       2/     20    10%
Info: 	             MULT9X9:       0/     40     0%
Info: 	              PADD18:       0/     20     0%
Info: 	               PADD9:       0/     40     0%
Info: 	                 GSR:       1/      1   100%
Info: 	                 OSC:       0/      1     0%
Info: 	                rPLL:       1/      2    50%
Info: 	           FLASH608K:       0/      1     0%
Info: 	                BUFG:       2/     22     9%
Info: 	                DQCE:       0/     24     0%
Info: 	                 DCS:       0/      8     0%
Info: 	               DHCEN:       0/     24     0%
Info: 	              CLKDIV:       0/      8     0%
Info: 	             CLKDIV2:       0/     16     0%
Info: 	           MIPI_IBUF:       0/     22     0%
Info: 	           MIPI_OBUF:       0/     20     0%

Info: Running custom HCLK placer...
Info: Placed 0 cells based on constraints.
Info: Creating initial analytic placement for 6028 cells, random placement wirelen = 247873.
Info:     at initial placer iter 0, wirelen = 3170
Info:     at initial placer iter 1, wirelen = 2947
Info:     at initial placer iter 2, wirelen = 2957
Info:     at initial placer iter 3, wirelen = 2929
Info: Running main analytical placer, max placement attempts per cell = 16108488.
Info:     at iteration #1, type ALL: wirelen solved = 2917, spread = 67000, legal = 187759; time = 5.46s
Info:     at iteration #2, type ALL: wirelen solved = 5523, spread = 55993, legal = 157721; time = 5.04s
Info:     at iteration #3, type ALL: wirelen solved = 8245, spread = 56379, legal = 150500; time = 4.83s
Info:     at iteration #4, type ALL: wirelen solved = 10398, spread = 54022, legal = 150566; time = 3.54s
Info:     at iteration #5, type ALL: wirelen solved = 11475, spread = 46889, legal = 143034; time = 3.24s
Info:     at iteration #6, type ALL: wirelen solved = 12170, spread = 55506, legal = 137504; time = 2.91s
Info:     at iteration #7, type ALL: wirelen solved = 15218, spread = 43221, legal = 134572; time = 3.31s
Info:     at iteration #8, type ALL: wirelen solved = 15601, spread = 54197, legal = 126455; time = 2.99s
Info:     at iteration #9, type ALL: wirelen solved = 18829, spread = 44996, legal = 113871; time = 2.87s
Info:     at iteration #10, type ALL: wirelen solved = 21009, spread = 50745, legal = 119769; time = 2.48s
Info:     at iteration #11, type ALL: wirelen solved = 22480, spread = 54275, legal = 113953; time = 2.46s
Info:     at iteration #12, type ALL: wirelen solved = 24507, spread = 42628, legal = 108362; time = 2.24s
Info:     at iteration #13, type ALL: wirelen solved = 24607, spread = 45244, legal = 106460; time = 2.21s
Info:     at iteration #14, type ALL: wirelen solved = 26584, spread = 44296, legal = 101189; time = 2.15s
Info:     at iteration #15, type ALL: wirelen solved = 29566, spread = 47335, legal = 108618; time = 2.04s
Info:     at iteration #16, type ALL: wirelen solved = 32130, spread = 52283, legal = 98453; time = 1.73s
Info:     at iteration #17, type ALL: wirelen solved = 32065, spread = 51453, legal = 95798; time = 1.65s
Info:     at iteration #18, type ALL: wirelen solved = 34107, spread = 51886, legal = 91899; time = 1.98s
Info:     at iteration #19, type ALL: wirelen solved = 36575, spread = 53455, legal = 102804; time = 1.85s
Info:     at iteration #20, type ALL: wirelen solved = 39014, spread = 54181, legal = 97274; time = 1.92s
Info:     at iteration #21, type ALL: wirelen solved = 41119, spread = 56551, legal = 103564; time = 1.82s
Info:     at iteration #22, type ALL: wirelen solved = 44554, spread = 58043, legal = 86688; time = 1.37s
Info:     at iteration #23, type ALL: wirelen solved = 44664, spread = 61865, legal = 93823; time = 1.39s
Info:     at iteration #24, type ALL: wirelen solved = 45057, spread = 57532, legal = 91235; time = 1.50s
Info:     at iteration #25, type ALL: wirelen solved = 46802, spread = 60706, legal = 89901; time = 1.34s
Info:     at iteration #26, type ALL: wirelen solved = 48239, spread = 59740, legal = 88651; time = 1.55s
Info:     at iteration #27, type ALL: wirelen solved = 49853, spread = 61478, legal = 86819; time = 1.64s
Info: HeAP Placer Time: 68.81s
Info:   of which solving equations: 2.81s
Info:   of which spreading cells: 0.42s
Info:   of which strict legalisation: 64.62s

Info: Running simulated annealing placer for refinement.
Info:   at iteration #1: temp = 0.000000, timing cost = 162, wirelen = 86688
Info:   at iteration #5: temp = 0.000000, timing cost = 163, wirelen = 64007
Info:   at iteration #10: temp = 0.000000, timing cost = 150, wirelen = 59267
Info:   at iteration #15: temp = 0.000000, timing cost = 130, wirelen = 57359
Info:   at iteration #20: temp = 0.000000, timing cost = 171, wirelen = 56007
Info:   at iteration #25: temp = 0.000000, timing cost = 170, wirelen = 55430
Info:   at iteration #30: temp = 0.000000, timing cost = 170, wirelen = 55284
Info:   at iteration #35: temp = 0.000000, timing cost = 170, wirelen = 55209
Info:   at iteration #37: temp = 0.000000, timing cost = 169, wirelen = 55195 
Info: SA placement time 21.32s

Info: Max frequency for clock 'bridge.p3.spi_clk': 222.37 MHz (PASS at 80.00 MHz)
Info: Max frequency for clock 'bridge.p2.spi_clk': 131.60 MHz (PASS at 80.00 MHz)
Info: Max frequency for clock        'bridge.clk': 67.13 MHz (FAIL at 90.00 MHz)

Info: Max delay posedge bridge.clk        -> posedge bridge.p2.spi_clk: 2.16 ns
Info: Max delay posedge bridge.clk        -> posedge bridge.p3.spi_clk: 0.96 ns
Info: Max delay posedge bridge.p2.spi_clk -> posedge bridge.clk       : 0.86 ns
Info: Max delay posedge bridge.p3.spi_clk -> posedge bridge.clk       : 1.26 ns

Info: Slack histogram:
Info:  legend: * represents 7 endpoint(s)
Info:          + represents [1,7) endpoint(s)
Info: [ -3786,  -3006) |+
Info: [ -3006,  -2226) |**+
Info: [ -2226,  -1446) |****+
Info: [ -1446,   -666) |*****+
Info: [  -666,    114) |*************+
Info: [   114,    894) |******+
Info: [   894,   1674) |***+
Info: [  1674,   2454) |******+
Info: [  2454,   3234) |******+
Info: [  3234,   4014) |*******+
Info: [  4014,   4794) |**********+
Info: [  4794,   5574) |***********************+
Info: [  5574,   6354) |****************************************+
Info: [  6354,   7134) |***********************************+
Info: [  7134,   7914) |*********************************+
Info: [  7914,   8694) |****************************************************+
Info: [  8694,   9474) |*****************************************+
Info: [  9474,  10254) |****************************************+
Info: [ 10254,  11034) |************************************************************ 
Info: [ 11034,  11814) |*******+
Info: Checksum: 0x552f5a6b
Info: Routing globals...
Info:     'bridge.p3.spi_clk' net was routed.
Info:     'bridge.p2.spi_clk' net was routed.
Info:     'clocking.clk27' net was routed using global resources only.
Info:     'bridge.clk_ck' net was routed using global resources only.
Info:     'bridge.clk' net was routed using global resources only.
Info:     'O_psram_reset_n_OBUF_O_I_LUT4_F_I2_DFFC_Q_D_LUT4_F_I0_LUT3_I0_F_LUT3_I2_F_LUT4_F_I2_LUT3_I0_I1_LUT4_I1_F_LUT4_I2_F_DFFCE_CE_Q_LUT4_I2_1_F_LUT2_F_I0_LUT4_I1_I3_LUT2_I1_F_DFFCE_Q_1_D_DFFCE_Q_D_LUT2_I1_F[0]' is routed using segments.
Info:     'O_psram_reset_n_OBUF_O_I_LUT4_F_I2_DFFC_Q_D_LUT4_F_I0_LUT3_I1_F[3]' is routed using segments.
Info:     'vit.branch_choice.0.0_DIA_3_DFF_Q_D_DFFCE_Q_D_DFFCE_Q_CE[1]' is routed using segments.
Info:     'O_psram_reset_n_OBUF_O_I_LUT4_F_I2_DFFC_Q_D_LUT4_F_I0_LUT3_I0_F_LUT3_I2_F_LUT4_F_I2_LUT3_I0_I1_LUT4_I1_F_LUT4_I2_F_DFFCE_CE_Q_LUT3_I1_F_DFFCE_CE_Q_DFFCE_Q_D_ALU_SUM_COUT_ALU_CIN_SUM_DFFCE_Q_D_LUT4_F_I3_LUT4_I3_F_DFFCE_D_Q[2]' is routed using segments.
Info:     'chien.locator_DFFE_Q_56_CE_LUT3_F_I2_LUT3_I2_1_F' is routed using segments.
Info:     'bridge.controller.head[0][1]' is routed using segments.
Info:     'O_psram_reset_n_OBUF_O_I_LUT4_F_I2_DFFC_Q_D_LUT4_F_I0_LUT3_I0_F_LUT3_I2_F_LUT4_F_I2_LUT3_I0_I1_LUT4_I1_F_LUT4_I2_F_DFFCE_CE_Q[3]' is routed using segments.
Info:     'bridge.queue.reads.0.0_DO_LUT4_I2_F_DFFCE_D_Q_LUT4_I0_F_LUT4_F_I2_DFFCE_D_Q_LUT3_F_I2_LUT4_F_I0_LUT2_I0_F_LUT4_I3_F_DFFCE_Q_D_LUT3_F_I1[2]' is routed using segments.
Info:     'vit.metrics[1]_DFFE_Q_3_D_LUT4_F_I2_ALU_SUM_I0_LUT2_F_I1_LUT4_I3_F_ALU_I0_1_SUM_ALU_SUM_I0_LUT4_F_I0_DFFCE_D_Q[1]' is routed using segments.
Info:     'vit.survivor_hi.0.0_DI_11_DFF_Q_D_DFFCE_Q_CE' is routed using segments.
Info:     'O_psram_reset_n_OBUF_O_I_LUT4_F_I2_DFFC_Q_D_LUT4_F_I0_LUT3_I0_F_LUT3_I2_F_LUT4_F_I2_LUT3_I0_I1_LUT4_I1_F_LUT4_I2_F_DFFCE_CE_Q_LUT4_I2_1_I3_LUT3_F_I1_DFFC_Q_D_LUT2_F_I1_LUT2_F_I1_LUT4_F_I3_LUT4_F_I3_LUT4_F_I1_ALU_COUT_CIN_ALU_COUT_CIN_ALU_COUT_CIN_ALU_COUT_CIN_ALU_COUT_CIN_ALU_COUT_CIN_ALU_COUT_CIN_ALU_COUT_I0_LUT4_I3_F_LUT3_I2_F_LUT4_I3_F_LUT2_I1_F[0]' is routed using segments.
Info:     'metric.abs_i_DFFE_Q_14_D[2]' is routed using segments.
Info:     'syndrome.rom_odd.0.0_AD_8_DFFCE_D_Q_DFFCE_Q_D_LUT2_I1_F_DFFCE_CE_1_Q[1]' is routed using segments.
Info:     'bridge.p3.fifo.mem.0.0_DI_8_LUT3_F_I1_LUT3_I1_F_DFFCE_D_Q_LUT3_F_I2_LUT2_I1_F_LUT4_I3_F_DFFCE_CE_Q_DFFC_D_Q_DFFC_D_Q_DFFCE_Q_CE_LUT4_F_I3_LUT2_F_I1_LUT4_F_I3_LUT3_I2_F_LUT3_F_I1_LUT4_I3_F_LUT3_I2_F_LUT4_I3_1_F' is routed using segments.
Info:     'chien.locator_DFFE_Q_56_CE_LUT3_F_I2_LUT3_I2_2_F' is routed using segments.
Info:     'bridge.queue.writes.0.0_DO_10_LUT4_I2_F_LUT2_F_I0_DFFCE_Q_D_LUT4_F_I3_LUT3_F_I2_LUT4_F_I0_LUT3_I1_F_DFFCE_Q_D_LUT3_F_I1_DFFCE_Q_D_LUT4_F_I3_LUT4_F_I1_DFFCE_Q_1_D_LUT4_F_I2_LUT3_I2_I0_LUT3_I0_F_LUT3_I1_F_LUT3_F_I1_LUT3_F_I2_LUT4_I1_F_DFFCE_D_Q_DFFCE_Q_D_LUT4_F_I2_LUT3_F_1_I2[0]' is routed using segments.
Info:     'bridge.queue.writes.0.0_DO_10_LUT4_I2_F_LUT2_F_I0_DFFCE_Q_D_LUT4_F_I3_LUT3_F_I2_LUT4_F_I0_LUT3_I1_F_DFFCE_Q_D_LUT3_F_I1_DFFCE_Q_D_LUT4_F_I3_LUT4_F_I1[1]' is routed using segments.
Info:     'O_psram_reset_n_OBUF_O_I_LUT4_F_I2_DFFC_Q_D_LUT4_F_I0_LUT3_I0_F_LUT3_I2_F_LUT4_F_I2_LUT3_I0_I1_LUT4_I1_F_LUT4_I2_F_DFFCE_CE_Q_LUT4_I2_1_F_LUT2_I1_F_LUT2_F_I1_LUT4_F_I3_LUT4_F_2_I3_DFFCE_Q_1_D_LUT3_F_I1_DFFC_Q_D_LUT3_F_I0_DFFC_Q_D_LUT3_F_I0_DFFC_Q_D_LUT3_F_I0_DFFC_Q_D_LUT3_F_I0_DFFC_Q_D_LUT3_F_I0_DFFC_Q_D_LUT3_F_I0_DFFC_Q_D_LUT3_F_I0_DFFC_Q_D_LUT4_F_I2[1]' is routed using segments.
Info:     'O_psram_reset_n_OBUF_O_I_LUT4_F_I2_DFFC_Q_D_LUT4_F_I0_LUT3_I0_F_LUT3_I2_F_LUT4_F_I2_LUT3_I0_I1_LUT4_I1_F_LUT4_I2_F_DFFCE_CE_Q_LUT4_I2_1_I3_LUT3_F_I1[2]' is routed using segments.
Info:     'bridge.queue.reads.0.0_DO_LUT4_I2_F_DFFCE_D_Q_LUT4_I0_I1_LUT4_I3_F_LUT3_I2_F_LUT3_I2_F_LUT3_I2_F[1]' is routed using segments.
Info:     'O_psram_reset_n_OBUF_O_I_LUT4_F_I2_DFFC_Q_D_LUT4_F_I0_LUT3_I0_F_LUT3_I2_F_LUT4_F_I2_LUT3_I0_I1_LUT4_I1_F_LUT4_I2_F_DFFCE_CE_Q_LUT4_I2_1_F_LUT2_F_I0_LUT4_I1_I3_LUT2_I1_F_DFFCE_Q_D_LUT2_F_I1_LUT4_I1_F[0]' is routed using segments.
Info:     'bridge.p2.fifo.mem.0.0_DI_32_LUT2_F_I0_LUT4_F_I2_LUT3_F_I1_ALU_I1_COUT_ALU_CIN_COUT_ALU_CIN_COUT_ALU_CIN_COUT_ALU_CIN_SUM_DFFCE_D_Q_DFFCE_Q_D_ALU_SUM_COUT_ALU_CIN_COUT_ALU_CIN_COUT_ALU_CIN_COUT_ALU_CIN_COUT_ALU_CIN_SUM_DFFCE_D_Q_ALU_I0_COUT_ALU_CIN_COUT' is routed using segments.
Info:     'bridge.controller.head[1][1]' is routed using segments.
Info:     'chien.locator_DFFE_Q_56_CE' is routed using segments.
Info:     'O_psram_reset_n_OBUF_O_I_LUT4_F_I2_DFFC_Q_D_LUT4_F_I0_LUT2_I1_F_LUT4_I3_3_F' is routed using segments.
Info:     'chien.locator_DFFE_Q_CE_LUT3_F_I2_LUT3_I2_1_F' is routed using segments.
Info:     'chien.term[4]_DFFE_Q_D_LUT3_F_I1_LUT4_I3_F_LUT4_I3_F_LUT3_I2_F_LUT3_F_I2_LUT4_F_I3_DFFCE_Q_D_LUT2_F_I1[0]' is routed using segments.
Info:     'chien.locator_DFFE_Q_CE_LUT3_F_I2_LUT3_I2_2_F' is routed using segments.
Info:     'vit.branch_choice.0.0_DIA_3_DFF_Q_D_DFFCE_Q_D_DFFCE_Q_CE_LUT3_F_I2_LUT4_I3_F' is routed using segments.
Info:     'O_psram_reset_n_OBUF_O_I_LUT4_F_I2_DFFC_Q_D_LUT4_F_I0_LUT3_I0_F_LUT3_I2_F_LUT4_F_I2_LUT3_I0_F_LUT3_F_2_I2_LUT3_F_I1_LUT2_I1_F[0]' is routed using segments.
Info:     'O_psram_reset_n_OBUF_O_I_LUT4_F_I2_DFFC_Q_D_LUT4_F_I0_LUT2_I1_F_LUT4_I3_F' is routed using segments.
Info:     'O_psram_reset_n_OBUF_O_I_LUT4_F_I2_DFFC_Q_D_LUT4_F_I0_LUT3_I0_F_LUT3_I2_F_LUT4_F_I2_LUT4_I2_F_LUT4_F_I2_LUT4_I3_1_I2_LUT4_I2_2_F' is routed using segments.
Info:     'O_psram_reset_n_OBUF_O_I_LUT4_F_I2_DFFC_Q_D_LUT4_F_I0_LUT3_I0_F_LUT3_I2_F_LUT4_F_I2_LUT3_I0_I1_LUT4_I1_F_LUT4_I2_F_DFFCE_CE_Q_LUT4_I2_1_F_LUT2_F_I0_LUT4_I1_I3_LUT2_I1_F_DFFCE_Q_1_D_LUT3_I2_F' is routed using segments.
Info:     'O_psram_reset_n_OBUF_O_I_LUT4_F_I2_DFFC_Q_D_LUT4_F_I0_LUT3_I0_F_LUT3_I2_F_LUT4_F_I2_LUT3_I0_I1_LUT4_I1_F_LUT4_I2_F_DFFCE_CE_Q_LUT3_I1_F_DFFCE_CE_Q_DFFCE_Q_D_ALU_SUM_COUT_ALU_CIN_SUM_DFFCE_Q_D_LUT4_F_I3_LUT4_I3_F_DFFCE_D_Q[3]' is routed using segments.
Info:     'vit.survivor_lo.0.0_ADB_ALU_I0_COUT_ALU_CIN_COUT_ALU_CIN_COUT_ALU_CIN_COUT_ALU_CIN_COUT_ALU_CIN_COUT_ALU_CIN_SUM_DFFCE_Q_D_ALU_SUM_CIN_ALU_COUT_SUM_DFFCE_D_Q_LUT4_F_I3_ALU_COUT_CIN_ALU_COUT_SUM_DFFCE_D_Q_ALU_I1_COUT_ALU_CIN_SUM_DFFCE_D_Q[1]' is routed using segments.
Info:     'bridge.queue.writes.0.0_DO_10_LUT4_I2_F_LUT2_F_I0_DFFCE_Q_D_LUT4_F_I3_LUT3_F_I2_LUT4_F_I0_LUT3_I1_F_DFFCE_Q_D_LUT3_F_I1_DFFCE_Q_D_LUT4_F_I3_LUT4_F_I1_DFFCE_Q_1_D_LUT4_F_I2_LUT3_I2_I0_LUT3_I0_F_LUT3_I1_F_LUT3_F_I1[2]' is routed using segments.
Info:     'chien.locator_DFFE_Q_1_D_LUT3_F_I1[2]' is routed using segments.
Info:     'O_psram_reset_n_OBUF_O_I_LUT4_F_I2_DFFC_Q_D_LUT4_F_I0_LUT3_I0_F_LUT3_I2_F_LUT4_F_I2_LUT3_I0_F_LUT3_F_2_I2_LUT3_F_I1_LUT2_I1_F[2]' is routed using segments.
Info:     'bridge.p3.fifo.mem.0.0_DI_33_LUT3_F_I2_LUT3_I2_F_LUT3_I2_F' is routed using segments.
Info:     'bridge.queue.writes.0.0_DO_5_LUT4_I2_F_LUT2_F_I0_DFFCE_Q_D_LUT4_F_I3_LUT3_F_I2_LUT4_F_I0_LUT3_I1_F_DFFCE_Q_D_LUT3_F_I1_DFFCE_Q_D_LUT2_F_I0_ALU_SUM_CIN_ALU_COUT_SUM_LUT2_I0_F_DFFCE_D_Q_LUT3_I1_F_DFFCE_D_Q_DFFCE_D_Q_LUT2_I0_I1_LUT2_I1_1_F' is routed using segments.
Info:     'O_psram_reset_n_OBUF_O_I_LUT4_F_I2_DFFC_Q_D_LUT4_F_I0_LUT2_I1_F_LUT4_I3_1_F' is routed using segments.
Info:     'O_psram_reset_n_OBUF_O_I_LUT4_F_I2_DFFC_Q_D_LUT4_F_I0_LUT2_I1_F_LUT4_I3_2_F' is routed using segments.
Info:     'chien.locator_DFFE_Q_CE' is routed using segments.
Info:     'bridge.p3.fifo.mem.0.0_DI_8_LUT3_F_I1_LUT3_I1_F_DFFCE_D_Q_LUT3_F_I2_LUT2_I1_F_LUT4_I3_F_DFFCE_CE_Q_DFFC_D_Q_DFFC_D_Q_DFFCE_Q_CE_LUT4_F_I3_LUT2_F_I1_LUT4_F_I3_LUT3_I2_F_LUT3_F_I1_LUT4_I0_1_F_DFFC_D_Q_LUT3_I0_F_DFFCE_CE_Q_LUT2_F_I1_LUT4_F_I2_ALU_I0_COUT_ALU_CIN_SUM_ALU_SUM_COUT_ALU_CIN_COUT_ALU_CIN_COUT_ALU_CIN_COUT_ALU_CIN_COUT_ALU_CIN_COUT_ALU_CIN_COUT_ALU_CIN_COUT_ALU_CIN_SUM_LUT2_F_I0_LUT2_I0_F_LUT4_F_I1_LUT4_I1_F_LUT4_I3_F[0]' is routed using segments.
Info:     'vit.survivor_lo.0.0_ADB_ALU_I0_COUT_ALU_CIN_COUT_ALU_CIN_COUT_ALU_CIN_SUM_LUT2_I0_F_DFFCE_D_Q[0]' is routed using segments.

Info: Routing..
Info: Setting up routing queue.
Info: Routing 27423 arcs.
Info:            |   (re-)routed arcs  |   delta    | remaining|       time spent     |
Info:    IterCnt |  w/ripup   wo/ripup |  w/r  wo/r |      arcs| batch(sec) total(sec)|
Info:       1000 |       13        986 |   13   986 |     26437|       0.67       0.67|
Info:       2000 |       94       1905 |   81   919 |     25531|       0.41       1.09|
Info:       3000 |      118       2602 |   24   697 |     24562|       0.22       1.30|
Info:       4000 |      123       3414 |    5   812 |     23567|       0.23       1.54|
Info:       5000 |      127       4354 |    4   940 |     22571|       0.25       1.79|
Info:       6000 |      128       5298 |    1   944 |     21572|       0.38       2.17|
Info:       7000 |      132       6250 |    4   952 |     20577|       0.45       2.62|
Info:       8000 |      133       7204 |    1   954 |     19579|       0.39       3.01|
Info:       9000 |      139       8151 |    6   947 |     18585|       0.45       3.47|
Info:      10000 |      142       9089 |    3   938 |     17588|       0.46       3.93|
Info:      11000 |      146      10041 |    4   952 |     16606|       0.47       4.40|
Info:      12000 |      158      10990 |   12   949 |     15618|       0.45       4.86|
Info:      13000 |      173      11925 |   15   935 |     14633|       0.47       5.32|
Info:      14000 |      180      12862 |    7   937 |     13640|       0.53       5.86|
Info:      15000 |      200      13789 |   20   927 |     12664|       0.58       6.43|
Info:      16000 |      229      14705 |   29   916 |     11698|       0.60       7.03|
Info:      17000 |      255      15623 |   26   918 |     10729|       0.66       7.70|
Info:      18000 |      293      16549 |   38   926 |      9777|       0.61       8.31|
Info:      19000 |      343      17454 |   50   905 |      8838|       0.74       9.06|
Info:      20000 |      409      18333 |   66   879 |      7917|       0.77       9.83|
Info:      21000 |      475      19220 |   66   887 |      6994|       0.84      10.67|
Info:      22000 |      596      20056 |  121   836 |      6149|       0.95      11.61|
Info:      23000 |      702      20903 |  106   847 |      5275|       0.91      12.52|
Info:      24000 |      850      21709 |  148   806 |      4474|       1.22      13.74|
Info:      25000 |     1021      22497 |  171   788 |      3673|       1.31      15.05|
Info:      26000 |     1222      23255 |  201   758 |      2988|       1.31      16.36|
Info:      27000 |     1433      23992 |  211   737 |      2247|       1.29      17.65|
Info:      28000 |     1700      24697 |  267   705 |      1623|       1.44      19.09|
Info:      29000 |     2011      25361 |  311   664 |      1022|       1.62      20.71|
Info:      30000 |     2323      26022 |  312   661 |       467|       1.88      22.59|
Info:      30984 |     2670      26639 |  347   617 |         0|       2.07      24.66|
Info: Routing complete.
Info: Router1 time 24.66s
Info: Checksum: 0x3b5dc5a0

Info: Critical path report for clock 'bridge.p3.spi_clk' (posedge -> posedge):
Info:       type curr  total name
Info:   clk-to-q  0.46  0.46 Source bridge.p3.fifo.mem.0.0_DI_32_LUT2_F_I0_LUT4_F_I2_LUT3_F_I1_ALU_I1_COUT_ALU_CIN_COUT_ALU_CIN_SUM_DFFCE_D.Q
Info:    routing  0.41  0.87 Net bridge.p3.fifo.mem.0.0_DI_32_LUT2_F_I0_LUT4_F_I2[1] (25,19) -> (25,19)
Info:                          Sink bridge.p3.fifo.mem.0.0_DI_32_LUT2_F_I0_LUT4_F.I1
Info:                          Defined in:
Info:                               /workspace/scratch/5bc736d51023/tooling/oss-cad-suite/lib/../share/yosys/gowin/cells_map.v:130.20-130.21
Info:      logic  1.10  1.97 Source bridge.p3.fifo.mem.0.0_DI_32_LUT2_F_I0_LUT4_F.F
Info:    routing  2.24  4.21 Net bridge.p3.fifo.mem.0.0_DI_32_LUT2_F_I0[0] (25,19) -> (35,24)
Info:                          Sink bridge.p3.fifo.mem.0.0_DI_32_LUT2_F_I0_LUT4_I1.I1
Info:                          Defined in:
Info:                               /workspace/scratch/5bc736d51023/tooling/oss-cad-suite/lib/../share/yosys/gowin/cells_map.v:130.20-130.21
Info:      logic  1.10  5.31 Source bridge.p3.fifo.mem.0.0_DI_32_LUT2_F_I0_LUT4_I1.F
Info:    routing  0.89  6.20 Net bridge.p3.fifo.mem.0.0_DI_32_LUT2_F_I0_LUT4_I1_F[1] (35,24) -> (34,23)
Info:                          Sink bridge.p3.fifo.mem.0.0_ADA_DFFCE_Q.CE
Info:                          Defined in:
Info:                               /workspace/scratch/5bc736d51023/tooling/oss-cad-suite/lib/../share/yosys/gowin/cells_map.v:130.20-130.21
Info:      setup  0.04  6.24 Source bridge.p3.fifo.mem.0.0_ADA_DFFCE_Q.CE
Info: 2.70 ns logic, 3.55 ns routing

Info: Critical path report for clock 'bridge.p2.spi_clk' (posedge -> posedge):
Info:       type curr  total name
Info:   clk-to-q  0.46  0.46 Source bridge.p2.fifo.mem.0.0_DI_32_LUT2_F_I0_LUT4_F_I2_LUT3_F_I1_ALU_I1_COUT_ALU_CIN_COUT_ALU_CIN_SUM_DFFCE_D.Q
Info:    routing  3.69  4.15 Net bridge.p2.fifo.mem.0.0_DI_32_LUT2_F_I0_LUT4_F_I2[1] (14,12) -> (31,25)
Info:                          Sink bridge.p2.fifo.mem.0.0_DI_33_LUT3_F_I2_LUT4_I3.I1
Info:                          Defined in:
Info:                               /workspace/scratch/5bc736d51023/tooling/oss-cad-suite/lib/../share/yosys/gowin/cells_map.v:130.20-130.21
Info:      logic  1.10  5.25 Source bridge.p2.fifo.mem.0.0_DI_33_LUT3_F_I2_LUT4_I3.F
Info:    routing  1.45  6.70 Net bridge.p2.fifo.mem.0.0_DI_33_LUT3_F_I2_LUT4_I3_F (31,25) -> (37,25)
Info:                          Sink bridge.p2.fifo.mem.0.0_DI_15_LUT3_F_I1_DFFCE_D_Q_DFFCE_Q_1.CE
Info:      setup  0.04  6.74 Source bridge.p2.fifo.mem.0.0_DI_15_LUT3_F_I1_DFFCE_D_Q_DFFCE_Q_1.CE
Info: 1.60 ns logic, 5.14 ns routing

Info: Critical path report for clock 'bridge.clk' (posedge -> posedge):
Info:       type curr  total name
Info:   clk-to-q  0.46  0.46 Source vit.metrics[1]_DFFE_Q_3_D_LUT4_F_I2_ALU_SUM_I0_LUT2_F_I1_LUT4_I3_F_ALU_I0_CIN_ALU_COUT_SUM_ALU_SUM_I0_LUT4_F_I0_LUT3_I0_I1_LUT2_I0_F_DFFCE_Q_D_LUT2_F_I0_ALU_SUM_CIN_ALU_COUT_CIN_ALU_COUT_CIN_ALU_COUT_CIN_ALU_COUT_CIN_ALU_COUT_SUM_LUT2_I0_F_DFFCE_D_1.Q
Info:    routing  2.72  3.18 Net vit.metrics[1]_DFFE_Q_3_D_LUT4_F_I2_ALU_SUM_I0_LUT2_F_I1_LUT4_I3_F_ALU_I0_CIN_ALU_COUT_SUM_ALU_SUM_I0_LUT4_F_I0_LUT3_I0_I1_LUT2_I0_F_DFFCE_Q_D_LUT2_F_I0_ALU_SUM_CIN_ALU_COUT_CIN_ALU_COUT_CIN_ALU_COUT_CIN_ALU_COUT_CIN_ALU_COUT_SUM_LUT2_I0_F_DFFCE_D_1_Q[0] (27,20) -> (24,6)
Info:                          Sink vit.metrics[1]_DFFE_Q_3_D_LUT4_F_I2_ALU_SUM_I0_LUT2_F_I1_LUT4_I3_F_ALU_I0_CIN_ALU_COUT_CIN_ALU_COUT_CIN_ALU_COUT_CIN_ALU_COUT_CIN_ALU_COUT_CIN_ALU_COUT_I0_LUT4_F.I0
Info:                          Defined in:
Info:                               /workspace/scratch/5bc736d51023/tooling/oss-cad-suite/lib/../share/yosys/gowin/cells_map.v:130.20-130.21
Info:      logic  1.03  4.21 Source vit.metrics[1]_DFFE_Q_3_D_LUT4_F_I2_ALU_SUM_I0_LUT2_F_I1_LUT4_I3_F_ALU_I0_CIN_ALU_COUT_CIN_ALU_COUT_CIN_ALU_COUT_CIN_ALU_COUT_CIN_ALU_COUT_CIN_ALU_COUT_I0_LUT4_F.F
Info:    routing  1.60  5.81 Net vit.metrics[1]_DFFE_Q_3_D_LUT4_F_I2_ALU_SUM_I0_LUT2_F_I1_LUT4_I3_F_ALU_I0_CIN_ALU_COUT_CIN_ALU_COUT_CIN_ALU_COUT_CIN_ALU_COUT_CIN_ALU_COUT_CIN_ALU_COUT_I0 (24,6) -> (18,4)
Info:                          Sink vit.metrics[1]_DFFE_Q_3_D_LUT4_F_I2_ALU_SUM_I0_LUT2_F_I1_LUT4_I3_F_ALU_I0_1_CIN_ALU_COUT_CIN_ALU_COUT_CIN_ALU_COUT_CIN_ALU_COUT_CIN_ALU_COUT_CIN_ALU_COUT.I0
Info:      logic  0.96  6.77 Source vit.metrics[1]_DFFE_Q_3_D_LUT4_F_I2_ALU_SUM_I0_LUT2_F_I1_LUT4_I3_F_ALU_I0_1_CIN_ALU_COUT_CIN_ALU_COUT_CIN_ALU_COUT_CIN_ALU_COUT_CIN_ALU_COUT_CIN_ALU_COUT.COUT
Info:    routing  0.00  6.77 Net vit.metrics[1]_DFFE_Q_3_D_LUT4_F_I2_ALU_SUM_I0_LUT2_F_I1_LUT4_I3_F_ALU_I0_1_CIN_ALU_COUT_CIN_ALU_COUT_CIN_ALU_COUT_CIN_ALU_COUT_CIN_ALU_COUT_CIN (18,4) -> (18,4)
Info:                          Sink vit.metrics[1]_DFFE_Q_3_D_LUT4_F_I2_ALU_SUM_I0_LUT2_F_I1_LUT4_I3_F_ALU_I0_1_CIN_ALU_COUT_CIN_ALU_COUT_CIN_ALU_COUT_CIN_ALU_COUT_CIN_ALU_COUT.CIN
Info:                          Defined in:
Info:                               build/s3-memory-fec-compact-b1-acs22-q15-folded-rs-offload-correct-syready-rr-90MHz-pnr/viterbi.sv:128.21-128.43
Info:                               /workspace/scratch/5bc736d51023/tooling/oss-cad-suite/lib/../share/yosys/gowin/arith_map.v:57.7-63.5
Info:                               /workspace/scratch/5bc736d51023/tooling/oss-cad-suite/lib/../share/yosys/gowin/cells_sim.v:1033.25-1033.29
Info:      logic  0.06  6.83 Source vit.metrics[1]_DFFE_Q_3_D_LUT4_F_I2_ALU_SUM_I0_LUT2_F_I1_LUT4_I3_F_ALU_I0_1_CIN_ALU_COUT_CIN_ALU_COUT_CIN_ALU_COUT_CIN_ALU_COUT_CIN_ALU_COUT.COUT
Info:    routing  0.00  6.83 Net vit.metrics[1]_DFFE_Q_3_D_LUT4_F_I2_ALU_SUM_I0_LUT2_F_I1_LUT4_I3_F_ALU_I0_1_CIN_ALU_COUT_CIN_ALU_COUT_CIN_ALU_COUT_CIN_ALU_COUT_CIN (18,4) -> (18,4)
Info:                          Sink vit.metrics[1]_DFFE_Q_3_D_LUT4_F_I2_ALU_SUM_I0_LUT2_F_I1_LUT4_I3_F_ALU_I0_1_CIN_ALU_COUT_CIN_ALU_COUT_CIN_ALU_COUT_CIN_ALU_COUT.CIN
Info:                          Defined in:
Info:                               build/s3-memory-fec-compact-b1-acs22-q15-folded-rs-offload-correct-syready-rr-90MHz-pnr/viterbi.sv:128.21-128.43
Info:                               /workspace/scratch/5bc736d51023/tooling/oss-cad-suite/lib/../share/yosys/gowin/arith_map.v:57.7-63.5
Info:                               /workspace/scratch/5bc736d51023/tooling/oss-cad-suite/lib/../share/yosys/gowin/cells_sim.v:1033.25-1033.29
Info:      logic  0.06  6.89 Source vit.metrics[1]_DFFE_Q_3_D_LUT4_F_I2_ALU_SUM_I0_LUT2_F_I1_LUT4_I3_F_ALU_I0_1_CIN_ALU_COUT_CIN_ALU_COUT_CIN_ALU_COUT_CIN_ALU_COUT.COUT
Info:    routing  0.00  6.89 Net vit.metrics[1]_DFFE_Q_3_D_LUT4_F_I2_ALU_SUM_I0_LUT2_F_I1_LUT4_I3_F_ALU_I0_1_CIN_ALU_COUT_CIN_ALU_COUT_CIN_ALU_COUT_CIN (18,4) -> (19,4)
Info:                          Sink vit.metrics[1]_DFFE_Q_3_D_LUT4_F_I2_ALU_SUM_I0_LUT2_F_I1_LUT4_I3_F_ALU_I0_1_CIN_ALU_COUT_CIN_ALU_COUT_CIN_ALU_COUT.CIN
Info:                          Defined in:
Info:                               build/s3-memory-fec-compact-b1-acs22-q15-folded-rs-offload-correct-syready-rr-90MHz-pnr/viterbi.sv:128.21-128.43
Info:                               /workspace/scratch/5bc736d51023/tooling/oss-cad-suite/lib/../share/yosys/gowin/arith_map.v:57.7-63.5
Info:                               /workspace/scratch/5bc736d51023/tooling/oss-cad-suite/lib/../share/yosys/gowin/cells_sim.v:1033.25-1033.29
Info:      logic  0.06  6.94 Source vit.metrics[1]_DFFE_Q_3_D_LUT4_F_I2_ALU_SUM_I0_LUT2_F_I1_LUT4_I3_F_ALU_I0_1_CIN_ALU_COUT_CIN_ALU_COUT_CIN_ALU_COUT.COUT
Info:    routing  0.00  6.94 Net vit.metrics[1]_DFFE_Q_3_D_LUT4_F_I2_ALU_SUM_I0_LUT2_F_I1_LUT4_I3_F_ALU_I0_1_CIN_ALU_COUT_CIN_ALU_COUT_CIN (19,4) -> (19,4)
Info:                          Sink vit.metrics[1]_DFFE_Q_3_D_LUT4_F_I2_ALU_SUM_I0_LUT2_F_I1_LUT4_I3_F_ALU_I0_1_CIN_ALU_COUT_CIN_ALU_COUT.CIN
Info:                          Defined in:
Info:                               build/s3-memory-fec-compact-b1-acs22-q15-folded-rs-offload-correct-syready-rr-90MHz-pnr/viterbi.sv:128.21-128.43
Info:                               /workspace/scratch/5bc736d51023/tooling/oss-cad-suite/lib/../share/yosys/gowin/arith_map.v:57.7-63.5
Info:                               /workspace/scratch/5bc736d51023/tooling/oss-cad-suite/lib/../share/yosys/gowin/cells_sim.v:1033.25-1033.29
Info:      logic  0.06  7.00 Source vit.metrics[1]_DFFE_Q_3_D_LUT4_F_I2_ALU_SUM_I0_LUT2_F_I1_LUT4_I3_F_ALU_I0_1_CIN_ALU_COUT_CIN_ALU_COUT.COUT
Info:    routing  0.00  7.00 Net vit.metrics[1]_DFFE_Q_3_D_LUT4_F_I2_ALU_SUM_I0_LUT2_F_I1_LUT4_I3_F_ALU_I0_1_CIN_ALU_COUT_CIN (19,4) -> (19,4)
Info:                          Sink vit.metrics[1]_DFFE_Q_3_D_LUT4_F_I2_ALU_SUM_I0_LUT2_F_I1_LUT4_I3_F_ALU_I0_1_CIN_ALU_COUT.CIN
Info:                          Defined in:
Info:                               build/s3-memory-fec-compact-b1-acs22-q15-folded-rs-offload-correct-syready-rr-90MHz-pnr/viterbi.sv:128.21-128.43
Info:                               /workspace/scratch/5bc736d51023/tooling/oss-cad-suite/lib/../share/yosys/gowin/arith_map.v:57.7-63.5
Info:                               /workspace/scratch/5bc736d51023/tooling/oss-cad-suite/lib/../share/yosys/gowin/cells_sim.v:1033.25-1033.29
Info:      logic  0.56  7.56 Source vit.metrics[1]_DFFE_Q_3_D_LUT4_F_I2_ALU_SUM_I0_LUT2_F_I1_LUT4_I3_F_ALU_I0_1_CIN_ALU_COUT.SUM
Info:    routing  0.81  8.37 Net vit.metrics[1]_DFFE_Q_3_D_LUT4_F_I2_ALU_SUM_I0_LUT2_F_I1_LUT4_I3_F_ALU_I0_1_CIN_ALU_COUT_SUM[2] (19,4) -> (19,3)
Info:                          Sink vit.metrics[1]_DFFE_Q_3_D_LUT4_F_I2_ALU_SUM_I0_LUT2_F_I1_LUT4_I3_F_ALU_I0_1_CIN_ALU_COUT_CIN_ALU_COUT_CIN_ALU_COUT_CIN_ALU_COUT_CIN_ALU_COUT_CIN_ALU_COUT_CIN_ALU_COUT_CIN_ALU_COUT_SUM_ALU_SUM_1_CIN_ALU_COUT_CIN_ALU_COUT_CIN_ALU_COUT_CIN_ALU_COUT.I1
Info:                          Defined in:
Info:                               /workspace/scratch/5bc736d51023/tooling/oss-cad-suite/lib/../share/yosys/gowin/cells_map.v:130.20-130.21
Info:      logic  1.04  9.41 Source vit.metrics[1]_DFFE_Q_3_D_LUT4_F_I2_ALU_SUM_I0_LUT2_F_I1_LUT4_I3_F_ALU_I0_1_CIN_ALU_COUT_CIN_ALU_COUT_CIN_ALU_COUT_CIN_ALU_COUT_CIN_ALU_COUT_CIN_ALU_COUT_CIN_ALU_COUT_CIN_ALU_COUT_SUM_ALU_SUM_1_CIN_ALU_COUT_CIN_ALU_COUT_CIN_ALU_COUT_CIN_ALU_COUT.COUT
Info:    routing  0.00  9.41 Net vit.metrics[1]_DFFE_Q_3_D_LUT4_F_I2_ALU_SUM_I0_LUT2_F_I1_LUT4_I3_F_ALU_I0_1_CIN_ALU_COUT_CIN_ALU_COUT_CIN_ALU_COUT_CIN_ALU_COUT_CIN_ALU_COUT_CIN_ALU_COUT_CIN_ALU_COUT_CIN_ALU_COUT_SUM_ALU_SUM_1_CIN_ALU_COUT_CIN_ALU_COUT_CIN_ALU_COUT_CIN (19,3) -> (19,3)
Info:                          Sink vit.metrics[1]_DFFE_Q_3_D_LUT4_F_I2_ALU_SUM_I0_LUT2_F_I1_LUT4_I3_F_ALU_I0_1_CIN_ALU_COUT_CIN_ALU_COUT_CIN_ALU_COUT_CIN_ALU_COUT_CIN_ALU_COUT_CIN_ALU_COUT_CIN_ALU_COUT_CIN_ALU_COUT_SUM_ALU_SUM_1_CIN_ALU_COUT_CIN_ALU_COUT_CIN_ALU_COUT.CIN
Info:                          Defined in:
Info:                               build/s3-memory-fec-compact-b1-acs22-q15-folded-rs-offload-correct-syready-rr-90MHz-pnr/viterbi.sv:130.33-130.74
Info:                               /workspace/scratch/5bc736d51023/tooling/oss-cad-suite/lib/../share/yosys/gowin/arith_map.v:57.7-63.5
Info:                               /workspace/scratch/5bc736d51023/tooling/oss-cad-suite/lib/../share/yosys/gowin/cells_sim.v:1033.25-1033.29
Info:      logic  0.06  9.47 Source vit.metrics[1]_DFFE_Q_3_D_LUT4_F_I2_ALU_SUM_I0_LUT2_F_I1_LUT4_I3_F_ALU_I0_1_CIN_ALU_COUT_CIN_ALU_COUT_CIN_ALU_COUT_CIN_ALU_COUT_CIN_ALU_COUT_CIN_ALU_COUT_CIN_ALU_COUT_CIN_ALU_COUT_SUM_ALU_SUM_1_CIN_ALU_COUT_CIN_ALU_COUT_CIN_ALU_COUT.COUT
Info:    routing  0.00  9.47 Net vit.metrics[1]_DFFE_Q_3_D_LUT4_F_I2_ALU_SUM_I0_LUT2_F_I1_LUT4_I3_F_ALU_I0_1_CIN_ALU_COUT_CIN_ALU_COUT_CIN_ALU_COUT_CIN_ALU_COUT_CIN_ALU_COUT_CIN_ALU_COUT_CIN_ALU_COUT_CIN_ALU_COUT_SUM_ALU_SUM_1_CIN_ALU_COUT_CIN_ALU_COUT_CIN (19,3) -> (19,3)
Info:                          Sink vit.metrics[1]_DFFE_Q_3_D_LUT4_F_I2_ALU_SUM_I0_LUT2_F_I1_LUT4_I3_F_ALU_I0_1_CIN_ALU_COUT_CIN_ALU_COUT_CIN_ALU_COUT_CIN_ALU_COUT_CIN_ALU_COUT_CIN_ALU_COUT_CIN_ALU_COUT_CIN_ALU_COUT_SUM_ALU_SUM_1_CIN_ALU_COUT_CIN_ALU_COUT.CIN
Info:                          Defined in:
Info:                               build/s3-memory-fec-compact-b1-acs22-q15-folded-rs-offload-correct-syready-rr-90MHz-pnr/viterbi.sv:130.33-130.74
Info:                               /workspace/scratch/5bc736d51023/tooling/oss-cad-suite/lib/../share/yosys/gowin/arith_map.v:57.7-63.5
Info:                               /workspace/scratch/5bc736d51023/tooling/oss-cad-suite/lib/../share/yosys/gowin/cells_sim.v:1033.25-1033.29
Info:      logic  0.06  9.52 Source vit.metrics[1]_DFFE_Q_3_D_LUT4_F_I2_ALU_SUM_I0_LUT2_F_I1_LUT4_I3_F_ALU_I0_1_CIN_ALU_COUT_CIN_ALU_COUT_CIN_ALU_COUT_CIN_ALU_COUT_CIN_ALU_COUT_CIN_ALU_COUT_CIN_ALU_COUT_CIN_ALU_COUT_SUM_ALU_SUM_1_CIN_ALU_COUT_CIN_ALU_COUT.COUT
Info:    routing  0.00  9.52 Net vit.metrics[1]_DFFE_Q_3_D_LUT4_F_I2_ALU_SUM_I0_LUT2_F_I1_LUT4_I3_F_ALU_I0_1_CIN_ALU_COUT_CIN_ALU_COUT_CIN_ALU_COUT_CIN_ALU_COUT_CIN_ALU_COUT_CIN_ALU_COUT_CIN_ALU_COUT_CIN_ALU_COUT_SUM_ALU_SUM_1_CIN_ALU_COUT_CIN (19,3) -> (19,3)
Info:                          Sink vit.metrics[1]_DFFE_Q_3_D_LUT4_F_I2_ALU_SUM_I0_LUT2_F_I1_LUT4_I3_F_ALU_I0_1_CIN_ALU_COUT_CIN_ALU_COUT_CIN_ALU_COUT_CIN_ALU_COUT_CIN_ALU_COUT_CIN_ALU_COUT_CIN_ALU_COUT_CIN_ALU_COUT_SUM_ALU_SUM_1_CIN_ALU_COUT.CIN
Info:                          Defined in:
Info:                               build/s3-memory-fec-compact-b1-acs22-q15-folded-rs-offload-correct-syready-rr-90MHz-pnr/viterbi.sv:130.33-130.74
Info:                               /workspace/scratch/5bc736d51023/tooling/oss-cad-suite/lib/../share/yosys/gowin/arith_map.v:57.7-63.5
Info:                               /workspace/scratch/5bc736d51023/tooling/oss-cad-suite/lib/../share/yosys/gowin/cells_sim.v:1033.25-1033.29
Info:      logic  0.06  9.58 Source vit.metrics[1]_DFFE_Q_3_D_LUT4_F_I2_ALU_SUM_I0_LUT2_F_I1_LUT4_I3_F_ALU_I0_1_CIN_ALU_COUT_CIN_ALU_COUT_CIN_ALU_COUT_CIN_ALU_COUT_CIN_ALU_COUT_CIN_ALU_COUT_CIN_ALU_COUT_CIN_ALU_COUT_SUM_ALU_SUM_1_CIN_ALU_COUT.COUT
Info:    routing  0.00  9.58 Net vit.metrics[1]_DFFE_Q_3_D_LUT4_F_I2_ALU_SUM_I0_LUT2_F_I1_LUT4_I3_F_ALU_I0_1_CIN_ALU_COUT_CIN_ALU_COUT_CIN_ALU_COUT_CIN_ALU_COUT_CIN_ALU_COUT_CIN_ALU_COUT_CIN_ALU_COUT_CIN_ALU_COUT_SUM_ALU_SUM_1_CIN (19,3) -> (20,3)
Info:                          Sink vit.metrics[1]_DFFE_Q_3_D_LUT4_F_I2_ALU_SUM_I0_LUT2_F_I1_LUT4_I3_F_ALU_I0_1_CIN_ALU_COUT_CIN_ALU_COUT_CIN_ALU_COUT_CIN_ALU_COUT_CIN_ALU_COUT_CIN_ALU_COUT_CIN_ALU_COUT_CIN_ALU_COUT_SUM_ALU_SUM_1.CIN
Info:                          Defined in:
Info:                               build/s3-memory-fec-compact-b1-acs22-q15-folded-rs-offload-correct-syready-rr-90MHz-pnr/viterbi.sv:130.33-130.74
Info:                               /workspace/scratch/5bc736d51023/tooling/oss-cad-suite/lib/../share/yosys/gowin/arith_map.v:57.7-63.5
Info:                               /workspace/scratch/5bc736d51023/tooling/oss-cad-suite/lib/../share/yosys/gowin/cells_sim.v:1033.25-1033.29
Info:      logic  0.56  10.15 Source vit.metrics[1]_DFFE_Q_3_D_LUT4_F_I2_ALU_SUM_I0_LUT2_F_I1_LUT4_I3_F_ALU_I0_1_CIN_ALU_COUT_CIN_ALU_COUT_CIN_ALU_COUT_CIN_ALU_COUT_CIN_ALU_COUT_CIN_ALU_COUT_CIN_ALU_COUT_CIN_ALU_COUT_SUM_ALU_SUM_1.SUM
Info:    routing  2.08  12.23 Net vit.metrics[1]_DFFE_Q_3_D_LUT4_F_I2_ALU_SUM_I0_LUT2_F_I1_LUT4_I3_F_ALU_I0_1_CIN_ALU_COUT_CIN_ALU_COUT_CIN_ALU_COUT_CIN_ALU_COUT_CIN_ALU_COUT_CIN_ALU_COUT_CIN_ALU_COUT_CIN_ALU_COUT_SUM[3] (20,3) -> (15,6)
Info:                          Sink vit.metrics[19]_DFFE_Q_7_D_LUT4_F.I3
Info:                          Defined in:
Info:                               /workspace/scratch/5bc736d51023/tooling/oss-cad-suite/lib/../share/yosys/gowin/cells_map.v:130.20-130.21
Info:      logic  0.62  12.85 Source vit.metrics[19]_DFFE_Q_7_D_LUT4_F.F
Info:    routing  0.00  12.85 Net vit.metrics[19]_DFFE_Q_7_D (15,6) -> (15,6)
Info:                          Sink vit.metrics[19]_DFFE_Q_7.D
Info:      setup  0.40  13.25 Source vit.metrics[19]_DFFE_Q_7.D
Info: 6.04 ns logic, 7.21 ns routing

Info: Max frequency for clock 'bridge.p3.spi_clk': 160.15 MHz (PASS at 80.00 MHz)
Info: Max frequency for clock 'bridge.p2.spi_clk': 148.35 MHz (PASS at 80.00 MHz)
ERROR: Max frequency for clock        'bridge.clk': 75.48 MHz (FAIL at 90.00 MHz)

Info: Slack histogram:
Info:  legend: * represents 3 endpoint(s)
Info:          + represents [1,3) endpoint(s)
Info: [ -2138,  -1471) |**+
Info: [ -1471,   -804) |********+
Info: [  -804,   -137) |*************+
Info: [  -137,    530) |***********+
Info: [   530,   1197) |*****+
Info: [  1197,   1864) |******+
Info: [  1864,   2531) |*****+
Info: [  2531,   3198) |****+
Info: [  3198,   3865) |*************+
Info: [  3865,   4532) |*****************************************************+
Info: [  4532,   5199) |************************************************************ 
Info: [  5199,   5866) |***************************************+
Info: [  5866,   6533) |*************************************+
Info: [  6533,   7200) |************************************************+
Info: [  7200,   7867) |*******************************+
Info: [  7867,   8534) |*********************************+
Info: [  8534,   9201) |********************************************+
Info: [  9201,   9868) |*************+
Info: [  9868,  10535) |*****+
Info: [ 10535,  11202) |******+

0 warnings, 1 error

Info: Program finished normally.
