Info: Using uarch 'gowin' for device 'GW1NR-LV9QN88PC6/I5'
Info: constraining clock net 'clocking.clk27' to 27.00 MHz
Info: constraining clock net 'bridge.clk' to 99.00 MHz
Info: constraining clock net 'bridge.clk_ck' to 99.00 MHz
Info: constraining clock net 'bridge.p2.spi_clk' to 80.00 MHz
Info: constraining clock net 'bridge.p3.spi_clk' to 80.00 MHz

Info: Reading constraints...
Info: Create constant nets...
Info: Modify LUTs...
Info: Pack IOBs...
Info: Pack I3C IOs...
Info: Pack MIPI IOs...
Info: Pack diff IOBs...
Info: Pack FFs into IO cells...
Info: Pack IODELAY...
Info: Pack Input Edge Monitors...
Info: Pack IO logic...
Info: Pack DESER16 logic...
Info: Pack GSR...
Info: Pack HCLK cells...
Info: Pack DLLDLYs...
Info: Pack wide LUTs...
Info: Packed MUX2_LUT8:0, MUX2_LU7:0, MUX2_LUT6:0, MUX2_LUT5:0
Info: Pack ALUs...
Info: Pack SSRAMs...
Info: Constrained 605 LUTFF pairs.
Info: Pack PLL...
Info: Pack ADC...
Info: Pack GW JTAG...
Info: Pack BSRAMs...
Info: Pack DSP...
Info: Pack INV...
Info: Pack buffered nets...
Info: Pack EMCU and UserFlash cells...
Info: Pack UserFlash cells...
Info: Pack DQCE cells...
Info: Pack DCS cells...
Info: Checksum: 0xa62e9d1d

Info: Device utilisation:
Info: 	                 VCC:       1/      1   100%
Info: 	                 IOB:      27/    276     9%
Info: 	                LUT4:    2392/   8640    27%
Info: 	              OSER16:       0/     80     0%
Info: 	              IDES16:       0/     80     0%
Info: 	            IOLOGICI:      18/    276     6%
Info: 	            IOLOGICO:      24/    276     8%
Info: 	           MUX2_LUT5:       0/   4320     0%
Info: 	           MUX2_LUT6:       0/   2160     0%
Info: 	           MUX2_LUT7:       0/   1080     0%
Info: 	           MUX2_LUT8:       0/   1080     0%
Info: 	                 ALU:     636/   6480     9%
Info: 	                 GND:       1/      1   100%
Info: 	                 DFF:    1389/   6480    21%
Info: 	           RAM16SDP4:       0/    270     0%
Info: 	               BSRAM:       4/     26    15%
Info: 	              ALU54D:       0/     10     0%
Info: 	     MULTADDALU18X18:       0/     10     0%
Info: 	        MULTALU18X18:       0/     10     0%
Info: 	        MULTALU36X18:       0/     10     0%
Info: 	           MULT36X36:       0/      5     0%
Info: 	           MULT18X18:       0/     20     0%
Info: 	             MULT9X9:       0/     40     0%
Info: 	              PADD18:       0/     20     0%
Info: 	               PADD9:       0/     40     0%
Info: 	                 GSR:       1/      1   100%
Info: 	                 OSC:       0/      1     0%
Info: 	                rPLL:       1/      2    50%
Info: 	           FLASH608K:       0/      1     0%
Info: 	                BUFG:       2/     22     9%
Info: 	                DQCE:       0/     24     0%
Info: 	                 DCS:       0/      8     0%
Info: 	               DHCEN:       0/     24     0%
Info: 	              CLKDIV:       0/      8     0%
Info: 	             CLKDIV2:       0/     16     0%
Info: 	           MIPI_IBUF:       0/     22     0%
Info: 	           MIPI_OBUF:       0/     20     0%

Info: Running custom HCLK placer...
Info: Placed 0 cells based on constraints.
Info: Creating initial analytic placement for 2610 cells, random placement wirelen = 102673.
Info:     at initial placer iter 0, wirelen = 2092
Info:     at initial placer iter 1, wirelen = 1910
Info:     at initial placer iter 2, wirelen = 1902
Info:     at initial placer iter 3, wirelen = 1911
Info: Running main analytical placer, max placement attempts per cell = 2547024.
Info:     at iteration #1, type ALL: wirelen solved = 1911, spread = 21005, legal = 36129; time = 0.29s
Info:     at iteration #2, type ALL: wirelen solved = 3395, spread = 18522, legal = 33617; time = 0.26s
Info:     at iteration #3, type ALL: wirelen solved = 4397, spread = 15564, legal = 30234; time = 0.34s
Info:     at iteration #4, type ALL: wirelen solved = 5008, spread = 14366, legal = 28315; time = 0.29s
Info:     at iteration #5, type ALL: wirelen solved = 5363, spread = 12398, legal = 27088; time = 0.23s
Info:     at iteration #6, type ALL: wirelen solved = 5812, spread = 12435, legal = 28087; time = 0.31s
Info:     at iteration #7, type ALL: wirelen solved = 5778, spread = 14726, legal = 24067; time = 0.21s
Info:     at iteration #8, type ALL: wirelen solved = 6331, spread = 12745, legal = 25781; time = 0.25s
Info:     at iteration #9, type ALL: wirelen solved = 6480, spread = 11878, legal = 25866; time = 0.26s
Info:     at iteration #10, type ALL: wirelen solved = 6467, spread = 14072, legal = 25991; time = 0.26s
Info:     at iteration #11, type ALL: wirelen solved = 6820, spread = 11670, legal = 24240; time = 0.24s
Info:     at iteration #12, type ALL: wirelen solved = 7114, spread = 12430, legal = 21407; time = 0.17s
Info:     at iteration #13, type ALL: wirelen solved = 7204, spread = 11939, legal = 23127; time = 0.19s
Info:     at iteration #14, type ALL: wirelen solved = 7585, spread = 13856, legal = 22412; time = 0.21s
Info:     at iteration #15, type ALL: wirelen solved = 7682, spread = 11927, legal = 21372; time = 0.18s
Info:     at iteration #16, type ALL: wirelen solved = 7924, spread = 11672, legal = 21413; time = 0.17s
Info:     at iteration #17, type ALL: wirelen solved = 8128, spread = 12037, legal = 20730; time = 0.17s
Info:     at iteration #18, type ALL: wirelen solved = 8298, spread = 13025, legal = 21054; time = 0.19s
Info:     at iteration #19, type ALL: wirelen solved = 8698, spread = 13612, legal = 21276; time = 0.16s
Info:     at iteration #20, type ALL: wirelen solved = 9111, spread = 13278, legal = 21539; time = 0.19s
Info:     at iteration #21, type ALL: wirelen solved = 9270, spread = 12982, legal = 20735; time = 0.16s
Info:     at iteration #22, type ALL: wirelen solved = 9362, spread = 13287, legal = 20702; time = 0.16s
Info:     at iteration #23, type ALL: wirelen solved = 9697, spread = 15119, legal = 20785; time = 0.16s
Info:     at iteration #24, type ALL: wirelen solved = 10078, spread = 13357, legal = 20180; time = 0.14s
Info:     at iteration #25, type ALL: wirelen solved = 9931, spread = 15571, legal = 21631; time = 0.15s
Info:     at iteration #26, type ALL: wirelen solved = 10491, spread = 13878, legal = 19761; time = 0.12s
Info:     at iteration #27, type ALL: wirelen solved = 10469, spread = 15900, legal = 22066; time = 0.16s
Info:     at iteration #28, type ALL: wirelen solved = 11422, spread = 14476, legal = 20937; time = 0.14s
Info:     at iteration #29, type ALL: wirelen solved = 11284, spread = 14200, legal = 20116; time = 0.12s
Info:     at iteration #30, type ALL: wirelen solved = 11120, spread = 16547, legal = 20902; time = 0.15s
Info:     at iteration #31, type ALL: wirelen solved = 11910, spread = 14785, legal = 20398; time = 0.11s
Info: HeAP Placer Time: 6.57s
Info:   of which solving equations: 1.03s
Info:   of which spreading cells: 0.16s
Info:   of which strict legalisation: 5.02s

Info: Running simulated annealing placer for refinement.
Info:   at iteration #1: temp = 0.000000, timing cost = 52, wirelen = 19761
Info:   at iteration #5: temp = 0.000000, timing cost = 25, wirelen = 15782
Info:   at iteration #10: temp = 0.000000, timing cost = 22, wirelen = 14733
Info:   at iteration #15: temp = 0.000000, timing cost = 18, wirelen = 14249
Info:   at iteration #20: temp = 0.000000, timing cost = 17, wirelen = 13853
Info:   at iteration #25: temp = 0.000000, timing cost = 16, wirelen = 13669
Info:   at iteration #27: temp = 0.000000, timing cost = 18, wirelen = 13642 
Info: SA placement time 3.51s

Info: Max frequency for clock 'bridge.p3.spi_clk': 277.85 MHz (PASS at 80.00 MHz)
Info: Max frequency for clock 'bridge.p2.spi_clk': 263.23 MHz (PASS at 80.00 MHz)
Info: Max frequency for clock        'bridge.clk': 111.77 MHz (PASS at 99.00 MHz)

Info: Max delay posedge bridge.clk        -> posedge bridge.p2.spi_clk: 0.86 ns
Info: Max delay posedge bridge.clk        -> posedge bridge.p3.spi_clk: 1.86 ns
Info: Max delay posedge bridge.p2.spi_clk -> posedge bridge.clk       : 0.86 ns
Info: Max delay posedge bridge.p3.spi_clk -> posedge bridge.clk       : 0.86 ns

Info: Slack histogram:
Info:  legend: * represents 5 endpoint(s)
Info:          + represents [1,5) endpoint(s)
Info: [  1154,   1679) |+
Info: [  1679,   2204) |***+
Info: [  2204,   2729) |+
Info: [  2729,   3254) |+
Info: [  3254,   3779) |+
Info: [  3779,   4304) |*+
Info: [  4304,   4829) |**+
Info: [  4829,   5354) |***************+
Info: [  5354,   5879) |**********+
Info: [  5879,   6404) |*******************************+
Info: [  6404,   6929) |**********+
Info: [  6929,   7454) |**************+
Info: [  7454,   7979) |*************************+
Info: [  7979,   8504) |*******************************************+
Info: [  8504,   9029) |**************************+
Info: [  9029,   9554) |************************************************************ 
Info: [  9554,  10079) |**********+
Info: [ 10079,  10604) |*****+
Info: [ 10604,  11129) |**+
Info: [ 11129,  11654) |******+
Info: Checksum: 0x94ee9842
Info: Routing globals...
Info:     'bridge.p3.spi_clk' net was routed.
Info:     'bridge.p2.spi_clk' net was routed.
Info:     'bridge.clk_ck' net was routed using global resources only.
Info:     'bridge.clk' net was routed using global resources only.
Info:     'clocking.clk27' net was routed using global resources only.
Info:     'bridge.queue.writes.0.0_DO_7_LUT4_I2_F_LUT3_F_I0_DFFCE_Q_D_LUT4_F_I3_LUT3_F_I0_LUT3_I1_F_LUT3_I1_F_DFFCE_Q_D_LUT3_F_I1_DFFCE_Q_1_CE_LUT2_F_1_I1_LUT4_I3_1_F' is routed using segments.
Info:     'bridge.controller.head[1][1]' is routed using segments.
Info:     'O_psram_reset_n_OBUF_O_I_LUT4_F_I2_LUT3_F_I0_LUT3_I1_F[3]' is routed using segments.
Info:     'bridge.controller.head[0][1]' is routed using segments.
Info:     'bridge.p2.fifo.mem.0.0_DI_32_LUT2_F_I0_LUT4_I1_F_LUT3_F_I2[1]' is routed using segments.
Info:     'bridge.queue.writes.0.0_DI_DFF_Q_D_DFFCE_Q_D_LUT3_F_I0_LUT4_I3_F_LUT2_I0_F_LUT3_I2_F_LUT4_I3_F_LUT3_F_I0_LUT2_I0_F_DFFCE_CE_Q_LUT3_F_I2_LUT3_I2_F_LUT4_I3_F[0]' is routed using segments.
Info:     'O_psram_reset_n_OBUF_O_I_LUT4_F_I2_LUT3_F_I2_LUT4_I3_F_LUT4_F_I1_LUT3_I1_F_LUT4_F_I3_LUT4_I3_I1_ALU_SUM_COUT_ALU_CIN_SUM_LUT2_F_I1_LUT4_I2_F_LUT4_I3_F_DFFCE_CE_Q_LUT3_I1_I2_LUT2_F_I1_LUT4_I1_F_LUT4_F_I3_LUT3_I2_1_F[1]' is routed using segments.
Info:     'O_psram_reset_n_OBUF_O_I_LUT4_F_I2_LUT3_F_I0_LUT2_I1_F_LUT4_I3_F' is routed using segments.
Info:     'O_psram_reset_n_OBUF_O_I_LUT4_F_I2_LUT3_F_I2_LUT4_I3_F_LUT4_F_I1_LUT3_I1_F_LUT4_F_I3_LUT4_I3_I1_ALU_SUM_COUT_ALU_CIN_SUM_LUT2_F_I1_LUT4_I2_F_LUT4_I3_F_DFFCE_CE_Q_LUT3_I1_I2_LUT2_F_I1_LUT4_I1_F_LUT4_F_I3_LUT2_F_I1_LUT4_I0_F_LUT4_I3_F_DFFC_D_Q_LUT3_I2_F[0]' is routed using segments.
Info:     'O_psram_reset_n_OBUF_O_I_LUT4_F_I2_LUT3_F_I2_LUT4_I3_F_LUT4_F_I1_LUT3_I1_F_LUT4_F_I3_LUT4_I3_I1_ALU_SUM_COUT_ALU_CIN_SUM_LUT2_F_I1_LUT4_I2_F_LUT4_I3_F_DFFCE_CE_Q_LUT2_I0_F_LUT4_F_I1_LUT4_I1_F_LUT4_I3_F_DFFCE_D_Q[3]' is routed using segments.
Info:     'O_psram_reset_n_OBUF_O_I_LUT4_F_I2_LUT3_F_I1_LUT3_I2_F_LUT2_F_I0[1]' is routed using segments.
Info:     'O_psram_reset_n_OBUF_O_I_LUT4_F_I2_LUT3_F_I2_LUT4_I3_F_LUT4_F_I1_LUT2_I1_F[2]' is routed using segments.
Info:     'bridge.p3.cs_n_LUT2_I0_I1' is routed using segments.
Info:     'O_psram_reset_n_OBUF_O_I_LUT4_F_I2_LUT3_F_I2_LUT4_I3_F_LUT4_F_I1_LUT3_I1_F_LUT4_F_I3_LUT4_I3_I1_ALU_SUM_COUT_ALU_CIN_SUM_LUT2_F_I1_LUT4_I2_F_LUT4_I3_F_DFFCE_CE_Q_LUT3_I1_I2_LUT2_F_I1_LUT4_I1_F_LUT4_F_I3_LUT2_F_I1_LUT4_I0_F_LUT4_I3_F_DFFC_D_Q_LUT3_I2_F[1]' is routed using segments.
Info:     'bridge.queue.writes.0.0_DO_10_LUT4_I2_F_LUT3_F_I0_DFFCE_Q_D_LUT4_F_I3_LUT3_F_I2_LUT4_F_I0[1]' is routed using segments.
Info:     'bridge.p2.fifo.mem.0.0_DI_10_LUT3_F_I1[2]' is routed using segments.
Info:     'bridge.p3.fifo.mem.0.0_DI_32_LUT2_F_I0_LUT4_I3_I1_ALU_I1_COUT_ALU_CIN_COUT_ALU_CIN_COUT_ALU_CIN_COUT_ALU_CIN_SUM_DFFCE_D_Q_DFFCE_Q_D_ALU_SUM_COUT_ALU_CIN_COUT_ALU_CIN_COUT_ALU_CIN_COUT_ALU_CIN_COUT_ALU_CIN_SUM_DFFCE_D_Q_ALU_I0_COUT_ALU_CIN_COUT' is routed using segments.
Info:     'O_psram_reset_n_OBUF_O_I_LUT4_F_I2_LUT3_F_I2_LUT4_I3_F_LUT4_F_I1_LUT3_I1_F_LUT4_F_I3_LUT4_I3_I1_ALU_SUM_COUT_ALU_CIN_SUM_LUT2_F_I1_LUT4_I2_F_LUT4_I3_F_DFFCE_CE_Q_LUT3_I1_I2_LUT2_I0_F[1]' is routed using segments.
Info:     'bridge.controller.fifo0[0]_DFFE_Q_D_DFFCE_Q_D_LUT4_F_I0_LUT4_I2_F_LUT3_F_I1_LUT4_I2_1_F[1]' is routed using segments.
Info:     'bridge.queue.writes.0.0_DO_2_LUT4_I2_F_LUT3_F_I0_LUT4_I1_F' is routed using segments.
Info:     'bridge.queue.writes.0.0_DO_7_LUT4_I2_F_LUT3_F_I0_DFFCE_Q_D_LUT4_F_I3_LUT3_F_I0_LUT3_I1_F_LUT3_I1_F_DFFCE_Q_D_LUT3_F_I1_DFFCE_Q_1_CE_LUT2_F_1_I1_LUT2_I0_F_DFFCE_CE_Q_LUT3_F_1_I1_LUT3_I1_F_LUT3_I2_F' is routed using segments.
Info:     'bridge.queue.writes.0.0_DI_DFF_Q_D_DFFCE_Q_D_LUT3_F_I0_LUT4_I3_F_LUT2_I0_F_LUT3_I2_F_LUT4_I3_F_LUT4_I2_F_DFFCE_CE_Q_DFFCE_Q_1_CE_LUT4_F_I1_LUT3_I2_F_LUT3_F_I1_LUT3_I2_F_DFFCE_Q_1_D_LUT3_I2_F' is routed using segments.
Info:     'bridge.p3.fifo.mem.0.0_DI_8_LUT3_F_I1_DFFCE_D_CE' is routed using segments.
Info:     'O_psram_reset_n_OBUF_O_I_LUT4_F_I2_LUT3_F_I2_LUT4_I3_F_LUT4_F_I1_LUT3_I1_F_LUT4_F_I3_LUT4_I3_I1_ALU_SUM_COUT_ALU_CIN_SUM_LUT2_F_I1_LUT4_I2_F_LUT4_I3_F_DFFCE_CE_Q_LUT2_I0_F_LUT4_F_I1_LUT4_I1_F_LUT4_I3_F_DFFCE_D_Q[2]' is routed using segments.

Info: Routing..
Info: Setting up routing queue.
Info: Routing 10724 arcs.
Info:            |   (re-)routed arcs  |   delta    | remaining|       time spent     |
Info:    IterCnt |  w/ripup   wo/ripup |  w/r  wo/r |      arcs| batch(sec) total(sec)|
Info:       1000 |       34        903 |   34   903 |      9760|       0.44       0.44|
Info:       2000 |       46       1768 |   12   865 |      8774|       0.22       0.66|
Info:       3000 |       46       2738 |    0   970 |      7774|       0.28       0.94|
Info:       4000 |       49       3689 |    3   951 |      6777|       0.31       1.24|
Info:       5000 |       54       4652 |    5   963 |      5783|       0.31       1.55|
Info:       6000 |       64       5601 |   10   949 |      4793|       0.33       1.88|
Info:       7000 |       84       6540 |   20   939 |      3821|       0.39       2.27|
Info:       8000 |      116       7475 |   32   935 |      2873|       0.45       2.72|
Info:       9000 |      192       8364 |   76   889 |      1969|       0.58       3.30|
Info:      10000 |      290       9223 |   98   859 |      1103|       0.68       3.97|
Info:      11000 |      406      10068 |  116   845 |       257|       0.73       4.70|
Info:      11342 |      470      10336 |   64   268 |         0|       0.31       5.02|
Info: Routing complete.
Info: Router1 time 5.02s
Info: Checksum: 0x1303aff4

Info: Critical path report for clock 'bridge.p3.spi_clk' (posedge -> posedge):
Info:       type curr  total name
Info:   clk-to-q  0.46  0.46 Source bridge.p3.fifo.mem.0.0_DI_12_LUT3_F_I1_LUT3_I1_F_DFFCE_D_Q_LUT3_I1_F_DFFCE_D.Q
Info:    routing  1.44  1.89 Net bridge.p3.fifo.mem.0.0_DI_12_LUT3_F_I1[0] (17,2) -> (19,5)
Info:                          Sink bridge.p3.fifo.mem.0.0_DI_28_LUT4_F.I0
Info:                          Defined in:
Info:                               /workspace/scratch/5bc736d51023/tooling/oss-cad-suite/lib/../share/yosys/gowin/cells_map.v:130.20-130.21
Info:      logic  1.03  2.93 Source bridge.p3.fifo.mem.0.0_DI_28_LUT4_F.F
Info:    routing  1.76  4.69 Net bridge.p3.fifo.mem.0.0_DI_28 (19,5) -> (19,9)
Info:                          Sink bridge.p3.fifo.mem.0.0.DI28
Info:      setup  0.04  4.73 Source bridge.p3.fifo.mem.0.0.DI28
Info: 1.53 ns logic, 3.20 ns routing

Info: Critical path report for clock 'bridge.p2.spi_clk' (posedge -> posedge):
Info:       type curr  total name
Info:   clk-to-q  0.46  0.46 Source bridge.p2.fifo.mem.0.0_DI_9_LUT3_F_I1_LUT3_I1_F_DFFC_D.Q
Info:    routing  0.41  0.87 Net bridge.p2.fifo.mem.0.0_DI_9_LUT3_F_I1_LUT3_I1_F_DFFC_D_Q[1] (17,14) -> (17,14)
Info:                          Sink bridge.p2.fifo.mem.0.0_DI_17_LUT4_F.I1
Info:                          Defined in:
Info:                               /workspace/scratch/5bc736d51023/tooling/oss-cad-suite/lib/../share/yosys/gowin/cells_map.v:130.20-130.21
Info:      logic  1.10  1.97 Source bridge.p2.fifo.mem.0.0_DI_17_LUT4_F.F
Info:    routing  2.57  4.54 Net bridge.p2.fifo.mem.0.0_DI_17 (17,14) -> (22,9)
Info:                          Sink bridge.p2.fifo.mem.0.0.DI17
Info:      setup  0.04  4.58 Source bridge.p2.fifo.mem.0.0.DI17
Info: 1.60 ns logic, 2.98 ns routing

Info: Critical path report for clock 'bridge.clk' (posedge -> posedge):
Info:       type curr  total name
Info:   clk-to-q  0.46  0.46 Source bridge.queue.writes.0.0_DO_2_LUT4_I2_F_LUT3_F_I0_ALU_COUT_CIN_ALU_COUT_CIN_ALU_COUT_CIN_ALU_COUT_CIN_ALU_COUT_CIN_ALU_COUT_CIN_ALU_COUT_SUM_LUT2_I1_F_DFFCE_D_CE_DFFCE_CE_Q_DFFCE_Q_1.Q
Info:    routing  0.96  1.42 Net bridge.queue.writes.0.0_DO_2_LUT4_I2_F_LUT3_F_I0_ALU_COUT_CIN_ALU_COUT_CIN_ALU_COUT_CIN_ALU_COUT_CIN_ALU_COUT_CIN_ALU_COUT_CIN_ALU_COUT_SUM_LUT2_I1_F_DFFCE_D_CE_DFFCE_CE_Q[2] (3,2) -> (1,2)
Info:                          Sink bridge.queue.writes.0.0_DO_12_LUT4_F_I2_ALU_COUT_CIN_ALU_COUT_CIN_ALU_COUT_CIN_ALU_COUT_CIN_ALU_COUT.I0
Info:                          Defined in:
Info:                               /workspace/scratch/5bc736d51023/tooling/oss-cad-suite/lib/../share/yosys/gowin/cells_map.v:130.20-130.21
Info:      logic  0.96  2.37 Source bridge.queue.writes.0.0_DO_12_LUT4_F_I2_ALU_COUT_CIN_ALU_COUT_CIN_ALU_COUT_CIN_ALU_COUT_CIN_ALU_COUT.COUT
Info:    routing  0.00  2.37 Net bridge.queue.writes.0.0_DO_12_LUT4_F_I2_ALU_COUT_CIN_ALU_COUT_CIN_ALU_COUT_CIN_ALU_COUT_CIN (1,2) -> (1,2)
Info:                          Sink bridge.queue.writes.0.0_DO_12_LUT4_F_I2_ALU_COUT_CIN_ALU_COUT_CIN_ALU_COUT_CIN_ALU_COUT.CIN
Info:                          Defined in:
Info:                               rtl/s3_psram_burst.sv:79.21-79.29
Info:                               /workspace/scratch/5bc736d51023/tooling/oss-cad-suite/lib/../share/yosys/gowin/arith_map.v:57.7-63.5
Info:                               /workspace/scratch/5bc736d51023/tooling/oss-cad-suite/lib/../share/yosys/gowin/cells_sim.v:1033.25-1033.29
Info:      logic  0.06  2.43 Source bridge.queue.writes.0.0_DO_12_LUT4_F_I2_ALU_COUT_CIN_ALU_COUT_CIN_ALU_COUT_CIN_ALU_COUT.COUT
Info:    routing  0.00  2.43 Net bridge.queue.writes.0.0_DO_12_LUT4_F_I2_ALU_COUT_CIN_ALU_COUT_CIN_ALU_COUT_CIN (1,2) -> (1,2)
Info:                          Sink bridge.queue.writes.0.0_DO_12_LUT4_F_I2_ALU_COUT_CIN_ALU_COUT_CIN_ALU_COUT.CIN
Info:                          Defined in:
Info:                               rtl/s3_psram_burst.sv:79.21-79.29
Info:                               /workspace/scratch/5bc736d51023/tooling/oss-cad-suite/lib/../share/yosys/gowin/arith_map.v:57.7-63.5
Info:                               /workspace/scratch/5bc736d51023/tooling/oss-cad-suite/lib/../share/yosys/gowin/cells_sim.v:1033.25-1033.29
Info:      logic  0.06  2.49 Source bridge.queue.writes.0.0_DO_12_LUT4_F_I2_ALU_COUT_CIN_ALU_COUT_CIN_ALU_COUT.COUT
Info:    routing  0.00  2.49 Net bridge.queue.writes.0.0_DO_12_LUT4_F_I2_ALU_COUT_CIN_ALU_COUT_CIN (1,2) -> (2,2)
Info:                          Sink bridge.queue.writes.0.0_DO_12_LUT4_F_I2_ALU_COUT_CIN_ALU_COUT.CIN
Info:                          Defined in:
Info:                               rtl/s3_psram_burst.sv:79.21-79.29
Info:                               /workspace/scratch/5bc736d51023/tooling/oss-cad-suite/lib/../share/yosys/gowin/arith_map.v:57.7-63.5
Info:                               /workspace/scratch/5bc736d51023/tooling/oss-cad-suite/lib/../share/yosys/gowin/cells_sim.v:1033.25-1033.29
Info:      logic  0.06  2.55 Source bridge.queue.writes.0.0_DO_12_LUT4_F_I2_ALU_COUT_CIN_ALU_COUT.COUT
Info:    routing  0.00  2.55 Net bridge.queue.writes.0.0_DO_12_LUT4_F_I2_ALU_COUT_CIN (2,2) -> (2,2)
Info:                          Sink bridge.queue.writes.0.0_DO_12_LUT4_F_I2_ALU_COUT.CIN
Info:                          Defined in:
Info:                               rtl/s3_psram_burst.sv:79.21-79.29
Info:                               /workspace/scratch/5bc736d51023/tooling/oss-cad-suite/lib/../share/yosys/gowin/arith_map.v:57.7-63.5
Info:                               /workspace/scratch/5bc736d51023/tooling/oss-cad-suite/lib/../share/yosys/gowin/cells_sim.v:1033.25-1033.29
Info:      logic  0.06  2.60 Source bridge.queue.writes.0.0_DO_12_LUT4_F_I2_ALU_COUT.COUT
Info:    routing  0.00  2.60 Net bridge.queue.writes.0.0_DO_12_LUT4_F_I2_ALU_COUT_TAIL_ALULC (2,2) -> (2,2)
Info:                          Sink bridge.queue.writes.0.0_DO_12_LUT4_F_I2_ALU_COUT_TAIL_ALULC.CIN
Info:      logic  0.56  3.16 Source bridge.queue.writes.0.0_DO_12_LUT4_F_I2_ALU_COUT_TAIL_ALULC.SUM
Info:    routing  0.89  4.06 Net bridge.queue.writes.0.0_DO_12_LUT4_F_I1_LUT2_F_I0[2] (2,2) -> (3,3)
Info:                          Sink bridge.queue.writes.0.0_DO_12_LUT4_F_I3_LUT4_I3.I2
Info:                          Defined in:
Info:                               rtl/s3_psram_burst.sv:79.21-79.29
Info:                               /workspace/scratch/5bc736d51023/tooling/oss-cad-suite/lib/../share/yosys/gowin/arith_map.v:57.7-63.5
Info:                               /workspace/scratch/5bc736d51023/tooling/oss-cad-suite/lib/../share/yosys/gowin/cells_sim.v:1033.25-1033.29
Info:      logic  0.82  4.88 Source bridge.queue.writes.0.0_DO_12_LUT4_F_I3_LUT4_I3.F
Info:    routing  1.45  6.33 Net O_psram_reset_n_OBUF_O_I_LUT4_F_I2_LUT3_F_I2_LUT4_I3_F_LUT4_F_I1_LUT2_I1_F[2] (3,3) -> (4,6)
Info:                          Sink O_psram_reset_n_OBUF_O_I_LUT4_F_I2_LUT3_F_I2_LUT2_I1_F_LUT4_F.I2
Info:                          Defined in:
Info:                               /workspace/scratch/5bc736d51023/tooling/oss-cad-suite/lib/../share/yosys/gowin/cells_map.v:130.20-130.21
Info:      logic  0.82  7.15 Source O_psram_reset_n_OBUF_O_I_LUT4_F_I2_LUT3_F_I2_LUT2_I1_F_LUT4_F.F
Info:    routing  0.33  7.47 Net O_psram_reset_n_OBUF_O_I_LUT4_F_I2[1] (4,6) -> (4,6)
Info:                          Sink O_psram_reset_n_OBUF_O_I_LUT4_F_I2_LUT3_F_I2_LUT4_I3_F_LUT4_F.I2
Info:                          Defined in:
Info:                               /workspace/scratch/5bc736d51023/tooling/oss-cad-suite/lib/../share/yosys/gowin/cells_map.v:130.20-130.21
Info:      logic  0.82  8.30 Source O_psram_reset_n_OBUF_O_I_LUT4_F_I2_LUT3_F_I2_LUT4_I3_F_LUT4_F.F
Info:    routing  0.96  9.25 Net O_psram_reset_n_OBUF_O_I_LUT4_F_I2_LUT3_F_I2_LUT4_I3_F[3] (4,6) -> (4,10)
Info:                          Sink O_psram_reset_n_OBUF_O_I_LUT4_F_I2_LUT3_F_I2_LUT4_I3_F_LUT4_I3.I3
Info:                          Defined in:
Info:                               /workspace/scratch/5bc736d51023/tooling/oss-cad-suite/lib/../share/yosys/gowin/cells_map.v:130.20-130.21
Info:      logic  0.62  9.88 Source O_psram_reset_n_OBUF_O_I_LUT4_F_I2_LUT3_F_I2_LUT4_I3_F_LUT4_I3.F
Info:    routing  0.33  10.20 Net O_psram_reset_n_OBUF_O_I_LUT4_F_I2_LUT3_F_I2_LUT4_I3_F_LUT4_I3_F[3] (4,10) -> (4,10)
Info:                          Sink O_psram_reset_n_OBUF_O_I_LUT4_F_I2_LUT3_F_I2_LUT4_I3_F_LUT4_I3_F_LUT4_I3.I3
Info:                          Defined in:
Info:                               /workspace/scratch/5bc736d51023/tooling/oss-cad-suite/lib/../share/yosys/gowin/cells_map.v:130.20-130.21
Info:      logic  0.62  10.83 Source O_psram_reset_n_OBUF_O_I_LUT4_F_I2_LUT3_F_I2_LUT4_I3_F_LUT4_I3_F_LUT4_I3.F
Info:    routing  0.89  11.72 Net O_psram_reset_n_OBUF_O_I_LUT4_F_I2_LUT3_F_I2_LUT4_I3_F_LUT4_I3_F_LUT4_I3_F[3] (4,10) -> (3,11)
Info:                          Sink bridge.queue.writes.0.0_DO_12_LUT4_F_I3_LUT4_I3_F_DFFC_Q_D_LUT4_F.I3
Info:                          Defined in:
Info:                               /workspace/scratch/5bc736d51023/tooling/oss-cad-suite/lib/../share/yosys/gowin/cells_map.v:130.20-130.21
Info:      logic  0.62  12.35 Source bridge.queue.writes.0.0_DO_12_LUT4_F_I3_LUT4_I3_F_DFFC_Q_D_LUT4_F.F
Info:    routing  0.00  12.35 Net bridge.queue.writes.0.0_DO_12_LUT4_F_I3_LUT4_I3_F_DFFC_Q_D (3,11) -> (3,11)
Info:                          Sink bridge.queue.writes.0.0_DO_12_LUT4_F_I3_LUT4_I3_F_DFFC_Q.D
Info:      setup  0.40  12.74 Source bridge.queue.writes.0.0_DO_12_LUT4_F_I3_LUT4_I3_F_DFFC_Q.D
Info: 6.95 ns logic, 5.80 ns routing

Info: Critical path report for cross-domain path 'posedge bridge.clk' -> 'posedge bridge.p3.spi_clk':
Info:       type curr  total name
Info:   clk-to-q  0.46  0.46 Source clocking.locked_LUT2_I1_F_DFFC_CLEAR_Q_DFFC_D.Q
Info:    routing  0.41  0.87 Net clocking.locked_LUT2_I1_F_DFFC_CLEAR_Q_DFFC_D_Q (19,7) -> (19,8)
Info:                          Sink bridge.p3.fifo.mem.0.0_ADA_6_LUT4_F.I0
Info:                          Defined in:
Info:                               /workspace/scratch/5bc736d51023/tooling/oss-cad-suite/lib/../share/yosys/gowin/cells_map.v:130.20-130.21
Info:      logic  1.03  1.90 Source bridge.p3.fifo.mem.0.0_ADA_6_LUT4_F.F
Info:    routing  0.89  2.79 Net bridge.p3.fifo.mem.0.0_ADA_6 (19,8) -> (19,9)
Info:                          Sink bridge.p3.fifo.mem.0.0.ADA3
Info:      setup  0.04  2.84 Source bridge.p3.fifo.mem.0.0.ADA3
Info: 1.53 ns logic, 1.30 ns routing

Info: Max frequency for clock 'bridge.p3.spi_clk': 211.33 MHz (PASS at 80.00 MHz)
Info: Max frequency for clock 'bridge.p2.spi_clk': 218.29 MHz (PASS at 80.00 MHz)
ERROR: Max frequency for clock        'bridge.clk': 78.46 MHz (FAIL at 99.00 MHz)

Info: Max delay posedge bridge.clk -> posedge bridge.p3.spi_clk: 2.84 ns

Info: Slack histogram:
Info:  legend: * represents 2 endpoint(s)
Info:          + represents [1,2) endpoint(s)
Info: [ -2644,  -1967) |+
Info: [ -1967,  -1290) |*+
Info: [ -1290,   -613) |******+
Info: [  -613,     64) |***+
Info: [    64,    741) |********+
Info: [   741,   1418) |**+
Info: [  1418,   2095) |*****+
Info: [  2095,   2772) |********+
Info: [  2772,   3449) |*****************+
Info: [  3449,   4126) |*************************+
Info: [  4126,   4803) |**********************+
Info: [  4803,   5480) |************************************************************ 
Info: [  5480,   6157) |**********************************************************+
Info: [  6157,   6834) |***********+
Info: [  6834,   7511) |********************+
Info: [  7511,   8188) |***************************************+
Info: [  8188,   8865) |*************************+
Info: [  8865,   9542) |**************+
Info: [  9542,  10219) |*********+
Info: [ 10219,  10896) |*************+

0 warnings, 1 error

Info: Program finished normally.
