Info: Using uarch 'gowin' for device 'GW1NR-LV9QN88PC6/I5'
Info: constraining clock net 'clocking.clk27' to 27.00 MHz
Info: constraining clock net 'bridge.clk' to 90.00 MHz
Info: constraining clock net 'bridge.clk_ck' to 90.00 MHz
Info: constraining clock net 'guard.check_clk' to 27.00 MHz
Info: constraining clock net 'bridge.p2.spi_clk' to 80.00 MHz
Info: constraining clock net 'bridge.p3.spi_clk' to 80.00 MHz

Info: Reading constraints...
Info: Create constant nets...
Info: Modify LUTs...
Info: Pack IOBs...
Info: Pack I3C IOs...
Info: Pack MIPI IOs...
Info: Pack diff IOBs...
Info: Pack FFs into IO cells...
Info: Pack IODELAY...
Info: Pack Input Edge Monitors...
Info: Pack IO logic...
Info: Pack DESER16 logic...
Info: Pack GSR...
Info: Pack HCLK cells...
Info: Pack DLLDLYs...
Info: Pack wide LUTs...
Info: Packed MUX2_LUT8:0, MUX2_LU7:0, MUX2_LUT6:0, MUX2_LUT5:0
Info: Pack ALUs...
Info: Pack SSRAMs...
Info: Constrained 1594 LUTFF pairs.
Info: Pack PLL...
Info: Pack ADC...
Info: Pack GW JTAG...
Info: Pack BSRAMs...
Info: Pack DSP...
Info: Pack INV...
Info: Pack buffered nets...
Info: Pack EMCU and UserFlash cells...
Info: Pack UserFlash cells...
Info: Pack DQCE cells...
Info: Pack DCS cells...
Info: Checksum: 0x19b10a89

Info: Device utilisation:
Info: 	                 VCC:       1/      1   100%
Info: 	                 IOB:      27/    276     9%
Info: 	                LUT4:    6368/   8640    73%
Info: 	              OSER16:       0/     80     0%
Info: 	              IDES16:       0/     80     0%
Info: 	            IOLOGICI:      18/    276     6%
Info: 	            IOLOGICO:      24/    276     8%
Info: 	           MUX2_LUT5:       0/   4320     0%
Info: 	           MUX2_LUT6:       0/   2160     0%
Info: 	           MUX2_LUT7:       0/   1080     0%
Info: 	           MUX2_LUT8:       0/   1080     0%
Info: 	                 ALU:    2246/   6480    34%
Info: 	                 GND:       1/      1   100%
Info: 	                 DFF:    3580/   6480    55%
Info: 	           RAM16SDP4:       0/    270     0%
Info: 	               BSRAM:      11/     26    42%
Info: 	              ALU54D:       0/     10     0%
Info: 	     MULTADDALU18X18:       0/     10     0%
Info: 	        MULTALU18X18:       0/     10     0%
Info: 	        MULTALU36X18:       0/     10     0%
Info: 	           MULT36X36:       0/      5     0%
Info: 	           MULT18X18:       2/     20    10%
Info: 	             MULT9X9:       0/     40     0%
Info: 	              PADD18:       0/     20     0%
Info: 	               PADD9:       0/     40     0%
Info: 	                 GSR:       1/      1   100%
Info: 	                 OSC:       0/      1     0%
Info: 	                rPLL:       1/      2    50%
Info: 	           FLASH608K:       0/      1     0%
Info: 	                BUFG:       3/     22    13%
Info: 	                DQCE:       0/     24     0%
Info: 	                 DCS:       0/      8     0%
Info: 	               DHCEN:       0/     24     0%
Info: 	              CLKDIV:       0/      8     0%
Info: 	             CLKDIV2:       0/     16     0%
Info: 	           MIPI_IBUF:       0/     22     0%
Info: 	           MIPI_OBUF:       0/     20     0%

Info: Running custom HCLK placer...
Info: Placed 0 cells based on constraints.
Info: Creating initial analytic placement for 6318 cells, random placement wirelen = 260103.
Info:     at initial placer iter 0, wirelen = 3208
Info:     at initial placer iter 1, wirelen = 3045
Info:     at initial placer iter 2, wirelen = 3119
Info:     at initial placer iter 3, wirelen = 3172
Info: Running main analytical placer, max placement attempts per cell = 18938935.
Info:     at iteration #1, type ALL: wirelen solved = 3088, spread = 76606, legal = 206505; time = 8.75s
Info:     at iteration #2, type ALL: wirelen solved = 6317, spread = 59504, legal = 161947; time = 7.31s
Info:     at iteration #3, type ALL: wirelen solved = 9197, spread = 49394, legal = 156340; time = 5.94s
Info:     at iteration #4, type ALL: wirelen solved = 10141, spread = 51374, legal = 155461; time = 4.67s
Info:     at iteration #5, type ALL: wirelen solved = 13224, spread = 43368, legal = 131195; time = 4.38s
Info:     at iteration #6, type ALL: wirelen solved = 14407, spread = 50475, legal = 141079; time = 3.40s
Info:     at iteration #7, type ALL: wirelen solved = 15909, spread = 53620, legal = 104493; time = 1.58s
Info:     at iteration #8, type ALL: wirelen solved = 17325, spread = 57428, legal = 93805; time = 1.01s
Info:     at iteration #9, type ALL: wirelen solved = 19029, spread = 50646, legal = 84621; time = 1.38s
Info:     at iteration #10, type ALL: wirelen solved = 20318, spread = 47996, legal = 81528; time = 1.54s
Info:     at iteration #11, type ALL: wirelen solved = 20660, spread = 47809, legal = 78257; time = 0.88s
Info:     at iteration #12, type ALL: wirelen solved = 21215, spread = 50542, legal = 76395; time = 1.39s
Info:     at iteration #13, type ALL: wirelen solved = 22441, spread = 47987, legal = 73139; time = 0.85s
Info:     at iteration #14, type ALL: wirelen solved = 23064, spread = 47129, legal = 75585; time = 1.01s
Info:     at iteration #15, type ALL: wirelen solved = 24525, spread = 45939, legal = 76481; time = 0.89s
Info:     at iteration #16, type ALL: wirelen solved = 26203, spread = 47642, legal = 74716; time = 0.73s
Info:     at iteration #17, type ALL: wirelen solved = 27549, spread = 50003, legal = 77531; time = 0.66s
Info:     at iteration #18, type ALL: wirelen solved = 28983, spread = 45127, legal = 75360; time = 0.70s
Info: HeAP Placer Time: 48.28s
Info:   of which solving equations: 2.15s
Info:   of which spreading cells: 0.29s
Info:   of which strict legalisation: 45.09s

Info: Running simulated annealing placer for refinement.
Info:   at iteration #1: temp = 0.000000, timing cost = 244, wirelen = 73139
Info:   at iteration #5: temp = 0.000000, timing cost = 184, wirelen = 60072
Info:   at iteration #10: temp = 0.000000, timing cost = 123, wirelen = 56399
Info:   at iteration #15: temp = 0.000000, timing cost = 107, wirelen = 54599
Info:   at iteration #20: temp = 0.000000, timing cost = 100, wirelen = 53249
Info:   at iteration #25: temp = 0.000000, timing cost = 99, wirelen = 52868
Info:   at iteration #30: temp = 0.000000, timing cost = 99, wirelen = 52677
Info:   at iteration #34: temp = 0.000000, timing cost = 98, wirelen = 52632 
Info: SA placement time 17.68s

Info: Max frequency for clock 'bridge.p3.spi_clk': 238.15 MHz (PASS at 80.00 MHz)
Info: Max frequency for clock 'bridge.p2.spi_clk': 281.85 MHz (PASS at 80.00 MHz)
Info: Max frequency for clock   'guard.check_clk': 122.71 MHz (PASS at 27.00 MHz)
Info: Max frequency for clock        'bridge.clk': 101.52 MHz (PASS at 90.00 MHz)

Info: Max delay posedge bridge.clk        -> posedge bridge.p2.spi_clk: 1.66 ns
Info: Max delay posedge bridge.clk        -> posedge bridge.p3.spi_clk: 2.16 ns
Info: Max delay posedge bridge.clk        -> posedge guard.check_clk  : 1.16 ns
Info: Max delay posedge bridge.p2.spi_clk -> posedge bridge.clk       : 1.26 ns
Info: Max delay posedge bridge.p3.spi_clk -> posedge bridge.clk       : 1.66 ns
Info: Max delay posedge guard.check_clk   -> posedge bridge.clk       : 0.96 ns

Info: Slack histogram:
Info:  legend: * represents 22 endpoint(s)
Info:          + represents [1,22) endpoint(s)
Info: [  1261,   3025) |+
Info: [  3025,   4789) |**********+
Info: [  4789,   6553) |*************+
Info: [  6553,   8317) |*************************+
Info: [  8317,  10081) |************************************************************ 
Info: [ 10081,  11845) |**************************+
Info: [ 11845,  13609) | 
Info: [ 13609,  15373) | 
Info: [ 15373,  17137) | 
Info: [ 17137,  18901) | 
Info: [ 18901,  20665) | 
Info: [ 20665,  22429) | 
Info: [ 22429,  24193) | 
Info: [ 24193,  25957) | 
Info: [ 25957,  27721) | 
Info: [ 27721,  29485) |+
Info: [ 29485,  31249) |+
Info: [ 31249,  33013) |*+
Info: [ 33013,  34777) |*+
Info: [ 34777,  36541) |*********+
Info: Checksum: 0xc71cb099
Info: Routing globals...
Info:     'guard.check_clk' net was routed.
Info:     'bridge.p3.spi_clk' net was routed.
Info:     'bridge.p2.spi_clk' net was routed.
Info:     'bridge.clk_ck' net was routed using global resources only.
Info:     'bridge.clk' net was routed using global resources only.
Info:     'O_psram_reset_n_OBUF_O_I_LUT4_F_I2[0]' is routed using segments.
Info:     'clocking.locked_LUT2_I1_F_DFFC_CLEAR_Q_DFFC_D_Q_LUT4_I0_I1_LUT2_I0_F[2]' is routed using segments.
Info:     'bridge.queue.writes.0.0_DI_DFF_Q_D_DFFCE_Q_D_LUT3_F_I0_LUT4_I3_F_LUT4_I2_F_LUT2_I1_F_LUT3_I0_I2_LUT3_F_I1_LUT2_F_I0_LUT3_I2_F_LUT4_I3_F' is routed using segments.
Info:     'bridge.queue.writes.0.0_DI_DFF_Q_D_DFFCE_Q_D_LUT3_F_I0_LUT4_I3_F_LUT4_I2_F_LUT2_I1_F_LUT3_I0_I2_LUT3_F_I1_LUT2_F_I0_LUT4_I2_F_DFFC_D_Q_LUT3_I0_F_DFFCE_CE_Q_LUT4_I1_F_DFFCE_CE_Q_DFFCE_Q_1_CE_LUT4_F_I2_LUT4_F_I0_LUT4_F_I2_LUT2_I1_F_LUT4_I3_F_LUT2_I1_F_LUT2_I0_F' is routed using segments.
Info:     'bridge.queue.reads.0.0_DO_8_LUT4_I2_F_DFFCE_D_Q_DFFCE_Q_D_LUT4_F_I3_LUT4_I0_F_LUT4_F_I0_LUT4_I3_F_LUT4_I3_F_LUT3_I2_F[1]' is routed using segments.
Info:     'vit.metrics[44]_DFFE_Q_1_D_LUT4_F_I2_ALU_SUM_I1_ALU_I1_CIN_ALU_COUT_I0' is routed using segments.
Info:     'vit.metrics[44]_DFFE_Q_1_D_LUT4_F_I2_ALU_SUM_I0' is routed using segments.
Info:     'metric.abs_q_DFFE_Q_14_D[2]' is routed using segments.
Info:     'O_psram_reset_n_OBUF_O_I_LUT4_F_I2_LUT3_F_I0_LUT3_I0_I1_LUT2_F_I0_LUT4_I2_F_DFFC_Q_D_LUT2_F_I0[1]' is routed using segments.
Info:     'O_psram_reset_n_OBUF_O_I_LUT4_F_I2_LUT3_F_I0_DFFC_Q_D_LUT4_F_I0_LUT2_I1_F_LUT4_I3_1_F' is routed using segments.
Info:     'bridge.controller.head[0][1]' is routed using segments.
Info:     'guard.guard.in_last_LUT2_I0_F_LUT2_I1_F_ALU_SUM_CIN_ALU_COUT_CIN_ALU_COUT_CIN_ALU_COUT_CIN_ALU_COUT_SUM_LUT4_I2_F_DFFC_D_Q_LUT4_I1_F_LUT2_I1_F_LUT4_F_I3_LUT3_F_I2[1]' is routed using segments.
Info:     'vit.metrics[4]_DFFE_Q_4_D_LUT4_F_I2_ALU_SUM_I0_LUT3_F_I1_DFFCE_Q_1_D_ALU_SUM_CIN_ALU_COUT_SUM_DFFCE_D_Q_LUT3_I1_F' is routed using segments.
Info:     'vit.metrics[4]_DFFE_Q_4_D_LUT4_F_I2_ALU_SUM_1_I0_LUT3_F_I1_DFFCE_Q_1_D_ALU_SUM_CIN_ALU_COUT_CIN_ALU_COUT_CIN_ALU_COUT_CIN_ALU_COUT_SUM_DFFCE_D_1_Q_LUT3_I1_F' is routed using segments.
Info:     'vit.metrics[44]_DFFE_Q_1_D_LUT4_F_I2_ALU_SUM_1_I0' is routed using segments.
Info:     'vit.branch_choice.0.0_DIA_3_DFF_Q_D_DFFCE_Q_D_DFFCE_Q_CE_LUT3_F_I2_LUT3_F_I0_LUT3_I0_F[1]' is routed using segments.
Info:     'chien.locator_DFFE_Q_56_CE' is routed using segments.
Info:     'O_psram_reset_n_OBUF_O_I_LUT4_F_I2_LUT3_F_I0_DFFC_Q_D_LUT4_F_I0_LUT3_I0_F_LUT4_F_I2_LUT3_I1_F_LUT3_F_I2_LUT3_I2_F_LUT2_F_I1_LUT2_I1_F_LUT4_I2_F_LUT3_I2_F_DFFCE_CE_Q_LUT4_I0_F_LUT4_F_1_I3_DFFCE_Q_D_LUT2_F_I1[0]' is routed using segments.
Info:     'bridge.queue.writes.0.0_DI_DFF_Q_D_DFFCE_Q_D_LUT3_F_I0_LUT4_I3_F_LUT4_I2_F_LUT2_I1_F_LUT2_I0_F_DFFCE_CE_Q_LUT3_F_I0[0]' is routed using segments.
Info:     'chien.locator_DFFE_Q_CE' is routed using segments.
Info:     'bridge.queue.writes.0.0_DI_31_DFF_Q_D_DFFCE_Q_D_LUT3_F_I1_DFFCE_D_Q_ALU_I0_SUM_ALU_SUM_2_CIN_ALU_COUT_SUM_ALU_SUM_2_CIN_ALU_COUT_SUM_LUT4_I3_F_DFFCE_D_Q_LUT4_F_1_I3_LUT4_F_I1[3]' is routed using segments.
Info:     'bridge.queue.writes.0.0_DI_31_DFF_Q_D_DFFCE_Q_D_LUT3_F_I1_DFFCE_D_Q_ALU_I0_SUM_ALU_SUM_2_CIN_ALU_COUT_SUM_ALU_SUM_2_CIN_ALU_COUT_SUM_LUT4_I3_F_DFFCE_D_Q_LUT4_F_1_I3_LUT4_F_I1_DFFCE_Q_D_LUT3_F_I2[0]' is routed using segments.
Info:     'bridge.queue.writes.0.0_DI_31_DFF_Q_D_DFFCE_Q_D_LUT3_F_I1_DFFCE_D_Q_ALU_I0_SUM_ALU_SUM_2_CIN_ALU_COUT_SUM_ALU_SUM_2_CIN_ALU_COUT_SUM_LUT4_I3_F_DFFCE_D_Q_LUT4_F_1_I3_LUT4_F_I1_DFFCE_Q_D_LUT3_F_I2_LUT3_F_I2_LUT3_I2_F_LUT4_I3_F_LUT3_I1_F_DFFCE_D_Q_DFFCE_Q_1_D_LUT4_F_I2_LUT3_F_1_I1_LUT3_I1_F_LUT3_F_I2_LUT3_F_I1[2]' is routed using segments.
Info:     'vit.metrics[4]_DFFE_Q_4_D_LUT4_F_I2_ALU_SUM_I0_LUT3_F_I1_DFFCE_Q_1_D_ALU_SUM_CIN_ALU_COUT_CIN_ALU_COUT_CIN_ALU_COUT_CIN_ALU_COUT_SUM_DFFCE_D_1_Q_LUT3_I1_F' is routed using segments.
Info:     'vit.metrics[6]_DFFE_Q_D_LUT4_F_I2_ALU_SUM_CIN_ALU_COUT_I0' is routed using segments.
Info:     'vit.metrics[44]_DFFE_Q_1_D_LUT4_F_I2_ALU_SUM_CIN_ALU_COUT_I0' is routed using segments.
Info:     'metric.peak_DFFE_Q_3_D_LUT3_F_I1_LUT3_F_I2' is routed using segments.
Info:     'clocking.locked_LUT2_I1_F_DFFC_CLEAR_Q_DFFC_D_Q_LUT2_I0_F[0]' is routed using segments.
Info:     'metric.peak_DFFE_Q_10_D_LUT3_F_I1[2]' is routed using segments.
Info:     'chien.locator_DFFE_Q_56_CE_LUT3_F_I2_LUT3_I2_2_F' is routed using segments.
Info:     'chien.locator_DFFE_Q_56_CE_LUT3_F_I2_LUT3_I2_1_F' is routed using segments.
Info:     'syndrome.rom_odd.0.0_AD_8_DFFCE_D_Q_DFFCE_Q_D_LUT2_I1_F_DFFCE_CE_1_Q[1]' is routed using segments.
Info:     'bridge.queue.writes.0.0_DI_DFF_Q_D_DFFCE_Q_D_LUT3_F_I0_LUT4_I3_F_LUT4_I2_F_LUT2_I1_F_LUT3_I0_I2_LUT3_F_I1_LUT2_F_I0_LUT4_I2_F_DFFC_D_Q_LUT3_I0_F_DFFCE_CE_Q_LUT4_I1_F_DFFCE_CE_Q_DFFCE_Q_1_CE_LUT4_F_I2_LUT4_F_I0_LUT2_I1_F_LUT2_I0_F_DFFCE_CE_Q_LUT3_F_1_I2_LUT3_I2_F[0]' is routed using segments.
Info:     'bridge.queue.writes.0.0_DI_DFF_Q_D_DFFCE_Q_D_LUT3_F_I0_LUT4_I3_F_LUT4_I2_F_LUT2_I1_F_LUT2_I0_F_DFFCE_CE_Q_LUT3_F_I2_LUT3_I2_F_LUT3_I2_F_DFFCE_D_Q_LUT3_I1_F_LUT3_I2_F' is routed using segments.
Info:     'bridge.queue.writes.0.0_DI_DFF_Q_D_DFFCE_Q_D_LUT3_F_I0_LUT4_I3_F_LUT4_I2_F_LUT2_I1_F_LUT3_I0_I2_LUT3_F_I1_LUT2_F_I0_LUT4_I2_F_DFFC_D_Q_LUT3_I0_F_DFFCE_CE_Q_LUT4_I1_F_DFFCE_CE_Q_DFFCE_Q_1_CE_LUT4_F_I2_LUT4_F_I0[1]' is routed using segments.
Info:     'O_psram_reset_n_OBUF_O_I_LUT4_F_I2_LUT3_F_I0_DFFC_Q_D_LUT4_F_I0_LUT3_I0_F_LUT4_F_I2_LUT3_I1_F_LUT3_F_I2_LUT3_I2_F_LUT2_F_I1_LUT2_I1_F_LUT4_I2_F_LUT3_I2_F_DFFCE_CE_Q[1]' is routed using segments.
Info:     'bridge.queue.writes.0.0_DI_31_DFF_Q_D_DFFCE_Q_D_LUT3_F_I1_DFFCE_D_Q_ALU_I0_SUM_ALU_SUM_2_CIN_ALU_COUT_SUM_ALU_SUM_2_CIN_ALU_COUT_SUM_LUT4_I3_F_DFFCE_D_Q_LUT4_F_1_I3_LUT4_F_I1_DFFCE_Q_D_LUT3_F_I2_LUT3_F_I2_LUT3_I2_F_LUT4_I3_F_LUT3_I1_F_DFFCE_D_Q[3]' is routed using segments.
Info:     'O_psram_reset_n_OBUF_O_I_LUT4_F_I2_LUT3_F_I0_DFFC_Q_D_LUT4_F_I0_LUT3_I0_F_LUT4_F_I2_LUT3_I1_F_LUT4_I3_F_LUT3_I2_F_DFFC_D_Q_DFFC_Q_1_D_LUT4_F_I3_LUT4_F_I3_LUT2_I1_F_DFFC_D_Q_LUT2_F_1_I0[1]' is routed using segments.
Info:     'O_psram_reset_n_OBUF_O_I_LUT4_F_I2_LUT3_F_I0_DFFC_Q_D_LUT4_F_I0_LUT3_I0_F_LUT4_I3_F_LUT3_I2_F_DFFC_D_Q[1]' is routed using segments.
Info:     'bridge.queue.writes.0.0_DO[0]' is routed using segments.
Info:     'O_psram_reset_n_OBUF_O_I_LUT4_F_I2_LUT3_F_I0_DFFC_Q_D_LUT4_F_I0_LUT3_I0_F_LUT4_F_I2_LUT3_I1_F_LUT3_F_I2_LUT2_F_I1_LUT2_I1_F_ALU_SUM_COUT_ALU_CIN_COUT_ALU_CIN_COUT_ALU_CIN_COUT_ALU_CIN_COUT_ALU_CIN_COUT_ALU_CIN_COUT_ALU_CIN_COUT_ALU_CIN_COUT_ALU_CIN_COUT_ALU_CIN_COUT_ALU_CIN_COUT_ALU_CIN_SUM[3]' is routed using segments.
Info:     'bridge.controller.head[1][1]' is routed using segments.
Info:     'O_psram_reset_n_OBUF_O_I_LUT4_F_I2_LUT3_F_I0_LUT3_I0_F_LUT4_F_I1_LUT2_I1_F_LUT4_I3_I2_LUT4_I2_3_F' is routed using segments.
Info:     'bridge.queue.writes.0.0_DI_31_DFF_Q_D_DFFCE_Q_D_LUT3_F_I1_DFFCE_D_Q_ALU_I0_SUM_ALU_SUM_2_CIN_ALU_COUT_SUM_ALU_SUM_2_CIN_ALU_COUT_SUM_LUT4_I3_F_DFFCE_D_Q_LUT4_F_1_I3_LUT4_F_I1_DFFCE_Q_D_LUT3_F_I2_LUT3_F_I2_LUT3_I2_F_LUT4_I3_F_LUT3_I1_F_DFFCE_D_Q_DFFCE_Q_1_D_LUT4_F_I2_LUT4_F_I2[3]' is routed using segments.
Info:     'bridge.queue.writes.0.0_ADA[1]' is routed using segments.
Info:     'vit.branch_choice.0.0_DIA_3_DFF_Q_D_DFFCE_Q_D_DFFCE_Q_CE[1]' is routed using segments.
Info:     'bridge.queue.writes.0.0_DI_13_DFF_Q_D_DFFCE_Q_D_LUT3_F_I1_DFFCE_D_Q[1]' is routed using segments.
Info:     'bridge.p3.fifo.mem.0.0_DI_32_LUT2_F_I0_LUT3_I0_F_LUT3_I2_F_LUT4_F_I3[1]' is routed using segments.
Info:     'bridge.queue.writes.0.0_DI_31_DFF_Q_D_DFFCE_Q_D_LUT3_F_I1_DFFCE_D_Q_ALU_I0_SUM_ALU_SUM_2_CIN_ALU_COUT_SUM_ALU_SUM_2_CIN_ALU_COUT_SUM_LUT4_I3_F_DFFCE_D_Q_LUT4_F_1_I3_LUT4_F_I1_DFFCE_Q_D_LUT3_F_I2_LUT3_F_I2_LUT3_I2_F_LUT4_I3_F_LUT3_I1_F_DFFCE_D_Q_DFFCE_Q_1_D_LUT4_F_I2_LUT3_F_1_I1_LUT3_I1_F_LUT3_F_I2_LUT3_F_2_I2[0]' is routed using segments.
Info:     'bridge.queue.reads.0.0_DO_8_LUT4_I2_F_DFFCE_D_Q_DFFCE_Q_D_LUT4_F_I3_LUT4_I0_I1[1]' is routed using segments.
Info:     'bridge.queue.writes.0.0_DI_DFF_Q_D_DFFCE_Q_D_LUT3_F_I0_LUT4_I3_F_LUT4_I2_F_LUT2_I1_F_LUT3_I0_I1_LUT2_I0_F' is routed using segments.
Info:     'O_psram_reset_n_OBUF_O_I_LUT4_F_I2_LUT3_F_I0_DFFC_Q_D_LUT4_F_I0_LUT3_I0_F_LUT4_F_I2_LUT2_I1_F[0]' is routed using segments.
Info:     'bridge.queue.reads.0.0_DO[0]' is routed using segments.
Info:     'O_psram_reset_n_OBUF_O_I_LUT4_F_I2_LUT3_F_I0_DFFC_Q_D_LUT4_F_I0_LUT3_I1_F[3]' is routed using segments.
Info:     'bridge.controller.fifo1[0]_DFFE_Q_D_DFFCE_Q_D_LUT4_F_I0_LUT4_I2_F_LUT3_F_I1_LUT4_I2_1_F_LUT2_I0_F' is routed using segments.
Info:     'bridge.queue.writes.0.0_DO_14_LUT3_I2_F_LUT3_F_I1_DFFCE_D_Q_DFFCE_Q_D_LUT2_F_I1_ALU_SUM_COUT_ALU_CIN_COUT_ALU_CIN_COUT_ALU_CIN_COUT_ALU_CIN_COUT_ALU_CIN_COUT_ALU_CIN_COUT_LUT4_I1_F' is routed using segments.
Info:     'vit.metrics[4]_DFFE_Q_4_D_LUT4_F_I2_ALU_SUM_1_I0_LUT3_F_I1_DFFCE_Q_1_D_ALU_SUM_COUT_ALU_CIN_SUM_DFFCE_D_Q_LUT3_I1_F' is routed using segments.
Info:     'vit.metrics[4]_DFFE_Q_4_D_LUT4_F_I2_ALU_SUM_1_I0_LUT3_F_I1_DFFCE_Q_1_D_ALU_SUM_CIN_ALU_COUT_CIN_ALU_COUT_CIN_ALU_COUT_CIN_ALU_COUT_CIN_ALU_COUT_SUM_DFFCE_D_Q_LUT3_I0_F' is routed using segments.
Info:     'vit.metrics[4]_DFFE_Q_4_D_LUT4_F_I2_ALU_SUM_1_I0_LUT3_F_I1_DFFCE_Q_1_D_ALU_SUM_CIN_ALU_COUT_CIN_ALU_COUT_SUM_DFFCE_D_Q_LUT3_I1_F' is routed using segments.
Info:     'chien.locator_DFFE_Q_56_CE_LUT3_F_I2_LUT3_I2_F' is routed using segments.

Info: Routing..
Info: Setting up routing queue.
Info: Routing 29418 arcs.
Info:            |   (re-)routed arcs  |   delta    | remaining|       time spent     |
Info:    IterCnt |  w/ripup   wo/ripup |  w/r  wo/r |      arcs| batch(sec) total(sec)|
Info:       1000 |       15        984 |   15   984 |     28436|       0.65       0.65|
Info:       2000 |       68       1931 |   53   947 |     27491|       0.41       1.06|
Info:       3000 |      105       2739 |   37   808 |     26533|       0.25       1.31|
Info:       4000 |      115       3570 |   10   831 |     25546|       0.21       1.52|
Info:       5000 |      121       4511 |    6   941 |     24552|       0.15       1.67|
Info:       6000 |      125       5469 |    4   958 |     23556|       0.36       2.03|
Info:       7000 |      126       6407 |    1   938 |     22557|       0.35       2.37|
Info:       8000 |      127       7345 |    1   938 |     21558|       0.38       2.75|
Info:       9000 |      130       8275 |    3   930 |     20562|       0.41       3.16|
Info:      10000 |      136       9206 |    6   931 |     19568|       0.38       3.54|
Info:      11000 |      138      10143 |    2   937 |     18571|       0.41       3.95|
Info:      12000 |      145      11067 |    7   924 |     17578|       0.46       4.41|
Info:      13000 |      153      11998 |    8   931 |     16586|       0.47       4.88|
Info:      14000 |      159      12915 |    6   917 |     15593|       0.50       5.38|
Info:      15000 |      165      13840 |    6   925 |     14600|       0.59       5.97|
Info:      16000 |      180      14768 |   15   928 |     13618|       0.56       6.53|
Info:      17000 |      198      15689 |   18   921 |     12639|       0.57       7.10|
Info:      18000 |      220      16605 |   22   916 |     11663|       0.65       7.75|
Info:      19000 |      248      17517 |   28   912 |     10701|       0.74       8.49|
Info:      20000 |      284      18418 |   36   901 |      9746|       0.75       9.24|
Info:      21000 |      324      19309 |   40   891 |      8801|       0.72       9.97|
Info:      22000 |      372      20220 |   48   911 |      7858|       0.78      10.75|
Info:      23000 |      451      21076 |   79   856 |      6957|       0.86      11.61|
Info:      24000 |      528      21943 |   77   867 |      6052|       0.88      12.49|
Info:      25000 |      626      22783 |   98   840 |      5175|       0.97      13.46|
Info:      26000 |      739      23624 |  113   841 |      4370|       1.02      14.48|
Info:      27000 |      886      24427 |  147   803 |      3562|       1.22      15.69|
Info:      28000 |     1070      25194 |  184   767 |      2805|       1.42      17.11|
Info:      29000 |     1246      25972 |  176   778 |      2104|       1.41      18.52|
Info:      30000 |     1451      26726 |  205   754 |      1571|       1.56      20.09|
Info:      31000 |     1667      27466 |  216   740 |       863|       1.46      21.54|
Info:      32000 |     1913      28186 |  246   720 |       222|       1.60      23.15|
Info:      32440 |     2043      28491 |  130   305 |         0|       0.84      23.99|
Info: Routing complete.
Info: Router1 time 23.99s
Info: Checksum: 0x7a94a60d

Info: Critical path report for clock 'bridge.p3.spi_clk' (posedge -> posedge):
Info:       type curr  total name
Info:   clk-to-q  0.46  0.46 Source bridge.p3.fifo.mem.0.0_DI_10_LUT3_F_I0_DFFCE_Q.Q
Info:    routing  1.37  1.83 Net bridge.p3.fifo.mem.0.0_DI_10_LUT3_F_I0[1] (43,16) -> (43,21)
Info:                          Sink bridge.p3.fifo.mem.0.0_DI_26_LUT4_F.I1
Info:                          Defined in:
Info:                               /workspace/scratch/5bc736d51023/tooling/oss-cad-suite/lib/../share/yosys/gowin/cells_map.v:130.20-130.21
Info:      logic  1.10  2.93 Source bridge.p3.fifo.mem.0.0_DI_26_LUT4_F.F
Info:    routing  1.93  4.85 Net bridge.p3.fifo.mem.0.0_DI_26 (43,21) -> (43,27)
Info:                          Sink bridge.p3.fifo.mem.0.0.DI26
Info:      setup  0.04  4.90 Source bridge.p3.fifo.mem.0.0.DI26
Info: 1.60 ns logic, 3.30 ns routing

Info: Critical path report for clock 'bridge.p2.spi_clk' (posedge -> posedge):
Info:       type curr  total name
Info:   clk-to-q  0.46  0.46 Source bridge.p2.fifo.mem.0.0_DI_34_LUT3_F_I1_DFFCE_Q.Q
Info:    routing  0.81  1.26 Net bridge.p2.fifo.mem.0.0_DI_34_LUT3_F_I1 (31,22) -> (31,24)
Info:                          Sink bridge.p2.fifo.mem.0.0_DI_34_LUT3_F_I1_ALU_I1.I1
Info:                          Defined in:
Info:                               /workspace/scratch/5bc736d51023/tooling/oss-cad-suite/lib/../share/yosys/gowin/cells_map.v:130.20-130.21
Info:      logic  1.04  2.31 Source bridge.p2.fifo.mem.0.0_DI_34_LUT3_F_I1_ALU_I1.COUT
Info:    routing  0.00  2.31 Net bridge.p2.fifo.mem.0.0_DI_34_LUT3_F_I1_ALU_I1_COUT (31,24) -> (31,24)
Info:                          Sink bridge.p2.fifo.mem.0.0_DI_34_LUT3_F_I1_ALU_I1_COUT_ALU_CIN.CIN
Info:                          Defined in:
Info:                               rtl/s3_spi_rx.sv:52.42-52.57
Info:                               /workspace/scratch/5bc736d51023/tooling/oss-cad-suite/lib/../share/yosys/gowin/arith_map.v:57.7-63.5
Info:                               /workspace/scratch/5bc736d51023/tooling/oss-cad-suite/lib/../share/yosys/gowin/cells_sim.v:1033.25-1033.29
Info:      logic  0.06  2.36 Source bridge.p2.fifo.mem.0.0_DI_34_LUT3_F_I1_ALU_I1_COUT_ALU_CIN.COUT
Info:    routing  0.00  2.36 Net bridge.p2.fifo.mem.0.0_DI_34_LUT3_F_I1_ALU_I1_COUT_ALU_CIN_COUT (31,24) -> (31,24)
Info:                          Sink bridge.p2.fifo.mem.0.0_DI_34_LUT3_F_I1_ALU_I1_COUT_ALU_CIN_COUT_ALU_CIN.CIN
Info:                          Defined in:
Info:                               rtl/s3_spi_rx.sv:52.42-52.57
Info:                               /workspace/scratch/5bc736d51023/tooling/oss-cad-suite/lib/../share/yosys/gowin/arith_map.v:57.7-63.5
Info:                               /workspace/scratch/5bc736d51023/tooling/oss-cad-suite/lib/../share/yosys/gowin/cells_sim.v:1033.25-1033.29
Info:      logic  0.06  2.42 Source bridge.p2.fifo.mem.0.0_DI_34_LUT3_F_I1_ALU_I1_COUT_ALU_CIN_COUT_ALU_CIN.COUT
Info:    routing  0.00  2.42 Net bridge.p2.fifo.mem.0.0_DI_34_LUT3_F_I1_ALU_I1_COUT_ALU_CIN_COUT_ALU_CIN_COUT (31,24) -> (31,24)
Info:                          Sink bridge.p2.fifo.mem.0.0_DI_34_LUT3_F_I1_ALU_I1_COUT_ALU_CIN_COUT_ALU_CIN_COUT_ALU_CIN.CIN
Info:                          Defined in:
Info:                               rtl/s3_spi_rx.sv:52.42-52.57
Info:                               /workspace/scratch/5bc736d51023/tooling/oss-cad-suite/lib/../share/yosys/gowin/arith_map.v:57.7-63.5
Info:                               /workspace/scratch/5bc736d51023/tooling/oss-cad-suite/lib/../share/yosys/gowin/cells_sim.v:1033.25-1033.29
Info:      logic  0.06  2.48 Source bridge.p2.fifo.mem.0.0_DI_34_LUT3_F_I1_ALU_I1_COUT_ALU_CIN_COUT_ALU_CIN_COUT_ALU_CIN.COUT
Info:    routing  0.00  2.48 Net bridge.p2.fifo.mem.0.0_DI_34_LUT3_F_I1_ALU_I1_COUT_ALU_CIN_COUT_ALU_CIN_COUT_ALU_CIN_COUT (31,24) -> (31,24)
Info:                          Sink bridge.p2.fifo.mem.0.0_DI_34_LUT3_F_I1_ALU_I1_COUT_ALU_CIN_COUT_ALU_CIN_COUT_ALU_CIN_COUT_ALU_CIN.CIN
Info:                          Defined in:
Info:                               rtl/s3_spi_rx.sv:52.42-52.57
Info:                               /workspace/scratch/5bc736d51023/tooling/oss-cad-suite/lib/../share/yosys/gowin/arith_map.v:57.7-63.5
Info:                               /workspace/scratch/5bc736d51023/tooling/oss-cad-suite/lib/../share/yosys/gowin/cells_sim.v:1033.25-1033.29
Info:      logic  0.06  2.54 Source bridge.p2.fifo.mem.0.0_DI_34_LUT3_F_I1_ALU_I1_COUT_ALU_CIN_COUT_ALU_CIN_COUT_ALU_CIN_COUT_ALU_CIN.COUT
Info:    routing  0.00  2.54 Net bridge.p2.fifo.mem.0.0_DI_34_LUT3_F_I1_ALU_I1_COUT_ALU_CIN_COUT_ALU_CIN_COUT_ALU_CIN_COUT_ALU_CIN_COUT (31,24) -> (32,24)
Info:                          Sink bridge.p2.fifo.mem.0.0_DI_34_LUT3_F_I1_ALU_I1_COUT_ALU_CIN_COUT_ALU_CIN_COUT_ALU_CIN_COUT_ALU_CIN_COUT_ALU_CIN.CIN
Info:                          Defined in:
Info:                               rtl/s3_spi_rx.sv:52.42-52.57
Info:                               /workspace/scratch/5bc736d51023/tooling/oss-cad-suite/lib/../share/yosys/gowin/arith_map.v:57.7-63.5
Info:                               /workspace/scratch/5bc736d51023/tooling/oss-cad-suite/lib/../share/yosys/gowin/cells_sim.v:1033.25-1033.29
Info:      logic  0.06  2.59 Source bridge.p2.fifo.mem.0.0_DI_34_LUT3_F_I1_ALU_I1_COUT_ALU_CIN_COUT_ALU_CIN_COUT_ALU_CIN_COUT_ALU_CIN_COUT_ALU_CIN.COUT
Info:    routing  0.00  2.59 Net bridge.p2.fifo.mem.0.0_DI_34_LUT3_F_I1_ALU_I1_COUT_ALU_CIN_COUT_ALU_CIN_COUT_ALU_CIN_COUT_ALU_CIN_COUT_ALU_CIN_COUT (32,24) -> (32,24)
Info:                          Sink bridge.p2.fifo.mem.0.0_DI_34_LUT3_F_I1_ALU_I1_COUT_ALU_CIN_COUT_ALU_CIN_COUT_ALU_CIN_COUT_ALU_CIN_SUM_DFFCE_D_Q_DFFCE_Q_1_D_ALU_SUM.CIN
Info:                          Defined in:
Info:                               rtl/s3_spi_rx.sv:52.42-52.57
Info:                               /workspace/scratch/5bc736d51023/tooling/oss-cad-suite/lib/../share/yosys/gowin/arith_map.v:57.7-63.5
Info:                               /workspace/scratch/5bc736d51023/tooling/oss-cad-suite/lib/../share/yosys/gowin/cells_sim.v:1033.25-1033.29
Info:      logic  0.06  2.65 Source bridge.p2.fifo.mem.0.0_DI_34_LUT3_F_I1_ALU_I1_COUT_ALU_CIN_COUT_ALU_CIN_COUT_ALU_CIN_COUT_ALU_CIN_SUM_DFFCE_D_Q_DFFCE_Q_1_D_ALU_SUM.COUT
Info:    routing  0.00  2.65 Net bridge.p2.fifo.mem.0.0_DI_34_LUT3_F_I1_ALU_I1_COUT_ALU_CIN_COUT_ALU_CIN_COUT_ALU_CIN_COUT_ALU_CIN_SUM_DFFCE_D_Q_DFFCE_Q_1_D_ALU_SUM_COUT (32,24) -> (32,24)
Info:                          Sink bridge.p2.fifo.mem.0.0_DI_34_LUT3_F_I1_ALU_I1_COUT_ALU_CIN_COUT_ALU_CIN_COUT_ALU_CIN_COUT_ALU_CIN_SUM_DFFCE_D_Q_DFFCE_Q_D_ALU_SUM.CIN
Info:                          Defined in:
Info:                               rtl/s3_spi_rx.sv:52.42-52.57
Info:                               /workspace/scratch/5bc736d51023/tooling/oss-cad-suite/lib/../share/yosys/gowin/arith_map.v:57.7-63.5
Info:                               /workspace/scratch/5bc736d51023/tooling/oss-cad-suite/lib/../share/yosys/gowin/cells_sim.v:1033.25-1033.29
Info:      logic  0.06  2.71 Source bridge.p2.fifo.mem.0.0_DI_34_LUT3_F_I1_ALU_I1_COUT_ALU_CIN_COUT_ALU_CIN_COUT_ALU_CIN_COUT_ALU_CIN_SUM_DFFCE_D_Q_DFFCE_Q_D_ALU_SUM.COUT
Info:    routing  0.00  2.71 Net bridge.p2.fifo.mem.0.0_DI_34_LUT3_F_I1_ALU_I1_COUT_ALU_CIN_COUT_ALU_CIN_COUT_ALU_CIN_COUT_ALU_CIN_SUM_DFFCE_D_Q_DFFCE_Q_D_ALU_SUM_COUT (32,24) -> (32,24)
Info:                          Sink bridge.p2.fifo.mem.0.0_DI_34_LUT3_F_I1_ALU_I1_COUT_ALU_CIN_COUT_ALU_CIN_COUT_ALU_CIN_COUT_ALU_CIN_SUM_DFFCE_D_Q_DFFCE_Q_D_ALU_SUM_COUT_ALU_CIN.CIN
Info:                          Defined in:
Info:                               rtl/s3_spi_rx.sv:52.42-52.57
Info:                               /workspace/scratch/5bc736d51023/tooling/oss-cad-suite/lib/../share/yosys/gowin/arith_map.v:57.7-63.5
Info:                               /workspace/scratch/5bc736d51023/tooling/oss-cad-suite/lib/../share/yosys/gowin/cells_sim.v:1033.25-1033.29
Info:      logic  0.06  2.76 Source bridge.p2.fifo.mem.0.0_DI_34_LUT3_F_I1_ALU_I1_COUT_ALU_CIN_COUT_ALU_CIN_COUT_ALU_CIN_COUT_ALU_CIN_SUM_DFFCE_D_Q_DFFCE_Q_D_ALU_SUM_COUT_ALU_CIN.COUT
Info:    routing  0.00  2.76 Net bridge.p2.fifo.mem.0.0_DI_34_LUT3_F_I1_ALU_I1_COUT_ALU_CIN_COUT_ALU_CIN_COUT_ALU_CIN_COUT_ALU_CIN_SUM_DFFCE_D_Q_DFFCE_Q_D_ALU_SUM_COUT_ALU_CIN_COUT (32,24) -> (32,24)
Info:                          Sink bridge.p2.fifo.mem.0.0_DI_34_LUT3_F_I1_ALU_I1_COUT_ALU_CIN_COUT_ALU_CIN_COUT_ALU_CIN_COUT_ALU_CIN_SUM_DFFCE_D_Q_DFFCE_Q_D_ALU_SUM_COUT_ALU_CIN_COUT_ALU_CIN.CIN
Info:                          Defined in:
Info:                               rtl/s3_spi_rx.sv:52.42-52.57
Info:                               /workspace/scratch/5bc736d51023/tooling/oss-cad-suite/lib/../share/yosys/gowin/arith_map.v:57.7-63.5
Info:                               /workspace/scratch/5bc736d51023/tooling/oss-cad-suite/lib/../share/yosys/gowin/cells_sim.v:1033.25-1033.29
Info:      logic  0.06  2.82 Source bridge.p2.fifo.mem.0.0_DI_34_LUT3_F_I1_ALU_I1_COUT_ALU_CIN_COUT_ALU_CIN_COUT_ALU_CIN_COUT_ALU_CIN_SUM_DFFCE_D_Q_DFFCE_Q_D_ALU_SUM_COUT_ALU_CIN_COUT_ALU_CIN.COUT
Info:    routing  0.00  2.82 Net bridge.p2.fifo.mem.0.0_DI_34_LUT3_F_I1_ALU_I1_COUT_ALU_CIN_COUT_ALU_CIN_COUT_ALU_CIN_COUT_ALU_CIN_SUM_DFFCE_D_Q_DFFCE_Q_D_ALU_SUM_COUT_ALU_CIN_COUT_ALU_CIN_COUT (32,24) -> (32,24)
Info:                          Sink bridge.p2.fifo.mem.0.0_DI_34_LUT3_F_I1_ALU_I1_COUT_ALU_CIN_COUT_ALU_CIN_COUT_ALU_CIN_COUT_ALU_CIN_SUM_DFFCE_D_Q_DFFCE_Q_D_ALU_SUM_COUT_ALU_CIN_COUT_ALU_CIN_COUT_ALU_CIN.CIN
Info:                          Defined in:
Info:                               rtl/s3_spi_rx.sv:52.42-52.57
Info:                               /workspace/scratch/5bc736d51023/tooling/oss-cad-suite/lib/../share/yosys/gowin/arith_map.v:57.7-63.5
Info:                               /workspace/scratch/5bc736d51023/tooling/oss-cad-suite/lib/../share/yosys/gowin/cells_sim.v:1033.25-1033.29
Info:      logic  0.06  2.88 Source bridge.p2.fifo.mem.0.0_DI_34_LUT3_F_I1_ALU_I1_COUT_ALU_CIN_COUT_ALU_CIN_COUT_ALU_CIN_COUT_ALU_CIN_SUM_DFFCE_D_Q_DFFCE_Q_D_ALU_SUM_COUT_ALU_CIN_COUT_ALU_CIN_COUT_ALU_CIN.COUT
Info:    routing  0.00  2.88 Net bridge.p2.fifo.mem.0.0_DI_34_LUT3_F_I1_ALU_I1_COUT_ALU_CIN_COUT_ALU_CIN_COUT_ALU_CIN_COUT_ALU_CIN_SUM_DFFCE_D_Q_DFFCE_Q_D_ALU_SUM_COUT_ALU_CIN_COUT_ALU_CIN_COUT_ALU_CIN_COUT (32,24) -> (33,24)
Info:                          Sink bridge.p2.fifo.mem.0.0_DI_34_LUT3_F_I1_ALU_I1_COUT_ALU_CIN_COUT_ALU_CIN_COUT_ALU_CIN_COUT_ALU_CIN_SUM_DFFCE_D_Q_DFFCE_Q_D_ALU_SUM_COUT_ALU_CIN_COUT_ALU_CIN_COUT_ALU_CIN_COUT_ALU_CIN.CIN
Info:                          Defined in:
Info:                               rtl/s3_spi_rx.sv:52.42-52.57
Info:                               /workspace/scratch/5bc736d51023/tooling/oss-cad-suite/lib/../share/yosys/gowin/arith_map.v:57.7-63.5
Info:                               /workspace/scratch/5bc736d51023/tooling/oss-cad-suite/lib/../share/yosys/gowin/cells_sim.v:1033.25-1033.29
Info:      logic  0.06  2.93 Source bridge.p2.fifo.mem.0.0_DI_34_LUT3_F_I1_ALU_I1_COUT_ALU_CIN_COUT_ALU_CIN_COUT_ALU_CIN_COUT_ALU_CIN_SUM_DFFCE_D_Q_DFFCE_Q_D_ALU_SUM_COUT_ALU_CIN_COUT_ALU_CIN_COUT_ALU_CIN_COUT_ALU_CIN.COUT
Info:    routing  0.00  2.93 Net bridge.p2.fifo.mem.0.0_DI_34_LUT3_F_I1_ALU_I1_COUT_ALU_CIN_COUT_ALU_CIN_COUT_ALU_CIN_COUT_ALU_CIN_SUM_DFFCE_D_Q_DFFCE_Q_D_ALU_SUM_COUT_ALU_CIN_COUT_ALU_CIN_COUT_ALU_CIN_COUT_ALU_CIN_COUT (33,24) -> (33,24)
Info:                          Sink bridge.p2.fifo.mem.0.0_DI_34_LUT3_F_I1_ALU_I1_COUT_ALU_CIN_COUT_ALU_CIN_COUT_ALU_CIN_COUT_ALU_CIN_SUM_DFFCE_D_Q_DFFCE_Q_D_ALU_SUM_COUT_ALU_CIN_COUT_ALU_CIN_COUT_ALU_CIN_COUT_ALU_CIN_COUT_ALU_CIN.CIN
Info:                          Defined in:
Info:                               rtl/s3_spi_rx.sv:52.42-52.57
Info:                               /workspace/scratch/5bc736d51023/tooling/oss-cad-suite/lib/../share/yosys/gowin/arith_map.v:57.7-63.5
Info:                               /workspace/scratch/5bc736d51023/tooling/oss-cad-suite/lib/../share/yosys/gowin/cells_sim.v:1033.25-1033.29
Info:      logic  0.06  2.99 Source bridge.p2.fifo.mem.0.0_DI_34_LUT3_F_I1_ALU_I1_COUT_ALU_CIN_COUT_ALU_CIN_COUT_ALU_CIN_COUT_ALU_CIN_SUM_DFFCE_D_Q_DFFCE_Q_D_ALU_SUM_COUT_ALU_CIN_COUT_ALU_CIN_COUT_ALU_CIN_COUT_ALU_CIN_COUT_ALU_CIN.COUT
Info:    routing  0.00  2.99 Net bridge.p2.fifo.mem.0.0_DI_34_LUT3_F_I1_ALU_I1_COUT_ALU_CIN_COUT_ALU_CIN_COUT_ALU_CIN_COUT_ALU_CIN_SUM_DFFCE_D_Q_DFFCE_Q_D_ALU_SUM_COUT_ALU_CIN_COUT_ALU_CIN_COUT_ALU_CIN_COUT_ALU_CIN_COUT_ALU_CIN_COUT (33,24) -> (33,24)
Info:                          Sink bridge.p2.fifo.mem.0.0_DI_34_LUT3_F_I1_ALU_I1_COUT_ALU_CIN_COUT_ALU_CIN_COUT_ALU_CIN_COUT_ALU_CIN_SUM_DFFCE_D_Q_DFFCE_Q_D_ALU_SUM_COUT_ALU_CIN_COUT_ALU_CIN_COUT_ALU_CIN_SUM_DFFCE_D_Q_DFFCE_Q_D_ALU_SUM.CIN
Info:                          Defined in:
Info:                               rtl/s3_spi_rx.sv:52.42-52.57
Info:                               /workspace/scratch/5bc736d51023/tooling/oss-cad-suite/lib/../share/yosys/gowin/arith_map.v:57.7-63.5
Info:                               /workspace/scratch/5bc736d51023/tooling/oss-cad-suite/lib/../share/yosys/gowin/cells_sim.v:1033.25-1033.29
Info:      logic  0.56  3.55 Source bridge.p2.fifo.mem.0.0_DI_34_LUT3_F_I1_ALU_I1_COUT_ALU_CIN_COUT_ALU_CIN_COUT_ALU_CIN_COUT_ALU_CIN_SUM_DFFCE_D_Q_DFFCE_Q_D_ALU_SUM_COUT_ALU_CIN_COUT_ALU_CIN_COUT_ALU_CIN_SUM_DFFCE_D_Q_DFFCE_Q_D_ALU_SUM.SUM
Info:    routing  0.00  3.55 Net bridge.p2.fifo.mem.0.0_DI_34_LUT3_F_I1_ALU_I1_COUT_ALU_CIN_COUT_ALU_CIN_COUT_ALU_CIN_COUT_ALU_CIN_SUM_DFFCE_D_Q_DFFCE_Q_D_ALU_SUM_COUT_ALU_CIN_COUT_ALU_CIN_COUT_ALU_CIN_SUM_DFFCE_D_Q_DFFCE_Q_D (33,24) -> (33,24)
Info:                          Sink bridge.p2.fifo.mem.0.0_DI_34_LUT3_F_I1_ALU_I1_COUT_ALU_CIN_COUT_ALU_CIN_COUT_ALU_CIN_COUT_ALU_CIN_SUM_DFFCE_D_Q_DFFCE_Q_D_ALU_SUM_COUT_ALU_CIN_COUT_ALU_CIN_COUT_ALU_CIN_SUM_DFFCE_D_Q_DFFCE_Q.D
Info:      setup  0.40  3.95 Source bridge.p2.fifo.mem.0.0_DI_34_LUT3_F_I1_ALU_I1_COUT_ALU_CIN_COUT_ALU_CIN_COUT_ALU_CIN_COUT_ALU_CIN_SUM_DFFCE_D_Q_DFFCE_Q_D_ALU_SUM_COUT_ALU_CIN_COUT_ALU_CIN_COUT_ALU_CIN_SUM_DFFCE_D_Q_DFFCE_Q.D
Info: 3.15 ns logic, 0.81 ns routing

Info: Critical path report for clock 'guard.check_clk' (posedge -> posedge):
Info:       type curr  total name
Info:   clk-to-q  0.46  0.46 Source guard.guard.in_last_LUT2_I0_F_LUT2_I1_F_ALU_SUM_CIN_ALU_COUT_SUM_LUT4_I2_F_DFFC_D.Q
Info:    routing  0.41  0.87 Net guard.guard.in_last_LUT2_I0_F_LUT2_I1_F_ALU_SUM_CIN_ALU_COUT_CIN_ALU_COUT_CIN_ALU_COUT_CIN_ALU_COUT_SUM_LUT4_I2_F_DFFC_D_Q_LUT4_I1_F_LUT2_I1_F_LUT4_F_I3[1] (12,20) -> (12,20)
Info:                          Sink guard.guard.in_last_LUT2_I0_F_LUT2_I1_F_ALU_SUM_CIN_ALU_COUT_CIN_ALU_COUT_SUM_LUT4_I2_F_DFFC_D_Q_LUT4_F.I1
Info:                          Defined in:
Info:                               /workspace/scratch/5bc736d51023/tooling/oss-cad-suite/lib/../share/yosys/gowin/cells_map.v:130.20-130.21
Info:      logic  1.10  1.97 Source guard.guard.in_last_LUT2_I0_F_LUT2_I1_F_ALU_SUM_CIN_ALU_COUT_CIN_ALU_COUT_SUM_LUT4_I2_F_DFFC_D_Q_LUT4_F.F
Info:    routing  1.93  3.89 Net guard.guard.in_last_LUT2_I0_F_LUT2_I1_F_ALU_SUM_CIN_ALU_COUT_CIN_ALU_COUT_SUM_LUT4_I2_F_DFFC_D_Q[3] (12,20) -> (7,22)
Info:                          Sink guard.guard.in_last_LUT2_I0_F_LUT2_I1_F_ALU_SUM_CIN_ALU_COUT_CIN_ALU_COUT_SUM_LUT4_I2_F_DFFC_D_Q_LUT4_I3.I3
Info:                          Defined in:
Info:                               /workspace/scratch/5bc736d51023/tooling/oss-cad-suite/lib/../share/yosys/gowin/cells_map.v:130.20-130.21
Info:      logic  0.62  4.52 Source guard.guard.in_last_LUT2_I0_F_LUT2_I1_F_ALU_SUM_CIN_ALU_COUT_CIN_ALU_COUT_SUM_LUT4_I2_F_DFFC_D_Q_LUT4_I3.F
Info:    routing  0.81  5.32 Net guard.guard.in_last_LUT2_I0_F_LUT2_I1_F_ALU_SUM_CIN_ALU_COUT_CIN_ALU_COUT_SUM_LUT4_I2_F_DFFC_D_Q_LUT4_I3_F[1] (7,22) -> (5,22)
Info:                          Sink guard.guard.in_last_LUT4_I0_F_DFFCE_D_Q_DFFCE_Q_D_LUT4_F_I3_LUT4_F_I3_LUT4_F_3_I2_LUT2_I0_F_LUT4_I3_F_DFFP_D_Q_LUT4_I0_F_LUT4_F_I2_LUT2_I0_F_LUT4_I3_F_DFFP_D_Q_LUT2_I0_F_LUT4_I3_F_LUT4_I3_F_DFFP_D_Q_LUT4_I1_F_LUT4_F_2.I3
Info:                          Defined in:
Info:                               /workspace/scratch/5bc736d51023/tooling/oss-cad-suite/lib/../share/yosys/gowin/cells_map.v:130.20-130.21
Info:      logic  0.62  5.95 Source guard.guard.in_last_LUT4_I0_F_DFFCE_D_Q_DFFCE_Q_D_LUT4_F_I3_LUT4_F_I3_LUT4_F_3_I2_LUT2_I0_F_LUT4_I3_F_DFFP_D_Q_LUT4_I0_F_LUT4_F_I2_LUT2_I0_F_LUT4_I3_F_DFFP_D_Q_LUT2_I0_F_LUT4_I3_F_LUT4_I3_F_DFFP_D_Q_LUT4_I1_F_LUT4_F_2.F
Info:    routing  0.33  6.28 Net guard.guard.in_last_LUT4_I0_F_DFFCE_D_Q_DFFCE_Q_D_LUT4_F_I3_LUT4_F_I3_LUT4_F_3_I2_LUT2_I0_F_LUT4_I3_F_DFFP_D_Q_LUT3_I0_F_LUT4_I3_F_DFFP_D_Q[1] (5,22) -> (5,22)
Info:                          Sink guard.guard.in_last_LUT4_I0_F_DFFCE_D_Q_DFFCE_Q_D_LUT4_F_I3_LUT4_F_I3_LUT4_F_3_I2_LUT2_I0_F_LUT4_I3_F_DFFP_D_Q_LUT4_I0_F_LUT4_F_I2_LUT2_I0_F_LUT4_I3_F_DFFP_D_Q_LUT2_I0_F_LUT4_I3_1_F_LUT4_F.I1
Info:                          Defined in:
Info:                               /workspace/scratch/5bc736d51023/tooling/oss-cad-suite/lib/../share/yosys/gowin/cells_map.v:130.20-130.21
Info:      logic  1.10  7.37 Source guard.guard.in_last_LUT4_I0_F_DFFCE_D_Q_DFFCE_Q_D_LUT4_F_I3_LUT4_F_I3_LUT4_F_3_I2_LUT2_I0_F_LUT4_I3_F_DFFP_D_Q_LUT4_I0_F_LUT4_F_I2_LUT2_I0_F_LUT4_I3_F_DFFP_D_Q_LUT2_I0_F_LUT4_I3_1_F_LUT4_F.F
Info:    routing  0.89  8.27 Net guard.guard.in_last_LUT4_I0_F_DFFCE_D_Q_DFFCE_Q_D_LUT4_F_I3_LUT4_F_I3_LUT4_F_3_I2_LUT2_I0_F_LUT4_I3_F_DFFP_D_Q_LUT4_I0_F_LUT4_F_I2_LUT2_I0_F_LUT4_I3_F_DFFP_D_Q_LUT2_I0_F_LUT4_I3_1_F[1] (5,22) -> (6,22)
Info:                          Sink guard.guard.in_last_LUT4_I0_F_DFFCE_D_Q_DFFCE_Q_D_LUT4_F_I3_LUT4_F_I3_LUT4_F_3_I2_LUT2_I0_F_LUT4_I3_F_DFFP_D_Q_LUT4_I0_F_LUT4_F_I2_LUT2_I0_F_LUT4_I3_F_DFFP_D_Q_LUT2_I0_F_LUT4_I3_1_F_LUT4_I3_1.I1
Info:                          Defined in:
Info:                               /workspace/scratch/5bc736d51023/tooling/oss-cad-suite/lib/../share/yosys/gowin/cells_map.v:130.20-130.21
Info:      logic  1.10  9.36 Source guard.guard.in_last_LUT4_I0_F_DFFCE_D_Q_DFFCE_Q_D_LUT4_F_I3_LUT4_F_I3_LUT4_F_3_I2_LUT2_I0_F_LUT4_I3_F_DFFP_D_Q_LUT4_I0_F_LUT4_F_I2_LUT2_I0_F_LUT4_I3_F_DFFP_D_Q_LUT2_I0_F_LUT4_I3_1_F_LUT4_I3_1.F
Info:    routing  0.00  9.36 Net guard.guard.in_last_LUT4_I0_F_DFFCE_D_Q_DFFCE_Q_D_LUT4_F_I3_LUT4_F_I3_LUT4_F_3_I2_LUT2_I0_F_LUT4_I3_F_DFFP_D_Q_LUT4_I0_F_LUT4_F_I2_LUT2_I0_F_LUT4_I3_F_DFFP_D_Q_LUT2_I0_F_LUT4_I3_1_F_LUT4_I3_1_F[1] (6,22) -> (6,22)
Info:                          Sink guard.guard.in_last_LUT4_I0_F_DFFCE_D_Q_DFFCE_Q_D_LUT4_F_I3_LUT4_F_I3_LUT4_F_3_I2_LUT2_I0_F_LUT4_I3_F_DFFP_D_Q_LUT4_I0_F_LUT4_F_I2_LUT2_I0_F_LUT4_I3_F_DFFP_D_Q_LUT2_I0_F_LUT2_I0_F_LUT4_I3_F_DFFP_D_Q_LUT4_I0_F_LUT3_I2_F_LUT4_I3_F_LUT4_F_2.I1
Info:                          Defined in:
Info:                               /workspace/scratch/5bc736d51023/tooling/oss-cad-suite/lib/../share/yosys/gowin/cells_map.v:130.20-130.21
Info:      logic  1.10  10.46 Source guard.guard.in_last_LUT4_I0_F_DFFCE_D_Q_DFFCE_Q_D_LUT4_F_I3_LUT4_F_I3_LUT4_F_3_I2_LUT2_I0_F_LUT4_I3_F_DFFP_D_Q_LUT4_I0_F_LUT4_F_I2_LUT2_I0_F_LUT4_I3_F_DFFP_D_Q_LUT2_I0_F_LUT2_I0_F_LUT4_I3_F_DFFP_D_Q_LUT4_I0_F_LUT3_I2_F_LUT4_I3_F_LUT4_F_2.F
Info:    routing  0.81  11.27 Net guard.guard.in_last_LUT4_I0_F_DFFCE_D_Q_DFFCE_Q_D_LUT4_F_I3_LUT4_F_I3_LUT4_F_3_I2_LUT2_I0_F_LUT4_I3_F_DFFP_D_Q_LUT4_I0_F_LUT4_F_I2_LUT2_I0_F_LUT4_I3_F_DFFP_D_Q_LUT2_I0_F_LUT2_I0_F_LUT4_I3_F_DFFP_D_Q_LUT4_I0_F_LUT3_I2_F_LUT4_I3_F[3] (6,22) -> (4,22)
Info:                          Sink guard.guard.in_last_LUT4_I0_F_DFFCE_D_Q_DFFCE_Q_D_LUT4_F_I3_LUT4_F_1.I3
Info:                          Defined in:
Info:                               /workspace/scratch/5bc736d51023/tooling/oss-cad-suite/lib/../share/yosys/gowin/cells_map.v:130.20-130.21
Info:      logic  0.62  11.89 Source guard.guard.in_last_LUT4_I0_F_DFFCE_D_Q_DFFCE_Q_D_LUT4_F_I3_LUT4_F_1.F
Info:    routing  0.41  12.30 Net guard.guard.in_last_LUT4_I0_F_DFFCE_D_Q_DFFCE_Q_D_LUT4_F_I3[3] (4,22) -> (4,21)
Info:                          Sink guard.guard.in_last_LUT4_I0_F_DFFCE_D_Q_DFFCE_Q_D_LUT4_F.I3
Info:                          Defined in:
Info:                               /workspace/scratch/5bc736d51023/tooling/oss-cad-suite/lib/../share/yosys/gowin/cells_map.v:130.20-130.21
Info:      logic  0.62  12.93 Source guard.guard.in_last_LUT4_I0_F_DFFCE_D_Q_DFFCE_Q_D_LUT4_F.F
Info:    routing  0.00  12.93 Net guard.guard.in_last_LUT4_I0_F_DFFCE_D_Q_DFFCE_Q_D (4,21) -> (4,21)
Info:                          Sink guard.guard.in_last_LUT4_I0_F_DFFCE_D_Q_DFFCE_Q.D
Info:      setup  0.40  13.33 Source guard.guard.in_last_LUT4_I0_F_DFFCE_D_Q_DFFCE_Q.D
Info: 7.75 ns logic, 5.58 ns routing

Info: Critical path report for clock 'bridge.clk' (posedge -> posedge):
Info:       type curr  total name
Info:   clk-to-q  0.46  0.46 Source bridge.queue.writes.0.0_DI_31_DFF_Q_D_DFFCE_Q_D_LUT3_F_I1_DFFCE_D_Q_ALU_I0_SUM_ALU_SUM_2_CIN_ALU_COUT_SUM_ALU_SUM_2_CIN_ALU_COUT_SUM_LUT4_I3_F_DFFCE_D_Q_LUT4_F_1_I3_LUT4_F_I1_DFFCE_Q_D_LUT3_F_I2_LUT3_F_I2_LUT3_I2_F_LUT4_I3_F_LUT3_I1_F_DFFCE_D_Q_DFFCE_Q_1_D_LUT4_F_I2_LUT4_F_I2_LUT4_I2_F_LUT3_F_2_I0_LUT3_I0_F_ALU_SUM_COUT_ALU_CIN_SUM_LUT4_I1_F_LUT4_I2_I0_ALU_SUM_CIN_ALU_COUT_CIN_ALU_COUT_SUM_ALU_SUM_COUT_ALU_CIN_COUT_ALU_CIN_COUT_ALU_CIN_SUM_DFFCE_D_Q_DFFCE_Q_1.Q
Info:    routing  2.24  2.70 Net bridge.queue.writes.0.0_DI_31_DFF_Q_D_DFFCE_Q_D_LUT3_F_I1_DFFCE_D_Q_ALU_I0_SUM_ALU_SUM_2_CIN_ALU_COUT_SUM_ALU_SUM_2_CIN_ALU_COUT_SUM_LUT4_I3_F_DFFCE_D_Q_LUT4_F_1_I3_LUT4_F_I1_DFFCE_Q_D_LUT3_F_I2_LUT3_F_I2_LUT3_I2_F_LUT4_I3_F_LUT3_I1_F_DFFCE_D_Q_DFFCE_Q_1_D_LUT4_F_I2_LUT4_F_I2_LUT4_I2_F_LUT3_F_2_I0_LUT3_I0_F_ALU_SUM_COUT_ALU_CIN_SUM_LUT4_I1_F_LUT4_I2_I0_ALU_SUM_CIN_ALU_COUT_CIN_ALU_COUT_SUM_ALU_SUM_COUT_ALU_CIN_COUT_ALU_CIN_COUT_ALU_CIN_SUM_DFFCE_D_Q[1] (33,25) -> (29,21)
Info:                          Sink bridge.queue.writes.0.0_DI_DFF_Q_D_DFFCE_Q_D_LUT3_F_I0_LUT4_I3_F_LUT4_I2_F_LUT2_I1_F_LUT3_I0_I2_LUT3_F_I1_LUT2_F_I0_LUT4_I2_F_DFFC_D_Q_LUT3_I0_F_DFFCE_CE_Q_LUT4_I1_F_DFFCE_CE_Q_DFFCE_Q_1_CE_LUT4_F_I2_LUT4_F_I0_LUT3_I2_F_LUT3_F_I0_LUT2_I1_I0_LUT3_I0_I2_DFFC_D_Q_LUT4_F_I3_LUT4_F_I3_LUT4_F.I1
Info:                          Defined in:
Info:                               /workspace/scratch/5bc736d51023/tooling/oss-cad-suite/lib/../share/yosys/gowin/cells_map.v:130.20-130.21
Info:      logic  1.10  3.80 Source bridge.queue.writes.0.0_DI_DFF_Q_D_DFFCE_Q_D_LUT3_F_I0_LUT4_I3_F_LUT4_I2_F_LUT2_I1_F_LUT3_I0_I2_LUT3_F_I1_LUT2_F_I0_LUT4_I2_F_DFFC_D_Q_LUT3_I0_F_DFFCE_CE_Q_LUT4_I1_F_DFFCE_CE_Q_DFFCE_Q_1_CE_LUT4_F_I2_LUT4_F_I0_LUT3_I2_F_LUT3_F_I0_LUT2_I1_I0_LUT3_I0_I2_DFFC_D_Q_LUT4_F_I3_LUT4_F_I3_LUT4_F.F
Info:    routing  0.48  4.28 Net bridge.queue.writes.0.0_DI_DFF_Q_D_DFFCE_Q_D_LUT3_F_I0_LUT4_I3_F_LUT4_I2_F_LUT2_I1_F_LUT3_I0_I2_LUT3_F_I1_LUT2_F_I0_LUT4_I2_F_DFFC_D_Q_LUT3_I0_F_DFFCE_CE_Q_LUT4_I1_F_DFFCE_CE_Q_DFFCE_Q_1_CE_LUT4_F_I2_LUT4_F_I0_LUT3_I2_F_LUT3_F_I0_LUT2_I1_I0_LUT3_I0_I2_DFFC_D_Q_LUT4_F_I3_LUT4_F_I3[0] (29,21) -> (30,21)
Info:                          Sink bridge.queue.writes.0.0_DI_DFF_Q_D_DFFCE_Q_D_LUT3_F_I0_LUT4_I3_F_LUT4_I2_F_LUT2_I1_F_LUT3_I0_I2_LUT3_F_I1_LUT2_F_I0_LUT4_I2_F_DFFC_D_Q_LUT3_I0_F_DFFCE_CE_Q_LUT4_I1_F_DFFCE_CE_Q_DFFCE_Q_1_CE_LUT4_F_I2_LUT4_F_I0_LUT3_I2_F_LUT3_F_I0_LUT2_I1_I0_LUT3_I0_I2_DFFC_D_Q_LUT4_F_I3_LUT4_F.I0
Info:                          Defined in:
Info:                               /workspace/scratch/5bc736d51023/tooling/oss-cad-suite/lib/../share/yosys/gowin/cells_map.v:130.20-130.21
Info:      logic  1.03  5.31 Source bridge.queue.writes.0.0_DI_DFF_Q_D_DFFCE_Q_D_LUT3_F_I0_LUT4_I3_F_LUT4_I2_F_LUT2_I1_F_LUT3_I0_I2_LUT3_F_I1_LUT2_F_I0_LUT4_I2_F_DFFC_D_Q_LUT3_I0_F_DFFCE_CE_Q_LUT4_I1_F_DFFCE_CE_Q_DFFCE_Q_1_CE_LUT4_F_I2_LUT4_F_I0_LUT3_I2_F_LUT3_F_I0_LUT2_I1_I0_LUT3_I0_I2_DFFC_D_Q_LUT4_F_I3_LUT4_F.F
Info:    routing  0.89  6.20 Net bridge.queue.writes.0.0_DI_DFF_Q_D_DFFCE_Q_D_LUT3_F_I0_LUT4_I3_F_LUT4_I2_F_LUT2_I1_F_LUT3_I0_I2_LUT3_F_I1_LUT2_F_I0_LUT4_I2_F_DFFC_D_Q_LUT3_I0_F_DFFCE_CE_Q_LUT4_I1_F_DFFCE_CE_Q_DFFCE_Q_1_CE_LUT4_F_I2_LUT4_F_I0_LUT3_I2_F_LUT3_F_I0_LUT2_I1_I0_LUT3_I0_I2_DFFC_D_Q_LUT4_F_I3[3] (30,21) -> (31,19)
Info:                          Sink bridge.queue.writes.0.0_DI_DFF_Q_D_DFFCE_Q_D_LUT3_F_I0_LUT4_I3_F_LUT4_I2_F_LUT2_I1_F_LUT3_I0_I2_LUT3_F_I1_LUT2_F_I0_LUT4_I2_F_DFFC_D_Q_LUT3_I0_F_DFFCE_CE_Q_LUT4_I1_F_DFFCE_CE_Q_DFFCE_Q_1_CE_LUT4_F_I2_LUT4_F_I0_LUT3_I2_F_LUT3_F_I0_LUT2_I1_I0_LUT3_I0_I2_DFFC_D_Q_LUT4_F.I3
Info:                          Defined in:
Info:                               /workspace/scratch/5bc736d51023/tooling/oss-cad-suite/lib/../share/yosys/gowin/cells_map.v:130.20-130.21
Info:      logic  0.62  6.82 Source bridge.queue.writes.0.0_DI_DFF_Q_D_DFFCE_Q_D_LUT3_F_I0_LUT4_I3_F_LUT4_I2_F_LUT2_I1_F_LUT3_I0_I2_LUT3_F_I1_LUT2_F_I0_LUT4_I2_F_DFFC_D_Q_LUT3_I0_F_DFFCE_CE_Q_LUT4_I1_F_DFFCE_CE_Q_DFFCE_Q_1_CE_LUT4_F_I2_LUT4_F_I0_LUT3_I2_F_LUT3_F_I0_LUT2_I1_I0_LUT3_I0_I2_DFFC_D_Q_LUT4_F.F
Info:    routing  1.37  8.19 Net bridge.queue.writes.0.0_DI_DFF_Q_D_DFFCE_Q_D_LUT3_F_I0_LUT4_I3_F_LUT4_I2_F_LUT2_I1_F_LUT3_I0_I2_LUT3_F_I1_LUT2_F_I0_LUT4_I2_F_DFFC_D_Q_LUT3_I0_F_DFFCE_CE_Q_LUT4_I1_F_DFFCE_CE_Q_DFFCE_Q_1_CE_LUT4_F_I2_LUT4_F_I0_LUT3_I2_F_LUT3_F_I0_LUT2_I1_I0_LUT3_I0_I2_DFFC_D_Q[3] (31,19) -> (34,17)
Info:                          Sink bridge.queue.writes.0.0_DI_DFF_Q_D_DFFCE_Q_D_LUT3_F_I0_LUT4_I3_F_LUT4_I2_F_LUT2_I1_F_LUT3_I0_I2_LUT3_F_I1_LUT2_F_I0_LUT4_I2_F_DFFC_D_Q_LUT3_I0_F_DFFCE_CE_Q_LUT4_I1_F_DFFCE_CE_Q_DFFCE_Q_1_CE_LUT4_F_I2_LUT4_F_I0_LUT3_I2_F_LUT3_F_I2_DFFC_D_Q_LUT4_I1.I3
Info:                          Defined in:
Info:                               /workspace/scratch/5bc736d51023/tooling/oss-cad-suite/lib/../share/yosys/gowin/cells_map.v:130.20-130.21
Info:      logic  0.62  8.82 Source bridge.queue.writes.0.0_DI_DFF_Q_D_DFFCE_Q_D_LUT3_F_I0_LUT4_I3_F_LUT4_I2_F_LUT2_I1_F_LUT3_I0_I2_LUT3_F_I1_LUT2_F_I0_LUT4_I2_F_DFFC_D_Q_LUT3_I0_F_DFFCE_CE_Q_LUT4_I1_F_DFFCE_CE_Q_DFFCE_Q_1_CE_LUT4_F_I2_LUT4_F_I0_LUT3_I2_F_LUT3_F_I2_DFFC_D_Q_LUT4_I1.F
Info:    routing  0.41  9.23 Net bridge.queue.writes.0.0_DI_DFF_Q_D_DFFCE_Q_D_LUT3_F_I0_LUT4_I3_F_LUT4_I2_F_LUT2_I1_F_LUT3_I0_I2_LUT3_F_I1_LUT2_F_I0_LUT4_I2_F_DFFC_D_Q_LUT3_I0_F_DFFCE_CE_Q_LUT4_I1_F_DFFCE_CE_Q_DFFCE_Q_1_CE_LUT4_F_I2_LUT4_F_I0_LUT3_I2_F_LUT3_F_I2_DFFC_D_Q_LUT4_I1_F[1] (34,17) -> (34,17)
Info:                          Sink bridge.queue.writes.0.0_DI_DFF_Q_D_DFFCE_Q_D_LUT3_F_I0_LUT4_I3_F_LUT4_I2_F_LUT2_I1_F_LUT3_I0_I2_LUT3_F_I1_LUT2_F_I0_LUT4_I2_F_DFFC_D_Q_LUT3_I0_F_DFFCE_CE_Q_LUT3_I2_F_DFFCE_Q_CE_LUT3_F_I0_DFFC_Q_D_LUT4_F.I1
Info:                          Defined in:
Info:                               /workspace/scratch/5bc736d51023/tooling/oss-cad-suite/lib/../share/yosys/gowin/cells_map.v:130.20-130.21
Info:      logic  1.10  10.33 Source bridge.queue.writes.0.0_DI_DFF_Q_D_DFFCE_Q_D_LUT3_F_I0_LUT4_I3_F_LUT4_I2_F_LUT2_I1_F_LUT3_I0_I2_LUT3_F_I1_LUT2_F_I0_LUT4_I2_F_DFFC_D_Q_LUT3_I0_F_DFFCE_CE_Q_LUT3_I2_F_DFFCE_Q_CE_LUT3_F_I0_DFFC_Q_D_LUT4_F.F
Info:    routing  0.00  10.33 Net bridge.queue.writes.0.0_DI_DFF_Q_D_DFFCE_Q_D_LUT3_F_I0_LUT4_I3_F_LUT4_I2_F_LUT2_I1_F_LUT3_I0_I2_LUT3_F_I1_LUT2_F_I0_LUT4_I2_F_DFFC_D_Q_LUT3_I0_F_DFFCE_CE_Q_LUT3_I2_F_DFFCE_Q_CE_LUT3_F_I0_DFFC_Q_D (34,17) -> (34,17)
Info:                          Sink bridge.queue.writes.0.0_DI_DFF_Q_D_DFFCE_Q_D_LUT3_F_I0_LUT4_I3_F_LUT4_I2_F_LUT2_I1_F_LUT3_I0_I2_LUT3_F_I1_LUT2_F_I0_LUT4_I2_F_DFFC_D_Q_LUT3_I0_F_DFFCE_CE_Q_LUT3_I2_F_DFFCE_Q_CE_LUT3_F_I0_DFFC_Q.D
Info:      setup  0.40  10.73 Source bridge.queue.writes.0.0_DI_DFF_Q_D_DFFCE_Q_D_LUT3_F_I0_LUT4_I3_F_LUT4_I2_F_LUT2_I1_F_LUT3_I0_I2_LUT3_F_I1_LUT2_F_I0_LUT4_I2_F_DFFC_D_Q_LUT3_I0_F_DFFCE_CE_Q_LUT3_I2_F_DFFCE_Q_CE_LUT3_F_I0_DFFC_Q.D
Info: 5.33 ns logic, 5.39 ns routing

Info: Max frequency for clock 'bridge.p3.spi_clk': 204.25 MHz (PASS at 80.00 MHz)
Info: Max frequency for clock 'bridge.p2.spi_clk': 252.97 MHz (PASS at 80.00 MHz)
Info: Max frequency for clock   'guard.check_clk': 75.04 MHz (PASS at 27.00 MHz)
Info: Max frequency for clock        'bridge.clk': 93.21 MHz (PASS at 90.00 MHz)

Info: Slack histogram:
Info:  legend: * represents 9 endpoint(s)
Info:          + represents [1,9) endpoint(s)
Info: [   383,   2119) |*+
Info: [  2119,   3855) |****+
Info: [  3855,   5591) |*************************************************+
Info: [  5591,   7327) |************************************************************ 
Info: [  7327,   9063) |*****************************************+
Info: [  9063,  10799) |***************+
Info: [ 10799,  12535) |*+
Info: [ 12535,  14271) | 
Info: [ 14271,  16007) | 
Info: [ 16007,  17743) | 
Info: [ 17743,  19479) | 
Info: [ 19479,  21215) | 
Info: [ 21215,  22951) | 
Info: [ 22951,  24687) |+
Info: [ 24687,  26423) | 
Info: [ 26423,  28159) |+
Info: [ 28159,  29895) |+
Info: [ 29895,  31631) |**+
Info: [ 31631,  33367) |*****+
Info: [ 33367,  35103) |********+

Info: Program finished normally.
