Info: Using uarch 'gowin' for device 'GW1NR-LV9QN88PC6/I5'
Info: constraining clock net 'clocking.clk27' to 27.00 MHz
Info: constraining clock net 'bridge.clk' to 90.00 MHz
Info: constraining clock net 'bridge.clk_ck' to 90.00 MHz
Info: constraining clock net 'bridge.p2.spi_clk' to 80.00 MHz
Info: constraining clock net 'bridge.p3.spi_clk' to 80.00 MHz

Info: Reading constraints...
Info: Create constant nets...
Info: Modify LUTs...
Info: Pack IOBs...
Info: Pack I3C IOs...
Info: Pack MIPI IOs...
Info: Pack diff IOBs...
Info: Pack FFs into IO cells...
Info: Pack IODELAY...
Info: Pack Input Edge Monitors...
Info: Pack IO logic...
Info: Pack DESER16 logic...
Info: Pack GSR...
Info: Pack HCLK cells...
Info: Pack DLLDLYs...
Info: Pack wide LUTs...
Info: Packed MUX2_LUT8:0, MUX2_LU7:0, MUX2_LUT6:0, MUX2_LUT5:0
Info: Pack ALUs...
Info: Pack SSRAMs...
Info: Constrained 1533 LUTFF pairs.
Info: Pack PLL...
Info: Pack ADC...
Info: Pack GW JTAG...
Info: Pack BSRAMs...
Info: Pack DSP...
Info: Pack INV...
Info: Pack buffered nets...
Info: Pack EMCU and UserFlash cells...
Info: Pack UserFlash cells...
Info: Pack DQCE cells...
Info: Pack DCS cells...
Info: Checksum: 0x3cee5ecd

Info: Device utilisation:
Info: 	                 VCC:       1/      1   100%
Info: 	                 IOB:      27/    276     9%
Info: 	                LUT4:    6154/   8640    71%
Info: 	              OSER16:       0/     80     0%
Info: 	              IDES16:       0/     80     0%
Info: 	            IOLOGICI:      18/    276     6%
Info: 	            IOLOGICO:      24/    276     8%
Info: 	           MUX2_LUT5:       0/   4320     0%
Info: 	           MUX2_LUT6:       0/   2160     0%
Info: 	           MUX2_LUT7:       0/   1080     0%
Info: 	           MUX2_LUT8:       0/   1080     0%
Info: 	                 ALU:    2368/   6480    36%
Info: 	                 GND:       1/      1   100%
Info: 	                 DFF:    3437/   6480    53%
Info: 	           RAM16SDP4:       0/    270     0%
Info: 	               BSRAM:      10/     26    38%
Info: 	              ALU54D:       0/     10     0%
Info: 	     MULTADDALU18X18:       0/     10     0%
Info: 	        MULTALU18X18:       0/     10     0%
Info: 	        MULTALU36X18:       0/     10     0%
Info: 	           MULT36X36:       0/      5     0%
Info: 	           MULT18X18:       2/     20    10%
Info: 	             MULT9X9:       0/     40     0%
Info: 	              PADD18:       0/     20     0%
Info: 	               PADD9:       0/     40     0%
Info: 	                 GSR:       1/      1   100%
Info: 	                 OSC:       0/      1     0%
Info: 	                rPLL:       1/      2    50%
Info: 	           FLASH608K:       0/      1     0%
Info: 	                BUFG:       2/     22     9%
Info: 	                DQCE:       0/     24     0%
Info: 	                 DCS:       0/      8     0%
Info: 	               DHCEN:       0/     24     0%
Info: 	              CLKDIV:       0/      8     0%
Info: 	             CLKDIV2:       0/     16     0%
Info: 	           MIPI_IBUF:       0/     22     0%
Info: 	           MIPI_OBUF:       0/     20     0%

Info: Running custom HCLK placer...
Info: Placed 0 cells based on constraints.
Info: Creating initial analytic placement for 5890 cells, random placement wirelen = 249171.
Info:     at initial placer iter 0, wirelen = 3267
Info:     at initial placer iter 1, wirelen = 2979
Info:     at initial placer iter 2, wirelen = 2994
Info:     at initial placer iter 3, wirelen = 2981
Info: Running main analytical placer, max placement attempts per cell = 18216648.
Info:     at iteration #1, type ALL: wirelen solved = 2981, spread = 73062, legal = 198256; time = 9.79s
Info:     at iteration #2, type ALL: wirelen solved = 6247, spread = 54621, legal = 145796; time = 4.70s
Info:     at iteration #3, type ALL: wirelen solved = 8553, spread = 59583, legal = 134053; time = 3.07s
Info:     at iteration #4, type ALL: wirelen solved = 10534, spread = 55569, legal = 124016; time = 3.95s
Info:     at iteration #5, type ALL: wirelen solved = 12193, spread = 54525, legal = 113931; time = 2.56s
Info:     at iteration #6, type ALL: wirelen solved = 14057, spread = 52302, legal = 110906; time = 2.84s
Info:     at iteration #7, type ALL: wirelen solved = 15081, spread = 52472, legal = 114143; time = 2.75s
Info:     at iteration #8, type ALL: wirelen solved = 16732, spread = 49785, legal = 103925; time = 2.52s
Info:     at iteration #9, type ALL: wirelen solved = 18649, spread = 44469, legal = 101366; time = 2.38s
Info:     at iteration #10, type ALL: wirelen solved = 19564, spread = 41328, legal = 94029; time = 2.43s
Info:     at iteration #11, type ALL: wirelen solved = 19961, spread = 43295, legal = 97398; time = 2.40s
Info:     at iteration #12, type ALL: wirelen solved = 21666, spread = 41386, legal = 87975; time = 2.26s
Info:     at iteration #13, type ALL: wirelen solved = 22792, spread = 44421, legal = 75712; time = 1.33s
Info:     at iteration #14, type ALL: wirelen solved = 23307, spread = 45764, legal = 86795; time = 1.13s
Info:     at iteration #15, type ALL: wirelen solved = 25897, spread = 46576, legal = 82063; time = 1.19s
Info:     at iteration #16, type ALL: wirelen solved = 27327, spread = 47725, legal = 78562; time = 1.12s
Info:     at iteration #17, type ALL: wirelen solved = 29610, spread = 47995, legal = 78074; time = 0.97s
Info:     at iteration #18, type ALL: wirelen solved = 29143, spread = 44148, legal = 78537; time = 1.91s
Info: HeAP Placer Time: 50.35s
Info:   of which solving equations: 1.91s
Info:   of which spreading cells: 0.28s
Info:   of which strict legalisation: 47.44s

Info: Running simulated annealing placer for refinement.
Info:   at iteration #1: temp = 0.000000, timing cost = 85, wirelen = 75712
Info:   at iteration #5: temp = 0.000000, timing cost = 143, wirelen = 61548
Info:   at iteration #10: temp = 0.000000, timing cost = 246, wirelen = 58144
Info:   at iteration #15: temp = 0.000000, timing cost = 61, wirelen = 56421
Info:   at iteration #20: temp = 0.000000, timing cost = 60, wirelen = 55385
Info:   at iteration #25: temp = 0.000000, timing cost = 58, wirelen = 55081
Info:   at iteration #30: temp = 0.000000, timing cost = 68, wirelen = 54984
Info:   at iteration #30: temp = 0.000000, timing cost = 66, wirelen = 54989 
Info: SA placement time 23.16s

Info: Max frequency for clock 'bridge.p3.spi_clk': 203.29 MHz (PASS at 80.00 MHz)
Info: Max frequency for clock 'bridge.p2.spi_clk': 156.27 MHz (PASS at 80.00 MHz)
Info: Max frequency for clock        'bridge.clk': 105.26 MHz (PASS at 90.00 MHz)

Info: Max delay posedge bridge.clk        -> posedge bridge.p2.spi_clk: 0.86 ns
Info: Max delay posedge bridge.clk        -> posedge bridge.p3.spi_clk: 4.66 ns
Info: Max delay posedge bridge.p2.spi_clk -> posedge bridge.clk       : 0.96 ns
Info: Max delay posedge bridge.p3.spi_clk -> posedge bridge.clk       : 0.86 ns

Info: Slack histogram:
Info:  legend: * represents 8 endpoint(s)
Info:          + represents [1,8) endpoint(s)
Info: [  1611,   2113) |+
Info: [  2113,   2615) |*+
Info: [  2615,   3117) |+
Info: [  3117,   3619) |*********+
Info: [  3619,   4121) |***********+
Info: [  4121,   4623) |*****+
Info: [  4623,   5125) |*****+
Info: [  5125,   5627) |**********+
Info: [  5627,   6129) |*******************+
Info: [  6129,   6631) |*******************************+
Info: [  6631,   7133) |*************************+
Info: [  7133,   7635) |***********************+
Info: [  7635,   8137) |***********************+
Info: [  8137,   8639) |****************************+
Info: [  8639,   9141) |*****************************************+
Info: [  9141,   9643) |*********************************************+
Info: [  9643,  10145) |*************************************+
Info: [ 10145,  10647) |************************************************************ 
Info: [ 10647,  11149) |**+
Info: [ 11149,  11651) |******+
Info: Checksum: 0xf22c59da
Info: Routing globals...
Info:     'bridge.p3.spi_clk' net was routed.
Info:     'bridge.p2.spi_clk' net was routed.
Info:     'clocking.clk27' net was routed using global resources only.
Info:     'bridge.clk_ck' net was routed using global resources only.
Info:     'bridge.clk' net was routed using global resources only.
Info:     'O_psram_reset_n_OBUF_O_I_LUT4_F_I2_LUT3_I0_F_LUT3_I1_I0_LUT3_I0_F_LUT3_F_I2_LUT4_F_I1_LUT3_I1_F_LUT4_F_I3_LUT4_I3_I1_ALU_SUM_COUT_ALU_CIN_SUM_LUT4_F_I3_LUT4_I3_F_LUT3_I2_F_LUT4_I3_F_DFFCE_CE_Q_LUT3_I0_I2_LUT2_F_I0_LUT4_I1_I3_LUT2_I1_F_DFFCE_Q_1_D_DFFCE_Q_D_LUT2_I1_F[0]' is routed using segments.
Info:     'vit.branch_choice.0.0_DIA_3_DFF_Q_D_DFFCE_Q_D_DFFCE_Q_CE_LUT3_F_I2_LUT3_F_I0_LUT3_I0_1_F[2]' is routed using segments.
Info:     'vit.decoded_mem.0.0_ADA_DFF_Q_D_DFFCE_Q_D_ALU_SUM_CIN_ALU_COUT_CIN_ALU_COUT_SUM_DFFCE_D_Q_DFF_D_Q_DFF_Q_D_DFFCE_Q_D_LUT1_F_I0_ALU_I1_COUT_ALU_CIN_COUT_ALU_CIN_COUT_ALU_CIN_COUT_ALU_CIN_COUT_ALU_CIN_COUT_ALU_CIN_SUM[1]' is routed using segments.
Info:     'syndrome.rom_odd.0.0_CE_DFFC_D_Q_LUT3_I2_1_F_LUT3_I2_1_F' is routed using segments.
Info:     'O_psram_reset_n_OBUF_O_I_LUT4_F_I2_LUT3_I0_F_LUT3_I1_I0_LUT3_I0_F_LUT3_F_I2_LUT4_F_I1_LUT3_I1_F_LUT4_F_I3_LUT4_I3_I1_ALU_SUM_COUT_ALU_CIN_SUM_LUT4_F_I3_LUT4_I3_F_LUT3_I2_F_LUT4_I3_F_DFFCE_CE_Q_LUT3_I0_I2_LUT2_F_I0_LUT4_I1_I3_LUT3_I1_F_LUT3_F_I2_LUT2_I0_I1_LUT2_F_I0_LUT2_I0_F_LUT4_F_I1_LUT2_I0_F_LUT4_I3_1_F' is routed using segments.
Info:     'vit.metrics[4]_DFFE_Q_6_D_LUT4_F_I2_ALU_SUM_1_I0_LUT3_F_I1_DFFCE_Q_1_D_LUT2_F_I0_ALU_SUM_CIN_ALU_COUT_CIN_ALU_COUT_CIN_ALU_COUT_SUM_LUT2_I0_F_DFFCE_D_1_Q_LUT3_I1_F_DFFCE_D_Q_LUT3_I1_F' is routed using segments.
Info:     'syndrome.rom_odd.0.0_CE_DFFC_D_Q_LUT3_I2_1_F_LUT3_I2_F' is routed using segments.
Info:     'bridge.p3.fifo.mem.0.0_DI_8_LUT3_F_I1_LUT3_I1_F_DFFCE_D_Q_LUT3_F_I2_LUT4_I2_F_DFFCE_CE_Q_DFFC_D_Q_DFFC_D_Q_DFFCE_Q_CE_LUT4_F_I2_LUT2_F_1_I1_LUT4_F_I3_LUT3_I2_F_LUT3_F_1_I2_LUT2_I1_F_LUT2_I0_F_DFFCE_CE_Q_LUT3_F_I2_LUT3_I2_I0_LUT4_I1_F[0]' is routed using segments.
Info:     'syndrome.rom_odd.0.0_CE_DFFC_D_Q_LUT3_I2_F_LUT3_I2_3_F' is routed using segments.
Info:     'syndrome.rom_odd.0.0_CE_DFFC_D_Q_LUT3_I2_F_LUT3_I2_1_F' is routed using segments.
Info:     'O_psram_reset_n_OBUF_O_I_LUT4_F_I2_LUT3_I0_F_LUT3_I1_I0_LUT3_I0_F_LUT3_I2_F_LUT4_I3_F_DFFC_D_Q[1]' is routed using segments.
Info:     'O_psram_reset_n_OBUF_O_I_LUT4_F_I2_LUT3_I0_F_LUT3_I1_I0_LUT3_I0_F_LUT3_F_I2_LUT4_F_I1_LUT3_I1_F_LUT4_F_I3_LUT4_I3_I1_ALU_SUM_COUT_ALU_CIN_SUM_LUT4_F_I3_LUT4_I3_F_LUT3_I2_F_LUT4_I3_F_DFFCE_CE_Q_LUT3_I0_I2_LUT2_F_I0_LUT4_I1_I3_LUT3_I1_F[1]' is routed using segments.
Info:     'chien.term[4]_DFFE_Q_3_D_LUT3_F_I0_LUT4_I3_F_LUT3_I2_F_LUT4_F_2_I3_LUT3_F_I1_DFFC_Q_D_LUT2_F_1_I1_LUT2_F_I1_LUT4_F_I1_ALU_COUT_CIN_ALU_COUT_CIN_ALU_COUT_CIN_ALU_COUT_I1_DFFCE_Q_D[3]' is routed using segments.
Info:     'metric.abs_i_DFFE_Q_11_D[2]' is routed using segments.
Info:     'syndrome.rom_odd.0.0_AD_8_DFFCE_D_Q_DFFCE_Q_D_LUT2_I1_F_DFFCE_CE_1_Q[1]' is routed using segments.
Info:     'O_psram_reset_n_OBUF_O_I_LUT4_F_I2_LUT3_I0_F_LUT3_I1_I0_LUT3_I0_F_LUT3_F_I2_LUT4_F_I1_LUT3_I1_F_LUT4_F_I3_LUT4_I3_I1_ALU_SUM_COUT_ALU_CIN_SUM_LUT4_F_I3_LUT4_I3_F_LUT3_I2_F_LUT4_I3_F_DFFCE_CE_Q_LUT3_I0_I2_LUT2_F_I0_LUT4_I1_I3_LUT3_I1_F_LUT3_F_I2_LUT2_I0_I1_LUT4_I1_F_LUT4_I3_F_DFFCE_CE_Q_DFFCE_Q_1_CE_LUT4_F_I2_LUT3_F_I2_LUT2_I0_F' is routed using segments.
Info:     'bridge.p2.fifo.mem.0.0_DI_32_LUT2_F_I0_LUT4_I1_F_LUT3_F_I2[1]' is routed using segments.
Info:     'bridge.controller.head[0][1]' is routed using segments.
Info:     'syndrome.rom_odd.0.0_CE_DFFC_D_Q_LUT3_I2_F_LUT3_I2_F' is routed using segments.
Info:     'vit.metrics[4]_DFFE_Q_6_D_LUT4_F_I2_ALU_SUM_I0_LUT3_F_I1_DFFCE_Q_1_D_LUT2_F_I0_ALU_SUM_CIN_ALU_COUT_CIN_ALU_COUT_SUM_LUT2_I0_F_DFFCE_D_Q_LUT3_I1_F' is routed using segments.
Info:     'bridge.queue.writes.0.0_DO_10_LUT4_I2_F_LUT2_F_I0_DFFCE_Q_D_LUT4_F_I3_LUT3_F_I2_LUT4_F_I0_LUT3_I2_F_DFFCE_Q_D_LUT3_F_I1_DFFCE_Q_D_LUT4_F_I3_LUT4_F_1_I1[1]' is routed using segments.
Info:     'vit.metrics[4]_DFFE_Q_6_D_LUT4_F_I2_ALU_SUM_I0_LUT3_F_I1_DFFCE_Q_1_D_LUT2_F_I0_ALU_SUM_COUT_ALU_CIN_SUM_LUT2_I0_F_DFFCE_D_Q_LUT3_I1_F' is routed using segments.
Info:     'vit.branch_choice.0.0_DIA_3_DFF_Q_D_DFFCE_Q_D_DFFCE_Q_CE[1]' is routed using segments.
Info:     'vit.branch_choice.0.0_DIA_3_DFF_Q_D_DFFCE_Q_D_DFFCE_Q_CE_LUT3_F_I2_LUT3_F_I0_LUT3_I0_F[1]' is routed using segments.
Info:     'syndrome.rom_odd.0.0_CE_DFFC_D_Q_LUT3_I2_1_F_LUT3_I2_2_F' is routed using segments.
Info:     'bridge.p3.fifo.mem.0.0_DI_8_LUT3_F_I1_LUT3_I1_F_DFFCE_D_Q_LUT3_F_I2_LUT4_I2_F_DFFCE_CE_Q_DFFC_D_Q_DFFC_D_Q_DFFCE_Q_CE_LUT4_F_I2_LUT2_F_1_I1_LUT4_F_I3_LUT3_I2_F_LUT3_F_1_I2_LUT2_I1_F_LUT2_I0_1_F' is routed using segments.
Info:     'bridge.p3.fifo.mem.0.0_DI_8_LUT3_F_I1_LUT3_I1_F_DFFCE_D_Q_LUT3_F_I2_LUT4_I2_F_DFFCE_CE_Q_DFFC_D_Q_DFFC_D_Q_DFFCE_Q_CE_LUT4_F_I2_LUT2_F_1_I1_LUT4_F_I3_LUT3_I2_F_LUT3_F_1_I2_LUT2_I1_F_LUT2_I0_F_DFFCE_CE_Q_LUT3_F_I2_LUT3_I2_F_DFFCE_D_Q_LUT3_I1_F_LUT3_I2_F' is routed using segments.
Info:     'bridge.queue.reads.0.0_DO_8_LUT4_I2_F_DFFCE_D_Q_DFFCE_Q_2_D_LUT4_F_I3_LUT4_I0_I3_LUT4_I3_F_DFFCE_D_Q_LUT3_F_I2_LUT4_F_I3_LUT4_F_I0[1]' is routed using segments.
Info:     'O_psram_reset_n_OBUF_O_I_LUT4_F_I2_LUT3_I0_F_LUT3_I1_I0_LUT3_I1_F[3]' is routed using segments.
Info:     'vit.metrics[4]_DFFE_Q_6_D_LUT4_F_I2_ALU_SUM_1_I0_LUT3_F_I1_DFFCE_Q_1_D_LUT2_F_I0_ALU_SUM_CIN_ALU_COUT_SUM_LUT2_I0_F_DFFCE_D_1_Q_LUT3_I1_F' is routed using segments.
Info:     'vit.metrics[4]_DFFE_Q_6_D_LUT4_F_I2_ALU_SUM_I0_LUT3_F_I1_DFFCE_Q_1_D_LUT2_F_I0_ALU_SUM_CIN_ALU_COUT_CIN_ALU_COUT_CIN_ALU_COUT_CIN_ALU_COUT_SUM_LUT2_I0_F_DFFCE_D_Q_LUT3_I1_F' is routed using segments.
Info:     'vit.metrics[4]_DFFE_Q_6_D_LUT4_F_I2_ALU_SUM_1_I0_LUT3_F_I1_DFFCE_Q_1_D_LUT2_F_I0_ALU_SUM_CIN_ALU_COUT_CIN_ALU_COUT_CIN_ALU_COUT_CIN_ALU_COUT_CIN_ALU_COUT_SUM_LUT2_I0_F_DFFCE_D_Q_LUT3_I1_F_DFFCE_D_Q_LUT3_I1_F' is routed using segments.
Info:     'vit.metrics[4]_DFFE_Q_6_D_LUT4_F_I2_ALU_SUM_I0_LUT3_F_I1_DFFCE_Q_1_D_LUT2_F_I0_ALU_SUM_COUT_ALU_CIN_COUT_ALU_CIN_COUT_ALU_CIN_SUM_LUT2_I1_F_DFFCE_D_1_Q_LUT3_I1_F' is routed using segments.
Info:     'vit.metrics[4]_DFFE_Q_6_D_LUT4_F_I2_ALU_SUM_I0_LUT3_F_I1_DFFCE_Q_1_D_LUT2_F_I0_ALU_SUM_CIN_ALU_COUT_CIN_ALU_COUT_CIN_ALU_COUT_SUM_LUT2_I0_F_DFFCE_D_Q_LUT3_I1_F' is routed using segments.
Info:     'O_psram_reset_n_OBUF_O_I_LUT4_F_I2_LUT3_I0_F_LUT3_I1_I0_LUT3_I0_F_LUT3_F_I2_LUT4_F_I1_LUT3_I1_F_LUT4_F_I3_LUT4_I3_I1_ALU_SUM_COUT_ALU_CIN_SUM_LUT4_F_I3_LUT4_I3_F_LUT3_I2_F_LUT4_I3_F_DFFCE_CE_Q_LUT3_I0_F_LUT3_F_I0_LUT4_I3_F[0]' is routed using segments.
Info:     'O_psram_reset_n_OBUF_O_I_LUT4_F_I2_LUT3_I0_F_LUT3_I1_I0_LUT3_I0_F_LUT3_F_I2_LUT4_F_I1_LUT3_I1_F_LUT4_F_I3_LUT4_I3_I1_ALU_SUM_COUT_ALU_CIN_SUM_LUT4_F_I3_LUT4_I3_F_LUT3_I2_F_LUT4_I3_F_DFFCE_CE_Q_LUT3_I1_F_DFFCE_CE_Q_DFFCE_Q_D_ALU_SUM_COUT_ALU_CIN_SUM_DFFCE_Q_D_LUT4_F_I3_LUT4_I3_F_DFFCE_D_Q[2]' is routed using segments.
Info:     'chien.term[4]_DFFE_Q_3_D_LUT3_F_I0_LUT4_I3_F_LUT3_I2_F_LUT4_F_2_I3_LUT3_F_I1_DFFC_Q_D_LUT2_F_1_I0[1]' is routed using segments.
Info:     'chien.term[4]_DFFE_Q_3_D_LUT3_F_I0_LUT4_I3_F_LUT3_I2_F_LUT4_F_2_I3_LUT3_F_I1_DFFC_Q_D_LUT2_F_1_I1_LUT4_I3_F_DFFCE_D_Q_LUT4_F_I3_LUT4_F_I1_ALU_COUT_CIN_ALU_COUT_CIN_ALU_COUT_CIN_ALU_COUT_CIN_ALU_COUT_CIN_ALU_COUT_CIN_ALU_COUT_CIN_ALU_COUT_I0_LUT4_I3_F_LUT4_I3_F_LUT4_I3_F_LUT2_I1_F[0]' is routed using segments.
Info:     'syndrome.rom_odd.0.0_AD_8_DFFCE_D_Q_DFFCE_Q_D_LUT2_I1_F_DFFCE_CE_D_LUT2_F_I0_ALU_SUM_CIN_ALU_COUT_SUM_LUT2_I0_F_DFFCE_D_Q_LUT3_I0_F[3]' is routed using segments.
Info:     'vit.metrics[22]_DFFE_Q_2_D_LUT4_F_I2_ALU_SUM_1_I1_ALU_I1_CIN_ALU_COUT_CIN_ALU_COUT_CIN_ALU_COUT_CIN_ALU_COUT_CIN_ALU_COUT_CIN_ALU_COUT_CIN_ALU_COUT_CIN_ALU_COUT_CIN_ALU_COUT_SUM[3]' is routed using segments.
Info:     'O_psram_reset_n_OBUF_O_I_LUT4_F_I2_LUT3_I0_F_LUT3_I1_I0_LUT3_I0_F_LUT3_F_I2_LUT4_F_I1_LUT3_I1_F_LUT4_F_I3_LUT4_I3_I1_ALU_SUM_COUT_ALU_CIN_SUM_LUT4_F_I3_LUT4_I3_F_LUT3_I2_F_LUT4_I3_F_DFFCE_CE_Q_LUT3_I0_F_LUT4_F_1_I0_LUT2_I1_F_LUT4_I3_F_LUT4_I3_F_LUT3_I2_F[1]' is routed using segments.
Info:     'O_psram_reset_n_OBUF_O_I_LUT4_F_I2_LUT3_I0_F_LUT3_I1_I0_LUT3_I0_F_LUT3_F_I2_LUT4_F_I1_LUT3_I1_F_LUT4_F_I3_LUT4_I3_I1_ALU_SUM_COUT_ALU_CIN_SUM_LUT4_F_I3_LUT4_I3_F_LUT3_I2_F_LUT4_I3_F_DFFCE_CE_Q_LUT3_I0_I2_LUT2_F_I0_LUT4_I1_I3_LUT3_I1_F_LUT3_F_I2_LUT2_I0_I1_LUT4_I1_F_LUT4_I3_I1_DFFCE_Q_CE_LUT3_F_I0[2]' is routed using segments.
Info:     'vit.metrics[4]_DFFE_Q_6_D_LUT4_F_I2_ALU_SUM_1_I0_LUT3_F_I1_DFFCE_Q_1_D_LUT2_F_I0_ALU_SUM_COUT_ALU_CIN_COUT_ALU_CIN_COUT_ALU_CIN_SUM_LUT2_I1_F_DFFCE_D_1_Q_LUT3_I1_F' is routed using segments.
Info:     'vit.metrics[4]_DFFE_Q_6_D_LUT4_F_I2_ALU_SUM_1_I0_LUT3_F_I1_DFFCE_Q_1_D_LUT2_F_I0_ALU_SUM_COUT_ALU_CIN_COUT_ALU_CIN_SUM_LUT2_I0_F_DFFCE_D_1_Q_LUT3_I1_F' is routed using segments.
Info:     'vit.metrics[4]_DFFE_Q_6_D_LUT4_F_I2_ALU_SUM_1_I0_LUT3_F_I1_DFFCE_Q_1_D_LUT2_F_I0_ALU_SUM_CIN_ALU_COUT_CIN_ALU_COUT_CIN_ALU_COUT_CIN_ALU_COUT_SUM_LUT2_I0_F_DFFCE_D_1_Q_LUT3_I1_1_F' is routed using segments.
Info:     'vit.metrics[4]_DFFE_Q_6_D_LUT4_F_I2_ALU_SUM_I0_LUT3_F_I1_DFFCE_Q_1_D_LUT2_F_I0_ALU_SUM_COUT_ALU_CIN_COUT_ALU_CIN_SUM_LUT2_I0_F_DFFCE_D_Q_LUT3_I1_F' is routed using segments.
Info:     'vit.metrics[4]_DFFE_Q_6_D_LUT4_F_I2_ALU_SUM_I0_LUT3_F_I1_DFFCE_Q_1_D_LUT2_F_I0_ALU_SUM_CIN_ALU_COUT_CIN_ALU_COUT_CIN_ALU_COUT_CIN_ALU_COUT_CIN_ALU_COUT_SUM_LUT2_I0_F_DFFCE_D_Q_LUT3_I1_F' is routed using segments.

Info: Routing..
Info: Setting up routing queue.
Info: Routing 28553 arcs.
Info:            |   (re-)routed arcs  |   delta    | remaining|       time spent     |
Info:    IterCnt |  w/ripup   wo/ripup |  w/r  wo/r |      arcs| batch(sec) total(sec)|
Info:       1000 |       31        968 |   31   968 |     27586|       0.72       0.72|
Info:       2000 |       66       1836 |   35   868 |     26622|       0.32       1.05|
Info:       3000 |       88       2713 |   22   877 |     25647|       0.23       1.28|
Info:       4000 |       92       3600 |    4   887 |     24651|       0.17       1.45|
Info:       5000 |       93       4564 |    1   964 |     23652|       0.27       1.72|
Info:       6000 |       95       5483 |    2   919 |     22654|       0.35       2.07|
Info:       7000 |       96       6407 |    1   924 |     21655|       0.34       2.41|
Info:       8000 |       96       7343 |    0   936 |     20655|       0.36       2.77|
Info:       9000 |      101       8265 |    5   922 |     19661|       0.38       3.15|
Info:      10000 |      103       9179 |    2   914 |     18677|       0.37       3.52|
Info:      11000 |      109      10097 |    6   918 |     17684|       0.49       4.01|
Info:      12000 |      114      11024 |    5   927 |     16690|       0.47       4.48|
Info:      13000 |      118      11949 |    4   925 |     15694|       0.45       4.94|
Info:      14000 |      126      12873 |    8   924 |     14714|       0.49       5.43|
Info:      15000 |      136      13796 |   10   923 |     13724|       0.51       5.94|
Info:      16000 |      160      14702 |   24   906 |     12752|       0.59       6.53|
Info:      17000 |      184      15608 |   24   906 |     11778|       0.57       7.10|
Info:      18000 |      213      16521 |   29   913 |     10811|       0.59       7.69|
Info:      19000 |      249      17423 |   36   902 |      9856|       0.62       8.31|
Info:      20000 |      290      18316 |   41   893 |      8901|       0.73       9.04|
Info:      21000 |      345      19187 |   55   871 |      7962|       0.67       9.71|
Info:      22000 |      407      20064 |   62   877 |      7044|       0.79      10.51|
Info:      23000 |      482      20918 |   75   854 |      6127|       0.79      11.30|
Info:      24000 |      580      21746 |   98   828 |      5265|       0.90      12.19|
Info:      25000 |      707      22556 |  127   810 |      4440|       1.01      13.21|
Info:      26000 |      847      23359 |  140   803 |      3634|       1.01      14.22|
Info:      27000 |     1008      24144 |  161   785 |      2848|       1.09      15.31|
Info:      28000 |     1204      24896 |  196   752 |      2091|       1.16      16.47|
Info:      29000 |     1439      25626 |  235   730 |      1444|       1.27      17.74|
Info:      30000 |     1682      26330 |  243   704 |       818|       1.38      19.12|
Info:      31000 |     1942      27031 |  260   701 |       218|       1.34      20.46|
Info:      31460 |     2060      27358 |  118   327 |         0|       0.73      21.19|
Info: Routing complete.
Info: Router1 time 21.19s
Info: Checksum: 0xd0472486

Info: Critical path report for clock 'bridge.p3.spi_clk' (posedge -> posedge):
Info:       type curr  total name
Info:   clk-to-q  0.46  0.46 Source bridge.p3.fifo.mem.0.0_ADA_1_ALU_I1_CIN_ALU_COUT_CIN_ALU_COUT_SUM_DFFCE_D_Q_LUT1_I0_F_DFFCE_D_Q_DFFCE_Q.Q
Info:    routing  0.41  0.87 Net bridge.p3.fifo.mem.0.0_ADA_1_ALU_I1_CIN_ALU_COUT_CIN_ALU_COUT_SUM_DFFCE_D_Q_LUT1_I0_F_DFFCE_D_Q[1] (39,23) -> (39,23)
Info:                          Sink bridge.p3.cs_n_LUT2_I0_F_LUT4_F_I3_LUT4_F_2.I1
Info:                          Defined in:
Info:                               /workspace/scratch/5bc736d51023/tooling/oss-cad-suite/lib/../share/yosys/gowin/cells_map.v:130.20-130.21
Info:      logic  1.10  1.97 Source bridge.p3.cs_n_LUT2_I0_F_LUT4_F_I3_LUT4_F_2.F
Info:    routing  0.48  2.45 Net bridge.p3.cs_n_LUT2_I0_F_LUT4_F_I3[1] (39,23) -> (39,24)
Info:                          Sink bridge.p3.cs_n_LUT2_I0_F_LUT4_F.I1
Info:                          Defined in:
Info:                               /workspace/scratch/5bc736d51023/tooling/oss-cad-suite/lib/../share/yosys/gowin/cells_map.v:130.20-130.21
Info:      logic  1.10  3.55 Source bridge.p3.cs_n_LUT2_I0_F_LUT4_F.F
Info:    routing  0.96  4.50 Net bridge.p3.cs_n_LUT2_I0_F[2] (39,24) -> (37,26)
Info:                          Sink bridge.p3.fifo.mem.0.0_ADA_6_LUT4_F.I2
Info:                          Defined in:
Info:                               /workspace/scratch/5bc736d51023/tooling/oss-cad-suite/lib/../share/yosys/gowin/cells_map.v:130.20-130.21
Info:      logic  0.82  5.32 Source bridge.p3.fifo.mem.0.0_ADA_6_LUT4_F.F
Info:    routing  0.81  6.13 Net bridge.p3.fifo.mem.0.0_ADA_6 (37,26) -> (37,27)
Info:                          Sink bridge.p3.fifo.mem.0.0.CEA
Info:      setup  0.17  6.30 Source bridge.p3.fifo.mem.0.0.CEA
Info: 3.65 ns logic, 2.65 ns routing

Info: Critical path report for clock 'bridge.p2.spi_clk' (posedge -> posedge):
Info:       type curr  total name
Info:   clk-to-q  0.46  0.46 Source bridge.p2.fifo.mem.0.0_DI_34_LUT3_F_I1_ALU_I1_COUT_ALU_CIN_COUT_ALU_CIN_SUM_DFFCE_D.Q
Info:    routing  2.41  2.87 Net bridge.p2.fifo.mem.0.0_DI_32_LUT2_F_I0_LUT4_F_I2[1] (14,15) -> (20,26)
Info:                          Sink bridge.p2.fifo.mem.0.0_DI_33_LUT3_F_I2_LUT4_I3.I1
Info:                          Defined in:
Info:                               /workspace/scratch/5bc736d51023/tooling/oss-cad-suite/lib/../share/yosys/gowin/cells_map.v:130.20-130.21
Info:      logic  1.10  3.96 Source bridge.p2.fifo.mem.0.0_DI_33_LUT3_F_I2_LUT4_I3.F
Info:    routing  1.45  5.41 Net bridge.p2.fifo.mem.0.0_DI_33_LUT3_F_I2_LUT4_I3_F (20,26) -> (27,26)
Info:                          Sink bridge.p2.fifo.mem.0.0_DI_15_LUT3_F_I1_DFFCE_D_Q_LUT4_I3_F_LUT4_F_2_I3_DFFCE_Q_1.CE
Info:      setup  0.04  5.45 Source bridge.p2.fifo.mem.0.0_DI_15_LUT3_F_I1_DFFCE_D_Q_LUT4_I3_F_LUT4_F_2_I3_DFFCE_Q_1.CE
Info: 1.60 ns logic, 3.86 ns routing

Info: Critical path report for clock 'bridge.clk' (posedge -> posedge):
Info:       type curr  total name
Info:   clk-to-q  0.46  0.46 Source syndrome.rom_odd.0.0_AD_8_DFFCE_D_Q_DFFCE_Q_D_LUT2_I1_F_DFFCE_CE_1_Q_LUT4_F_I2_ALU_COUT_I0_DFFCE_Q_1.Q
Info:    routing  0.89  1.35 Net syndrome.rom_odd.0.0_AD_8_DFFCE_D_Q_DFFCE_Q_D_LUT2_I1_F_DFFCE_CE_1_Q_LUT4_F_I2_ALU_COUT_I0[3] (3,2) -> (2,2)
Info:                          Sink syndrome.rom_odd.0.0_AD_8_DFFCE_D_Q_DFFCE_Q_D_LUT2_I1_F_DFFCE_CE_1_Q_LUT4_F_I2_ALU_COUT_CIN_ALU_COUT.I0
Info:                          Defined in:
Info:                               /workspace/scratch/5bc736d51023/tooling/oss-cad-suite/lib/../share/yosys/gowin/cells_map.v:130.20-130.21
Info:      logic  0.96  2.31 Source syndrome.rom_odd.0.0_AD_8_DFFCE_D_Q_DFFCE_Q_D_LUT2_I1_F_DFFCE_CE_1_Q_LUT4_F_I2_ALU_COUT_CIN_ALU_COUT.COUT
Info:    routing  0.00  2.31 Net syndrome.rom_odd.0.0_AD_8_DFFCE_D_Q_DFFCE_Q_D_LUT2_I1_F_DFFCE_CE_1_Q_LUT4_F_I2_ALU_COUT_CIN (2,2) -> (3,2)
Info:                          Sink syndrome.rom_odd.0.0_AD_8_DFFCE_D_Q_DFFCE_Q_D_LUT2_I1_F_DFFCE_CE_1_Q_LUT4_F_I2_ALU_COUT.CIN
Info:                          Defined in:
Info:                               rtl/s3_rs_syndrome.sv:16.32-16.44
Info:                               /workspace/scratch/5bc736d51023/tooling/oss-cad-suite/lib/../share/yosys/gowin/arith_map.v:57.7-63.5
Info:                               /workspace/scratch/5bc736d51023/tooling/oss-cad-suite/lib/../share/yosys/gowin/cells_sim.v:1033.25-1033.29
Info:      logic  0.06  2.36 Source syndrome.rom_odd.0.0_AD_8_DFFCE_D_Q_DFFCE_Q_D_LUT2_I1_F_DFFCE_CE_1_Q_LUT4_F_I2_ALU_COUT.COUT
Info:    routing  0.00  2.36 Net syndrome.rom_odd.0.0_AD_8_DFFCE_D_Q_DFFCE_Q_D_LUT2_I1_F_DFFCE_CE_1_Q_LUT4_F_I2_ALU_COUT_TAIL_ALULC (3,2) -> (3,2)
Info:                          Sink syndrome.rom_odd.0.0_AD_8_DFFCE_D_Q_DFFCE_Q_D_LUT2_I1_F_DFFCE_CE_1_Q_LUT4_F_I2_ALU_COUT_TAIL_ALULC.CIN
Info:      logic  0.56  2.93 Source syndrome.rom_odd.0.0_AD_8_DFFCE_D_Q_DFFCE_Q_D_LUT2_I1_F_DFFCE_CE_1_Q_LUT4_F_I2_ALU_COUT_TAIL_ALULC.SUM
Info:    routing  2.08  5.01 Net syndrome.rom_odd.0.0_AD_8_DFFCE_D_Q_DFFCE_Q_D_LUT2_I1_F_DFFCE_CE_1_Q_LUT4_F_I2 (3,2) -> (6,8)
Info:                          Sink syndrome.rom_odd.0.0_AD_8_DFFCE_D_Q_DFFCE_Q_D_LUT2_I1_F_DFFCE_CE_1_Q_LUT4_F.I2
Info:                          Defined in:
Info:                               /workspace/scratch/5bc736d51023/tooling/oss-cad-suite/lib/../share/yosys/gowin/cells_map.v:130.20-130.21
Info:      logic  0.82  5.83 Source syndrome.rom_odd.0.0_AD_8_DFFCE_D_Q_DFFCE_Q_D_LUT2_I1_F_DFFCE_CE_1_Q_LUT4_F.F
Info:    routing  1.93  7.76 Net syndrome.rom_odd.0.0_AD_8_DFFCE_D_Q_DFFCE_Q_D_LUT2_I1_F_DFFCE_CE_1_Q[1] (6,8) -> (6,8)
Info:                          Sink syndrome.rom_odd.0.0_AD_8_DFFCE_D_Q_DFFCE_Q_D_LUT2_I1_F_DFFCE_CE_D_LUT2_F_I0_ALU_SUM_CIN_ALU_COUT_SUM_LUT2_I0_F_DFFCE_D_Q_LUT3_I0_F_LUT4_F.I3
Info:                          Defined in:
Info:                               /workspace/scratch/5bc736d51023/tooling/oss-cad-suite/lib/../share/yosys/gowin/cells_map.v:130.20-130.21
Info:      logic  0.62  8.38 Source syndrome.rom_odd.0.0_AD_8_DFFCE_D_Q_DFFCE_Q_D_LUT2_I1_F_DFFCE_CE_D_LUT2_F_I0_ALU_SUM_CIN_ALU_COUT_SUM_LUT2_I0_F_DFFCE_D_Q_LUT3_I0_F_LUT4_F.F
Info:    routing  1.22  9.60 Net syndrome.rom_odd.0.0_AD_8_DFFCE_D_Q_DFFCE_Q_D_LUT2_I1_F_DFFCE_CE_D_LUT2_F_I0_ALU_SUM_CIN_ALU_COUT_SUM_LUT2_I0_F_DFFCE_D_Q_LUT3_I0_F[2] (6,8) -> (6,11)
Info:                          Sink syndrome.rom_even.0.0_AD_1_LUT4_F_I3_LUT4_F_I3_LUT4_F_1.I2
Info:                          Defined in:
Info:                               /workspace/scratch/5bc736d51023/tooling/oss-cad-suite/lib/../share/yosys/gowin/cells_map.v:130.20-130.21
Info:      logic  0.82  10.42 Source syndrome.rom_even.0.0_AD_1_LUT4_F_I3_LUT4_F_I3_LUT4_F_1.F
Info:    routing  0.41  10.83 Net syndrome.rom_even.0.0_AD_1_LUT4_F_I3_LUT4_F_I3[2] (6,11) -> (6,11)
Info:                          Sink syndrome.rom_even.0.0_AD_1_LUT4_F_I3_LUT4_F.I2
Info:                          Defined in:
Info:                               /workspace/scratch/5bc736d51023/tooling/oss-cad-suite/lib/../share/yosys/gowin/cells_map.v:130.20-130.21
Info:      logic  0.82  11.65 Source syndrome.rom_even.0.0_AD_1_LUT4_F_I3_LUT4_F.F
Info:    routing  0.41  12.07 Net syndrome.rom_even.0.0_AD_1_LUT4_F_I3[3] (6,11) -> (7,11)
Info:                          Sink syndrome.rom_even.0.0_AD_1_LUT4_F.I3
Info:                          Defined in:
Info:                               /workspace/scratch/5bc736d51023/tooling/oss-cad-suite/lib/../share/yosys/gowin/cells_map.v:130.20-130.21
Info:      logic  0.62  12.69 Source syndrome.rom_even.0.0_AD_1_LUT4_F.F
Info:    routing  1.22  13.91 Net syndrome.rom_even.0.0_AD_1 (7,11) -> (7,9)
Info:                          Sink syndrome.rom_even.0.0.AD4
Info:      setup  0.04  13.95 Source syndrome.rom_even.0.0.AD4
Info: 5.80 ns logic, 8.16 ns routing

Info: Critical path report for cross-domain path 'posedge bridge.clk' -> 'posedge bridge.p3.spi_clk':
Info:       type curr  total name
Info:   clk-to-q  0.46  0.46 Source clocking.locked_LUT2_I1_F_DFFC_CLEAR_Q_DFFC_D.Q
Info:    routing  3.31  3.77 Net O_psram_reset_n_OBUF_O_I_LUT4_F_I2_LUT3_I0_F_LUT3_I1_I0_LUT3_I0_F_LUT3_F_I2_LUT4_F_I1_LUT3_I1_F_LUT4_F_I3_LUT4_I3_I1_ALU_SUM_COUT_ALU_CIN_SUM_LUT4_F_I3_LUT4_I3_F_LUT3_I2_F_LUT4_I3_F_DFFCE_CE_Q_LUT3_I0_I2_LUT2_F_I0_LUT4_I1_I3_LUT2_I1_F_DFFCE_Q_1_D_DFFCE_Q_D_LUT2_I1_F[0] (45,5) -> (37,26)
Info:                          Sink bridge.p3.fifo.mem.0.0_ADA_6_LUT4_F.I0
Info:                          Defined in:
Info:                               /workspace/scratch/5bc736d51023/tooling/oss-cad-suite/lib/../share/yosys/gowin/cells_map.v:130.20-130.21
Info:      logic  1.03  4.80 Source bridge.p3.fifo.mem.0.0_ADA_6_LUT4_F.F
Info:    routing  0.81  5.60 Net bridge.p3.fifo.mem.0.0_ADA_6 (37,26) -> (37,27)
Info:                          Sink bridge.p3.fifo.mem.0.0.CEA
Info:      setup  0.17  5.78 Source bridge.p3.fifo.mem.0.0.CEA
Info: 1.66 ns logic, 4.11 ns routing

Info: Max frequency for clock 'bridge.p3.spi_clk': 158.65 MHz (PASS at 80.00 MHz)
Info: Max frequency for clock 'bridge.p2.spi_clk': 183.32 MHz (PASS at 80.00 MHz)
ERROR: Max frequency for clock        'bridge.clk': 71.68 MHz (FAIL at 90.00 MHz)

Info: Max delay posedge bridge.clk -> posedge bridge.p3.spi_clk: 5.78 ns

Info: Slack histogram:
Info:  legend: * represents 5 endpoint(s)
Info:          + represents [1,5) endpoint(s)
Info: [ -2840,  -2150) |*+
Info: [ -2150,  -1460) |*+
Info: [ -1460,   -770) | 
Info: [  -770,    -80) | 
Info: [   -80,    610) |+
Info: [   610,   1300) |+
Info: [  1300,   1990) |+
Info: [  1990,   2680) |***+
Info: [  2680,   3370) |****+
Info: [  3370,   4060) |***************+
Info: [  4060,   4750) |***************************************************+
Info: [  4750,   5440) |********************************************+
Info: [  5440,   6130) |***********+
Info: [  6130,   6820) |**********************************+
Info: [  6820,   7510) |************************************************************ 
Info: [  7510,   8200) |*******************************************+
Info: [  8200,   8890) |****************************+
Info: [  8890,   9580) |***********************+
Info: [  9580,  10270) |*****+
Info: [ 10270,  10960) |*******+

0 warnings, 1 error

Info: Program finished normally.
