Info: Using uarch 'gowin' for device 'GW1NR-LV9QN88PC6/I5'

Info: Cell O_psram_ck[0] not found
Info: Cell O_psram_ck[1] not found
Info: Cell O_psram_ck_n[0] not found
Info: Cell O_psram_ck_n[1] not found
Info: Cell O_psram_cs_n[0] not found
Info: Cell O_psram_cs_n[1] not found
Info: Cell O_psram_reset_n[0] not found
Info: Cell O_psram_reset_n[1] not found
Info: Cell IO_psram_dq[0] not found
Info: Cell IO_psram_dq[1] not found
Info: Cell IO_psram_dq[2] not found
Info: Cell IO_psram_dq[3] not found
Info: Cell IO_psram_dq[4] not found
Info: Cell IO_psram_dq[5] not found
Info: Cell IO_psram_dq[6] not found
Info: Cell IO_psram_dq[7] not found
Info: Cell IO_psram_dq[8] not found
Info: Cell IO_psram_dq[9] not found
Info: Cell IO_psram_dq[10] not found
Info: Cell IO_psram_dq[11] not found
Info: Cell IO_psram_dq[12] not found
Info: Cell IO_psram_dq[13] not found
Info: Cell IO_psram_dq[14] not found
Info: Cell IO_psram_dq[15] not found
Info: Cell IO_psram_rwds[0] not found
Info: Cell IO_psram_rwds[1] not found
Info: Reading constraints...
Info: Create constant nets...
Info: Modify LUTs...
Info: Pack IOBs...
Info: Pack I3C IOs...
Info: Pack MIPI IOs...
Info: Pack diff IOBs...
Info: Pack FFs into IO cells...
Info: Pack IODELAY...
Info: Pack Input Edge Monitors...
Info: Pack IO logic...
Info: Pack DESER16 logic...
Info: Pack GSR...
Info: Pack HCLK cells...
Info: Pack DLLDLYs...
Info: Pack wide LUTs...
Info: Packed MUX2_LUT8:0, MUX2_LU7:0, MUX2_LUT6:0, MUX2_LUT5:164
Info: Pack ALUs...
Info: Pack SSRAMs...
Info: Constrained 1094 LUTFF pairs.
Info: Pack PLL...
Info: Pack ADC...
Info: Pack GW JTAG...
Info: Pack BSRAMs...
Info: Pack DSP...
Info: Pack INV...
Info: Pack buffered nets...
Info: Pack EMCU and UserFlash cells...
Info: Pack UserFlash cells...
Info: Pack DQCE cells...
Info: Pack DCS cells...
Info: Checksum: 0x115c6eea

Info: Device utilisation:
Info: 	                 VCC:       1/      1   100%
Info: 	                 IOB:       3/    276     1%
Info: 	                LUT4:    4879/   8640    56%
Info: 	              OSER16:       0/     80     0%
Info: 	              IDES16:       0/     80     0%
Info: 	            IOLOGICI:       0/    276     0%
Info: 	            IOLOGICO:       0/    276     0%
Info: 	           MUX2_LUT5:     164/   4320     3%
Info: 	           MUX2_LUT6:       0/   2160     0%
Info: 	           MUX2_LUT7:       0/   1080     0%
Info: 	           MUX2_LUT8:       0/   1080     0%
Info: 	                 ALU:    2014/   6480    31%
Info: 	                 GND:       1/      1   100%
Info: 	                 DFF:    2479/   6480    38%
Info: 	           RAM16SDP4:       0/    270     0%
Info: 	               BSRAM:       3/     26    11%
Info: 	              ALU54D:       0/     10     0%
Info: 	     MULTADDALU18X18:       0/     10     0%
Info: 	        MULTALU18X18:       0/     10     0%
Info: 	        MULTALU36X18:       0/     10     0%
Info: 	           MULT36X36:       0/      5     0%
Info: 	           MULT18X18:       8/     20    40%
Info: 	             MULT9X9:       0/     40     0%
Info: 	              PADD18:       0/     20     0%
Info: 	               PADD9:       0/     40     0%
Info: 	                 GSR:       1/      1   100%
Info: 	                 OSC:       0/      1     0%
Info: 	                rPLL:       0/      2     0%
Info: 	           FLASH608K:       0/      1     0%
Info: 	                BUFG:       0/     22     0%
Info: 	                DQCE:       0/     24     0%
Info: 	                 DCS:       0/      8     0%
Info: 	               DHCEN:       0/     24     0%
Info: 	              CLKDIV:       0/      8     0%
Info: 	             CLKDIV2:       0/     16     0%
Info: 	           MIPI_IBUF:       0/     22     0%
Info: 	           MIPI_OBUF:       0/     20     0%

Info: Running custom HCLK placer...
Info: Placed 0 cells based on constraints.
Info: Creating initial analytic placement for 4223 cells, random placement wirelen = 185808.
Info:     at initial placer iter 0, wirelen = 755
Info:     at initial placer iter 1, wirelen = 1562
Info:     at initial placer iter 2, wirelen = 1576
Info:     at initial placer iter 3, wirelen = 1578
Info: Running main analytical placer, max placement attempts per cell = 11484028.
Info:     at iteration #1, type ALL: wirelen solved = 1576, spread = 61785, legal = 126785; time = 10.16s
Info:     at iteration #2, type ALL: wirelen solved = 2505, spread = 59933, legal = 98939; time = 3.62s
Info:     at iteration #3, type ALL: wirelen solved = 5659, spread = 48382, legal = 84636; time = 6.12s
Info:     at iteration #4, type ALL: wirelen solved = 7954, spread = 51283, legal = 87942; time = 4.57s
Info:     at iteration #5, type ALL: wirelen solved = 9746, spread = 46134, legal = 81408; time = 4.26s
Info:     at iteration #6, type ALL: wirelen solved = 10960, spread = 46603, legal = 84236; time = 6.51s
Info:     at iteration #7, type ALL: wirelen solved = 12461, spread = 38509, legal = 78892; time = 5.85s
Info:     at iteration #8, type ALL: wirelen solved = 13068, spread = 45623, legal = 76606; time = 4.12s
Info:     at iteration #9, type ALL: wirelen solved = 14490, spread = 41263, legal = 70369; time = 4.03s
Info:     at iteration #10, type ALL: wirelen solved = 14864, spread = 39242, legal = 74309; time = 3.79s
Info:     at iteration #11, type ALL: wirelen solved = 16579, spread = 40243, legal = 57566; time = 2.00s
Info:     at iteration #12, type ALL: wirelen solved = 16752, spread = 31952, legal = 52194; time = 1.40s
Info:     at iteration #13, type ALL: wirelen solved = 17490, spread = 35194, legal = 61133; time = 3.41s
Info:     at iteration #14, type ALL: wirelen solved = 17479, spread = 39780, legal = 61712; time = 4.60s
Info:     at iteration #15, type ALL: wirelen solved = 18827, spread = 39967, legal = 60586; time = 4.38s
Info:     at iteration #16, type ALL: wirelen solved = 19334, spread = 41314, legal = 58134; time = 4.24s
Info:     at iteration #17, type ALL: wirelen solved = 20039, spread = 34397, legal = 54374; time = 2.82s
Info: HeAP Placer Time: 79.09s
Info:   of which solving equations: 6.57s
Info:   of which spreading cells: 0.67s
Info:   of which strict legalisation: 69.56s

Info: Running simulated annealing placer for refinement.
Info:   at iteration #1: temp = 0.000000, timing cost = 74, wirelen = 52194
Info:   at iteration #5: temp = 0.000000, timing cost = 19, wirelen = 42269
Info:   at iteration #10: temp = 0.000000, timing cost = 17, wirelen = 39463
Info:   at iteration #15: temp = 0.000000, timing cost = 15, wirelen = 38269
Info:   at iteration #20: temp = 0.000000, timing cost = 14, wirelen = 37519
Info:   at iteration #25: temp = 0.000000, timing cost = 14, wirelen = 37281
Info:   at iteration #30: temp = 0.000000, timing cost = 14, wirelen = 37177
Info:   at iteration #35: temp = 0.000000, timing cost = 14, wirelen = 37158
Info:   at iteration #35: temp = 0.000000, timing cost = 14, wirelen = 37168 
Info: SA placement time 85.15s

Info: Max frequency for clock 'g_rs.u_rs.clk': 109.31 MHz (PASS at 65.00 MHz)

Info: Slack histogram:
Info:  legend: * represents 5 endpoint(s)
Info:          + represents [1,5) endpoint(s)
Info: [  6236,   6669) |+
Info: [  6669,   7102) |+
Info: [  7102,   7535) |+
Info: [  7535,   7968) |****+
Info: [  7968,   8401) |****+
Info: [  8401,   8834) |********+
Info: [  8834,   9267) |*********************+
Info: [  9267,   9700) |*****************+
Info: [  9700,  10133) |************************+
Info: [ 10133,  10566) |************************+
Info: [ 10566,  10999) |***********************+
Info: [ 10999,  11432) |*************************************+
Info: [ 11432,  11865) |*********************+
Info: [ 11865,  12298) |***********************+
Info: [ 12298,  12731) |*************************+
Info: [ 12731,  13164) |****************+
Info: [ 13164,  13597) |************************+
Info: [ 13597,  14030) |**********+
Info: [ 14030,  14463) |************************+
Info: [ 14463,  14896) |************************************************************ 
Info: Checksum: 0x391b19f1
Info: Routing globals...
Info:     'g_rs.u_rs.clk' net was routed using global resources only.
Info:     'g_rs.u_rs.u_feedback_mul.low_product_LUT4_I0_2_F_LUT2_I1_F_DFFC_Q_D_LUT4_I0_1_F_LUT4_I1_F_LUT3_I1_I2_LUT3_F_I2_LUT3_I2_F_DFFCE_CE_Q_LUT3_I0_I2_DFFCE_Q_D_ALU_I1_COUT_ALU_CIN_SUM_ALU_SUM_CIN_ALU_COUT_SUM_LUT2_I1_F' is routed using segments.
Info:     'g_rs.u_rs.u_feedback_mul.low_product_LUT4_I0_2_F_LUT2_I1_F_DFFC_Q_D_LUT4_I0_1_F_LUT4_I1_F_LUT3_I1_I2_LUT3_F_I2_LUT3_I2_F_DFFCE_CE_Q_LUT3_I0_I2_DFFCE_Q_D_ALU_I1_COUT_ALU_CIN_COUT_ALU_CIN_COUT_ALU_CIN_COUT_ALU_CIN_COUT_ALU_CIN_COUT_ALU_CIN_COUT_ALU_CIN_COUT_ALU_CIN_SUM_LUT3_I2_1_F' is routed using segments.
Info:     'g_rs.u_rs.u_feedback_mul.low_product_LUT4_I0_2_F_LUT2_I1_F_DFFC_Q_D_LUT4_I0_1_F_LUT4_I1_F_LUT3_I1_I2_LUT3_F_I2_LUT3_I2_F_DFFCE_CE_Q_LUT3_I0_I2_DFFCE_Q_D_ALU_I1_COUT_ALU_CIN_SUM_ALU_SUM_CIN_ALU_COUT_SUM_LUT2_I1_1_F' is routed using segments.
Info:     'g_rs.u_rs.lambda_select_DFFR_Q_7_D_LUT4_F_I2_LUT4_F_I3_LUT4_F_I1_LUT3_F_I2_LUT3_I2_F_DFFC_D_Q[1]' is routed using segments.
Info:     'g_rs.u_rs.u_feedback_mul.low_product_LUT4_I0_2_F_LUT2_I1_F_DFFC_Q_D_LUT4_I0_1_F_LUT4_I1_F_LUT3_I1_I2_LUT3_F_I2_LUT3_I2_F_DFFCE_CE_Q_LUT3_I0_I2_DFFCE_Q_D_ALU_I1_COUT_ALU_CIN_SUM_LUT3_I2_1_F' is routed using segments.
Info:     'g_rs.u_rs.u_feedback_mul.low_product_LUT4_I0_2_F_LUT2_I1_F_DFFC_Q_D_LUT4_I0_1_F_LUT4_I1_F_LUT3_I1_I2_LUT3_F_I2_LUT3_I2_F_DFFCE_CE_Q_LUT3_I0_I2_DFFCE_Q_D_ALU_I1_COUT_ALU_CIN_COUT_ALU_CIN_COUT_ALU_CIN_COUT_ALU_CIN_COUT_ALU_CIN_SUM_LUT3_I2_F' is routed using segments.
Info:     'g_rs.u_rs.u_feedback_mul.low_product_LUT4_I0_2_F_LUT2_I1_F_DFFC_Q_D_LUT4_I0_1_F_LUT4_I1_F_LUT3_I1_I2_LUT3_F_I2_LUT3_I2_F_DFFCE_CE_Q_LUT3_I0_I2_DFFCE_Q_D_ALU_I1_COUT_ALU_CIN_COUT_ALU_CIN_SUM_LUT3_I2_F' is routed using segments.
Info:     'g_viterbi.g_32acs.u_viterbi.metrics[6]_DFFE_Q_14_D_LUT4_F_I2[3]' is routed using segments.
Info:     'g_rs.u_rs.u_feedback_mul.low_product_LUT4_I0_2_F_LUT2_I1_F_DFFC_Q_D_LUT4_I0_1_F_LUT4_I1_F_LUT3_I1_I2_LUT3_F_I2_LUT3_I2_F_DFFCE_CE_Q_LUT3_I0_I2_DFFCE_Q_D_ALU_I1_COUT_ALU_CIN_SUM_ALU_SUM_I0_ALU_I0_SUM_LUT3_I2_F' is routed using segments.
Info:     'g_rs.u_rs.resetn_LUT2_I0_F_LUT2_F_I1[1]' is routed using segments.
Info:     'g_rs.u_rs.bpoly_select_DFFR_Q_6_D_LUT4_I3_F_LUT4_F_I3_LUT4_F_3_I3_DFFCE_Q_D_LUT3_F_I2_LUT4_I3_F_LUT4_F_I3_DFFCE_Q_D_LUT4_F_I3_DFFCE_Q_D_MUX2_LUT5_O_I1_LUT4_F_I3[1]' is routed using segments.
Info:     'g_rs.u_rs.u_feedback_mul.low_product_LUT4_I0_2_F_LUT2_I1_F_DFFC_Q_D_LUT4_I0_1_F_LUT4_I1_F_LUT3_I1_I2_LUT3_F_I2_LUT3_I2_F_DFFCE_CE_Q_LUT3_I0_I2_DFFCE_Q_D_ALU_I1_COUT_ALU_CIN_SUM_ALU_SUM_I0_ALU_I0_COUT_ALU_CIN_COUT_ALU_CIN_COUT_ALU_CIN_COUT_ALU_CIN_SUM_LUT3_I2_F' is routed using segments.
Info:     'g_rs.u_rs.u_feedback_mul.low_product_LUT4_I0_2_F_LUT2_I1_F_DFFC_Q_D_LUT4_I0_1_F_LUT4_I1_F_LUT3_I1_I2_LUT3_F_I2_LUT3_I2_F_DFFCE_CE_Q_LUT3_I0_I2_DFFCE_Q_D_ALU_I1_COUT_ALU_CIN_COUT_ALU_CIN_COUT_ALU_CIN_COUT_ALU_CIN_SUM_LUT3_I2_1_F' is routed using segments.
Info:     'g_rs.u_rs.resetn_LUT2_I0_1_F_LUT3_I2_F_LUT2_I1_I0_LUT3_I2_F_LUT2_I0_F' is routed using segments.
Info:     'g_rs.u_rs.u_feedback_mul.low_product_LUT4_I0_2_F_LUT2_I1_F_DFFC_Q_D_LUT4_I0_1_F_LUT4_I1_F_LUT3_I1_I2_LUT3_F_I2_LUT3_I2_F_DFFCE_CE_Q_LUT3_I0_I2_DFFCE_Q_D_ALU_I1_COUT_ALU_CIN_COUT_ALU_CIN_COUT_ALU_CIN_COUT_ALU_CIN_COUT_ALU_CIN_COUT_ALU_CIN_SUM_LUT3_I2_F' is routed using segments.
Info:     'g_rs.u_rs.u_feedback_mul.low_product_LUT4_I0_2_F_LUT2_I1_F_DFFC_Q_D_LUT4_I0_1_F_LUT4_I1_F_LUT3_I1_I2_LUT3_F_I2_LUT3_I2_F_DFFCE_CE_Q_LUT3_I0_I2_DFFCE_Q_D_ALU_I1_COUT_ALU_CIN_COUT_ALU_CIN_COUT_ALU_CIN_SUM_LUT3_I2_F' is routed using segments.
Info:     'g_viterbi.g_32acs.u_viterbi.metrics[3]_DFFE_Q_2_D_LUT4_F_I2[3]' is routed using segments.
Info:     'g_rs.u_rs.error_x_q_DFFE_Q_1_D_LUT3_F_I2[0]' is routed using segments.
Info:     'g_rs.u_rs.lambda_select_DFFR_Q_6_D_LUT3_F_I1_LUT4_F_I2_LUT4_F_I2_LUT2_I0_F_DFFC_D_Q[1]' is routed using segments.
Info:     'g_rs.u_rs.bpoly_select_DFFR_Q_6_D_LUT4_I3_F_LUT4_F_1_I3_LUT4_F_3_I2_LUT4_I2_I3[1]' is routed using segments.
Info:     'g_rs.u_rs.u_feedback_mul.low_product_LUT4_I0_2_F_LUT2_I1_F_DFFC_Q_D_LUT4_I0_1_F_LUT4_I1_F_LUT3_I1_I2_LUT3_F_I2_LUT3_I2_F_DFFCE_CE_Q_LUT3_I0_I2_DFFCE_Q_D_ALU_I1_COUT_ALU_CIN_COUT_ALU_CIN_COUT_ALU_CIN_SUM_LUT3_I2_1_F' is routed using segments.
Info:     'g_rs.u_rs.resetn_LUT2_I0_1_F_LUT3_I2_F_LUT2_I1_I0_LUT2_I0_I1_LUT3_I2_F' is routed using segments.
Info:     'g_rs.u_rs.lambda_select_DFFR_Q_7_D_LUT4_F_I2_LUT4_F_I3_LUT4_F_I1_LUT3_F_I2_LUT3_I2_F_DFFC_D_Q[0]' is routed using segments.
Info:     'g_rs.u_rs.bpoly_select_DFFR_Q_6_D[0]' is routed using segments.
Info:     'g_rs.u_rs.coefficient_b_DFFR_Q_7_D_LUT4_F_I3_LUT4_F_I3_LUT4_F_1_I3_DFFCE_Q_D_LUT2_F_I0_DFFCE_Q_D_LUT2_F_I0_LUT4_I3_F_LUT4_I3_F[1]' is routed using segments.
Info:     'g_rs.u_rs.u_feedback_mul.low_product_LUT4_I0_2_F_LUT2_I1_F_DFFC_Q_D_LUT4_I0_1_F_LUT4_I1_F_LUT3_I1_I2_LUT3_F_I2_LUT3_I2_F_DFFCE_CE_Q_LUT3_I0_I2_DFFCE_Q_D_ALU_I1_COUT_ALU_CIN_COUT_ALU_CIN_SUM_LUT3_I2_1_F' is routed using segments.
Info:     'g_rs.u_rs.feedback_a_DFFR_Q_1_D_LUT4_F_I3_LUT4_F_I3_DFFCE_D_Q_LUT4_F_I3_LUT4_F_I0[3]' is routed using segments.
Info:     'g_rs.u_rs.lambda_select_DFFR_Q_7_D_LUT4_F_I3_LUT4_F_I0_LUT3_I0_F_LUT4_F_1_I3_LUT3_F_I2_LUT4_I2_F_DFFCE_CE_1_Q[0]' is routed using segments.
Info:     'g_rs.u_rs.bpoly_select_DFFR_Q_6_D_LUT4_I3_F_LUT4_F_I3_LUT4_F_3_I3_DFFCE_Q_D_LUT3_F_I2_LUT4_I3_F_LUT4_F_I3_DFFCE_Q_D_LUT4_F_I3_DFFCE_Q_D_MUX2_LUT5_O_I1_LUT4_F_I3_LUT4_I2_I3_LUT4_I1_F_DFFCE_Q_1_D_LUT4_F_I3_LUT2_I0_I1[1]' is routed using segments.
Info:     'g_rs.u_rs.bpoly_select_DFFR_Q_6_D_LUT4_I3_F_LUT4_F_I3_LUT4_F_3_I3_LUT4_I1_F_LUT3_F_I2_LUT4_F_1_I3[1]' is routed using segments.
Info:     'g_rs.u_rs.u_feedback_mul.low_product_LUT4_I0_2_F_LUT2_I1_F_DFFC_Q_D_LUT4_I0_1_F_LUT4_I1_F_LUT3_I1_I2_LUT3_F_I2_LUT3_I2_F_DFFCE_CE_Q_LUT3_I0_I2_DFFCE_Q_D_ALU_I1_COUT_ALU_CIN_COUT_ALU_CIN_COUT_ALU_CIN_COUT_ALU_CIN_COUT_ALU_CIN_COUT_ALU_CIN_COUT_ALU_CIN_SUM_LUT3_I2_F' is routed using segments.
Info:     'g_rs.u_rs.resetn_LUT2_I0_F[0]' is routed using segments.
Info:     'g_rs.u_rs.u_feedback_mul.low_product_LUT4_I0_2_F_LUT2_I1_F_DFFC_Q_D_LUT4_I0_1_F_LUT4_I1_F_LUT3_I1_I2_LUT3_F_I2_LUT3_I2_F_DFFCE_CE_Q_LUT3_I0_I2_DFFCE_Q_D_ALU_I1_COUT_ALU_CIN_SUM_ALU_SUM_I0_ALU_I0_SUM_LUT3_I2_1_F' is routed using segments.
Info:     'g_rs.u_rs.u_feedback_mul.low_product_LUT4_I0_2_F_LUT2_I1_F_DFFC_Q_D_LUT4_I0_1_F_LUT4_I1_F_LUT3_I1_I2_LUT3_F_I2_LUT3_I2_F_DFFCE_CE_Q_LUT3_I0_I2_DFFCE_Q_D_ALU_I1_COUT_ALU_CIN_SUM_ALU_SUM_I0_ALU_I0_COUT_ALU_CIN_COUT_ALU_CIN_COUT_ALU_CIN_SUM_LUT3_I2_F' is routed using segments.
Info:     'g_viterbi.g_32acs.u_viterbi.survivor_lo.0.0_DO_8_DFFCE_Q_CE' is routed using segments.
Info:     'g_rs.u_rs.error_x[7]_DFFE_Q_2_D[2]' is routed using segments.
Info:     'g_rs.u_rs.feedback_a_DFFR_Q_7_D_LUT4_F_I0[3]' is routed using segments.
Info:     'g_rs.u_rs.lambda_select_DFFR_Q_7_D_LUT4_F_I3_LUT4_F_I0_LUT3_I0_F_LUT4_F_1_I3_LUT3_F_I2_LUT2_I1_F_DFFCE_CE_Q_DFFPE_Q_D_LUT3_F_I2_LUT2_F_I1_LUT2_I1_F_LUT2_I1_F_ALU_SUM_CIN_ALU_COUT_CIN_ALU_COUT_SUM_LUT2_I0_F_DFFCE_D_Q_LUT4_I0_F[1]' is routed using segments.
Info:     'g_viterbi.g_32acs.u_viterbi.survivor_lo.0.0_DO_8_DFFCE_Q_CE_LUT3_F_I2[2]' is routed using segments.
Info:     'g_rs.u_rs.u_coefficient_mul.low_product_LUT4_I0_1_F_LUT4_I3_1_F_LUT3_I2_F_DFFCE_D_Q[0]' is routed using segments.
Info:     'g_rs.u_rs.u_coefficient_mul.low_product_LUT4_I0_1_F_LUT3_I2_F_LUT3_I2_F_DFFCE_D_Q[0]' is routed using segments.
Info:     'g_rs.u_rs.u_feedback_mul.low_product_LUT4_I0_2_F_LUT2_I1_F_DFFC_Q_D_LUT4_I0_1_F_LUT4_I1_F_LUT3_I1_I2_LUT3_F_I2_LUT3_I2_F_DFFCE_CE_Q_LUT3_I0_I2_DFFCE_Q_D_ALU_I1_COUT_ALU_CIN_COUT_ALU_CIN_COUT_ALU_CIN_COUT_ALU_CIN_COUT_ALU_CIN_COUT_ALU_CIN_COUT_ALU_CIN_COUT_ALU_CIN_SUM_LUT3_I2_F' is routed using segments.
Info:     'g_rs.u_rs.lambda_select_DFFR_Q_7_D_LUT4_F_I2_LUT4_F_I3_LUT4_F_I1_LUT3_F_I2[0]' is routed using segments.
Info:     'g_rs.u_rs.lambda_select_DFFR_Q_7_D_LUT4_F_I2_LUT4_F_I3_LUT4_F_I1_LUT3_F_I2[1]' is routed using segments.
Info:     'g_viterbi.g_32acs.u_viterbi.metrics[48]_DFFE_Q_6_D_LUT4_F_I2_ALU_SUM_I1_ALU_I1_CIN_ALU_COUT_CIN_ALU_COUT_CIN_ALU_COUT_CIN_ALU_COUT_CIN_ALU_COUT_SUM[3]' is routed using segments.
Info:     'g_rs.u_rs.resetn_LUT2_I0_I1_LUT2_F_I1_LUT3_I2_F' is routed using segments.
Info:     'g_rs.u_rs.error_x[7]_DFFE_Q_1_D[2]' is routed using segments.

Info: Routing..
Info: Setting up routing queue.
Info: Routing 23081 arcs.
Info:            |   (re-)routed arcs  |   delta    | remaining|       time spent     |
Info:    IterCnt |  w/ripup   wo/ripup |  w/r  wo/r |      arcs| batch(sec) total(sec)|
Info:       1000 |       14        985 |   14   985 |     22109|       1.96       1.96|
Info:       2000 |       81       1911 |   67   926 |     21197|       1.47       3.43|
Info:       3000 |      130       2799 |   49   888 |     20255|       1.28       4.71|
Info:       4000 |      139       3737 |    9   938 |     19265|       0.76       5.47|
Info:       5000 |      142       4623 |    3   886 |     18268|       1.39       6.86|
Info:       6000 |      145       5523 |    3   900 |     17271|       1.52       8.38|
Info:       7000 |      150       6417 |    5   894 |     16276|       1.84      10.21|
Info:       8000 |      157       7298 |    7   881 |     15284|       1.85      12.06|
Info:       9000 |      172       8170 |   15   872 |     14302|       1.99      14.06|
Info:      10000 |      185       9045 |   13   875 |     13321|       2.28      16.33|
Info:      11000 |      195       9926 |   10   881 |     12332|       2.26      18.60|
Info:      12000 |      208      10806 |   13   880 |     11348|       2.40      20.99|
Info:      13000 |      227      11700 |   19   894 |     10378|       1.94      22.93|
Info:      14000 |      252      12557 |   25   857 |      9409|       2.64      25.58|
Info:      15000 |      285      13425 |   33   868 |      8453|       3.25      28.83|
Info:      16000 |      320      14303 |   35   878 |      7505|       3.34      32.17|
Info:      17000 |      374      15160 |   54   857 |      6574|       3.67      35.84|
Info:      18000 |      438      15990 |   64   830 |      5678|       4.10      39.93|
Info:      19000 |      512      16830 |   74   840 |      4773|       3.76      43.70|
Info:      20000 |      616      17644 |  104   814 |      3916|       4.50      48.20|
Info:      21000 |      764      18408 |  148   764 |      3124|       5.05      53.25|
Info:      22000 |      885      19193 |  121   785 |      2287|       5.39      58.65|
Info:      23000 |     1044      19958 |  159   765 |      1492|       5.61      64.25|
Info:      24000 |     1228      20695 |  184   737 |       768|       6.17      70.42|
Info:      25000 |     1443      21401 |  215   706 |        62|       6.51      76.93|
Info:      25158 |     1483      21510 |   40   109 |         0|       1.68      78.61|
Info: Routing complete.
Info: Router1 time 78.61s
Info: Checksum: 0xfc27b725

Info: Critical path report for clock 'g_rs.u_rs.clk' (posedge -> posedge):
Info:       type curr  total name
Info:   clk-to-q  3.46  3.46 Source g_viterbi.g_32acs.u_viterbi.survivor_lo.0.0.DO31
Info:    routing  1.60  5.06 Net g_viterbi.g_32acs.u_viterbi.survivor_lo.0.0_DO_31[2] (16,9) -> (16,4)
Info:                          Sink g_viterbi.g_32acs.u_viterbi.survivor_lo.0.0_DO_30_LUT4_I2_F_LUT4_F.I2
Info:                          Defined in:
Info:                               /tmp/oss-cad-suite/lib/../share/yosys/gowin/cells_map.v:130.20-130.21
Info:      logic  0.82  5.88 Source g_viterbi.g_32acs.u_viterbi.survivor_lo.0.0_DO_30_LUT4_I2_F_LUT4_F.F
Info:    routing  0.33  6.21 Net g_viterbi.g_32acs.u_viterbi.survivor_lo.0.0_DO_30_LUT4_I2_F[2] (16,4) -> (16,4)
Info:                          Sink g_viterbi.g_32acs.u_viterbi.survivor_lo.0.0_DO_28_LUT4_I2_F_LUT4_F.I2
Info:                          Defined in:
Info:                               /tmp/oss-cad-suite/lib/../share/yosys/gowin/cells_map.v:130.20-130.21
Info:      logic  0.82  7.03 Source g_viterbi.g_32acs.u_viterbi.survivor_lo.0.0_DO_28_LUT4_I2_F_LUT4_F.F
Info:    routing  0.89  7.92 Net g_viterbi.g_32acs.u_viterbi.survivor_lo.0.0_DO_28_LUT4_I2_F[3] (16,4) -> (17,3)
Info:                          Sink g_viterbi.g_32acs.u_viterbi.survivor_lo.0.0_DO_4_LUT4_I2_F_LUT4_I3_F_LUT4_I3_F_LUT4_F_2_I3_LUT4_F.I3
Info:                          Defined in:
Info:                               /tmp/oss-cad-suite/lib/../share/yosys/gowin/cells_map.v:130.20-130.21
Info:      logic  0.62  8.55 Source g_viterbi.g_32acs.u_viterbi.survivor_lo.0.0_DO_4_LUT4_I2_F_LUT4_I3_F_LUT4_I3_F_LUT4_F_2_I3_LUT4_F.F
Info:    routing  0.41  8.96 Net g_viterbi.g_32acs.u_viterbi.survivor_lo.0.0_DO_4_LUT4_I2_F_LUT4_I3_F_LUT4_I3_F_LUT4_F_2_I3[3] (17,3) -> (17,2)
Info:                          Sink g_viterbi.g_32acs.u_viterbi.survivor_lo.0.0_DO_4_LUT4_I2_F_LUT4_I3_F_LUT4_I3_F_LUT4_F_2.I3
Info:                          Defined in:
Info:                               /tmp/oss-cad-suite/lib/../share/yosys/gowin/cells_map.v:130.20-130.21
Info:      logic  0.62  9.58 Source g_viterbi.g_32acs.u_viterbi.survivor_lo.0.0_DO_4_LUT4_I2_F_LUT4_I3_F_LUT4_I3_F_LUT4_F_2.F
Info:    routing  0.33  9.91 Net g_viterbi.g_32acs.u_viterbi.survivor_lo.0.0_DO_4_LUT4_I2_F_LUT4_I3_F_LUT4_I3_F[1] (17,2) -> (17,2)
Info:                          Sink g_viterbi.g_32acs.u_viterbi.survivor_hi.0.0_DO_12_LUT4_I2_F_LUT3_I2_F_LUT4_I3_F_LUT4_I3_F_MUX2_LUT5_O_I0_LUT4_F.I1
Info:                          Defined in:
Info:                               /tmp/oss-cad-suite/lib/../share/yosys/gowin/cells_map.v:130.20-130.21
Info:      logic  1.10  11.01 Source g_viterbi.g_32acs.u_viterbi.survivor_hi.0.0_DO_12_LUT4_I2_F_LUT3_I2_F_LUT4_I3_F_LUT4_I3_F_MUX2_LUT5_O_I0_LUT4_F.F
Info:    routing  0.00  11.01 Net g_viterbi.g_32acs.u_viterbi.survivor_hi.0.0_DO_12_LUT4_I2_F_LUT3_I2_F_LUT4_I3_F_LUT4_I3_F_MUX2_LUT5_O_I0 (17,2) -> (17,2)
Info:                          Sink g_viterbi.g_32acs.u_viterbi.survivor_hi.0.0_DO_12_LUT4_I2_F_LUT3_I2_F_LUT4_I3_F_LUT4_I3_F_MUX2_LUT5_O.I0
Info:                          Defined in:
Info:                               /tmp/oss-cad-suite/lib/../share/yosys/gowin/cells_map.v:151.9-151.11
Info:      logic  0.47  11.48 Source g_viterbi.g_32acs.u_viterbi.survivor_hi.0.0_DO_12_LUT4_I2_F_LUT3_I2_F_LUT4_I3_F_LUT4_I3_F_MUX2_LUT5_O.O
Info:    routing  0.89  12.37 Net g_viterbi.g_32acs.u_viterbi.survivor_hi.0.0_DO_12_LUT4_I2_F_LUT3_I2_F_LUT4_I3_F_LUT4_I3_F[3] (17,2) -> (14,2)
Info:                          Sink g_viterbi.g_32acs.u_viterbi.survivor_hi.0.0_DO_12_LUT4_I2_F_LUT3_I2_F_LUT4_I3_F_LUT4_I3_F_DFFCE_Q_D_LUT4_F.I3
Info:                          Defined in:
Info:                               /tmp/oss-cad-suite/lib/../share/yosys/gowin/cells_map.v:130.20-130.21
Info:      logic  0.62  13.00 Source g_viterbi.g_32acs.u_viterbi.survivor_hi.0.0_DO_12_LUT4_I2_F_LUT3_I2_F_LUT4_I3_F_LUT4_I3_F_DFFCE_Q_D_LUT4_F.F
Info:    routing  0.00  13.00 Net g_viterbi.g_32acs.u_viterbi.survivor_hi.0.0_DO_12_LUT4_I2_F_LUT3_I2_F_LUT4_I3_F_LUT4_I3_F_DFFCE_Q_D (14,2) -> (14,2)
Info:                          Sink g_viterbi.g_32acs.u_viterbi.survivor_hi.0.0_DO_12_LUT4_I2_F_LUT3_I2_F_LUT4_I3_F_LUT4_I3_F_DFFCE_Q.D
Info:      setup  0.40  13.40 Source g_viterbi.g_32acs.u_viterbi.survivor_hi.0.0_DO_12_LUT4_I2_F_LUT3_I2_F_LUT4_I3_F_LUT4_I3_F_DFFCE_Q.D
Info: 8.95 ns logic, 4.45 ns routing

Info: Max frequency for clock 'g_rs.u_rs.clk': 74.65 MHz (PASS at 65.00 MHz)

Info: Slack histogram:
Info:  legend: * represents 3 endpoint(s)
Info:          + represents [1,3) endpoint(s)
Info: [  1989,   2614) |+
Info: [  2614,   3239) | 
Info: [  3239,   3864) | 
Info: [  3864,   4489) | 
Info: [  4489,   5114) |+
Info: [  5114,   5739) |+
Info: [  5739,   6364) |*+
Info: [  6364,   6989) |***+
Info: [  6989,   7614) |*******+
Info: [  7614,   8239) |**+
Info: [  8239,   8864) |****+
Info: [  8864,   9489) |****+
Info: [  9489,  10114) |***********+
Info: [ 10114,  10739) |*********************************************+
Info: [ 10739,  11364) |************************************************************ 
Info: [ 11364,  11989) |***********************************+
Info: [ 11989,  12614) |*******************+
Info: [ 12614,  13239) |*************************+
Info: [ 13239,  13864) |********** 
Info: [ 13864,  14489) |*+

Info: Program finished normally.
