Info: Using uarch 'gowin' for device 'GW1NR-LV9QN88PC6/I5'

Info: Cell O_psram_ck[0] not found
Info: Cell O_psram_ck[1] not found
Info: Cell O_psram_ck_n[0] not found
Info: Cell O_psram_ck_n[1] not found
Info: Cell O_psram_cs_n[0] not found
Info: Cell O_psram_cs_n[1] not found
Info: Cell O_psram_reset_n[0] not found
Info: Cell O_psram_reset_n[1] not found
Info: Cell IO_psram_dq[0] not found
Info: Cell IO_psram_dq[1] not found
Info: Cell IO_psram_dq[2] not found
Info: Cell IO_psram_dq[3] not found
Info: Cell IO_psram_dq[4] not found
Info: Cell IO_psram_dq[5] not found
Info: Cell IO_psram_dq[6] not found
Info: Cell IO_psram_dq[7] not found
Info: Cell IO_psram_dq[8] not found
Info: Cell IO_psram_dq[9] not found
Info: Cell IO_psram_dq[10] not found
Info: Cell IO_psram_dq[11] not found
Info: Cell IO_psram_dq[12] not found
Info: Cell IO_psram_dq[13] not found
Info: Cell IO_psram_dq[14] not found
Info: Cell IO_psram_dq[15] not found
Info: Cell IO_psram_rwds[0] not found
Info: Cell IO_psram_rwds[1] not found
Info: Reading constraints...
Info: Create constant nets...
Info: Modify LUTs...
Info: Pack IOBs...
Info: Pack I3C IOs...
Info: Pack MIPI IOs...
Info: Pack diff IOBs...
Info: Pack FFs into IO cells...
Info: Pack IODELAY...
Info: Pack Input Edge Monitors...
Info: Pack IO logic...
Info: Pack DESER16 logic...
Info: Pack GSR...
Info: Pack HCLK cells...
Info: Pack DLLDLYs...
Info: Pack wide LUTs...
Info: Packed MUX2_LUT8:0, MUX2_LU7:0, MUX2_LUT6:0, MUX2_LUT5:159
Info: Pack ALUs...
Info: Pack SSRAMs...
Info: Constrained 1205 LUTFF pairs.
Info: Pack PLL...
Info: Pack ADC...
Info: Pack GW JTAG...
Info: Pack BSRAMs...
Info: Pack DSP...
Info: Pack INV...
Info: Pack buffered nets...
Info: Pack EMCU and UserFlash cells...
Info: Pack UserFlash cells...
Info: Pack DQCE cells...
Info: Pack DCS cells...
Info: Checksum: 0xf3f2e67c

Info: Device utilisation:
Info: 	                 VCC:       1/      1   100%
Info: 	                 IOB:       3/    276     1%
Info: 	                LUT4:    5040/   8640    58%
Info: 	              OSER16:       0/     80     0%
Info: 	              IDES16:       0/     80     0%
Info: 	            IOLOGICI:       0/    276     0%
Info: 	            IOLOGICO:       0/    276     0%
Info: 	           MUX2_LUT5:     159/   4320     3%
Info: 	           MUX2_LUT6:       0/   2160     0%
Info: 	           MUX2_LUT7:       0/   1080     0%
Info: 	           MUX2_LUT8:       0/   1080     0%
Info: 	                 ALU:    2024/   6480    31%
Info: 	                 GND:       1/      1   100%
Info: 	                 DFF:    2617/   6480    40%
Info: 	           RAM16SDP4:       0/    270     0%
Info: 	               BSRAM:       3/     26    11%
Info: 	              ALU54D:       0/     10     0%
Info: 	     MULTADDALU18X18:       0/     10     0%
Info: 	        MULTALU18X18:       0/     10     0%
Info: 	        MULTALU36X18:       0/     10     0%
Info: 	           MULT36X36:       0/      5     0%
Info: 	           MULT18X18:       8/     20    40%
Info: 	             MULT9X9:       0/     40     0%
Info: 	              PADD18:       0/     20     0%
Info: 	               PADD9:       0/     40     0%
Info: 	                 GSR:       1/      1   100%
Info: 	                 OSC:       0/      1     0%
Info: 	                rPLL:       0/      2     0%
Info: 	           FLASH608K:       0/      1     0%
Info: 	                BUFG:       0/     22     0%
Info: 	                DQCE:       0/     24     0%
Info: 	                 DCS:       0/      8     0%
Info: 	               DHCEN:       0/     24     0%
Info: 	              CLKDIV:       0/      8     0%
Info: 	             CLKDIV2:       0/     16     0%
Info: 	           MIPI_IBUF:       0/     22     0%
Info: 	           MIPI_OBUF:       0/     20     0%

Info: Running custom HCLK placer...
Info: Placed 0 cells based on constraints.
Info: Creating initial analytic placement for 4407 cells, random placement wirelen = 192410.
Info:     at initial placer iter 0, wirelen = 726
Info:     at initial placer iter 1, wirelen = 1613
Info:     at initial placer iter 2, wirelen = 1566
Info:     at initial placer iter 3, wirelen = 1566
Info: Running main analytical placer, max placement attempts per cell = 12224040.
Info:     at iteration #1, type ALL: wirelen solved = 1566, spread = 66034, legal = 131562; time = 11.87s
Info:     at iteration #2, type ALL: wirelen solved = 2870, spread = 59628, legal = 96921; time = 11.30s
Info:     at iteration #3, type ALL: wirelen solved = 6236, spread = 47654, legal = 100106; time = 8.46s
Info:     at iteration #4, type ALL: wirelen solved = 7227, spread = 44726, legal = 108906; time = 13.65s
Info:     at iteration #5, type ALL: wirelen solved = 9730, spread = 54695, legal = 103375; time = 9.56s
Info:     at iteration #6, type ALL: wirelen solved = 11204, spread = 59118, legal = 98548; time = 13.35s
Info:     at iteration #7, type ALL: wirelen solved = 13400, spread = 48859, legal = 89120; time = 6.60s
Info:     at iteration #8, type ALL: wirelen solved = 13510, spread = 50450, legal = 92258; time = 7.65s
Info:     at iteration #9, type ALL: wirelen solved = 15316, spread = 44086, legal = 79837; time = 5.60s
Info:     at iteration #10, type ALL: wirelen solved = 16089, spread = 43913, legal = 76788; time = 11.65s
Info:     at iteration #11, type ALL: wirelen solved = 17233, spread = 49305, legal = 68172; time = 3.91s
Info:     at iteration #12, type ALL: wirelen solved = 18189, spread = 36275, legal = 62176; time = 2.04s
Info:     at iteration #13, type ALL: wirelen solved = 18390, spread = 36516, legal = 59874; time = 2.77s
Info:     at iteration #14, type ALL: wirelen solved = 19090, spread = 35766, legal = 56820; time = 1.72s
Info:     at iteration #15, type ALL: wirelen solved = 20044, spread = 32631, legal = 54464; time = 1.85s
Info:     at iteration #16, type ALL: wirelen solved = 20915, spread = 35446, legal = 54210; time = 1.58s
Info:     at iteration #17, type ALL: wirelen solved = 21450, spread = 37099, legal = 53695; time = 1.56s
Info:     at iteration #18, type ALL: wirelen solved = 22459, spread = 33039, legal = 54463; time = 1.93s
Info:     at iteration #19, type ALL: wirelen solved = 23177, spread = 39876, legal = 60130; time = 2.11s
Info:     at iteration #20, type ALL: wirelen solved = 24711, spread = 39440, legal = 57204; time = 1.99s
Info:     at iteration #21, type ALL: wirelen solved = 26186, spread = 42045, legal = 59120; time = 2.01s
Info:     at iteration #22, type ALL: wirelen solved = 27829, spread = 45642, legal = 57983; time = 1.60s
Info: HeAP Placer Time: 128.80s
Info:   of which solving equations: 8.67s
Info:   of which spreading cells: 1.02s
Info:   of which strict legalisation: 115.92s

Info: Running simulated annealing placer for refinement.
Info:   at iteration #1: temp = 0.000000, timing cost = 56, wirelen = 53695
Info:   at iteration #5: temp = 0.000000, timing cost = 23, wirelen = 42612
Info:   at iteration #10: temp = 0.000000, timing cost = 22, wirelen = 39406
Info:   at iteration #15: temp = 0.000000, timing cost = 19, wirelen = 38160
Info:   at iteration #20: temp = 0.000000, timing cost = 19, wirelen = 37235
Info:   at iteration #25: temp = 0.000000, timing cost = 18, wirelen = 36938
Info:   at iteration #30: temp = 0.000000, timing cost = 18, wirelen = 36808
Info:   at iteration #30: temp = 0.000000, timing cost = 18, wirelen = 36813 
Info: SA placement time 89.86s

Info: Max frequency for clock 'g_mem.u_mem.clk': 97.31 MHz (PASS at 65.00 MHz)

Info: Slack histogram:
Info:  legend: * represents 4 endpoint(s)
Info:          + represents [1,4) endpoint(s)
Info: [  5108,   5597) |+
Info: [  5597,   6086) | 
Info: [  6086,   6575) | 
Info: [  6575,   7064) |*+
Info: [  7064,   7553) |*********+
Info: [  7553,   8042) |******+
Info: [  8042,   8531) |******************** 
Info: [  8531,   9020) |**************+
Info: [  9020,   9509) |**************************************** 
Info: [  9509,   9998) |***********************************+
Info: [  9998,  10487) |**********************************+
Info: [ 10487,  10976) |*********************************************************+
Info: [ 10976,  11465) |***********+
Info: [ 11465,  11954) |*****************************+
Info: [ 11954,  12443) |*****************************+
Info: [ 12443,  12932) |****************************************+
Info: [ 12932,  13421) |*********************+
Info: [ 13421,  13910) |***********************************+
Info: [ 13910,  14399) |******************************************************+
Info: [ 14399,  14888) |************************************************************ 
Info: Checksum: 0xa4c6306a
Info: Routing globals...
Info:     'g_mem.u_mem.clk' net was routed using global resources only.
Info:     'activity_OBUF_O_I_LUT4_F_I3_LUT4_F_3_I3_DFFCE_Q_CE_LUT2_F_I1_LUT2_I1_F_DFFCE_D_Q_DFFCE_Q_D_LUT3_F_I1_LUT4_I0_F_DFFC_D_Q_DFFCE_Q_D_ALU_I1_COUT_ALU_CIN_SUM_ALU_SUM_I0_ALU_I0_CIN_ALU_COUT_SUM_LUT2_I1_1_F' is routed using segments.
Info:     'activity_OBUF_O_I_LUT4_F_I3_LUT4_F_3_I3_DFFCE_Q_CE_LUT2_F_I1_LUT2_I1_F_DFFCE_D_Q_DFFCE_Q_D_LUT3_F_I1_LUT4_I0_F_DFFC_D_Q_DFFCE_Q_D_ALU_I1_COUT_ALU_CIN_COUT_ALU_CIN_COUT_ALU_CIN_COUT_ALU_CIN_COUT_ALU_CIN_COUT_ALU_CIN_COUT_ALU_CIN_COUT_ALU_CIN_SUM_LUT3_I2_F' is routed using segments.
Info:     'activity_OBUF_O_I_LUT4_F_I3_LUT4_F_3_I3_DFFCE_Q_CE_LUT2_F_I1_LUT2_I1_F_DFFCE_D_Q_DFFCE_Q_D_LUT3_F_I1_LUT4_I0_F_DFFC_D_Q_DFFCE_Q_D_ALU_I1_COUT_ALU_CIN_SUM_ALU_SUM_I0_ALU_I0_CIN_ALU_COUT_SUM_LUT2_I1_F' is routed using segments.
Info:     'g_rs.u_rs.u_block_ram.mem.0.0_DIA_1_DFF_Q_D_MUX2_LUT5_O_I1_LUT2_F_I1[2]' is routed using segments.
Info:     'activity_OBUF_O_I_LUT4_F_I3_LUT4_F_3_I3_DFFCE_Q_CE_LUT2_F_I1_LUT2_I1_F_DFFCE_D_Q_DFFCE_Q_D_LUT3_F_I1_LUT4_I0_F_DFFC_D_Q_DFFCE_Q_D_ALU_I1_COUT_ALU_CIN_SUM_ALU_SUM_I0_ALU_I0_COUT_ALU_CIN_COUT_ALU_CIN_COUT_ALU_CIN_COUT_ALU_CIN_COUT_ALU_CIN_COUT_ALU_CIN_SUM_LUT3_I2_F' is routed using segments.
Info:     'activity_OBUF_O_I_LUT4_F_I3_LUT4_F_3_I3_DFFCE_Q_CE_LUT2_F_I1_LUT2_I1_F_DFFCE_D_Q_DFFCE_Q_D_LUT3_F_I1_LUT4_I0_F_DFFC_D_Q_DFFCE_Q_D_ALU_I1_COUT_ALU_CIN_SUM_ALU_SUM_I0_ALU_I0_COUT_ALU_CIN_COUT_ALU_CIN_COUT_ALU_CIN_COUT_ALU_CIN_SUM_LUT3_I2_1_F' is routed using segments.
Info:     'activity_OBUF_O_I_LUT4_F_I3_LUT4_F_3_I3_DFFCE_Q_CE_LUT2_F_I1_LUT2_I1_F_DFFCE_D_Q_DFFCE_Q_D_LUT3_F_I1_LUT4_I0_F_DFFC_D_Q_DFFCE_Q_D_ALU_I1_COUT_ALU_CIN_SUM_ALU_SUM_I0_ALU_I0_SUM_LUT3_I2_1_F' is routed using segments.
Info:     'g_rs.u_rs.error_x_q_DFFE_Q_1_D_LUT3_F_I2[0]' is routed using segments.
Info:     'g_mem.u_mem.resetn_LUT3_I0_F_LUT3_I2_1_F' is routed using segments.
Info:     'g_rs.u_rs.error_pos_q_DFFE_Q_3_D_LUT4_F_I3_LUT4_F_I3[1]' is routed using segments.
Info:     'g_rs.u_rs.error_pos_q_DFFE_Q_2_D_LUT4_F_I3_LUT4_F_I3[1]' is routed using segments.
Info:     'activity_OBUF_O_I_LUT4_F_I3_LUT4_F_1_I3_LUT4_F_1_I3_DFFCE_Q_CE[2]' is routed using segments.
Info:     'activity_OBUF_O_I_LUT4_F_I3_LUT4_F_3_I3_DFFCE_Q_CE_LUT2_F_I1_LUT2_I1_F_DFFCE_D_Q_DFFCE_Q_D_LUT3_F_I1_LUT4_I0_F_DFFC_D_Q_DFFCE_Q_D_ALU_I1_COUT_ALU_CIN_SUM_LUT3_I2_1_F' is routed using segments.
Info:     'activity_OBUF_O_I_LUT4_F_I3_LUT4_F_3_I3_DFFCE_Q_CE_LUT2_F_I1_LUT2_I1_F_DFFCE_D_Q_DFFCE_Q_D_LUT3_F_I1_LUT4_I0_F_DFFC_D_Q_DFFCE_Q_D_ALU_I1_COUT_ALU_CIN_SUM_ALU_SUM_I0_ALU_I0_COUT_ALU_CIN_SUM_LUT3_I2_1_F' is routed using segments.
Info:     'activity_OBUF_O_I_LUT4_F_I3_LUT4_F_3_I3_DFFCE_Q_CE_LUT2_F_I1_LUT2_F_I1_LUT3_F_I2[0]' is routed using segments.
Info:     'g_rs.u_rs.coefficient_b_DFFR_Q_7_D_LUT4_F_I3_LUT4_F_I3_LUT4_F_1_I3_DFFCE_Q_1_D_LUT2_F_I0_DFFCE_Q_D_LUT2_F_I0_LUT4_I3_F_LUT4_I3_F[1]' is routed using segments.
Info:     'g_rs.u_rs.coefficient_b_DFFR_Q_1_D_LUT4_F_I3[0]' is routed using segments.
Info:     'activity_OBUF_O_I_LUT4_F_I3_LUT4_F_3_I3_DFFCE_Q_CE_LUT2_F_I1_LUT2_I1_F_DFFCE_D_Q_DFFCE_Q_D_LUT3_F_I0_DFFC_Q_D_DFFC_Q_D_DFFCE_Q_D_LUT3_F_I0[1]' is routed using segments.
Info:     'g_mem.u_mem.resetn_LUT4_I0_F_MUX2_LUT5_I1_O_LUT3_I2_2_F' is routed using segments.
Info:     'g_rs.u_rs.lambda_select_DFFS_Q_D_LUT4_F_I2_LUT4_F_I3_LUT4_F_I3_LUT3_F_I2_LUT4_I3_F_DFFC_D_Q_LUT3_I0_I2_LUT2_I1_F_DFFC_D_Q_DFFC_Q_D_LUT4_I2_F_DFFCE_CE_1_Q[0]' is routed using segments.
Info:     'g_rs.u_rs.u_coefficient_mul.low_product_LUT4_I0_1_F_LUT4_I3_F_LUT3_I2_F_DFFCE_D_Q[0]' is routed using segments.
Info:     'g_rs.u_rs.error_pos_q_DFFE_Q_1_D_LUT4_F_I3_LUT4_F_I3[1]' is routed using segments.
Info:     'g_mem.u_mem.resetn_LUT3_I0_F_LUT3_I2_3_F' is routed using segments.
Info:     'g_rs.u_rs.error_pos_q_DFFE_Q_4_D_LUT4_F_I3_LUT4_F_I3_MUX2_LUT5_O_S0[2]' is routed using segments.
Info:     'activity_OBUF_O_I_LUT4_F_I3_LUT4_F_3_I3_DFFCE_Q_CE_LUT2_F_I1_LUT2_I1_F_DFFCE_D_Q_DFFCE_Q_D_LUT3_F_I1_LUT4_I0_F_DFFC_D_Q_DFFCE_Q_D_ALU_I1_COUT_ALU_CIN_COUT_ALU_CIN_COUT_ALU_CIN_SUM_LUT3_I2_F' is routed using segments.
Info:     'g_rs.u_rs.feedback_a_DFFR_Q_1_D_LUT3_F_I2_DFFCE_D_Q_LUT4_F_1_I3_LUT4_F_I0[3]' is routed using segments.
Info:     'g_rs.u_rs.lambda_select_DFFS_Q_D_LUT4_F_I2_LUT4_F_I3_LUT4_F_I3_LUT3_F_I2_LUT3_I2_F_DFFCE_CE_Q_DFFC_Q_D_LUT4_F_I3_LUT3_I2_F_DFFCE_CE_Q_ALU_SUM_CIN_ALU_COUT_SUM_DFFCE_Q_1_D_LUT2_F_I0_ALU_SUM_COUT_ALU_CIN_SUM_LUT2_F_I1_LUT3_I2_F_DFFCE_CE_D_LUT2_F_I1_ALU_SUM_CIN_ALU_COUT_CIN_ALU_COUT_SUM_LUT2_I1_F_DFFCE_D_Q_LUT2_F_I0_LUT2_I1_F_LUT2_F_I1_LUT4_I1_I3_LUT3_I2_F_DFFC_D_Q[0]' is routed using segments.
Info:     'g_rs.u_rs.lambda_select_DFFS_Q_D_LUT4_F_I2_LUT4_F_I3_LUT4_F_I3_DFFC_D_Q[1]' is routed using segments.
Info:     'g_rs.u_rs.lambda_select_DFFR_Q_2_D_LUT3_F_I2_LUT4_F_1_I0_LUT4_I1_F_MUX2_LUT5_I1_O[1]' is routed using segments.
Info:     'g_mem.u_mem.resetn_LUT4_I0_F_MUX2_LUT5_I1_O_LUT3_I2_3_F' is routed using segments.
Info:     'g_rs.u_rs.error_pos_q_DFFE_Q_4_D_LUT4_F_I3_LUT4_F_I3_MUX2_LUT5_O_S0[3]' is routed using segments.
Info:     'g_rs.u_rs.error_pos_q_DFFE_Q_1_D_LUT4_F_I3[2]' is routed using segments.
Info:     'g_viterbi.g_32acs.u_viterbi.survivor_lo.0.0_DO_8_DFFCE_Q_CE' is routed using segments.
Info:     'g_mem.u_mem.resetn_LUT4_I0_F_MUX2_LUT5_I1_O_LUT3_I2_F' is routed using segments.
Info:     'activity_OBUF_O_I_LUT4_F_I3_LUT4_F_3_I3_DFFCE_Q_CE_LUT2_F_I1_LUT2_I1_F_DFFCE_D_Q_DFFCE_Q_D_LUT3_F_I1_LUT4_I0_F_DFFC_D_Q_DFFCE_Q_D_ALU_I1_COUT_ALU_CIN_SUM_ALU_SUM_I0_ALU_I0_COUT_ALU_CIN_COUT_ALU_CIN_COUT_ALU_CIN_COUT_ALU_CIN_COUT_ALU_CIN_SUM_LUT3_I2_F' is routed using segments.
Info:     'activity_OBUF_O_I_LUT4_F_I3_LUT4_F_3_I3_DFFCE_Q_CE_LUT2_F_I1_LUT2_I1_F_DFFCE_D_Q_DFFCE_Q_D_LUT3_F_I1_LUT4_I0_F_DFFC_D_Q_DFFCE_Q_D_ALU_I1_COUT_ALU_CIN_SUM_ALU_SUM_I0_ALU_I0_COUT_ALU_CIN_COUT_ALU_CIN_COUT_ALU_CIN_COUT_ALU_CIN_SUM_LUT3_I2_F' is routed using segments.
Info:     'activity_OBUF_O_I_LUT4_F_I3_LUT4_F_3_I3_DFFCE_Q_CE_LUT2_F_I1_LUT2_I1_F_DFFCE_D_Q_DFFCE_Q_D_LUT3_F_I1_LUT4_I0_F_DFFC_D_Q_DFFCE_Q_D_ALU_I1_COUT_ALU_CIN_COUT_ALU_CIN_COUT_ALU_CIN_COUT_ALU_CIN_COUT_ALU_CIN_COUT_ALU_CIN_SUM_LUT3_I2_F' is routed using segments.
Info:     'activity_OBUF_O_I_LUT4_F_I3_LUT4_F_3_I3_DFFCE_Q_CE_LUT2_F_I1_LUT2_I1_F_DFFCE_D_Q_DFFCE_Q_D_LUT3_F_I1_LUT4_I0_F_DFFC_D_Q_DFFCE_Q_D_ALU_I1_COUT_ALU_CIN_COUT_ALU_CIN_COUT_ALU_CIN_COUT_ALU_CIN_COUT_ALU_CIN_SUM_LUT3_I2_1_F' is routed using segments.
Info:     'g_rs.u_rs.u_coefficient_mul.low_product_LUT4_I0_1_F_LUT3_I2_F_LUT3_I2_F_DFFCE_D_Q[0]' is routed using segments.
Info:     'g_rs.u_rs.lambda_select_DFFS_Q_D_LUT4_F_I2_LUT4_F_I3_LUT4_F_I3_LUT3_F_I2_LUT4_I3_F_DFFC_D_Q_LUT3_I0_I2_LUT2_I1_F_DFFC_D_Q_DFFC_Q_D_LUT4_I2_F_DFFCE_CE_2_Q[0]' is routed using segments.
Info:     'g_rs.u_rs.lambda_select_DFFS_Q_D_LUT4_F_I2_LUT4_F_I3_LUT4_F_I3_DFFC_D_Q[0]' is routed using segments.
Info:     'g_rs.u_rs.u_block_ram.mem.0.0_DOB_LUT3_I2_F_DFFCE_D_1_Q_LUT3_F_I0_DFFCE_Q_CE_LUT3_F_I2_LUT2_I1_I0_LUT2_F_I1_ALU_SUM_CIN_ALU_COUT_I0_ALU_SUM_CIN_ALU_COUT_I1_DFFCE_Q_CE_DFFCE_CE_Q_LUT3_I0_2_F[3]' is routed using segments.
Info:     'g_mem.u_mem.resetn_LUT2_I0_I1_LUT2_F_I1_LUT3_I2_F' is routed using segments.
Info:     'g_rs.u_rs.error_pos_q_DFFE_Q_1_D_LUT4_F_I3[1]' is routed using segments.
Info:     'g_rs.u_rs.error_x[7]_DFFE_Q_1_D[2]' is routed using segments.
Info:     'g_viterbi.g_32acs.u_viterbi.survivor_lo.0.0_DO_8_DFFCE_Q_CE_LUT3_F_I2[2]' is routed using segments.
Info:     'g_rs.u_rs.lambda_select_DFFS_Q_D_LUT4_F_I2_LUT4_F_I3_LUT4_F_I3_LUT3_F_I2[0]' is routed using segments.
Info:     'g_viterbi.g_32acs.u_viterbi.survivor_lo.0.0_ADB_ALU_I1_COUT_ALU_CIN_COUT_ALU_CIN_SUM_DFFCE_D_Q[0]' is routed using segments.
Info:     'g_mem.u_mem.resetn_LUT3_I0_F_LUT3_I2_F' is routed using segments.
Info:     'activity_OBUF_O_I_LUT4_F_I3_LUT4_F_3_I3_DFFCE_Q_CE_LUT2_F_I1_LUT2_I1_F_DFFCE_D_Q_DFFCE_Q_D_LUT3_F_I1_LUT4_I0_F_DFFC_D_Q_DFFCE_Q_D_ALU_I1_COUT_ALU_CIN_SUM_ALU_SUM_I0_ALU_I0_COUT_ALU_CIN_COUT_ALU_CIN_COUT_ALU_CIN_COUT_ALU_CIN_COUT_ALU_CIN_COUT_ALU_CIN_SUM_LUT3_I2_1_F' is routed using segments.
Info:     'activity_OBUF_O_I_LUT4_F_I3_LUT4_F_3_I3_DFFCE_Q_CE_LUT2_F_I1_LUT2_I1_F_DFFCE_D_Q_DFFCE_Q_D_LUT3_F_I1_LUT4_I0_F_DFFC_D_Q_DFFCE_Q_D_ALU_I1_COUT_ALU_CIN_SUM_ALU_SUM_I0_ALU_I0_COUT_ALU_CIN_COUT_ALU_CIN_COUT_ALU_CIN_SUM_LUT3_I2_F' is routed using segments.
Info:     'activity_OBUF_O_I_LUT4_F_I3_LUT4_F_3_I3_DFFCE_Q_CE_LUT2_F_I1_LUT2_I1_F_DFFCE_D_Q_DFFCE_Q_D_LUT3_F_I1_LUT4_I0_F_DFFC_D_Q_DFFCE_Q_D_ALU_I1_COUT_ALU_CIN_SUM_ALU_SUM_I0_ALU_I0_COUT_ALU_CIN_COUT_ALU_CIN_SUM_LUT3_I2_F' is routed using segments.
Info:     'activity_OBUF_O_I_LUT4_F_I3_LUT4_F_3_I3_DFFCE_Q_CE_LUT2_F_I1_LUT2_I1_F_DFFCE_D_Q_DFFCE_Q_D_LUT3_F_I1_LUT4_I0_F_DFFC_D_Q_DFFCE_Q_D_ALU_I1_COUT_ALU_CIN_SUM_ALU_SUM_I0_ALU_I0_COUT_ALU_CIN_SUM_LUT3_I2_F' is routed using segments.
Info:     'activity_OBUF_O_I_LUT4_F_I3_LUT4_F_3_I3_DFFCE_Q_CE_LUT2_F_I1_LUT2_I1_F_DFFCE_D_Q_DFFCE_Q_D_LUT3_F_I1_LUT4_I0_F_DFFC_D_Q_DFFCE_Q_D_ALU_I1_COUT_ALU_CIN_SUM_ALU_SUM_I0_ALU_I0_SUM_LUT3_I2_F' is routed using segments.
Info:     'activity_OBUF_O_I_LUT4_F_I3_LUT4_F_3_I3_DFFCE_Q_CE_LUT2_F_I1_LUT2_I1_F_DFFCE_D_Q_DFFCE_Q_D_LUT3_F_I0_DFFC_Q_D_LUT3_I1_F_DFFCE_D_Q_DFFCE_Q_D_LUT2_F_I0_DFFCE_Q_D_LUT2_F_I0_DFFCE_Q_D_LUT3_F_I0[1]' is routed using segments.
Info:     'g_rs.u_rs.u_block_ram.mem.0.0_DOB_LUT3_I2_F_DFFCE_D_Q_DFFP_Q_D_LUT3_F_I2_LUT2_I1_F_LUT2_F_I1_DFFCE_Q_CE_LUT3_F_I2_LUT4_F_I0_LUT3_I2_F' is routed using segments.
Info:     'g_rs.u_rs.feedback_a_DFFR_Q_1_D_LUT3_F_I2_DFFCE_D_Q_LUT4_F_1_I3[1]' is routed using segments.
Info:     'activity_OBUF_O_I_LUT4_F_I3_LUT4_F_3_I3_DFFCE_Q_CE_LUT2_F_I1_LUT2_F_I1_LUT3_I2_F_LUT2_I1_F_DFFCE_CE_1_Q_DFFP_Q_D_LUT3_I1_F_DFFCE_D_Q_DFFCE_Q_D_LUT2_F_I0_DFFCE_Q_D_LUT2_F_I0_DFFCE_Q_D_LUT3_F_I0[1]' is routed using segments.
Info:     'g_rs.u_rs.lambda_select_DFFS_Q_D_LUT4_F_I2_LUT4_F_I3_LUT4_F_I3_LUT3_F_I2_LUT4_I3_F_DFFC_D_Q_LUT3_I0_I2_LUT2_I1_F_DFFC_D_Q_DFFC_Q_D_LUT4_I2_F_DFFCE_CE_Q[1]' is routed using segments.
Info:     'g_mem.u_mem.resetn_LUT2_I0_F[0]' is routed using segments.
Info:     'g_rs.u_rs.feedback_a_DFFR_Q_1_D_LUT3_F_I2_DFFCE_D_Q_LUT4_F_1_I3[2]' is routed using segments.

Info: Routing..
Info: Setting up routing queue.
Info: Routing 23732 arcs.
Info:            |   (re-)routed arcs  |   delta    | remaining|       time spent     |
Info:    IterCnt |  w/ripup   wo/ripup |  w/r  wo/r |      arcs| batch(sec) total(sec)|
Info:       1000 |       12        987 |   12   987 |     22745|       1.98       1.98|
Info:       2000 |       87       1908 |   75   921 |     21853|       1.19       3.17|
Info:       3000 |      122       2801 |   35   893 |     20896|       0.96       4.13|
Info:       4000 |      132       3737 |   10   936 |     19906|       0.93       5.07|
Info:       5000 |      133       4624 |    1   887 |     18908|       1.55       6.61|
Info:       6000 |      134       5523 |    1   899 |     17909|       1.66       8.27|
Info:       7000 |      138       6420 |    4   897 |     16924|       1.85      10.11|
Info:       8000 |      143       7315 |    5   895 |     15931|       1.90      12.02|
Info:       9000 |      146       8209 |    3   894 |     14934|       2.15      14.17|
Info:      10000 |      152       9100 |    6   891 |     13940|       2.06      16.22|
Info:      11000 |      159       9983 |    7   883 |     12949|       1.83      18.06|
Info:      12000 |      174      10862 |   15   879 |     11966|       2.00      20.06|
Info:      13000 |      187      11739 |   13   877 |     10982|       2.25      22.31|
Info:      14000 |      201      12626 |   14   887 |      9998|       2.55      24.85|
Info:      15000 |      232      13478 |   31   852 |      9039|       2.83      27.68|
Info:      16000 |      288      14329 |   56   851 |      8113|       3.41      31.10|
Info:      17000 |      318      15206 |   30   877 |      7147|       3.57      34.67|
Info:      18000 |      361      16062 |   43   856 |      6196|       3.73      38.39|
Info:      19000 |      443      16889 |   82   827 |      5314|       4.57      42.96|
Info:      20000 |      533      17720 |   90   831 |      4438|       4.80      47.76|
Info:      21000 |      632      18540 |   99   820 |      3558|       5.31      53.08|
Info:      22000 |      760      19340 |  128   800 |      2748|       5.59      58.67|
Info:      23000 |      882      20150 |  122   810 |      1960|       5.09      63.76|
Info:      24000 |     1029      20925 |  147   775 |      1187|       3.83      67.60|
Info:      25000 |     1262      21632 |  233   707 |       538|       2.52      70.12|
Info:      25739 |     1409      22167 |  147   535 |         0|       1.88      72.00|
Info: Routing complete.
Info: Router1 time 72.00s
Info: Checksum: 0xbed3104c

Info: Critical path report for clock 'g_mem.u_mem.clk' (posedge -> posedge):
Info:       type curr  total name
Info:   clk-to-q  3.46  3.46 Source g_viterbi.g_32acs.u_viterbi.survivor_hi.0.0.DO15
Info:    routing  1.60  5.06 Net g_viterbi.g_32acs.u_viterbi.survivor_hi.0.0_DO_15[2] (31,27) -> (31,24)
Info:                          Sink g_viterbi.g_32acs.u_viterbi.survivor_hi.0.0_DO_14_LUT4_I2_F_LUT4_F.I2
Info:                          Defined in:
Info:                               /tmp/oss-cad-suite/lib/../share/yosys/gowin/cells_map.v:130.20-130.21
Info:      logic  0.82  5.88 Source g_viterbi.g_32acs.u_viterbi.survivor_hi.0.0_DO_14_LUT4_I2_F_LUT4_F.F
Info:    routing  0.33  6.21 Net g_viterbi.g_32acs.u_viterbi.survivor_hi.0.0_DO_14_LUT4_I2_F[2] (31,24) -> (31,24)
Info:                          Sink g_viterbi.g_32acs.u_viterbi.survivor_hi.0.0_DO_12_LUT4_I2_F_LUT4_F.I2
Info:                          Defined in:
Info:                               /tmp/oss-cad-suite/lib/../share/yosys/gowin/cells_map.v:130.20-130.21
Info:      logic  0.82  7.03 Source g_viterbi.g_32acs.u_viterbi.survivor_hi.0.0_DO_12_LUT4_I2_F_LUT4_F.F
Info:    routing  0.96  7.99 Net g_viterbi.g_32acs.u_viterbi.survivor_hi.0.0_DO_12_LUT4_I2_F[3] (31,24) -> (31,22)
Info:                          Sink g_viterbi.g_32acs.u_viterbi.survivor_hi.0.0_DO_10_LUT3_I2_F_LUT4_I1_F_LUT4_I3_F_LUT4_F.I3
Info:                          Defined in:
Info:                               /tmp/oss-cad-suite/lib/../share/yosys/gowin/cells_map.v:130.20-130.21
Info:      logic  0.62  8.61 Source g_viterbi.g_32acs.u_viterbi.survivor_hi.0.0_DO_10_LUT3_I2_F_LUT4_I1_F_LUT4_I3_F_LUT4_F.F
Info:    routing  0.48  9.09 Net g_viterbi.g_32acs.u_viterbi.survivor_hi.0.0_DO_10_LUT3_I2_F_LUT4_I1_F_LUT4_I3_F[3] (31,22) -> (31,21)
Info:                          Sink g_viterbi.g_32acs.u_viterbi.survivor_hi.0.0_DO_4_LUT4_I2_F_LUT4_I3_F_LUT4_F_1.I3
Info:                          Defined in:
Info:                               /tmp/oss-cad-suite/lib/../share/yosys/gowin/cells_map.v:130.20-130.21
Info:      logic  0.62  9.72 Source g_viterbi.g_32acs.u_viterbi.survivor_hi.0.0_DO_4_LUT4_I2_F_LUT4_I3_F_LUT4_F_1.F
Info:    routing  0.33  10.04 Net g_viterbi.g_32acs.u_viterbi.survivor_hi.0.0_DO_4_LUT4_I2_F_LUT4_I3_F[3] (31,21) -> (31,21)
Info:                          Sink g_viterbi.g_32acs.u_viterbi.survivor_hi.0.0_DO_4_LUT4_I2_F_LUT4_I3_F_LUT4_I3.I3
Info:                          Defined in:
Info:                               /tmp/oss-cad-suite/lib/../share/yosys/gowin/cells_map.v:130.20-130.21
Info:      logic  0.62  10.67 Source g_viterbi.g_32acs.u_viterbi.survivor_hi.0.0_DO_4_LUT4_I2_F_LUT4_I3_F_LUT4_I3.F
Info:    routing  0.33  10.99 Net g_viterbi.g_32acs.u_viterbi.survivor_hi.0.0_DO_4_LUT4_I2_F_LUT4_I3_F_LUT4_I3_F[2] (31,21) -> (31,21)
Info:                          Sink g_viterbi.g_32acs.u_viterbi.survivor_hi.0.0_DO_4_LUT4_I2_F_LUT4_I3_F_LUT4_I3_F_DFFCE_Q_D_LUT4_F.I2
Info:                          Defined in:
Info:                               /tmp/oss-cad-suite/lib/../share/yosys/gowin/cells_map.v:130.20-130.21
Info:      logic  0.82  11.82 Source g_viterbi.g_32acs.u_viterbi.survivor_hi.0.0_DO_4_LUT4_I2_F_LUT4_I3_F_LUT4_I3_F_DFFCE_Q_D_LUT4_F.F
Info:    routing  0.00  11.82 Net g_viterbi.g_32acs.u_viterbi.survivor_hi.0.0_DO_4_LUT4_I2_F_LUT4_I3_F_LUT4_I3_F_DFFCE_Q_D (31,21) -> (31,21)
Info:                          Sink g_viterbi.g_32acs.u_viterbi.survivor_hi.0.0_DO_4_LUT4_I2_F_LUT4_I3_F_LUT4_I3_F_DFFCE_Q.D
Info:      setup  0.40  12.22 Source g_viterbi.g_32acs.u_viterbi.survivor_hi.0.0_DO_4_LUT4_I2_F_LUT4_I3_F_LUT4_I3_F_DFFCE_Q.D
Info: 8.20 ns logic, 4.02 ns routing

Info: Max frequency for clock 'g_mem.u_mem.clk': 81.86 MHz (PASS at 65.00 MHz)

Info: Slack histogram:
Info:  legend: * represents 3 endpoint(s)
Info:          + represents [1,3) endpoint(s)
Info: [  3168,   3734) |+
Info: [  3734,   4300) | 
Info: [  4300,   4866) | 
Info: [  4866,   5432) | 
Info: [  5432,   5998) |+
Info: [  5998,   6564) |+
Info: [  6564,   7130) |*+
Info: [  7130,   7696) |***+
Info: [  7696,   8262) |***+
Info: [  8262,   8828) |***+
Info: [  8828,   9394) |****+
Info: [  9394,   9960) |**********+
Info: [  9960,  10526) |**********************************+
Info: [ 10526,  11092) |************************************************************ 
Info: [ 11092,  11658) |*************************************+
Info: [ 11658,  12224) |*********************************+
Info: [ 12224,  12790) |**********+
Info: [ 12790,  13356) |******************+
Info: [ 13356,  13922) |***********+
Info: [ 13922,  14488) |***+

Info: Program finished normally.
